Archive member included because of file (symbol)

bin/blib.a(ns8390.o)          (obj_ns8390)
bin/blib.a(config.o)          (obj_config)
bin/blib.a(bios_console.o)    bin/blib.a(config.o) (obj_bios_console)
bin/blib.a(bzimage.o)         bin/blib.a(config.o) (obj_bzimage)
bin/blib.a(elfboot.o)         bin/blib.a(config.o) (obj_elfboot)
bin/blib.a(initrd.o)          bin/blib.a(bzimage.o) (initrd_reshuffle)
bin/blib.a(multiboot.o)       bin/blib.a(config.o) (obj_multiboot)
bin/blib.a(pxe_image.o)       bin/blib.a(config.o) (obj_pxe_image)
bin/blib.a(bios_timer.o)      bin/blib.a(ns8390.o) (currticks)
bin/blib.a(pxe_call.o)        bin/blib.a(pxe_image.o) (pxe_activate)
bin/blib.a(pxe_file.o)        bin/blib.a(pxe_call.o) (obj_pxe_file)
bin/blib.a(pxe_loader.o)      bin/blib.a(pxe_call.o) (undi_loader)
bin/blib.a(pxe_preboot.o)     bin/blib.a(pxe_call.o) (obj_pxe_preboot)
bin/blib.a(pxe_tftp.o)        bin/blib.a(pxe_preboot.o) (pxenv_tftp_read_file)
bin/blib.a(pxe_udp.o)         bin/blib.a(pxe_call.o) (obj_pxe_udp)
bin/blib.a(pxe_undi.o)        bin/blib.a(pxe_preboot.o) (pxe_netdev)
bin/blib.a(x86_string.o)      bin/blib.a(ns8390.o) (__memcpy)
bin/blib.a(cpuid_cmd.o)       bin/blib.a(config.o) (obj_cpuid_cmd)
bin/blib.a(setjmp.o)          bin/blib.a(pxe_call.o) (setjmp)
bin/blib.a(virtaddr.o)        bin/blib.a(elfboot.o) (_virt_to_phys)
bin/blib.a(librm.o)           bin/blib.a(pxe_call.o) (rm_cs)
bin/blib.a(libprefix.o)       bin/blib.a(pxe_preboot.o) (hooked_bios_interrupts)
bin/blib.a(pciromprefix.o)    (_pcirom_start)
bin/blib.a(unnrv2b16.o)       bin/blib.a(libprefix.o) (decompress16)
bin/blib.a(pxe_entry.o)       bin/blib.a(pxe_call.o) (ppxe)
bin/blib.a(ansiesc.o)         bin/blib.a(bios_console.o) (ansiesc_process)
bin/blib.a(console.o)         bin/blib.a(pxe_image.o) (console_configure)
bin/blib.a(cpio.o)            bin/blib.a(bzimage.o) (cpio_set_field)
bin/blib.a(device.o)          bin/blib.a(pxe_call.o) (device_keep_count)
bin/blib.a(exec.o)            bin/blib.a(pxe_file.o) (system)
bin/blib.a(getopt.o)          bin/blib.a(cpuid_cmd.o) (optind)
bin/blib.a(image.o)           bin/blib.a(bzimage.o) (unregister_image)
bin/blib.a(init.o)            bin/blib.a(pxe_loader.o) (initialise)
bin/blib.a(interface.o)       bin/blib.a(pxe_tftp.o) (null_intf)
bin/blib.a(iobuf.o)           bin/blib.a(pxe_undi.o) (alloc_iob)
bin/blib.a(list.o)            bin/blib.a(device.o) (extern_list_add)
bin/blib.a(main.o)            bin/blib.a(pciromprefix.o) (main)
bin/blib.a(malloc.o)          bin/blib.a(iobuf.o) (alloc_memblock)
bin/blib.a(memblock.o)        bin/blib.a(initrd.o) (largest_memblock)
bin/blib.a(misc.o)            bin/blib.a(bzimage.o) (strtoul)
bin/blib.a(open.o)            bin/blib.a(pxe_tftp.o) (xfer_open_uri_string)
bin/blib.a(parseopt.o)        bin/blib.a(cpuid_cmd.o) (parse_integer)
bin/blib.a(posix_io.o)        bin/blib.a(pxe_file.o) (open)
bin/blib.a(process.o)         bin/blib.a(pxe_tftp.o) (step)
bin/blib.a(refcnt.o)          bin/blib.a(bzimage.o) (ref_increment)
bin/blib.a(settings.o)        bin/blib.a(parseopt.o) (find_settings)
bin/blib.a(string.o)          bin/blib.a(settings.o) (strncpy)
bin/blib.a(uri.o)             bin/blib.a(open.o) (parse_uri)
bin/blib.a(uuid.o)            bin/blib.a(settings.o) (uuid_ntoa)
bin/blib.a(vsprintf.o)        bin/blib.a(multiboot.o) (snprintf)
bin/blib.a(xfer.o)            bin/blib.a(pxe_tftp.o) (xfer_deliver)
bin/blib.a(arp.o)             bin/blib.a(pxe_undi.o) (arp_protocol)
bin/blib.a(fakedhcp.o)        bin/blib.a(pxe_preboot.o) (create_fakedhcpdiscover)
bin/blib.a(ipv4.o)            bin/blib.a(pxe_undi.o) (ipv4_protocol)
bin/blib.a(neighbour.o)       bin/blib.a(ipv4.o) (neighbour_tx)
bin/blib.a(netdevice.o)       bin/blib.a(ipv4.o) (net_devices)
bin/blib.a(netdev_settings.o)
                              bin/blib.a(netdevice.o) (netdev_settings_operations)
bin/blib.a(rarp.o)            bin/blib.a(pxe_undi.o) (rarp_protocol)
bin/blib.a(retry.o)           bin/blib.a(neighbour.o) (start_timer)
bin/blib.a(tcpip.o)           bin/blib.a(ipv4.o) (tcpip_rx)
bin/blib.a(udp.o)             bin/blib.a(pxe_udp.o) (udp_open_promisc)
bin/blib.a(http.o)            bin/blib.a(config.o) (obj_http)
bin/blib.a(httpcore.o)        bin/blib.a(http.o) (http_open_filter)
bin/blib.a(https.o)           bin/blib.a(config.o) (obj_https)
bin/blib.a(iscsi.o)           bin/blib.a(config.o) (obj_iscsi)
bin/blib.a(dhcp.o)            bin/blib.a(fakedhcp.o) (dhcp_last_xid)
bin/blib.a(dns.o)             bin/blib.a(config.o) (obj_dns)
bin/blib.a(tftp.o)            bin/blib.a(config.o) (obj_tftp)
bin/blib.a(elf.o)             bin/blib.a(elfboot.o) (elf_load)
bin/blib.a(embedded.o)        bin/blib.a(config.o) (obj_embedded)
bin/blib.a(script.o)          bin/blib.a(config.o) (obj_script)
bin/blib.a(segment.o)         bin/blib.a(bzimage.o) (prep_segment)
bin/blib.a(pci.o)             bin/blib.a(ns8390.o) (obj_pci)
bin/blib.a(pci_settings.o)    bin/blib.a(config.o) (obj_pci_settings)
[...]
Memory Configuration

Name             Origin             Length             Attributes
*default*        0x0000000000000000 0xffffffffffffffff

Linker script and memory map

                0x0000000000000010                PROVIDE (_max_align, 0x10)

.prefix         0x0000000000000000      0x858
                0x0000000000000000                _prefix = .
 *(.prefix)
 .prefix        0x0000000000000000      0x494 bin/blib.a(pciromprefix.o)
                0x0000000000000000                _pcirom_start
                0x0000000000000083                undiheader
                0x000000000000036b                image_source
                0x0000000000000371                decompress_to
 *(.prefix.*)
 .prefix.lib    0x0000000000000494      0x2d3 bin/blib.a(libprefix.o)
                0x0000000000000494                print_character
                0x00000000000004b3                print_space
                0x00000000000004bb                print_message
                0x00000000000004c8                print_hex_dword
                0x00000000000004d3                print_hex_word
                0x00000000000004da                print_hex_byte
                0x00000000000004e3                print_hex_nibble
                0x00000000000004f0                print_pci_busdevfn
                0x0000000000000511                print_kill_line
                0x00000000000005f6                alloc_basemem
                0x0000000000000619                install
                0x0000000000000636                install_prealloc
 .prefix.data   0x0000000000000767       0x56 bin/blib.a(libprefix.o)
 .prefix.lib    0x00000000000007bd       0x9b bin/blib.a(unnrv2b16.o)
                0x00000000000007bd                decompress16
                0x0000000000000858                _mprefix = .

.bss.prefix     0x0000000000000858        0x0 load address 0x000000000001fc30
                0x0000000000000858                _eprefix = .
                0x0000000000000858                _prefix_filesz = (ABSOLUTE (_mprefix) - ABSOLUTE (_prefix))
                0x0000000000000858                _prefix_memsz = (ABSOLUTE (_eprefix) - ABSOLUTE (_prefix))

.text16.early   0x0000000000000000       0xee load address 0x0000000000000860
                0x0000000000000000                _text16 = .
 *(.text16.null)
 .text16.null   0x0000000000000000        0x3 bin/blib.a(pxe_entry.o)
 *(.text16.null.*)
                0x0000000000000004                . = (. + 0x1)
 *fill*         0x0000000000000003        0x1 00
 *(.text16.early)
 .text16.early  0x0000000000000004       0xe5 bin/blib.a(liba20.o)
                0x000000000000009b                enable_a20
                0x00000000000000e5                access_highmem
 *(.text16.early.*)
 .text16.early.data
                0x00000000000000e9        0x2 bin/blib.a(libprefix.o)
                0x00000000000000e9                close_payload
                0x00000000000000e9                open_payload
 *fill*         0x00000000000000eb        0x1 00
 .text16.early.data
                0x00000000000000ec        0x2 bin/blib.a(liba20.o)
                0x00000000000000ee                _etext16_early = .

.text16.late    0x00000000000000f0      0x6fd load address 0x0000000000000950
                0x00000000000000f0                _text16_late = .
 *(.text16)
 .text16        0x00000000000000f0       0x44 bin/blib.a(bios_console.o)
 .text16        0x0000000000000134       0x11 bin/blib.a(bzimage.o)
 .text16        0x0000000000000145       0x11 bin/blib.a(pxe_call.o)
 .text16        0x0000000000000156      0x17f bin/blib.a(librm.o)
                0x0000000000000156                init_librm
                0x0000000000000244                rm_cs
                0x0000000000000259                prot_call
                0x00000000000002b3                flatten_real_mode
 .text16        0x00000000000002d5       0x34 bin/blib.a(libprefix.o)
                0x00000000000002d5                free_basemem
                0x0000000000000305                uninstall
 .text16        0x0000000000000309       0x2b bin/blib.a(pciromprefix.o)
 .text16        0x0000000000000334       0x65 bin/blib.a(pxe_entry.o)
                0x000000000000036b                pxe_int_1a
 .text16        0x0000000000000399        0x7 bin/blib.a(librm_mgmt.o)
 .text16        0x00000000000003a0       0x13 bin/blib.a(memmap.o)
 .text16        0x00000000000003b3        0x6 bin/blib.a(bios_reboot.o)
 .text16        0x00000000000003b9       0x6a bin/blib.a(int13.o)
 .text16        0x0000000000000423       0x1e bin/blib.a(pcibios.o)
 .text16        0x0000000000000441       0x55 bin/blib.a(bootsector.o)
 .text16        0x0000000000000496       0x3e bin/blib.a(rtc_entropy.o)
 .text16        0x00000000000004d4      0x25d bin/blib.a(e820mangler.o)
                0x0000000000000709                int15
 .text16        0x0000000000000731        0x9 bin/blib.a(patch_cf.o)
                0x0000000000000731                patch_cf
 *(.text16.*)
 .text16.data   0x000000000000073a        0x8 bin/blib.a(librm.o)
                0x000000000000073a                rm_ds
 .text16.data   0x0000000000000742        0x2 bin/blib.a(libprefix.o)
                0x0000000000000742                hooked_bios_interrupts
 *fill*         0x0000000000000744        0xc 00
 .text16.data   0x0000000000000750       0x90 bin/blib.a(pxe_entry.o)
                0x0000000000000750                ppxe
                0x00000000000007b0                pxenv
                0x00000000000007dc                pxe_int_1a_vector
 .text16.data   0x00000000000007e0        0x8 bin/blib.a(int13.o)
 .text16.data   0x00000000000007e8        0x1 bin/blib.a(rtc_entropy.o)
 .text16.data   0x00000000000007e9        0x4 bin/blib.a(e820mangler.o)
                0x00000000000007e9                int15_vector
                0x00000000000007ed                _mtext16 = .

.bss.text16     0x00000000000007ed        0x0 load address 0x000000000001fc30
                0x00000000000007ed                _etext16 = .
                0x00000000000000ee                _text16_early_filesz = (ABSOLUTE (_etext16_early) - ABSOLUTE (_text16))
                0x00000000000000ee                _text16_early_memsz = (ABSOLUTE (_etext16_early) - ABSOLUTE (_text16))
                0x00000000000006fd                _text16_late_filesz = (ABSOLUTE (_mtext16) - ABSOLUTE (_text16_late))
                0x00000000000006fd                _text16_late_memsz = (ABSOLUTE (_etext16) - ABSOLUTE (_text16_late))
                0x00000000000007ed                _text16_memsz = (ABSOLUTE (_etext16) - ABSOLUTE (_text16))

.data16         0x0000000000000000       0xc2 load address 0x0000000000001050
                0x0000000000000000                _data16 = .
                0x0000000000000001                . = (. + 0x1)
 *fill*         0x0000000000000000        0x1 00
 *(.rodata16)
 *(.rodata16.*)
 *(.data16)
 *fill*         0x0000000000000001        0xf 00
 .data16        0x0000000000000010       0x48 bin/blib.a(librm.o)
 .data16        0x0000000000000058        0xc bin/blib.a(libprefix.o)
 .data16        0x0000000000000064       0x14 bin/blib.a(int13.o)
 *fill*         0x0000000000000078        0x8 00
 .data16        0x0000000000000080       0x42 bin/blib.a(e820mangler.o)
                0x0000000000000088                hidemem_base
                0x0000000000000098                hidemem_umalloc
                0x00000000000000a8                hidemem_textdata
 *(.data16.*)
                0x00000000000000c2                _mdata16 = .

.bss.data16     0x00000000000000d0     0x2bf8 load address 0x000000000001fc30
 *(.bss16)
 .bss16         0x00000000000000d0      0x3b8 bin/blib.a(multiboot.o)
 .bss16         0x0000000000000488      0xec4 bin/blib.a(pxe_preboot.o)
 .bss16         0x000000000000134c      0x5ea bin/blib.a(basemem_packet.o)
                0x000000000000134c                basemem_packet
 .bss16         0x0000000000001936        0x2 bin/blib.a(pci_autoboot.o)
                0x0000000000001936                autoboot_busdevfn
 .bss16         0x0000000000001938       0x1c bin/blib.a(memmap.o)
                0x0000000000001938                memmap_post
 *fill*         0x0000000000001954        0xc 00
 .bss16         0x0000000000001960      0x320 bin/blib.a(int13.o)
 .bss16         0x0000000000001c80       0x48 bin/blib.a(e820mangler.o)
 *(.bss16.*)
 *(.stack16)
 .stack16       0x0000000000001cc8     0x1000 bin/blib.a(stack16.o)
                0x0000000000001cc8                _stack16
                0x0000000000002cc8                _estack16
 *(.stack16.*)
                0x0000000000002cc8                _edata16 = .
                0x00000000000000c2                _data16_filesz = (ABSOLUTE (_mdata16) - ABSOLUTE (_data16))
                0x0000000000002cc8                _data16_memsz = (ABSOLUTE (_edata16) - ABSOLUTE (_data16))

.textdata       0x0000000000000000    0x1ea54 load address 0x0000000000001120
                0x0000000000000000                _textdata = .
 *(.text.null_trap)
 *(.text.null_trap.*)
                0x0000000000000001                . = (. + 0x1)
 *fill*         0x0000000000000000        0x1 00
 *(.text)
 *fill*         0x0000000000000001        0x3 00
 .text          0x0000000000000004       0x45 bin/blib.a(setjmp.o)
                0x0000000000000004                setjmp
                0x0000000000000022                longjmp
 *fill*         0x0000000000000049        0x3 00
 .text          0x000000000000004c       0x7d bin/blib.a(virtaddr.o)
                0x000000000000004c                _virt_to_phys
                0x0000000000000079                _phys_to_virt
                0x00000000000000a3                _intr_to_virt
 *fill*         0x00000000000000c9        0x3 00
 .text          0x00000000000000cc       0xe9 bin/blib.a(librm.o)
                0x000000000000017a                real_call
                0x0000000000000193                interrupt_wrapper
 *(.text.*)
 .text.legacy_pci_set_drvdata
                0x00000000000001b5        0x4 bin/blib.a(ns8390.o)
 .text.legacy_pci_get_drvdata
                0x00000000000001b9        0x4 bin/blib.a(ns8390.o)
 .text.eth_pio_read
                0x00000000000001bd       0x69 bin/blib.a(ns8390.o)
 .text.eth_pio_write
                0x0000000000000226       0x7a bin/blib.a(ns8390.o)
 .text.ns8390_transmit
                0x00000000000002a0       0xa6 bin/blib.a(ns8390.o)
 .text.ns8390_irq
                0x0000000000000346        0x1 bin/blib.a(ns8390.o)
 .text.nepci_driver_pci_legacy_remove
                0x0000000000000347        0xf bin/blib.a(ns8390.o)
 .text.nepci_driver_pci_legacy_probe
                0x0000000000000356       0x17 bin/blib.a(ns8390.o)
 .text.ns8390_poll
                0x000000000000036d      0x202 bin/blib.a(ns8390.o)
 .text.ns8390_reset.isra.2
                0x000000000000056f      0x124 bin/blib.a(ns8390.o)
 .text.nepci_driverns8390_disable
                0x0000000000000693        0x8 bin/blib.a(ns8390.o)
 .text.nepci_drivernepci_probe
                0x000000000000069b      0x1ec bin/blib.a(ns8390.o)
 .text.bios_handle_cup
                0x0000000000000887       0x38 bin/blib.a(bios_console.o)
 .text.bios_handle_ed
                0x00000000000008bf       0x32 bin/blib.a(bios_console.o)
 .text.bios_handle_sgr
                0x00000000000008f1       0x68 bin/blib.a(bios_console.o)
 .text.bios_handle_dectcem_set
                0x0000000000000959       0x2a bin/blib.a(bios_console.o)
 .text.bios_handle_dectcem_reset
                0x0000000000000983       0x18 bin/blib.a(bios_console.o)
 .text.bios_putchar
                0x000000000000099b       0x26 bin/blib.a(bios_console.o)
 .text.bios_iskey
                0x00000000000009c1       0x2a bin/blib.a(bios_console.o)
 .text.bios_getchar
                0x00000000000009eb       0x8f bin/blib.a(bios_console.o)
 .text.bzimage_load_initrd
                0x0000000000000a7a      0x154 bin/blib.a(bzimage.o)
 .text.bzimage_parse_header.isra.0
                0x0000000000000bce      0x13b bin/blib.a(bzimage.o)
 .text.bzimage_probe
                0x0000000000000d09       0x1a bin/blib.a(bzimage.o)
                0x0000000000000d09                bzimage_probe
 .text.bzimage_exec
                0x0000000000000d23      0x444 bin/blib.a(bzimage.o)
 .text.elfboot_exec
                0x0000000000001167       0x39 bin/blib.a(elfboot.o)
 .text.elfboot_probe
                0x00000000000011a0       0x34 bin/blib.a(elfboot.o)
 .text.initrd_startup
                0x00000000000011d4       0x16 bin/blib.a(initrd.o)
 .text.initrd_reshuffle
                0x00000000000011ea      0x175 bin/blib.a(initrd.o)
                0x00000000000011ea                initrd_reshuffle
 .text.initrd_reshuffle_check
                0x000000000000135f       0x30 bin/blib.a(initrd.o)
                0x000000000000135f                initrd_reshuffle_check
 .text.multiboot_add_cmdline
                0x000000000000138f       0x84 bin/blib.a(multiboot.o)
 .text.multiboot_find_header
                0x0000000000001413       0x79 bin/blib.a(multiboot.o)
 .text.multiboot_probe
                0x000000000000148c        0xe bin/blib.a(multiboot.o)
 .text.multiboot_exec
                0x000000000000149a      0x325 bin/blib.a(multiboot.o)
 .text.pxe_exec
                0x00000000000017bf       0x86 bin/blib.a(pxe_image.o)
 .text.pxe_probe
                0x0000000000001845       0x1d bin/blib.a(pxe_image.o)
                0x0000000000001845                pxe_probe
 .text.bios_currticks
                0x0000000000001862       0x3e bin/blib.a(bios_timer.o)
                0x0000000000001862                currticks
 .text.pxenv_unknown
                0x00000000000018a0        0xb bin/blib.a(pxe_call.o)
 .text.pxe_init_structures
                0x00000000000018ab       0xe1 bin/blib.a(pxe_call.o)
 .text.pxe_api_call
                0x000000000000198c       0x87 bin/blib.a(pxe_call.o)
                0x000000000000198c                pxe_api_call
 .text.pxe_activate
                0x0000000000001a13       0x3f bin/blib.a(pxe_call.o)
                0x0000000000001a13                pxe_activate
 .text.pxe_deactivate
                0x0000000000001a52       0x3f bin/blib.a(pxe_call.o)
                0x0000000000001a52                pxe_deactivate
 .text.pxe_start_nbp
                0x0000000000001a91       0x75 bin/blib.a(pxe_call.o)
                0x0000000000001a91                pxe_start_nbp
 .text.pxenv_file_cmdline
                0x0000000000001b06       0x5c bin/blib.a(pxe_file.o)
 .text.pxenv_file_exec
                0x0000000000001b62       0x72 bin/blib.a(pxe_file.o)
 .text.pxenv_get_file_size
                0x0000000000001bd4       0x2c bin/blib.a(pxe_file.o)
 .text.pxenv_file_read
                0x0000000000001c00       0x47 bin/blib.a(pxe_file.o)
 .text.pxenv_file_select
                0x0000000000001c47       0x44 bin/blib.a(pxe_file.o)
 .text.pxenv_file_close
                0x0000000000001c8b       0x15 bin/blib.a(pxe_file.o)
 .text.pxenv_file_open
                0x0000000000001ca0       0x72 bin/blib.a(pxe_file.o)
 .text.pxenv_file_api_check
                0x0000000000001d12       0x7d bin/blib.a(pxe_file.o)
 .text.pxenv_unload_stack
                0x0000000000001d8f        0x8 bin/blib.a(pxe_preboot.o)
 .text.pxenv_start_base
                0x0000000000001d97        0xb bin/blib.a(pxe_preboot.o)
 .text.pxenv_stop_base
                0x0000000000001da2        0x8 bin/blib.a(pxe_preboot.o)
 .text.pxenv_stop_undi
                0x0000000000001daa       0x36 bin/blib.a(pxe_preboot.o)
 .text.pxenv_start_undi
                0x0000000000001de0       0x69 bin/blib.a(pxe_preboot.o)
 .text.pxenv_get_cached_info
                0x0000000000001e49       0xbf bin/blib.a(pxe_preboot.o)
 .text.pxenv_restart_tftp
                0x0000000000001f08       0x42 bin/blib.a(pxe_preboot.o)
 .text.pxe_tftp_xfer_window
                0x0000000000001f4a        0x4 bin/blib.a(pxe_tftp.o)
 .text.pxenv_tftp_read
                0x0000000000001f4e       0x9d bin/blib.a(pxe_tftp.o)
 .text.pxe_tftp_open
                0x0000000000001feb       0xca bin/blib.a(pxe_tftp.o)
 .text.pxe_tftp_close
                0x00000000000020b5       0x11 bin/blib.a(pxe_tftp.o)
 .text.pxe_tftp_xfer_deliver
                0x00000000000020c6       0x8d bin/blib.a(pxe_tftp.o)
 .text.pxenv_tftp_close
                0x0000000000002153       0x18 bin/blib.a(pxe_tftp.o)
 .text.pxenv_tftp_get_fsize
                0x000000000000216b       0x82 bin/blib.a(pxe_tftp.o)
 .text.pxenv_tftp_open
                0x00000000000021ed       0x98 bin/blib.a(pxe_tftp.o)
 .text.pxenv_tftp_read_file
                0x0000000000002285       0x93 bin/blib.a(pxe_tftp.o)
                0x0000000000002285                pxenv_tftp_read_file
 .text.pxenv_udp_read
                0x0000000000002318       0x5b bin/blib.a(pxe_udp.o)
 .text.pxe_udp_deliver
                0x0000000000002373       0x87 bin/blib.a(pxe_udp.o)
 .text.pxenv_udp_write
                0x00000000000023fa       0xd5 bin/blib.a(pxe_udp.o)
 .text.pxenv_udp_close
                0x00000000000024cf       0x18 bin/blib.a(pxe_udp.o)
 .text.pxenv_udp_open
                0x00000000000024e7       0x3e bin/blib.a(pxe_udp.o)
 .text.pxenv_undi_startup
                0x0000000000002525       0x1c bin/blib.a(pxe_undi.o)
 .text.pxenv_undi_initialize
                0x0000000000002541       0x1c bin/blib.a(pxe_undi.o)
 .text.pxenv_undi_set_mcast_address
                0x000000000000255d       0x1c bin/blib.a(pxe_undi.o)
 .text.pxenv_undi_set_packet_filter
                0x0000000000002579       0x1c bin/blib.a(pxe_undi.o)
 .text.pxenv_undi_get_statistics
                0x0000000000002595       0x38 bin/blib.a(pxe_undi.o)
 .text.pxenv_undi_clear_statistics
                0x00000000000025cd       0x40 bin/blib.a(pxe_undi.o)
 .text.pxenv_undi_initiate_diags
                0x000000000000260d       0x1b bin/blib.a(pxe_undi.o)
 .text.pxenv_undi_force_interrupt
                0x0000000000002628       0x1b bin/blib.a(pxe_undi.o)
 .text.pxenv_undi_get_mcast_address
                0x0000000000002643       0x4c bin/blib.a(pxe_undi.o)
 .text.pxenv_undi_get_nic_type
                0x000000000000268f       0x95 bin/blib.a(pxe_undi.o)
 .text.pxenv_undi_get_information
                0x0000000000002724       0x86 bin/blib.a(pxe_undi.o)
 .text.pxenv_undi_set_station_address
                0x00000000000027aa       0x42 bin/blib.a(pxe_undi.o)
 .text.pxenv_undi_isr
                0x00000000000027ec      0x1bc bin/blib.a(pxe_undi.o)
 .text.pxenv_undi_get_iface_info
                0x00000000000029a8       0x63 bin/blib.a(pxe_undi.o)
 .text.pxenv_undi_transmit
                0x0000000000002a0b      0x1f0 bin/blib.a(pxe_undi.o)
 .text.pxe_netdev_close
                0x0000000000002bfb       0x2b bin/blib.a(pxe_undi.o)
 .text.pxenv_undi_close
                0x0000000000002c26       0x26 bin/blib.a(pxe_undi.o)
 .text.pxenv_undi_shutdown
                0x0000000000002c4c       0x26 bin/blib.a(pxe_undi.o)
 .text.pxenv_undi_cleanup
                0x0000000000002c72       0x26 bin/blib.a(pxe_undi.o)
 .text.pxe_netdev_open
                0x0000000000002c98       0x2e bin/blib.a(pxe_undi.o)
 .text.pxenv_undi_open
                0x0000000000002cc6       0x35 bin/blib.a(pxe_undi.o)
 .text.pxenv_undi_reset_adapter
                0x0000000000002cfb       0x3a bin/blib.a(pxe_undi.o)
 .text.pxe_set_netdev
                0x0000000000002d35       0x38 bin/blib.a(pxe_undi.o)
                0x0000000000002d35                pxe_set_netdev
 .text.__memcpy
                0x0000000000002d6d       0x1d bin/blib.a(x86_string.o)
                0x0000000000002d6d                __memcpy
 .text.__memcpy_reverse
                0x0000000000002d8a       0x11 bin/blib.a(x86_string.o)
                0x0000000000002d8a                __memcpy_reverse
 .text.__memmove
                0x0000000000002d9b        0xe bin/blib.a(x86_string.o)
                0x0000000000002d9b                __memmove
 .text.memswap  0x0000000000002da9       0x11 bin/blib.a(x86_string.o)
                0x0000000000002da9                memswap
 .text.strlen   0x0000000000002dba       0x11 bin/blib.a(x86_string.o)
                0x0000000000002dba                strlen
 .text.strncmp  0x0000000000002dcb       0x1c bin/blib.a(x86_string.o)
                0x0000000000002dcb                strncmp
 .text.cpuid_exec
                0x0000000000002de7       0x6d bin/blib.a(cpuid_cmd.o)
 .text.ansiesc_process
                0x0000000000002e54       0xc9 bin/blib.a(ansiesc.o)
                0x0000000000002e54                ansiesc_process
 .text.has_input
                0x0000000000002f1d       0x2b bin/blib.a(console.o)
 .text.putchar  0x0000000000002f48       0x43 bin/blib.a(console.o)
                0x0000000000002f48                putchar
 .text.getchar  0x0000000000002f8b       0x2b bin/blib.a(console.o)
                0x0000000000002f8b                getchar
 .text.iskey    0x0000000000002fb6        0xe bin/blib.a(console.o)
                0x0000000000002fb6                iskey
 .text.console_configure
                0x0000000000002fc4       0x51 bin/blib.a(console.o)
                0x0000000000002fc4                console_configure
 .text.cpio_set_field
                0x0000000000003015       0x2a bin/blib.a(cpio.o)
                0x0000000000003015                cpio_set_field
 .text.probe_devices
                0x000000000000303f       0x52 bin/blib.a(device.o)
 .text.identify_device
                0x0000000000003091       0x31 bin/blib.a(device.o)
                0x0000000000003091                identify_device
 .text.remove_devices
                0x00000000000030c2       0x40 bin/blib.a(device.o)
 .text.process_on_success
                0x0000000000003102        0x9 bin/blib.a(exec.o)
 .text.process_on_failure
                0x000000000000310b        0x9 bin/blib.a(exec.o)
 .text.process_always
                0x0000000000003114        0x6 bin/blib.a(exec.o)
 .text.exit_exec
                0x000000000000311a       0x4f bin/blib.a(exec.o)
 .text.split_command
                0x0000000000003169       0x49 bin/blib.a(exec.o)
 .text.isset_exec
                0x00000000000031b2       0x2f bin/blib.a(exec.o)
 .text.sleep_exec
                0x00000000000031e1       0x79 bin/blib.a(exec.o)
 .text.iseq_exec
                0x000000000000325a       0x3c bin/blib.a(exec.o)
 .text.execv    0x0000000000003296       0x8f bin/blib.a(exec.o)
                0x0000000000003296                execv
 .text.shell_stop
                0x0000000000003325        0x6 bin/blib.a(exec.o)
                0x0000000000003325                shell_stop
 .text.shell_stopped
                0x000000000000332b       0x1c bin/blib.a(exec.o)
                0x000000000000332b                shell_stopped
 .text.system   0x0000000000003347      0x192 bin/blib.a(exec.o)
                0x0000000000003347                system
 .text.concat_args
                0x00000000000034d9       0x66 bin/blib.a(exec.o)
                0x00000000000034d9                concat_args
 .text.echo_exec
                0x000000000000353f       0x61 bin/blib.a(exec.o)
 .text.get_argv_argument
                0x00000000000035a0       0x24 bin/blib.a(getopt.o)
 .text.getopt_long
                0x00000000000035c4      0x223 bin/blib.a(getopt.o)
                0x00000000000035c4                getopt_long
 .text.free_image
                0x00000000000037e7       0x35 bin/blib.a(image.o)
 .text.image_set_name
                0x000000000000381c       0x28 bin/blib.a(image.o)
                0x000000000000381c                image_set_name
 .text.alloc_image
                0x0000000000003844       0x50 bin/blib.a(image.o)
                0x0000000000003844                alloc_image
 .text.image_set_cmdline
                0x0000000000003894       0x35 bin/blib.a(image.o)
                0x0000000000003894                image_set_cmdline
 .text.unregister_image
                0x00000000000038c9       0x22 bin/blib.a(image.o)
                0x00000000000038c9                unregister_image
 .text.find_image
                0x00000000000038eb       0x2f bin/blib.a(image.o)
                0x00000000000038eb                find_image
 .text.image_probe
                0x000000000000391a       0x34 bin/blib.a(image.o)
                0x000000000000391a                image_probe
 .text.image_replace
                0x000000000000394e       0x39 bin/blib.a(image.o)
                0x000000000000394e                image_replace
 .text.image_select
                0x0000000000003987       0x3c bin/blib.a(image.o)
                0x0000000000003987                image_select
 .text.image_exec
                0x00000000000039c3       0xa1 bin/blib.a(image.o)
                0x00000000000039c3                image_exec
 .text.image_find_selected
                0x0000000000003a64       0x1d bin/blib.a(image.o)
                0x0000000000003a64                image_find_selected
 .text.register_image
                0x0000000000003a81       0x6a bin/blib.a(image.o)
                0x0000000000003a81                register_image
 .text.initialise
                0x0000000000003aeb       0x17 bin/blib.a(init.o)
                0x0000000000003aeb                initialise
 .text.startup  0x0000000000003b02       0x30 bin/blib.a(init.o)
                0x0000000000003b02                startup
 .text.shutdown
                0x0000000000003b32       0x3e bin/blib.a(init.o)
                0x0000000000003b32                shutdown
 .text.null_intf_close
                0x0000000000003b70        0x1 bin/blib.a(interface.o)
 .text.intf_plug
                0x0000000000003b71       0x1d bin/blib.a(interface.o)
                0x0000000000003b71                intf_plug
 .text.intf_plug_plug
                0x0000000000003b8e       0x16 bin/blib.a(interface.o)
                0x0000000000003b8e                intf_plug_plug
 .text.intf_unplug
                0x0000000000003ba4        0xa bin/blib.a(interface.o)
                0x0000000000003ba4                intf_unplug
 .text.intf_nullify
                0x0000000000003bae        0x8 bin/blib.a(interface.o)
                0x0000000000003bae                intf_nullify
 .text.intf_put
                0x0000000000003bb6        0x8 bin/blib.a(interface.o)
                0x0000000000003bb6                intf_put
 .text.intf_object
                0x0000000000003bbe        0x6 bin/blib.a(interface.o)
                0x0000000000003bbe                intf_object
 .text.intf_get_dest_op_no_passthru_untyped
                0x0000000000003bc4       0x35 bin/blib.a(interface.o)
                0x0000000000003bc4                intf_get_dest_op_no_passthru_untyped
 .text.intf_get_dest_op_untyped
                0x0000000000003bf9       0x34 bin/blib.a(interface.o)
                0x0000000000003bf9                intf_get_dest_op_untyped
 .text.intf_restart
                0x0000000000003c2d       0x12 bin/blib.a(interface.o)
                0x0000000000003c2d                intf_restart
 .text.intf_close
                0x0000000000003c3f       0x3b bin/blib.a(interface.o)
                0x0000000000003c3f                intf_close
 .text.intf_shutdown
                0x0000000000003c7a       0x17 bin/blib.a(interface.o)
                0x0000000000003c7a                intf_shutdown
 .text.alloc_iob_raw
                0x0000000000003c91       0x78 bin/blib.a(iobuf.o)
                0x0000000000003c91                alloc_iob_raw
 .text.alloc_iob
                0x0000000000003d09       0x13 bin/blib.a(iobuf.o)
                0x0000000000003d09                alloc_iob
 .text.free_iob
                0x0000000000003d1c       0x2d bin/blib.a(iobuf.o)
                0x0000000000003d1c                free_iob
 .text.iob_ensure_headroom
                0x0000000000003d49       0x12 bin/blib.a(iobuf.o)
                0x0000000000003d49                iob_ensure_headroom
 .text.iob_concatenate
                0x0000000000003d5b       0x81 bin/blib.a(iobuf.o)
                0x0000000000003d5b                iob_concatenate
 .text.extern_list_add
                0x0000000000003ddc        0xd bin/blib.a(list.o)
                0x0000000000003ddc                extern_list_add
 .text.extern_list_add_tail
                0x0000000000003de9        0xe bin/blib.a(list.o)
                0x0000000000003de9                extern_list_add_tail
 .text.startup.main
                0x0000000000003df7       0x37 bin/blib.a(main.o)
                0x0000000000003df7                main
 .text.discard_cache
                0x0000000000003e2e       0x1d bin/blib.a(malloc.o)
 .text.shutdown_cache
                0x0000000000003e4b        0xa bin/blib.a(malloc.o)
 .text.alloc_memblock
                0x0000000000003e55       0x8b bin/blib.a(malloc.o)
                0x0000000000003e55                alloc_memblock
 .text.free_memblock
                0x0000000000003ee0       0x98 bin/blib.a(malloc.o)
                0x0000000000003ee0                free_memblock
 .text.realloc  0x0000000000003f78       0x5b bin/blib.a(malloc.o)
                0x0000000000003f78                realloc
 .text.malloc   0x0000000000003fd3        0x9 bin/blib.a(malloc.o)
                0x0000000000003fd3                malloc
 .text.free     0x0000000000003fdc        0x7 bin/blib.a(malloc.o)
                0x0000000000003fdc                free
 .text.zalloc   0x0000000000003fe3       0x1c bin/blib.a(malloc.o)
                0x0000000000003fe3                zalloc
 .text.mpopulate
                0x0000000000003fff        0x8 bin/blib.a(malloc.o)
                0x0000000000003fff                mpopulate
 .text.init_heap
                0x0000000000004007        0xf bin/blib.a(malloc.o)
 .text.largest_memblock
                0x0000000000004016       0x6e bin/blib.a(memblock.o)
                0x0000000000004016                largest_memblock
 .text.strtoul_charval
                0x0000000000004084       0x1b bin/blib.a(misc.o)
                0x0000000000004084                strtoul_charval
 .text.strtoul  0x000000000000409f       0x7a bin/blib.a(misc.o)
                0x000000000000409f                strtoul
 .text.inet_aton
                0x0000000000004119       0x63 bin/blib.a(misc.o)
                0x0000000000004119                inet_aton
 .text.xfer_uri_opener
                0x000000000000417c       0x2a bin/blib.a(open.o)
                0x000000000000417c                xfer_uri_opener
 .text.xfer_open_uri
                0x00000000000041a6       0x45 bin/blib.a(open.o)
                0x00000000000041a6                xfer_open_uri
 .text.xfer_open_uri_string
                0x00000000000041eb       0x2f bin/blib.a(open.o)
                0x00000000000041eb                xfer_open_uri_string
 .text.xfer_open_socket
                0x000000000000421a       0x37 bin/blib.a(open.o)
                0x000000000000421a                xfer_open_socket
 .text.xfer_vopen
                0x0000000000004251       0x38 bin/blib.a(open.o)
                0x0000000000004251                xfer_vopen
 .text.xfer_vreopen
                0x0000000000004289       0x20 bin/blib.a(open.o)
                0x0000000000004289                xfer_vreopen
 .text.parse_string
                0x00000000000042a9        0x5 bin/blib.a(parseopt.o)
                0x00000000000042a9                parse_string
 .text.parse_integer
                0x00000000000042ae       0x32 bin/blib.a(parseopt.o)
                0x00000000000042ae                parse_integer
 .text.parse_timeout
                0x00000000000042e0       0x27 bin/blib.a(parseopt.o)
                0x00000000000042e0                parse_timeout
 .text.parse_netdev
                0x0000000000004307       0x2a bin/blib.a(parseopt.o)
                0x0000000000004307                parse_netdev
 .text.parse_netdev_configurator
                0x0000000000004331       0x2a bin/blib.a(parseopt.o)
                0x0000000000004331                parse_netdev_configurator
 .text.parse_menu
                0x000000000000435b       0x3b bin/blib.a(parseopt.o)
                0x000000000000435b                parse_menu
 .text.parse_flag
                0x0000000000004396        0x9 bin/blib.a(parseopt.o)
                0x0000000000004396                parse_flag
 .text.parse_key
                0x000000000000439f       0x19 bin/blib.a(parseopt.o)
                0x000000000000439f                parse_key
 .text.parse_settings
                0x00000000000043b8       0x2a bin/blib.a(parseopt.o)
                0x00000000000043b8                parse_settings
 .text.parse_setting
                0x00000000000043e2       0x2d bin/blib.a(parseopt.o)
                0x00000000000043e2                parse_setting
 .text.parse_existing_setting
                0x000000000000440f        0xa bin/blib.a(parseopt.o)
                0x000000000000440f                parse_existing_setting
 .text.parse_autovivified_setting
                0x0000000000004419        0xa bin/blib.a(parseopt.o)
                0x0000000000004419                parse_autovivified_setting
 .text.print_usage
                0x0000000000004423       0xab bin/blib.a(parseopt.o)
                0x0000000000004423                print_usage
 .text.reparse_options
                0x00000000000044ce      0x19f bin/blib.a(parseopt.o)
                0x00000000000044ce                reparse_options
 .text.parse_options
                0x000000000000466d       0x2b bin/blib.a(parseopt.o)
                0x000000000000466d                parse_options
 .text.posix_fd_to_file
                0x0000000000004698       0x20 bin/blib.a(posix_io.o)
 .text.posix_file_finished
                0x00000000000046b8       0x14 bin/blib.a(posix_io.o)
 .text.posix_file_xfer_deliver
                0x00000000000046cc       0x3d bin/blib.a(posix_io.o)
 .text.posix_file_free
                0x0000000000004709       0x30 bin/blib.a(posix_io.o)
 .text.open     0x0000000000004739       0xb9 bin/blib.a(posix_io.o)
                0x0000000000004739                open
 .text.select   0x00000000000047f2       0x66 bin/blib.a(posix_io.o)
                0x00000000000047f2                select
 .text.read_user
                0x0000000000004858       0x8a bin/blib.a(posix_io.o)
                0x0000000000004858                read_user
 .text.fsize    0x00000000000048e2       0x13 bin/blib.a(posix_io.o)
                0x00000000000048e2                fsize
 .text.close    0x00000000000048f5       0x30 bin/blib.a(posix_io.o)
                0x00000000000048f5                close
 .text.process_add
                0x0000000000004925       0x1e bin/blib.a(process.o)
                0x0000000000004925                process_add
 .text.init_processes
                0x0000000000004943       0x1c bin/blib.a(process.o)
 .text.process_del
                0x000000000000495f       0x1c bin/blib.a(process.o)
                0x000000000000495f                process_del
 .text.step     0x000000000000497b       0x5d bin/blib.a(process.o)
                0x000000000000497b                step
 .text.ref_increment
                0x00000000000049d8        0x7 bin/blib.a(refcnt.o)
                0x00000000000049d8                ref_increment
 .text.ref_decrement
                0x00000000000049df       0x1c bin/blib.a(refcnt.o)
                0x00000000000049df                ref_decrement
 .text.ref_no_free
                0x00000000000049fb        0x1 bin/blib.a(refcnt.o)
                0x00000000000049fb                ref_no_free
 .text.apply_settings
                0x00000000000049fc       0x1d bin/blib.a(settings.o)
 .text.parse_ipv6_setting
                0x0000000000004a19        0x8 bin/blib.a(settings.o)
                0x0000000000004a19                parse_ipv6_setting
 .text.format_ipv6_setting
                0x0000000000004a21        0x8 bin/blib.a(settings.o)
                0x0000000000004a21                format_ipv6_setting
 .text.builtin_applies
                0x0000000000004a29        0xd bin/blib.a(settings.o)
 .text.platform_fetch
                0x0000000000004a36       0x12 bin/blib.a(settings.o)
 .text.buildarch_fetch
                0x0000000000004a48       0x12 bin/blib.a(settings.o)
 .text.version_fetch
                0x0000000000004a5a       0x16 bin/blib.a(settings.o)
 .text.format_string_setting
                0x0000000000004a70       0x2e bin/blib.a(settings.o)
 .text.parse_string_setting
                0x0000000000004a9e       0x31 bin/blib.a(settings.o)
 .text.errno_fetch
                0x0000000000004acf       0x28 bin/blib.a(settings.o)
 .text.denumerate_int_setting
                0x0000000000004af7       0x3f bin/blib.a(settings.o)
 .text.format_uint_setting
                0x0000000000004b36       0x2e bin/blib.a(settings.o)
 .text.format_int_setting
                0x0000000000004b64       0x2e bin/blib.a(settings.o)
 .text.format_hex_setting
                0x0000000000004b92       0x68 bin/blib.a(settings.o)
 .text.format_hex_raw_setting
                0x0000000000004bfa        0xa bin/blib.a(settings.o)
 .text.format_hex_hyphen_setting
                0x0000000000004c04        0xa bin/blib.a(settings.o)
 .text.format_hex_colon_setting
                0x0000000000004c0e        0xa bin/blib.a(settings.o)
 .text.parse_hex_raw_setting
                0x0000000000004c18        0x9 bin/blib.a(settings.o)
 .text.parse_hex_hyphen_setting
                0x0000000000004c21        0xc bin/blib.a(settings.o)
 .text.parse_hex_setting
                0x0000000000004c2d        0xc bin/blib.a(settings.o)
 .text.generic_settings_clear
                0x0000000000004c39       0x28 bin/blib.a(settings.o)
                0x0000000000004c39                generic_settings_clear
 .text.autovivified_settings_free
                0x0000000000004c61       0x13 bin/blib.a(settings.o)
 .text.parse_settings_name
                0x0000000000004c74       0x66 bin/blib.a(settings.o)
 .text.fetch_string_setting_copy_alloc
                0x0000000000004cda        0x6 bin/blib.a(settings.o)
 .text.numeric_setting_value
                0x0000000000004ce0       0x68 bin/blib.a(settings.o)
 .text.numerate_int_setting
                0x0000000000004d48       0x21 bin/blib.a(settings.o)
 .text.format_busdevfn_setting
                0x0000000000004d69       0x3f bin/blib.a(settings.o)
 .text.format_uuid_setting
                0x0000000000004da8       0x2d bin/blib.a(settings.o)
 .text.parse_int_setting
                0x0000000000004dd5       0x34 bin/blib.a(settings.o)
 .text.find_settings
                0x0000000000004e09        0xa bin/blib.a(settings.o)
                0x0000000000004e09                find_settings
 .text.unregister_settings
                0x0000000000004e13       0x54 bin/blib.a(settings.o)
                0x0000000000004e13                unregister_settings
 .text.settings_target
                0x0000000000004e67       0x15 bin/blib.a(settings.o)
                0x0000000000004e67                settings_target
 .text.settings_name
                0x0000000000004e7c       0x5b bin/blib.a(settings.o)
                0x0000000000004e7c                settings_name
 .text.find_child_settings
                0x0000000000004ed7       0x45 bin/blib.a(settings.o)
                0x0000000000004ed7                find_child_settings
 .text.setting_applies
                0x0000000000004f1c       0x25 bin/blib.a(settings.o)
                0x0000000000004f1c                setting_applies
 .text.clear_settings
                0x0000000000004f41       0x12 bin/blib.a(settings.o)
                0x0000000000004f41                clear_settings
 .text.setting_cmp
                0x0000000000004f53       0x39 bin/blib.a(settings.o)
                0x0000000000004f53                setting_cmp
 .text.builtin_fetch
                0x0000000000004f8c       0x3c bin/blib.a(settings.o)
 .text.fetch_setting
                0x0000000000004fc8      0x139 bin/blib.a(settings.o)
                0x0000000000004fc8                fetch_setting
 .text.fetch_setting_alloc
                0x0000000000005101       0x65 bin/blib.a(settings.o)
 .text.fetch_string_setting_copy
                0x0000000000005166       0x10 bin/blib.a(settings.o)
                0x0000000000005166                fetch_string_setting_copy
 .text.fetch_setting_copy
                0x0000000000005176       0x15 bin/blib.a(settings.o)
                0x0000000000005176                fetch_setting_copy
 .text.fetch_raw_setting_copy
                0x000000000000518b        0xb bin/blib.a(settings.o)
                0x000000000000518b                fetch_raw_setting_copy
 .text.fetch_raw_setting
                0x0000000000005196       0x11 bin/blib.a(settings.o)
                0x0000000000005196                fetch_raw_setting
 .text.fetch_uuid_setting
                0x00000000000051a7       0x16 bin/blib.a(settings.o)
                0x00000000000051a7                fetch_uuid_setting
 .text.fetch_numeric_setting
                0x00000000000051bd       0x2e bin/blib.a(settings.o)
                0x00000000000051bd                fetch_numeric_setting
 .text.fetch_uintz_setting
                0x00000000000051eb       0x11 bin/blib.a(settings.o)
                0x00000000000051eb                fetch_uintz_setting
 .text.fetch_intz_setting
                0x00000000000051fc       0x11 bin/blib.a(settings.o)
                0x00000000000051fc                fetch_intz_setting
 .text.reprioritise_settings
                0x000000000000520d       0x6f bin/blib.a(settings.o)
 .text.register_settings
                0x000000000000527c       0x51 bin/blib.a(settings.o)
                0x000000000000527c                register_settings
 .text.builtin_init
                0x00000000000052cd       0x11 bin/blib.a(settings.o)
 .text.autovivify_child_settings
                0x00000000000052de       0x9b bin/blib.a(settings.o)
                0x00000000000052de                autovivify_child_settings
 .text.fetch_ipv6_array_setting
                0x0000000000005379       0x1f bin/blib.a(settings.o)
                0x0000000000005379                fetch_ipv6_array_setting
 .text.fetch_ipv6_setting
                0x0000000000005398        0x8 bin/blib.a(settings.o)
                0x0000000000005398                fetch_ipv6_setting
 .text.fetch_ipv4_array_setting
                0x00000000000053a0       0x1f bin/blib.a(settings.o)
                0x00000000000053a0                fetch_ipv4_array_setting
 .text.fetch_ipv4_setting
                0x00000000000053bf        0x8 bin/blib.a(settings.o)
                0x00000000000053bf                fetch_ipv4_setting
 .text.fetch_string_setting
                0x00000000000053c7       0x30 bin/blib.a(settings.o)
                0x00000000000053c7                fetch_string_setting
 .text.store_setting
                0x00000000000053f7       0x80 bin/blib.a(settings.o)
                0x00000000000053f7                store_setting
 .text.generic_settings_fetch
                0x0000000000005477       0x62 bin/blib.a(settings.o)
                0x0000000000005477                generic_settings_fetch
 .text.generic_settings_store
                0x00000000000054d9       0xdb bin/blib.a(settings.o)
                0x00000000000054d9                generic_settings_store
 .text.setting_format
                0x00000000000055b4       0x1d bin/blib.a(settings.o)
                0x00000000000055b4                setting_format
 .text.setting_parse
                0x00000000000055d1       0x19 bin/blib.a(settings.o)
                0x00000000000055d1                setting_parse
 .text.setting_numerate
                0x00000000000055ea       0x19 bin/blib.a(settings.o)
                0x00000000000055ea                setting_numerate
 .text.setting_denumerate
                0x0000000000005603       0x19 bin/blib.a(settings.o)
                0x0000000000005603                setting_denumerate
 .text.fetchf_setting
                0x000000000000561c       0x4d bin/blib.a(settings.o)
                0x000000000000561c                fetchf_setting
 .text.fetchf_setting_copy
                0x0000000000005669       0x73 bin/blib.a(settings.o)
                0x0000000000005669                fetchf_setting_copy
 .text.storef_setting
                0x00000000000056dc       0x7a bin/blib.a(settings.o)
                0x00000000000056dc                storef_setting
 .text.fetchn_setting
                0x0000000000005756       0x49 bin/blib.a(settings.o)
                0x0000000000005756                fetchn_setting
 .text.storen_setting
                0x000000000000579f       0x5e bin/blib.a(settings.o)
                0x000000000000579f                storen_setting
 .text.parse_setting_name
                0x00000000000057fd      0x153 bin/blib.a(settings.o)
                0x00000000000057fd                parse_setting_name
 .text.setting_name
                0x0000000000005950       0x43 bin/blib.a(settings.o)
                0x0000000000005950                setting_name
 .text.expand_settings
                0x0000000000005993       0xd8 bin/blib.a(settings.o)
                0x0000000000005993                expand_settings
 .text.strcpy   0x0000000000005a6b       0x10 bin/blib.a(string.o)
                0x0000000000005a6b                strcpy
 .text.strncpy  0x0000000000005a7b       0x18 bin/blib.a(string.o)
                0x0000000000005a7b                strncpy
 .text.strcmp   0x0000000000005a93       0x24 bin/blib.a(string.o)
                0x0000000000005a93                strcmp
 .text.strcasecmp
                0x0000000000005ab7       0x2a bin/blib.a(string.o)
                0x0000000000005ab7                strcasecmp
 .text.strchr   0x0000000000005ae1       0x11 bin/blib.a(string.o)
                0x0000000000005ae1                strchr
 .text.strrchr  0x0000000000005af2       0x1f bin/blib.a(string.o)
                0x0000000000005af2                strrchr
 .text.strnlen  0x0000000000005b11       0x14 bin/blib.a(string.o)
                0x0000000000005b11                strnlen
 .text.memcmp   0x0000000000005b25       0x21 bin/blib.a(string.o)
                0x0000000000005b25                memcmp
 .text.strstr   0x0000000000005b46       0x3e bin/blib.a(string.o)
                0x0000000000005b46                strstr
 .text.memchr   0x0000000000005b84       0x15 bin/blib.a(string.o)
                0x0000000000005b84                memchr
 .text.strndup  0x0000000000005b99       0x2d bin/blib.a(string.o)
                0x0000000000005b99                strndup
 .text.strdup   0x0000000000005bc6        0x8 bin/blib.a(string.o)
                0x0000000000005bc6                strdup
 .text.uri_copy_fields
                0x0000000000005bce       0x5e bin/blib.a(uri.o)
 .text.uri_free
                0x0000000000005c2c       0x13 bin/blib.a(uri.o)
 .text.uri_encode
                0x0000000000005c3f       0x74 bin/blib.a(uri.o)
                0x0000000000005c3f                uri_encode
 .text.parse_uri
                0x0000000000005cb3      0x208 bin/blib.a(uri.o)
                0x0000000000005cb3                parse_uri
 .text.uri_port
                0x0000000000005ebb       0x17 bin/blib.a(uri.o)
                0x0000000000005ebb                uri_port
 .text.format_uri
                0x0000000000005ed2       0xe6 bin/blib.a(uri.o)
                0x0000000000005ed2                format_uri
 .text.format_uri_alloc
                0x0000000000005fb8       0x2f bin/blib.a(uri.o)
                0x0000000000005fb8                format_uri_alloc
 .text.uri_dup  0x0000000000005fe7       0x38 bin/blib.a(uri.o)
                0x0000000000005fe7                uri_dup
 .text.resolve_path
                0x000000000000601f       0xc2 bin/blib.a(uri.o)
                0x000000000000601f                resolve_path
 .text.resolve_uri
                0x00000000000060e1       0xa0 bin/blib.a(uri.o)
                0x00000000000060e1                resolve_uri
 .text.tftp_uri
                0x0000000000006181       0x3b bin/blib.a(uri.o)
                0x0000000000006181                tftp_uri
 .text.uuid_ntoa
                0x00000000000061bc       0x63 bin/blib.a(uuid.o)
                0x00000000000061bc                uuid_ntoa
 .text.format_hex
                0x000000000000621f       0x6e bin/blib.a(vsprintf.o)
 .text.printf_sputc
                0x000000000000628d        0xf bin/blib.a(vsprintf.o)
 .text.printf_putchar
                0x000000000000629c        0x7 bin/blib.a(vsprintf.o)
 .text.vcprintf
                0x00000000000062a3      0x268 bin/blib.a(vsprintf.o)
                0x00000000000062a3                vcprintf
 .text.vsnprintf
                0x000000000000650b       0x3e bin/blib.a(vsprintf.o)
                0x000000000000650b                vsnprintf
 .text.snprintf
                0x0000000000006549       0x17 bin/blib.a(vsprintf.o)
                0x0000000000006549                snprintf
 .text.vssnprintf
                0x0000000000006560       0x12 bin/blib.a(vsprintf.o)
                0x0000000000006560                vssnprintf
 .text.ssnprintf
                0x0000000000006572       0x17 bin/blib.a(vsprintf.o)
                0x0000000000006572                ssnprintf
 .text.vprintf  0x0000000000006589       0x19 bin/blib.a(vsprintf.o)
                0x0000000000006589                vprintf
 .text.printf   0x00000000000065a2        0xe bin/blib.a(vsprintf.o)
                0x00000000000065a2                printf
 .text.xfer_deliver
                0x00000000000065b0       0x47 bin/blib.a(xfer.o)
                0x00000000000065b0                xfer_deliver
 .text.xfer_window_changed
                0x00000000000065f7       0x29 bin/blib.a(xfer.o)
                0x00000000000065f7                xfer_window_changed
 .text.xfer_window
                0x0000000000006620       0x32 bin/blib.a(xfer.o)
                0x0000000000006620                xfer_window
 .text.xfer_alloc_iob
                0x0000000000006652       0x3c bin/blib.a(xfer.o)
                0x0000000000006652                xfer_alloc_iob
 .text.xfer_vredirect
                0x000000000000668e       0x88 bin/blib.a(xfer.o)
                0x000000000000668e                xfer_vredirect
 .text.xfer_redirect
                0x0000000000006716       0x12 bin/blib.a(xfer.o)
                0x0000000000006716                xfer_redirect
 .text.xfer_deliver_iob
                0x0000000000006728        0xa bin/blib.a(xfer.o)
                0x0000000000006728                xfer_deliver_iob
 .text.xfer_deliver_raw_meta
                0x0000000000006732       0x46 bin/blib.a(xfer.o)
                0x0000000000006732                xfer_deliver_raw_meta
 .text.xfer_deliver_raw
                0x0000000000006778        0xb bin/blib.a(xfer.o)
                0x0000000000006778                xfer_deliver_raw
 .text.xfer_vprintf
                0x0000000000006783       0x2e bin/blib.a(xfer.o)
                0x0000000000006783                xfer_vprintf
 .text.xfer_printf
                0x00000000000067b1       0x12 bin/blib.a(xfer.o)
                0x00000000000067b1                xfer_printf
 .text.xfer_seek
                0x00000000000067c3       0x42 bin/blib.a(xfer.o)
                0x00000000000067c3                xfer_seek
 .text.arp_ntoa
                0x0000000000006805        0x6 bin/blib.a(arp.o)
 .text.arp_rx   0x000000000000680b      0x10a bin/blib.a(arp.o)
 .text.arp_tx_request
                0x0000000000006915       0xda bin/blib.a(arp.o)
 .text.copy_encap_settings
                0x00000000000069ef       0x9d bin/blib.a(fakedhcp.o)
 .text.create_fakedhcpdiscover
                0x0000000000006a8c       0x21 bin/blib.a(fakedhcp.o)
                0x0000000000006a8c                create_fakedhcpdiscover
 .text.create_fakedhcpack
                0x0000000000006aad       0x49 bin/blib.a(fakedhcp.o)
                0x0000000000006aad                create_fakedhcpack
 .text.create_fakepxebsack
                0x0000000000006af6       0x92 bin/blib.a(fakedhcp.o)
                0x0000000000006af6                create_fakepxebsack
 .text.ipv4_route
                0x0000000000006b88       0x42 bin/blib.a(ipv4.o)
 .text.ipv4_netdev
                0x0000000000006bca       0x1b bin/blib.a(ipv4.o)
 .text.ipv4_is_fragment
                0x0000000000006be5       0x24 bin/blib.a(ipv4.o)
 .text.ipv4_more_fragments
                0x0000000000006c09        0xb bin/blib.a(ipv4.o)
 .text.ipv4_fragment_offset
                0x0000000000006c14       0x12 bin/blib.a(ipv4.o)
 .text.ipv4_create_routes
                0x0000000000006c26      0x15c bin/blib.a(ipv4.o)
 .text.ipv4_pshdr_chksum
                0x0000000000006d82       0x53 bin/blib.a(ipv4.o)
 .text.ipv4_tx  0x0000000000006dd5      0x1be bin/blib.a(ipv4.o)
 .text.ipv4_arp_check
                0x0000000000006f93       0x29 bin/blib.a(ipv4.o)
 .text.ipv4_sock_aton
                0x0000000000006fbc       0x21 bin/blib.a(ipv4.o)
 .text.ipv4_has_any_addr
                0x0000000000006fdd       0x20 bin/blib.a(ipv4.o)
                0x0000000000006fdd                ipv4_has_any_addr
 .text.ipv4_rx  0x0000000000006ffd      0x1a2 bin/blib.a(ipv4.o)
 .text.inet_ntoa
                0x000000000000719f       0x31 bin/blib.a(ipv4.o)
                0x000000000000719f                inet_ntoa
 .text.ipv4_sock_ntoa
                0x00000000000071d0        0x8 bin/blib.a(ipv4.o)
 .text.ipv4_ntoa
                0x00000000000071d8        0x7 bin/blib.a(ipv4.o)
 .text.parse_ipv4_setting
                0x00000000000071df       0x39 bin/blib.a(ipv4.o)
                0x00000000000071df                parse_ipv4_setting
 .text.format_ipv4_setting
                0x0000000000007218       0x2d bin/blib.a(ipv4.o)
                0x0000000000007218                format_ipv4_setting
 .text.neighbour_destroy
                0x0000000000007245       0x48 bin/blib.a(neighbour.o)
 .text.neighbour_discard
                0x000000000000728d       0x2b bin/blib.a(neighbour.o)
 .text.neighbour_find
                0x00000000000072b8       0x65 bin/blib.a(neighbour.o)
 .text.neighbour_create
                0x000000000000731d       0x71 bin/blib.a(neighbour.o)
 .text.neighbour_expired
                0x000000000000738e       0x3c bin/blib.a(neighbour.o)
 .text.neighbour_free
                0x00000000000073ca       0x13 bin/blib.a(neighbour.o)
 .text.neighbour_discovered
                0x00000000000073dd       0x70 bin/blib.a(neighbour.o)
 .text.neighbour_flush
                0x000000000000744d       0x32 bin/blib.a(neighbour.o)
 .text.neighbour_tx
                0x000000000000747f       0x8c bin/blib.a(neighbour.o)
                0x000000000000747f                neighbour_tx
 .text.neighbour_update
                0x000000000000750b       0x1f bin/blib.a(neighbour.o)
                0x000000000000750b                neighbour_update
 .text.netdev_notify
                0x000000000000752a       0x24 bin/blib.a(netdevice.o)
 .text.net_discard
                0x000000000000754e       0x40 bin/blib.a(netdevice.o)
 .text.netdev_config_close
                0x000000000000758e       0x14 bin/blib.a(netdevice.o)
 .text.netdev_record_stat
                0x00000000000075a2       0x40 bin/blib.a(netdevice.o)
 .text.netdev_rx_freeze
                0x00000000000075e2        0x9 bin/blib.a(netdevice.o)
                0x00000000000075e2                netdev_rx_freeze
 .text.netdev_rx_unfreeze
                0x00000000000075eb        0x9 bin/blib.a(netdevice.o)
                0x00000000000075eb                netdev_rx_unfreeze
 .text.netdev_link_err
                0x00000000000075f4        0x8 bin/blib.a(netdevice.o)
                0x00000000000075f4                netdev_link_err
 .text.netdev_tx_err
                0x00000000000075fc       0x15 bin/blib.a(netdevice.o)
                0x00000000000075fc                netdev_tx_err
 .text.netdev_tx_complete_err
                0x0000000000007611       0x39 bin/blib.a(netdevice.o)
                0x0000000000007611                netdev_tx_complete_err
 .text.netdev_tx
                0x000000000000764a       0x3f bin/blib.a(netdevice.o)
                0x000000000000764a                netdev_tx
 .text.netdev_tx_complete_next_err
                0x0000000000007689       0x1b bin/blib.a(netdevice.o)
                0x0000000000007689                netdev_tx_complete_next_err
 .text.netdev_tx_flush
                0x00000000000076a4       0x1d bin/blib.a(netdevice.o)
 .text.netdev_rx
                0x00000000000076c1       0x1b bin/blib.a(netdevice.o)
                0x00000000000076c1                netdev_rx
 .text.netdev_rx_err
                0x00000000000076dc       0x1c bin/blib.a(netdevice.o)
                0x00000000000076dc                netdev_rx_err
 .text.netdev_poll
                0x00000000000076f8        0xd bin/blib.a(netdevice.o)
                0x00000000000076f8                netdev_poll
 .text.netdev_rx_dequeue
                0x0000000000007705       0x1f bin/blib.a(netdevice.o)
                0x0000000000007705                netdev_rx_dequeue
 .text.netdev_rx_flush
                0x0000000000007724       0x20 bin/blib.a(netdevice.o)
 .text.free_netdev
                0x0000000000007744       0x22 bin/blib.a(netdevice.o)
 .text.alloc_netdev
                0x0000000000007766       0xf4 bin/blib.a(netdevice.o)
                0x0000000000007766                alloc_netdev
 .text.netdev_open
                0x000000000000785a       0x3f bin/blib.a(netdevice.o)
                0x000000000000785a                netdev_open
 .text.netdev_close
                0x0000000000007899       0x6f bin/blib.a(netdevice.o)
                0x0000000000007899                netdev_close
 .text.unregister_netdev
                0x0000000000007908       0x65 bin/blib.a(netdevice.o)
                0x0000000000007908                unregister_netdev
 .text.netdev_irq
                0x000000000000796d       0x2a bin/blib.a(netdevice.o)
                0x000000000000796d                netdev_irq
 .text.find_netdev_by_location
                0x0000000000007997       0x28 bin/blib.a(netdevice.o)
                0x0000000000007997                find_netdev_by_location
 .text.find_netdev_by_ll_addr
                0x00000000000079bf       0x3c bin/blib.a(netdevice.o)
                0x00000000000079bf                find_netdev_by_ll_addr
 .text.register_netdev
                0x00000000000079fb      0x117 bin/blib.a(netdevice.o)
                0x00000000000079fb                register_netdev
 .text.last_opened_netdev
                0x0000000000007b12       0x14 bin/blib.a(netdevice.o)
                0x0000000000007b12                last_opened_netdev
 .text.find_netdev
                0x0000000000007b26       0x42 bin/blib.a(netdevice.o)
                0x0000000000007b26                find_netdev
 .text.net_tx   0x0000000000007b68       0x44 bin/blib.a(netdevice.o)
                0x0000000000007b68                net_tx
 .text.net_rx   0x0000000000007bac       0x38 bin/blib.a(netdevice.o)
                0x0000000000007bac                net_rx
 .text.net_poll
                0x0000000000007be4       0x97 bin/blib.a(netdevice.o)
                0x0000000000007be4                net_poll
 .text.net_step
                0x0000000000007c7b        0x5 bin/blib.a(netdevice.o)
 .text.vlan_tag
                0x0000000000007c80        0x3 bin/blib.a(netdevice.o)
                0x0000000000007c80                vlan_tag
 .text.find_netdev_configurator
                0x0000000000007c83       0x2a bin/blib.a(netdevice.o)
                0x0000000000007c83                find_netdev_configurator
 .text.netdev_configure
                0x0000000000007cad       0x59 bin/blib.a(netdevice.o)
                0x0000000000007cad                netdev_configure
 .text.netdev_configure_all
                0x0000000000007d06       0x37 bin/blib.a(netdevice.o)
                0x0000000000007d06                netdev_configure_all
 .text.netdev_configuration_in_progress
                0x0000000000007d3d       0x35 bin/blib.a(netdevice.o)
                0x0000000000007d3d                netdev_configuration_in_progress
 .text.netdev_configuration_ok
                0x0000000000007d72       0x32 bin/blib.a(netdevice.o)
                0x0000000000007d72                netdev_configuration_ok
 .text.netdev_redirect_settings_init
                0x0000000000007da4       0x11 bin/blib.a(netdev_settings.o)
 .text.netdev_redirect
                0x0000000000007db5       0x16 bin/blib.a(netdev_settings.o)
 .text.netdev_clear
                0x0000000000007dcb        0x5 bin/blib.a(netdev_settings.o)
 .text.netdev_fetch
                0x0000000000007dd0       0x6c bin/blib.a(netdev_settings.o)
 .text.netdev_fetch_chip
                0x0000000000007e3c       0x1c bin/blib.a(netdev_settings.o)
 .text.netdev_fetch_bustype
                0x0000000000007e58       0x23 bin/blib.a(netdev_settings.o)
 .text.netdev_store_mac
                0x0000000000007e7b       0x2e bin/blib.a(netdev_settings.o)
 .text.netdev_fetch_mac
                0x0000000000007ea9       0x23 bin/blib.a(netdev_settings.o)
 .text.netdev_fetch_busid
                0x0000000000007ecc       0x43 bin/blib.a(netdev_settings.o)
 .text.netdev_fetch_busloc
                0x0000000000007f0f       0x2a bin/blib.a(netdev_settings.o)
 .text.netdev_store
                0x0000000000007f39       0x7b bin/blib.a(netdev_settings.o)
 .text.rarp_ntoa
                0x0000000000007fb4        0x6 bin/blib.a(rarp.o)
 .text.rarp_rx  0x0000000000007fba        0xa bin/blib.a(rarp.o)
 .text.start_timer
                0x0000000000007fc4       0x51 bin/blib.a(retry.o)
                0x0000000000007fc4                start_timer
 .text.start_timer_fixed
                0x0000000000008015       0x11 bin/blib.a(retry.o)
                0x0000000000008015                start_timer_fixed
 .text.stop_timer
                0x0000000000008026       0x50 bin/blib.a(retry.o)
                0x0000000000008026                stop_timer
 .text.retry_poll
                0x0000000000008076       0x6f bin/blib.a(retry.o)
                0x0000000000008076                retry_poll
 .text.retry_step
                0x00000000000080e5        0x5 bin/blib.a(retry.o)
 .text.tcpip_rx
                0x00000000000080ea       0x49 bin/blib.a(tcpip.o)
                0x00000000000080ea                tcpip_rx
 .text.tcpip_tx
                0x0000000000008133       0x46 bin/blib.a(tcpip.o)
                0x0000000000008133                tcpip_tx
 .text.tcpip_mtu
                0x0000000000008179       0x42 bin/blib.a(tcpip.o)
                0x0000000000008179                tcpip_mtu
 .text.tcpip_chksum
                0x00000000000081bb        0xe bin/blib.a(tcpip.o)
                0x00000000000081bb                tcpip_chksum
 .text.tcpip_bind
                0x00000000000081c9       0x6e bin/blib.a(tcpip.o)
                0x00000000000081c9                tcpip_bind
 .text.udp_rx   0x0000000000008237      0x13e bin/blib.a(udp.o)
 .text.udp_close
                0x0000000000008375       0x1e bin/blib.a(udp.o)
 .text.udp_xfer_alloc_iob
                0x0000000000008393       0x15 bin/blib.a(udp.o)
 .text.udp_xfer_deliver
                0x00000000000083a8       0x9f bin/blib.a(udp.o)
 .text.udp_open_common
                0x0000000000008447       0xa4 bin/blib.a(udp.o)
 .text.udp_open
                0x00000000000084eb        0x8 bin/blib.a(udp.o)
                0x00000000000084eb                udp_open
 .text.udp_open_uri
                0x00000000000084f3       0x50 bin/blib.a(udp.o)
 .text.udp_port_available
                0x0000000000008543       0x2a bin/blib.a(udp.o)
 .text.udp_open_promisc
                0x000000000000856d        0xc bin/blib.a(udp.o)
                0x000000000000856d                udp_open_promisc
 .text.http_open
                0x0000000000008579        0xd bin/blib.a(http.o)
 .text.http_socket_window
                0x0000000000008586        0x4 bin/blib.a(httpcore.o)
 .text.http_xfer_window
                0x000000000000858a        0xb bin/blib.a(httpcore.o)
 .text.http_acpi_describe
                0x0000000000008595        0x3 bin/blib.a(httpcore.o)
 .text.http_rx_connection
                0x0000000000008598       0x1b bin/blib.a(httpcore.o)
 .text.http_rx_transfer_encoding
                0x00000000000085b3       0x1e bin/blib.a(httpcore.o)
 .text.http_free
                0x00000000000085d1       0x39 bin/blib.a(httpcore.o)
 .text.http_digest_param
                0x000000000000860a       0x3a bin/blib.a(httpcore.o)
 .text.http_rx_content_length
                0x0000000000008644       0xa8 bin/blib.a(httpcore.o)
 .text.http_rx_location
                0x00000000000086ec       0x10 bin/blib.a(httpcore.o)
 .text.http_rx_response
                0x00000000000086fc       0x5c bin/blib.a(httpcore.o)
 .text.http_digest_auth
                0x0000000000008758      0x255 bin/blib.a(httpcore.o)
 .text.http_socket_open
                0x00000000000089ad       0x62 bin/blib.a(httpcore.o)
 .text.http_close
                0x0000000000008a0f       0x39 bin/blib.a(httpcore.o)
 .text.http_rx_basic_auth
                0x0000000000008a48       0x23 bin/blib.a(httpcore.o)
 .text.http_rx_retry_after
                0x0000000000008a6b       0x3a bin/blib.a(httpcore.o)
 .text.http_rx_chunk_len
                0x0000000000008aa5       0x6e bin/blib.a(httpcore.o)
 .text.http_rx_www_authenticate
                0x0000000000008b13       0x50 bin/blib.a(httpcore.o)
 .text.http_rx_digest_auth
                0x0000000000008b63       0x8d bin/blib.a(httpcore.o)
 .text.http_partial_read.part.13
                0x0000000000008bf0        0x6 bin/blib.a(httpcore.o)
 .text.http_block_read_capacity
                0x0000000000008bf6       0x4f bin/blib.a(httpcore.o)
 .text.http_block_read
                0x0000000000008c45       0x60 bin/blib.a(httpcore.o)
 .text.http_basic_auth.isra.16
                0x0000000000008ca5       0xaa bin/blib.a(httpcore.o)
 .text.http_post_params.isra.17
                0x0000000000008d4f       0x89 bin/blib.a(httpcore.o)
 .text.http_done
                0x0000000000008dd8       0x88 bin/blib.a(httpcore.o)
 .text.http_socket_close
                0x0000000000008e60        0xe bin/blib.a(httpcore.o)
 .text.http_rx_header
                0x0000000000008e6e       0xf4 bin/blib.a(httpcore.o)
 .text.http_socket_deliver
                0x0000000000008f62      0x13a bin/blib.a(httpcore.o)
 .text.http_step
                0x000000000000909c      0x29b bin/blib.a(httpcore.o)
 .text.http_retry
                0x0000000000009337       0x50 bin/blib.a(httpcore.o)
 .text.http_open_filter
                0x0000000000009387       0xe3 bin/blib.a(httpcore.o)
                0x0000000000009387                http_open_filter
 .text.https_open
                0x000000000000946a       0x10 bin/blib.a(https.o)
 .text.iscsi_tx_nothing
                0x000000000000947a        0x3 bin/blib.a(iscsi.o)
 .text.iscsi_rx_discard
                0x000000000000947d        0x5 bin/blib.a(iscsi.o)
 .text.iscsi_scsi_window
                0x0000000000009482       0x1c bin/blib.a(iscsi.o)
 .text.iscsi_rx_bhs
                0x000000000000949e       0x19 bin/blib.a(iscsi.o)
 .text.iscsi_vredirect
                0x00000000000094b7       0x30 bin/blib.a(iscsi.o)
 .text.iscsi_tx_resume
                0x00000000000094e7        0xa bin/blib.a(iscsi.o)
 .text.iscsi_start_data_out
                0x00000000000094f1       0xcb bin/blib.a(iscsi.o)
 .text.iscsi_rx_buffered_data
                0x00000000000095bc       0x51 bin/blib.a(iscsi.o)
 .text.iscsi_handle_authmethod_value
                0x000000000000960d       0x1e bin/blib.a(iscsi.o)
 .text.iscsi_large_binary_decode
                0x000000000000962b       0x38 bin/blib.a(iscsi.o)
 .text.iscsi_handle_chap_r_value
                0x0000000000009663       0xd7 bin/blib.a(iscsi.o)
 .text.iscsi_handle_chap_c_value
                0x000000000000973a       0x76 bin/blib.a(iscsi.o)
 .text.iscsi_handle_chap_i_value
                0x00000000000097b0       0x7a bin/blib.a(iscsi.o)
 .text.iscsi_free
                0x000000000000982a       0x6b bin/blib.a(iscsi.o)
 .text.iscsi_build_login_request_strings
                0x0000000000009895      0x150 bin/blib.a(iscsi.o)
 .text.iscsi_start_login
                0x00000000000099e5       0x92 bin/blib.a(iscsi.o)
 .text.iscsi_scsi_command
                0x0000000000009a77      0x117 bin/blib.a(iscsi.o)
 .text.iscsi_tx_data
                0x0000000000009b8e       0xed bin/blib.a(iscsi.o)
 .text.iscsi_tx_bhs
                0x0000000000009c7b       0x13 bin/blib.a(iscsi.o)
 .text.iscsi_parse_root_path
                0x0000000000009c8e       0xb3 bin/blib.a(iscsi.o)
 .text.iscsi_close
                0x0000000000009d41       0x3a bin/blib.a(iscsi.o)
 .text.iscsi_socket_deliver
                0x0000000000009d7b      0x10b bin/blib.a(iscsi.o)
 .text.iscsi_command_close
                0x0000000000009e86       0x2e bin/blib.a(iscsi.o)
 .text.iscsi_tx_step
                0x0000000000009eb4       0xee bin/blib.a(iscsi.o)
 .text.iscsi_handle_chap_n_value
                0x0000000000009fa2       0x1c bin/blib.a(iscsi.o)
 .text.iscsi_handle_chap_a_value
                0x0000000000009fbe       0x1a bin/blib.a(iscsi.o)
 .text.iscsi_handle_targetaddress_value
                0x0000000000009fd8       0x4f bin/blib.a(iscsi.o)
 .text.iscsi_open_connection
                0x000000000000a027       0x7e bin/blib.a(iscsi.o)
 .text.iscsi_open
                0x000000000000a0a5      0x1f6 bin/blib.a(iscsi.o)
 .text.iscsi_scsi_done.constprop.11
                0x000000000000a29b       0x45 bin/blib.a(iscsi.o)
 .text.iscsi_rx_data
                0x000000000000a2e0      0x3d4 bin/blib.a(iscsi.o)
 .text.dhcp_discovery_tx
                0x000000000000a6b4       0x10 bin/blib.a(dhcp.o)
 .text.dhcp_deliver
                0x000000000000a6c4       0xf7 bin/blib.a(dhcp.o)
 .text.dhcp_pxebs_tx
                0x000000000000a7bb       0x42 bin/blib.a(dhcp.o)
 .text.dhcp_proxy_tx
                0x000000000000a7fd       0x2a bin/blib.a(dhcp.o)
 .text.dhcp_set_state
                0x000000000000a827       0x46 bin/blib.a(dhcp.o)
 .text.dhcp_finished
                0x000000000000a86d       0x24 bin/blib.a(dhcp.o)
 .text.dhcp_pxebs_rx
                0x000000000000a891       0x9f bin/blib.a(dhcp.o)
 .text.dhcp_timer_expired
                0x000000000000a930       0x1a bin/blib.a(dhcp.o)
 .text.dhcp_proxy_rx
                0x000000000000a94a       0x4e bin/blib.a(dhcp.o)
 .text.dhcp_free
                0x000000000000a998       0x1b bin/blib.a(dhcp.o)
 .text.start_dhcp
                0x000000000000a9b3       0xc8 bin/blib.a(dhcp.o)
                0x000000000000a9b3                start_dhcp
 .text.dhcp_discovery_rx
                0x000000000000aa7b      0x12d bin/blib.a(dhcp.o)
 .text.dhcp_request_tx
                0x000000000000aba8       0x44 bin/blib.a(dhcp.o)
 .text.dhcp_request_rx
                0x000000000000abec       0xc9 bin/blib.a(dhcp.o)
 .text.dhcp_create_packet
                0x000000000000acb5       0xdb bin/blib.a(dhcp.o)
                0x000000000000acb5                dhcp_create_packet
 .text.dhcp_create_request
                0x000000000000ad90      0x14b bin/blib.a(dhcp.o)
                0x000000000000ad90                dhcp_create_request
 .text.dhcp_tx  0x000000000000aedb       0xf3 bin/blib.a(dhcp.o)
 .text.dhcp_pxebs_expired
                0x000000000000afce       0x44 bin/blib.a(dhcp.o)
 .text.dhcp_discovery_expired
                0x000000000000b012       0x30 bin/blib.a(dhcp.o)
 .text.dhcp_request_expired
                0x000000000000b042        0x5 bin/blib.a(dhcp.o)
 .text.dhcp_proxy_expired
                0x000000000000b047       0x25 bin/blib.a(dhcp.o)
 .text.start_pxebs
                0x000000000000b06c      0x21e bin/blib.a(dhcp.o)
                0x000000000000b06c                start_pxebs
 .text.dns_label
                0x000000000000b28a       0x4d bin/blib.a(dns.o)
 .text.dns_send_packet
                0x000000000000b2d7       0x26 bin/blib.a(dns.o)
 .text.dns_done
                0x000000000000b2fd       0x24 bin/blib.a(dns.o)
 .text.dns_xfer_close
                0x000000000000b321        0xe bin/blib.a(dns.o)
 .text.dns_timer_expired
                0x000000000000b32f       0x16 bin/blib.a(dns.o)
 .text.dns_encode
                0x000000000000b345       0x79 bin/blib.a(dns.o)
                0x000000000000b345                dns_encode
 .text.apply_dns_settings
                0x000000000000b3be       0xd2 bin/blib.a(dns.o)
 .text.dns_decode
                0x000000000000b490       0xae bin/blib.a(dns.o)
                0x000000000000b490                dns_decode
 .text.dns_compare
                0x000000000000b53e       0xdd bin/blib.a(dns.o)
                0x000000000000b53e                dns_compare
 .text.dns_copy
                0x000000000000b61b       0x84 bin/blib.a(dns.o)
                0x000000000000b61b                dns_copy
 .text.dns_question
                0x000000000000b69f       0x79 bin/blib.a(dns.o)
 .text.dns_resolv
                0x000000000000b718      0x16b bin/blib.a(dns.o)
 .text.dns_skip
                0x000000000000b883       0x43 bin/blib.a(dns.o)
                0x000000000000b883                dns_skip
 .text.dns_skip_search
                0x000000000000b8c6       0x20 bin/blib.a(dns.o)
 .text.format_dnssl_setting
                0x000000000000b8e6       0x6b bin/blib.a(dns.o)
 .text.dns_xfer_deliver
                0x000000000000b951      0x286 bin/blib.a(dns.o)
 .text.tftp_xfer_window
                0x000000000000bbd7        0x4 bin/blib.a(tftp.o)
 .text.tftp_reopen
                0x000000000000bbdb       0x57 bin/blib.a(tftp.o)
 .text.tftp_reopen_mc
                0x000000000000bc32       0x23 bin/blib.a(tftp.o)
 .text.tftp_process_multicast
                0x000000000000bc55       0xec bin/blib.a(tftp.o)
 .text.tftp_send_packet
                0x000000000000bd41      0x158 bin/blib.a(tftp.o)
 .text.tftp_done
                0x000000000000be99       0x2e bin/blib.a(tftp.o)
 .text.tftp_core_open
                0x000000000000bec7      0x101 bin/blib.a(tftp.o)
 .text.mtftp_open
                0x000000000000bfc8       0x12 bin/blib.a(tftp.o)
 .text.tftm_open
                0x000000000000bfda        0xf bin/blib.a(tftp.o)
 .text.tftpsize_open
                0x000000000000bfe9        0xf bin/blib.a(tftp.o)
 .text.tftp_open
                0x000000000000bff8        0xf bin/blib.a(tftp.o)
 .text.tftp_timer_expired
                0x000000000000c007       0x84 bin/blib.a(tftp.o)
 .text.tftp_free
                0x000000000000c08b       0x1b bin/blib.a(tftp.o)
 .text.tftp_apply_settings
                0x000000000000c0a6       0x71 bin/blib.a(tftp.o)
 .text.tftp_process_tsize
                0x000000000000c117       0x27 bin/blib.a(tftp.o)
 .text.tftp_process_blksize
                0x000000000000c13e       0x27 bin/blib.a(tftp.o)
 .text.tftp_presize.part.7
                0x000000000000c165       0x32 bin/blib.a(tftp.o)
 .text.tftp_send_error.constprop.9
                0x000000000000c197       0x72 bin/blib.a(tftp.o)
 .text.tftp_rx  0x000000000000c209      0x293 bin/blib.a(tftp.o)
 .text.tftp_socket_deliver
                0x000000000000c49c        0x9 bin/blib.a(tftp.o)
 .text.elf_load
                0x000000000000c4a5      0x141 bin/blib.a(elf.o)
                0x000000000000c4a5                elf_load
 .text.embedded_init
                0x000000000000c5e6       0x19 bin/blib.a(embedded.o)
 .text.terminate_on_label_found
                0x000000000000c5ff        0x9 bin/blib.a(script.o)
 .text.prompt_exec
                0x000000000000c608       0x54 bin/blib.a(script.o)
 .text.process_script
                0x000000000000c65c      0x15d bin/blib.a(script.o)
 .text.script_exec
                0x000000000000c7b9       0x3c bin/blib.a(script.o)
 .text.terminate_on_exit_or_failure
                0x000000000000c7f5       0x21 bin/blib.a(script.o)
 .text.script_exec_line
                0x000000000000c816        0xc bin/blib.a(script.o)
 .text.script_probe
                0x000000000000c822       0x63 bin/blib.a(script.o)
 .text.goto_exec
                0x000000000000c885       0x85 bin/blib.a(script.o)
 .text.goto_find_label
                0x000000000000c90a       0x2c bin/blib.a(script.o)
 .text.prep_segment
                0x000000000000c936       0x81 bin/blib.a(segment.o)
                0x000000000000c936                prep_segment
 .text.pci_bar  0x000000000000c9b7       0x4a bin/blib.a(pci.o)
 .text.pci_read_config
                0x000000000000ca01      0x140 bin/blib.a(pci.o)
                0x000000000000ca01                pci_read_config
 .text.pci_find_next
                0x000000000000cb41       0x55 bin/blib.a(pci.o)
                0x000000000000cb41                pci_find_next
 .text.pci_find_driver
                0x000000000000cb96       0x5d bin/blib.a(pci.o)
                0x000000000000cb96                pci_find_driver
 .text.pci_probe
                0x000000000000cbf3        0x7 bin/blib.a(pci.o)
                0x000000000000cbf3                pci_probe
 .text.pci_remove
                0x000000000000cbfa        0x7 bin/blib.a(pci.o)
                0x000000000000cbfa                pci_remove
 .text.pcibus_remove
                0x000000000000cc01       0x3f bin/blib.a(pci.o)
 .text.pcibus_probe
                0x000000000000cc40       0x86 bin/blib.a(pci.o)
 .text.pci_settings_applies
                0x000000000000ccc6        0xd bin/blib.a(pci_settings.o)
 .text.pci_settings_init
                0x000000000000ccd3       0x11 bin/blib.a(pci_settings.o)
 .text.pci_settings_fetch
                0x000000000000cce4       0x7e bin/blib.a(pci_settings.o)
 .text.legacy_open
                0x000000000000cd62        0x3 bin/blib.a(legacy.o)
 .text.legacy_close
                0x000000000000cd65        0x1 bin/blib.a(legacy.o)
 .text.legacy_irq
                0x000000000000cd66       0x14 bin/blib.a(legacy.o)
 .text.legacy_poll
                0x000000000000cd7a       0x51 bin/blib.a(legacy.o)
 .text.legacy_transmit
                0x000000000000cdcb       0x55 bin/blib.a(legacy.o)
 .text.legacy_probe
                0x000000000000ce20       0xec bin/blib.a(legacy.o)
                0x000000000000ce20                legacy_probe
 .text.legacy_remove
                0x000000000000cf0c       0x3a bin/blib.a(legacy.o)
                0x000000000000cf0c                legacy_remove
 .text.dummy_connect
                0x000000000000cf46        0x6 bin/blib.a(legacy.o)
                0x000000000000cf46                dummy_connect
 .text.ibft_set_ipaddr_setting
                0x000000000000cf4c       0x64 bin/blib.a(ibft.o)
 .text.ibft_set_string
                0x000000000000cfb0       0x49 bin/blib.a(ibft.o)
 .text.ibft_describe
                0x000000000000cff9      0x30e bin/blib.a(ibft.o)
                0x000000000000cff9                ibft_describe
 .text.scsicmd_read_capacity_cmd
                0x000000000000d307       0x32 bin/blib.a(scsi.o)
 .text.scsicmd_test_unit_ready_cmd
                0x000000000000d339        0x5 bin/blib.a(scsi.o)
 .text.scsicmd_close
                0x000000000000d33e       0x1a bin/blib.a(scsi.o)
 .text.scsidev_close
                0x000000000000d358       0x69 bin/blib.a(scsi.o)
 .text.scsicmd_write_cmd
                0x000000000000d3c1       0x54 bin/blib.a(scsi.o)
 .text.scsicmd_read_cmd
                0x000000000000d415       0x54 bin/blib.a(scsi.o)
 .text.scsicmd_free
                0x000000000000d469       0x1e bin/blib.a(scsi.o)
 .text.scsi_response
                0x000000000000d487       0x2f bin/blib.a(scsi.o)
                0x000000000000d487                scsi_response
 .text.scsi_command
                0x000000000000d4b6       0x40 bin/blib.a(scsi.o)
                0x000000000000d4b6                scsi_command
 .text.scsicmd_command
                0x000000000000d4f6       0x4b bin/blib.a(scsi.o)
 .text.scsicmd_read_capacity_done
                0x000000000000d541       0x91 bin/blib.a(scsi.o)
 .text.scsidev_command
                0x000000000000d5d2       0xbb bin/blib.a(scsi.o)
 .text.scsidev_read_capacity
                0x000000000000d68d       0x15 bin/blib.a(scsi.o)
 .text.scsidev_write
                0x000000000000d6a2        0xc bin/blib.a(scsi.o)
 .text.scsidev_read
                0x000000000000d6ae        0xc bin/blib.a(scsi.o)
 .text.scsicmd_done
                0x000000000000d6ba       0x3a bin/blib.a(scsi.o)
 .text.scsidev_window
                0x000000000000d6f4       0x11 bin/blib.a(scsi.o)
 .text.scsidev_ready
                0x000000000000d705       0x2b bin/blib.a(scsi.o)
 .text.scsidev_step
                0x000000000000d730       0x42 bin/blib.a(scsi.o)
 .text.scsicmd_response
                0x000000000000d772       0x20 bin/blib.a(scsi.o)
 .text.scsi_parse_lun
                0x000000000000d792       0x5f bin/blib.a(scsi.o)
                0x000000000000d792                scsi_parse_lun
 .text.scsi_parse_sense
                0x000000000000d7f1       0x39 bin/blib.a(scsi.o)
                0x000000000000d7f1                scsi_parse_sense
 .text.scsi_open
                0x000000000000d82a       0xa3 bin/blib.a(scsi.o)
                0x000000000000d82a                scsi_open
 .text.smbios_applies
                0x000000000000d8cd        0xd bin/blib.a(smbios_settings.o)
 .text.smbios_init
                0x000000000000d8da       0x11 bin/blib.a(smbios_settings.o)
 .text.smbios_fetch
                0x000000000000d8eb      0x102 bin/blib.a(smbios_settings.o)
 .text.chap_init
                0x000000000000d9ed       0x37 bin/blib.a(chap.o)
                0x000000000000d9ed                chap_init
 .text.chap_update
                0x000000000000da24        0xf bin/blib.a(chap.o)
                0x000000000000da24                chap_update
 .text.chap_respond
                0x000000000000da33       0x10 bin/blib.a(chap.o)
                0x000000000000da33                chap_respond
 .text.chap_finish
                0x000000000000da43       0x16 bin/blib.a(chap.o)
                0x000000000000da43                chap_finish
 .text.md5_f_0_15
                0x000000000000da59       0x10 bin/blib.a(md5.o)
 .text.md5_f_16_31
                0x000000000000da69       0x10 bin/blib.a(md5.o)
 .text.md5_f_32_47
                0x000000000000da79        0xc bin/blib.a(md5.o)
 .text.md5_f_48_63
                0x000000000000da85        0xe bin/blib.a(md5.o)
 .text.md5_init
                0x000000000000da93       0x23 bin/blib.a(md5.o)
 .text.md5_update
                0x000000000000dab6       0xc6 bin/blib.a(md5.o)
 .text.md5_final
                0x000000000000db7c       0x5a bin/blib.a(md5.o)
 .text.strerror
                0x000000000000dbd6       0x6c bin/blib.a(strerror.o)
                0x000000000000dbd6                strerror
 .text.autoboot_exec
                0x000000000000dc42        0xa bin/blib.a(autoboot_cmd.o)
 .text.autoboot_payload
                0x000000000000dc4c        0x5 bin/blib.a(autoboot_cmd.o)
 .text.config_exec
                0x000000000000dc51       0x69 bin/blib.a(config_cmd.o)
 .text.pxebs_exec
                0x000000000000dcba       0x80 bin/blib.a(dhcp_cmd.o)
 .text.ifstat_payload
                0x000000000000dd3a        0x8 bin/blib.a(ifmgmt_cmd.o)
 .text.ifclose_payload
                0x000000000000dd42        0x8 bin/blib.a(ifmgmt_cmd.o)
 .text.ifopen_payload
                0x000000000000dd4a        0x5 bin/blib.a(ifmgmt_cmd.o)
 .text.ifconf_payload
                0x000000000000dd4f       0x1d bin/blib.a(ifmgmt_cmd.o)
 .text.ifcommon_exec
                0x000000000000dd6c       0xae bin/blib.a(ifmgmt_cmd.o)
                0x000000000000dd6c                ifcommon_exec
 .text.ifstat_exec
                0x000000000000de1a        0xa bin/blib.a(ifmgmt_cmd.o)
 .text.ifclose_exec
                0x000000000000de24        0xa bin/blib.a(ifmgmt_cmd.o)
 .text.ifopen_exec
                0x000000000000de2e        0xa bin/blib.a(ifmgmt_cmd.o)
 .text.ifconf_exec
                0x000000000000de38        0xa bin/blib.a(ifmgmt_cmd.o)
                0x000000000000de38                ifconf_exec
 .text.image_clear_cmdline
                0x000000000000de42        0x7 bin/blib.a(image_cmd.o)
 .text.imgsingle_exec
                0x000000000000de49      0x141 bin/blib.a(image_cmd.o)
 .text.imgargs_exec
                0x000000000000df8a        0xa bin/blib.a(image_cmd.o)
 .text.imgexec_exec
                0x000000000000df94        0xa bin/blib.a(image_cmd.o)
 .text.imgselect_exec
                0x000000000000df9e        0xa bin/blib.a(image_cmd.o)
 .text.imgfetch_exec
                0x000000000000dfa8        0xa bin/blib.a(image_cmd.o)
 .text.imgselect
                0x000000000000dfb2        0x5 bin/blib.a(image_cmd.o)
 .text.imgmulti_exec
                0x000000000000dfb7       0x94 bin/blib.a(image_cmd.o)
 .text.imgfree_exec
                0x000000000000e04b        0xa bin/blib.a(image_cmd.o)
 .text.imgstat_exec
                0x000000000000e055        0xa bin/blib.a(image_cmd.o)
 .text.imgexec  0x000000000000e05f       0x28 bin/blib.a(image_cmd.o)
 .text.login_exec
                0x000000000000e087       0x39 bin/blib.a(login_cmd.o)
 .text.choose_exec
                0x000000000000e0c0       0xbd bin/blib.a(menu_cmd.o)
 .text.item_exec
                0x000000000000e17d       0xb4 bin/blib.a(menu_cmd.o)
 .text.menu_exec
                0x000000000000e231       0x67 bin/blib.a(menu_cmd.o)
 .text.clear_value
                0x000000000000e298        0x9 bin/blib.a(nvo_cmd.o)
 .text.inc_exec
                0x000000000000e2a1       0xd0 bin/blib.a(nvo_cmd.o)
 .text.read_value
                0x000000000000e371       0x32 bin/blib.a(nvo_cmd.o)
 .text.set_core_exec
                0x000000000000e3a3       0x96 bin/blib.a(nvo_cmd.o)
 .text.read_exec
                0x000000000000e439       0x10 bin/blib.a(nvo_cmd.o)
 .text.clear_exec
                0x000000000000e449       0x10 bin/blib.a(nvo_cmd.o)
 .text.set_exec
                0x000000000000e459       0x10 bin/blib.a(nvo_cmd.o)
 .text.set_value
                0x000000000000e469       0x1b bin/blib.a(nvo_cmd.o)
 .text.show_exec
                0x000000000000e484       0xa7 bin/blib.a(nvo_cmd.o)
 .text.reboot_exec
                0x000000000000e52b       0x23 bin/blib.a(reboot_cmd.o)
 .text.route_exec
                0x000000000000e54e       0x25 bin/blib.a(route_cmd.o)
 .text.sanboot_core_exec
                0x000000000000e573       0x9a bin/blib.a(sanboot_cmd.o)
 .text.sanunhook_exec
                0x000000000000e60d        0xf bin/blib.a(sanboot_cmd.o)
 .text.sanboot_exec
                0x000000000000e61c        0xf bin/blib.a(sanboot_cmd.o)
 .text.sanhook_exec
                0x000000000000e62b        0xf bin/blib.a(sanboot_cmd.o)
 .text.sync_exec
                0x000000000000e63a       0x3b bin/blib.a(sync_cmd.o)
 .text.login_ui
                0x000000000000e675      0x239 bin/blib.a(login_ui.o)
                0x000000000000e675                login_ui
 .text.draw_menu_item
                0x000000000000e8ae      0x190 bin/blib.a(menu_ui.o)
 .text.draw_menu_items
                0x000000000000ea3e       0xee bin/blib.a(menu_ui.o)
 .text.show_menu
                0x000000000000eb2c      0x377 bin/blib.a(menu_ui.o)
                0x000000000000eb2c                show_menu
 .text.clearmsg
                0x000000000000eea3       0x18 bin/blib.a(settings_ui.o)
 .text.vmsg     0x000000000000eebb       0x5b bin/blib.a(settings_ui.o)
 .text.msg      0x000000000000ef16       0x12 bin/blib.a(settings_ui.o)
 .text.string_copy
                0x000000000000ef28       0x2d bin/blib.a(settings_ui.o)
 .text.draw_setting_row
                0x000000000000ef55      0x107 bin/blib.a(settings_ui.o)
 .text.select_setting_row
                0x000000000000f05c      0x138 bin/blib.a(settings_ui.o)
 .text.reveal_setting_row.part.1
                0x000000000000f194       0xde bin/blib.a(settings_ui.o)
 .text.init_widget
                0x000000000000f272       0x9b bin/blib.a(settings_ui.o)
 .text.colour_set.constprop.2
                0x000000000000f30d        0xe bin/blib.a(settings_ui.o)
 .text.alert    0x000000000000f31b       0x4e bin/blib.a(settings_ui.o)
 .text.main_loop
                0x000000000000f369      0x355 bin/blib.a(settings_ui.o)
 .text.settings_ui
                0x000000000000f6be       0x30 bin/blib.a(settings_ui.o)
                0x000000000000f6be                settings_ui
 .text.wclrtoeol
                0x000000000000f6ee       0x31 bin/blib.a(clear.o)
                0x000000000000f6ee                wclrtoeol
 .text.erase    0x000000000000f71f       0x14 bin/blib.a(clear.o)
                0x000000000000f71f                erase
 .text._wupdcurs
                0x000000000000f733       0x16 bin/blib.a(mucurses.o)
 .text._wputch  0x000000000000f749       0x4e bin/blib.a(mucurses.o)
                0x000000000000f749                _wputch
 .text._wputc   0x000000000000f797        0xb bin/blib.a(mucurses.o)
                0x000000000000f797                _wputc
 .text._wputstr
                0x000000000000f7a2       0x2f bin/blib.a(mucurses.o)
                0x000000000000f7a2                _wputstr
 .text.wmove    0x000000000000f7d1       0x1f bin/blib.a(mucurses.o)
                0x000000000000f7d1                wmove
 .text.curs_set
                0x000000000000f7f0       0x10 bin/blib.a(mucurses.o)
                0x000000000000f7f0                curs_set
 .text._printw_handler
                0x000000000000f800        0xd bin/blib.a(print.o)
 .text.waddnstr
                0x000000000000f80d        0xb bin/blib.a(print.o)
                0x000000000000f80d                waddnstr
 .text.vw_printw
                0x000000000000f818       0x1b bin/blib.a(print.o)
                0x000000000000f818                vw_printw
 .text.wprintw  0x000000000000f833       0x12 bin/blib.a(print.o)
                0x000000000000f833                wprintw
 .text.wattroff
                0x000000000000f845        0x8 bin/blib.a(winattrs.o)
                0x000000000000f845                wattroff
 .text.wattron  0x000000000000f84d        0x6 bin/blib.a(winattrs.o)
                0x000000000000f84d                wattron
 .text.wattrset
                0x000000000000f853       0x11 bin/blib.a(winattrs.o)
                0x000000000000f853                wattrset
 .text.wcolour_set
                0x000000000000f864       0x1f bin/blib.a(winattrs.o)
                0x000000000000f864                wcolour_set
 .text.initscr  0x000000000000f883       0x33 bin/blib.a(wininit.o)
                0x000000000000f883                initscr
 .text.endwin   0x000000000000f8b6       0x5a bin/blib.a(wininit.o)
                0x000000000000f8b6                endwin
 .text.init_editbox
                0x000000000000f910       0x55 bin/blib.a(editbox.o)
                0x000000000000f910                init_editbox
 .text.draw_editbox
                0x000000000000f965       0xef bin/blib.a(editbox.o)
                0x000000000000f965                draw_editbox
 .text.is_autoboot_busloc
                0x000000000000fa54       0x1f bin/blib.a(autoboot.o)
 .text.shell_banner
                0x000000000000fa73       0x28 bin/blib.a(autoboot.o)
 .text.uriboot  0x000000000000fa9b      0x155 bin/blib.a(autoboot.o)
                0x000000000000fa9b                uriboot
 .text.fetch_next_server_and_filename
                0x000000000000fbf0       0xe5 bin/blib.a(autoboot.o)
                0x000000000000fbf0                fetch_next_server_and_filename
 .text.netboot  0x000000000000fcd5      0x22a bin/blib.a(autoboot.o)
                0x000000000000fcd5                netboot
 .text.set_autoboot_busloc
                0x000000000000feff       0x16 bin/blib.a(autoboot.o)
                0x000000000000feff                set_autoboot_busloc
 .text.ipxe     0x000000000000ff15       0xca bin/blib.a(autoboot.o)
                0x000000000000ff15                ipxe
 .text.pxebs    0x000000000000ffdf       0x3b bin/blib.a(dhcpmgmt.o)
                0x000000000000ffdf                pxebs
 .text.ifpoller_progress
                0x000000000001001a        0x6 bin/blib.a(ifmgmt.o)
 .text.ifstat_errors
                0x0000000000010020       0x36 bin/blib.a(ifmgmt.o)
 .text.ifconf_progress
                0x0000000000010056       0x4f bin/blib.a(ifmgmt.o)
 .text.iflinkwait_progress
                0x00000000000100a5       0x16 bin/blib.a(ifmgmt.o)
 .text.ifopen   0x00000000000100bb       0x2b bin/blib.a(ifmgmt.o)
                0x00000000000100bb                ifopen
 .text.ifclose  0x00000000000100e6        0x5 bin/blib.a(ifmgmt.o)
                0x00000000000100e6                ifclose
 .text.ifstat   0x00000000000100eb       0xc3 bin/blib.a(ifmgmt.o)
                0x00000000000100eb                ifstat
 .text.iflinkwait
                0x00000000000101ae       0x6d bin/blib.a(ifmgmt.o)
                0x00000000000101ae                iflinkwait
 .text.ifconf   0x000000000001021b       0xe8 bin/blib.a(ifmgmt.o)
                0x000000000001021b                ifconf
 .text.imgdownload
                0x0000000000010303       0xec bin/blib.a(imgmgmt.o)
                0x0000000000010303                imgdownload
 .text.imgdownload_string
                0x00000000000103ef       0x3b bin/blib.a(imgmgmt.o)
                0x00000000000103ef                imgdownload_string
 .text.imgacquire
                0x000000000001042a       0x31 bin/blib.a(imgmgmt.o)
                0x000000000001042a                imgacquire
 .text.imgstat  0x000000000001045b       0x7f bin/blib.a(imgmgmt.o)
                0x000000000001045b                imgstat
 .text.prompt   0x00000000000104da       0x53 bin/blib.a(prompt.o)
                0x00000000000104da                prompt
 .text.pxe_menu_parse
                0x000000000001052d      0x160 bin/blib.a(pxemenu.o)
 .text.pxe_menu_draw_item
                0x000000000001068d       0xb2 bin/blib.a(pxemenu.o)
 .text.pxe_menu_select
                0x000000000001073f       0xf2 bin/blib.a(pxemenu.o)
 .text.pxe_menu_boot
                0x0000000000010831      0x161 bin/blib.a(pxemenu.o)