Archive member included because of file (symbol)

bin/blib.a(virtio-net.o)      (obj_virtio_net)
bin/blib.a(config.o)          (obj_config)
bin/blib.a(bios_console.o)    bin/blib.a(config.o) (obj_bios_console)
bin/blib.a(bzimage.o)         bin/blib.a(config.o) (obj_bzimage)
bin/blib.a(elfboot.o)         bin/blib.a(config.o) (obj_elfboot)
bin/blib.a(initrd.o)          bin/blib.a(bzimage.o) (initrd_reshuffle)
bin/blib.a(multiboot.o)       bin/blib.a(config.o) (obj_multiboot)
bin/blib.a(pxe_image.o)       bin/blib.a(config.o) (obj_pxe_image)
bin/blib.a(pxe_call.o)        bin/blib.a(pxe_image.o) (pxe_activate)
bin/blib.a(pxe_file.o)        bin/blib.a(pxe_call.o) (obj_pxe_file)
bin/blib.a(pxe_loader.o)      bin/blib.a(pxe_call.o) (undi_loader)
bin/blib.a(pxe_preboot.o)     bin/blib.a(pxe_call.o) (obj_pxe_preboot)
bin/blib.a(pxe_tftp.o)        bin/blib.a(pxe_preboot.o) (pxenv_tftp_read_file)
bin/blib.a(pxe_udp.o)         bin/blib.a(pxe_call.o) (obj_pxe_udp)
bin/blib.a(pxe_undi.o)        bin/blib.a(pxe_preboot.o) (pxe_netdev)
bin/blib.a(x86_string.o)      bin/blib.a(bzimage.o) (__memcpy)
bin/blib.a(cpuid_cmd.o)       bin/blib.a(config.o) (obj_cpuid_cmd)
bin/blib.a(setjmp.o)          bin/blib.a(pxe_call.o) (setjmp)
bin/blib.a(virtaddr.o)        bin/blib.a(elfboot.o) (_virt_to_phys)
bin/blib.a(librm.o)           bin/blib.a(pxe_call.o) (rm_cs)
bin/blib.a(libprefix.o)       bin/blib.a(pxe_preboot.o) (hooked_bios_interrupts)
bin/blib.a(pciromprefix.o)    (_pcirom_start)
bin/blib.a(unnrv2b16.o)       bin/blib.a(libprefix.o) (decompress16)
bin/blib.a(pxe_entry.o)       bin/blib.a(pxe_call.o) (ppxe)
bin/blib.a(ansiesc.o)         bin/blib.a(bios_console.o) (ansiesc_process)
bin/blib.a(console.o)         bin/blib.a(pxe_image.o) (console_configure)
bin/blib.a(cpio.o)            bin/blib.a(bzimage.o) (cpio_set_field)
bin/blib.a(device.o)          bin/blib.a(pxe_call.o) (device_keep_count)
bin/blib.a(exec.o)            bin/blib.a(pxe_file.o) (system)
bin/blib.a(getopt.o)          bin/blib.a(cpuid_cmd.o) (optind)
bin/blib.a(image.o)           bin/blib.a(bzimage.o) (unregister_image)
bin/blib.a(init.o)            bin/blib.a(pxe_loader.o) (initialise)
bin/blib.a(interface.o)       bin/blib.a(pxe_tftp.o) (null_intf)
bin/blib.a(iobuf.o)           bin/blib.a(virtio-net.o) (alloc_iob)
bin/blib.a(list.o)            bin/blib.a(virtio-net.o) (extern_list_add)
bin/blib.a(main.o)            bin/blib.a(pciromprefix.o) (main)
bin/blib.a(malloc.o)          bin/blib.a(iobuf.o) (alloc_memblock)
bin/blib.a(memblock.o)        bin/blib.a(initrd.o) (largest_memblock)
bin/blib.a(misc.o)            bin/blib.a(bzimage.o) (strtoul)
bin/blib.a(open.o)            bin/blib.a(pxe_tftp.o) (xfer_open_uri_string)
bin/blib.a(parseopt.o)        bin/blib.a(cpuid_cmd.o) (parse_integer)
bin/blib.a(posix_io.o)        bin/blib.a(pxe_file.o) (open)
bin/blib.a(process.o)         bin/blib.a(pxe_tftp.o) (step)
bin/blib.a(refcnt.o)          bin/blib.a(bzimage.o) (ref_increment)
bin/blib.a(settings.o)        bin/blib.a(parseopt.o) (find_settings)
bin/blib.a(string.o)          bin/blib.a(settings.o) (strncpy)
bin/blib.a(uri.o)             bin/blib.a(open.o) (parse_uri)
bin/blib.a(uuid.o)            bin/blib.a(settings.o) (uuid_ntoa)
bin/blib.a(vsprintf.o)        bin/blib.a(multiboot.o) (snprintf)
bin/blib.a(xfer.o)            bin/blib.a(pxe_tftp.o) (xfer_deliver)
bin/blib.a(arp.o)             bin/blib.a(pxe_undi.o) (arp_protocol)
bin/blib.a(ethernet.o)        bin/blib.a(virtio-net.o) (alloc_etherdev)
bin/blib.a(eth_slow.o)        bin/blib.a(ethernet.o) (obj_eth_slow)
bin/blib.a(fakedhcp.o)        bin/blib.a(pxe_preboot.o) (create_fakedhcpdiscover)
bin/blib.a(ipv4.o)            bin/blib.a(pxe_undi.o) (ipv4_protocol)
bin/blib.a(neighbour.o)       bin/blib.a(ipv4.o) (neighbour_tx)
bin/blib.a(netdevice.o)       bin/blib.a(ipv4.o) (net_devices)
bin/blib.a(netdev_settings.o)
                              bin/blib.a(netdevice.o) (netdev_settings_operations)
bin/blib.a(nullnet.o)         bin/blib.a(virtio-net.o) (null_netdev_operations)
bin/blib.a(rarp.o)            bin/blib.a(pxe_undi.o) (rarp_protocol)
bin/blib.a(retry.o)           bin/blib.a(neighbour.o) (start_timer)
bin/blib.a(tcpip.o)           bin/blib.a(ipv4.o) (tcpip_rx)
bin/blib.a(udp.o)             bin/blib.a(pxe_udp.o) (udp_open_promisc)
bin/blib.a(http.o)            bin/blib.a(config.o) (obj_http)
bin/blib.a(httpcore.o)        bin/blib.a(http.o) (http_open_filter)
bin/blib.a(iscsi.o)           bin/blib.a(config.o) (obj_iscsi)
bin/blib.a(dhcp.o)            bin/blib.a(fakedhcp.o) (dhcp_last_xid)
bin/blib.a(dns.o)             bin/blib.a(config.o) (obj_dns)
bin/blib.a(tftp.o)            bin/blib.a(config.o) (obj_tftp)
bin/blib.a(elf.o)             bin/blib.a(elfboot.o) (elf_load)
bin/blib.a(embedded.o)        bin/blib.a(config.o) (obj_embedded)
bin/blib.a(script.o)          bin/blib.a(config.o) (obj_script)
bin/blib.a(segment.o)         bin/blib.a(bzimage.o) (prep_segment)
[...]
Memory Configuration

Name             Origin             Length             Attributes
*default*        0x0000000000000000 0xffffffffffffffff

Linker script and memory map

                0x0000000000000010                PROVIDE (_max_align, 0x10)

.prefix         0x0000000000000000      0x858
                0x0000000000000000                _prefix = .
 *(.prefix)
 .prefix        0x0000000000000000      0x494 bin/blib.a(pciromprefix.o)
                0x0000000000000000                _pcirom_start
                0x0000000000000083                undiheader
                0x000000000000036b                image_source
                0x0000000000000371                decompress_to
 *(.prefix.*)
 .prefix.lib    0x0000000000000494      0x2d3 bin/blib.a(libprefix.o)
                0x0000000000000494                print_character
                0x00000000000004b3                print_space
                0x00000000000004bb                print_message
                0x00000000000004c8                print_hex_dword
                0x00000000000004d3                print_hex_word
                0x00000000000004da                print_hex_byte
                0x00000000000004e3                print_hex_nibble
                0x00000000000004f0                print_pci_busdevfn
                0x0000000000000511                print_kill_line
                0x00000000000005f6                alloc_basemem
                0x0000000000000619                install
                0x0000000000000636                install_prealloc
 .prefix.data   0x0000000000000767       0x56 bin/blib.a(libprefix.o)
 .prefix.lib    0x00000000000007bd       0x9b bin/blib.a(unnrv2b16.o)
                0x00000000000007bd                decompress16
                0x0000000000000858                _mprefix = .

.bss.prefix     0x0000000000000858        0x0 load address 0x000000000001a2c0
                0x0000000000000858                _eprefix = .
                0x0000000000000858                _prefix_filesz = (ABSOLUTE (_mprefix) - ABSOLUTE (_prefix))
                0x0000000000000858                _prefix_memsz = (ABSOLUTE (_eprefix) - ABSOLUTE (_prefix))

.text16.early   0x0000000000000000       0xee load address 0x0000000000000860
                0x0000000000000000                _text16 = .
 *(.text16.null)
 .text16.null   0x0000000000000000        0x3 bin/blib.a(pxe_entry.o)
 *(.text16.null.*)
                0x0000000000000004                . = (. + 0x1)
 *fill*         0x0000000000000003        0x1 00
 *(.text16.early)
 .text16.early  0x0000000000000004       0xe5 bin/blib.a(liba20.o)
                0x000000000000009b                enable_a20
                0x00000000000000e5                access_highmem
 *(.text16.early.*)
 .text16.early.data
                0x00000000000000e9        0x2 bin/blib.a(libprefix.o)
                0x00000000000000e9                close_payload
                0x00000000000000e9                open_payload
 *fill*         0x00000000000000eb        0x1 00
 .text16.early.data
                0x00000000000000ec        0x2 bin/blib.a(liba20.o)
                0x00000000000000ee                _etext16_early = .

.text16.late    0x00000000000000f0      0x6bc load address 0x0000000000000950
                0x00000000000000f0                _text16_late = .
 *(.text16)
 .text16        0x00000000000000f0       0x44 bin/blib.a(bios_console.o)
 .text16        0x0000000000000134       0x11 bin/blib.a(bzimage.o)
 .text16        0x0000000000000145       0x11 bin/blib.a(pxe_call.o)
 .text16        0x0000000000000156      0x17f bin/blib.a(librm.o)
                0x0000000000000156                init_librm
                0x0000000000000244                rm_cs
                0x0000000000000259                prot_call
                0x00000000000002b3                flatten_real_mode
 .text16        0x00000000000002d5       0x34 bin/blib.a(libprefix.o)
                0x00000000000002d5                free_basemem
                0x0000000000000305                uninstall
 .text16        0x0000000000000309       0x2b bin/blib.a(pciromprefix.o)
 .text16        0x0000000000000334       0x65 bin/blib.a(pxe_entry.o)
                0x000000000000036b                pxe_int_1a
 .text16        0x0000000000000399        0x7 bin/blib.a(librm_mgmt.o)
 .text16        0x00000000000003a0       0x13 bin/blib.a(memmap.o)
 .text16        0x00000000000003b3        0x6 bin/blib.a(bios_reboot.o)
 .text16        0x00000000000003b9       0x6a bin/blib.a(int13.o)
 .text16        0x0000000000000423       0x1e bin/blib.a(pcibios.o)
 .text16        0x0000000000000441       0x55 bin/blib.a(bootsector.o)
 .text16        0x0000000000000496      0x25d bin/blib.a(e820mangler.o)
                0x00000000000006cb                int15
 .text16        0x00000000000006f3        0x9 bin/blib.a(patch_cf.o)
                0x00000000000006f3                patch_cf
 *(.text16.*)
 .text16.data   0x00000000000006fc        0x8 bin/blib.a(librm.o)
                0x00000000000006fc                rm_ds
 .text16.data   0x0000000000000704        0x2 bin/blib.a(libprefix.o)
                0x0000000000000704                hooked_bios_interrupts
 *fill*         0x0000000000000706        0xa 00
 .text16.data   0x0000000000000710       0x90 bin/blib.a(pxe_entry.o)
                0x0000000000000710                ppxe
                0x0000000000000770                pxenv
                0x000000000000079c                pxe_int_1a_vector
 .text16.data   0x00000000000007a0        0x8 bin/blib.a(int13.o)
 .text16.data   0x00000000000007a8        0x4 bin/blib.a(e820mangler.o)
                0x00000000000007a8                int15_vector
                0x00000000000007ac                _mtext16 = .

.bss.text16     0x00000000000007ac        0x0 load address 0x000000000001a2c0
                0x00000000000007ac                _etext16 = .
                0x00000000000000ee                _text16_early_filesz = (ABSOLUTE (_etext16_early) - ABSOLUTE (_text16))
                0x00000000000000ee                _text16_early_memsz = (ABSOLUTE (_etext16_early) - ABSOLUTE (_text16))
                0x00000000000006bc                _text16_late_filesz = (ABSOLUTE (_mtext16) - ABSOLUTE (_text16_late))
                0x00000000000006bc                _text16_late_memsz = (ABSOLUTE (_etext16) - ABSOLUTE (_text16_late))
                0x00000000000007ac                _text16_memsz = (ABSOLUTE (_etext16) - ABSOLUTE (_text16))

.data16         0x0000000000000000       0xc2 load address 0x0000000000001010
                0x0000000000000000                _data16 = .
                0x0000000000000001                . = (. + 0x1)
 *fill*         0x0000000000000000        0x1 00
 *(.rodata16)
 *(.rodata16.*)
 *(.data16)
 *fill*         0x0000000000000001        0xf 00
 .data16        0x0000000000000010       0x48 bin/blib.a(librm.o)
 .data16        0x0000000000000058        0xc bin/blib.a(libprefix.o)
 .data16        0x0000000000000064       0x14 bin/blib.a(int13.o)
 *fill*         0x0000000000000078        0x8 00
 .data16        0x0000000000000080       0x42 bin/blib.a(e820mangler.o)
                0x0000000000000088                hidemem_base
                0x0000000000000098                hidemem_umalloc
                0x00000000000000a8                hidemem_textdata
 *(.data16.*)
                0x00000000000000c2                _mdata16 = .

.bss.data16     0x00000000000000d0     0x2bf8 load address 0x000000000001a2c0
 *(.bss16)
 .bss16         0x00000000000000d0      0x3b8 bin/blib.a(multiboot.o)
 .bss16         0x0000000000000488      0xec4 bin/blib.a(pxe_preboot.o)
 .bss16         0x000000000000134c      0x5ea bin/blib.a(basemem_packet.o)
                0x000000000000134c                basemem_packet
 .bss16         0x0000000000001936        0x2 bin/blib.a(pci_autoboot.o)
                0x0000000000001936                autoboot_busdevfn
 .bss16         0x0000000000001938       0x1c bin/blib.a(memmap.o)
                0x0000000000001938                memmap_post
 *fill*         0x0000000000001954        0xc 00
 .bss16         0x0000000000001960      0x320 bin/blib.a(int13.o)
 .bss16         0x0000000000001c80       0x48 bin/blib.a(e820mangler.o)
 *(.bss16.*)
 *(.stack16)
 .stack16       0x0000000000001cc8     0x1000 bin/blib.a(stack16.o)
                0x0000000000001cc8                _stack16
                0x0000000000002cc8                _estack16
 *(.stack16.*)
                0x0000000000002cc8                _edata16 = .
                0x00000000000000c2                _data16_filesz = (ABSOLUTE (_mdata16) - ABSOLUTE (_data16))
                0x0000000000002cc8                _data16_memsz = (ABSOLUTE (_edata16) - ABSOLUTE (_data16))

.textdata       0x0000000000000000    0x19124 load address 0x00000000000010e0
                0x0000000000000000                _textdata = .
 *(.text.null_trap)
 *(.text.null_trap.*)
                0x0000000000000001                . = (. + 0x1)
 *fill*         0x0000000000000000        0x1 00
 *(.text)
 *fill*         0x0000000000000001        0x3 00
 .text          0x0000000000000004       0x45 bin/blib.a(setjmp.o)
                0x0000000000000004                setjmp
                0x0000000000000022                longjmp
 *fill*         0x0000000000000049        0x3 00
 .text          0x000000000000004c       0x7d bin/blib.a(virtaddr.o)
                0x000000000000004c                _virt_to_phys
                0x0000000000000079                _phys_to_virt
                0x00000000000000a3                _intr_to_virt
 *fill*         0x00000000000000c9        0x3 00
 .text          0x00000000000000cc       0xe9 bin/blib.a(librm.o)
                0x000000000000017a                real_call
                0x0000000000000193                interrupt_wrapper
 *(.text.*)
 .text.vp_reset
                0x00000000000001b5        0xd bin/blib.a(virtio-net.o)
 .text.virtnet_irq
                0x00000000000001c2       0x31 bin/blib.a(virtio-net.o)
 .text.virtnet_remove
                0x00000000000001f3       0x1a bin/blib.a(virtio-net.o)
 .text.virtnet_close
                0x000000000000020d       0x47 bin/blib.a(virtio-net.o)
 .text.virtnet_probe
                0x0000000000000254       0x8f bin/blib.a(virtio-net.o)
 .text.virtnet_enqueue_iob.isra.8
                0x00000000000002e3       0x6a bin/blib.a(virtio-net.o)
 .text.virtnet_refill_rx_virtqueue
                0x000000000000034d       0x4c bin/blib.a(virtio-net.o)
 .text.virtnet_poll
                0x0000000000000399       0xa7 bin/blib.a(virtio-net.o)
 .text.virtnet_open
                0x0000000000000440       0x9e bin/blib.a(virtio-net.o)
 .text.virtnet_transmit
                0x00000000000004de       0x15 bin/blib.a(virtio-net.o)
 .text.bios_handle_cup
                0x00000000000004f3       0x38 bin/blib.a(bios_console.o)
 .text.bios_handle_ed
                0x000000000000052b       0x32 bin/blib.a(bios_console.o)
 .text.bios_handle_sgr
                0x000000000000055d       0x68 bin/blib.a(bios_console.o)
 .text.bios_handle_dectcem_set
                0x00000000000005c5       0x2a bin/blib.a(bios_console.o)
 .text.bios_handle_dectcem_reset
                0x00000000000005ef       0x18 bin/blib.a(bios_console.o)
 .text.bios_putchar
                0x0000000000000607       0x26 bin/blib.a(bios_console.o)
 .text.bios_iskey
                0x000000000000062d       0x2a bin/blib.a(bios_console.o)
 .text.bios_getchar
                0x0000000000000657       0x8f bin/blib.a(bios_console.o)
 .text.bzimage_load_initrd
                0x00000000000006e6      0x154 bin/blib.a(bzimage.o)
 .text.bzimage_parse_header.isra.0
                0x000000000000083a      0x13b bin/blib.a(bzimage.o)
 .text.bzimage_probe
                0x0000000000000975       0x1a bin/blib.a(bzimage.o)
                0x0000000000000975                bzimage_probe
 .text.bzimage_exec
                0x000000000000098f      0x444 bin/blib.a(bzimage.o)
 .text.elfboot_exec
                0x0000000000000dd3       0x39 bin/blib.a(elfboot.o)
 .text.elfboot_probe
                0x0000000000000e0c       0x34 bin/blib.a(elfboot.o)
 .text.initrd_startup
                0x0000000000000e40       0x16 bin/blib.a(initrd.o)
 .text.initrd_reshuffle
                0x0000000000000e56      0x175 bin/blib.a(initrd.o)
                0x0000000000000e56                initrd_reshuffle
 .text.initrd_reshuffle_check
                0x0000000000000fcb       0x30 bin/blib.a(initrd.o)
                0x0000000000000fcb                initrd_reshuffle_check
 .text.multiboot_add_cmdline
                0x0000000000000ffb       0x84 bin/blib.a(multiboot.o)
 .text.multiboot_find_header
                0x000000000000107f       0x79 bin/blib.a(multiboot.o)
 .text.multiboot_probe
                0x00000000000010f8        0xe bin/blib.a(multiboot.o)
 .text.multiboot_exec
                0x0000000000001106      0x325 bin/blib.a(multiboot.o)
 .text.pxe_exec
                0x000000000000142b       0x86 bin/blib.a(pxe_image.o)
 .text.pxe_probe
                0x00000000000014b1       0x1d bin/blib.a(pxe_image.o)
                0x00000000000014b1                pxe_probe
 .text.pxenv_unknown
                0x00000000000014ce        0xb bin/blib.a(pxe_call.o)
 .text.pxe_init_structures
                0x00000000000014d9       0xe1 bin/blib.a(pxe_call.o)
 .text.pxe_api_call
                0x00000000000015ba       0x87 bin/blib.a(pxe_call.o)
                0x00000000000015ba                pxe_api_call
 .text.pxe_activate
                0x0000000000001641       0x3f bin/blib.a(pxe_call.o)
                0x0000000000001641                pxe_activate
 .text.pxe_deactivate
                0x0000000000001680       0x3f bin/blib.a(pxe_call.o)
                0x0000000000001680                pxe_deactivate
 .text.pxe_start_nbp
                0x00000000000016bf       0x75 bin/blib.a(pxe_call.o)
                0x00000000000016bf                pxe_start_nbp
 .text.pxenv_file_cmdline
                0x0000000000001734       0x5c bin/blib.a(pxe_file.o)
 .text.pxenv_file_exec
                0x0000000000001790       0x72 bin/blib.a(pxe_file.o)
 .text.pxenv_get_file_size
                0x0000000000001802       0x2c bin/blib.a(pxe_file.o)
 .text.pxenv_file_read
                0x000000000000182e       0x47 bin/blib.a(pxe_file.o)
 .text.pxenv_file_select
                0x0000000000001875       0x44 bin/blib.a(pxe_file.o)
 .text.pxenv_file_close
                0x00000000000018b9       0x15 bin/blib.a(pxe_file.o)
 .text.pxenv_file_open
                0x00000000000018ce       0x72 bin/blib.a(pxe_file.o)
 .text.pxenv_file_api_check
                0x0000000000001940       0x7d bin/blib.a(pxe_file.o)
 .text.pxenv_unload_stack
                0x00000000000019bd        0x8 bin/blib.a(pxe_preboot.o)
 .text.pxenv_start_base
                0x00000000000019c5        0xb bin/blib.a(pxe_preboot.o)
 .text.pxenv_stop_base
                0x00000000000019d0        0x8 bin/blib.a(pxe_preboot.o)
 .text.pxenv_stop_undi
                0x00000000000019d8       0x36 bin/blib.a(pxe_preboot.o)
 .text.pxenv_start_undi
                0x0000000000001a0e       0x69 bin/blib.a(pxe_preboot.o)
 .text.pxenv_get_cached_info
                0x0000000000001a77       0xbf bin/blib.a(pxe_preboot.o)
 .text.pxenv_restart_tftp
                0x0000000000001b36       0x42 bin/blib.a(pxe_preboot.o)
 .text.pxe_tftp_xfer_window
                0x0000000000001b78        0x4 bin/blib.a(pxe_tftp.o)
 .text.pxenv_tftp_read
                0x0000000000001b7c       0x9d bin/blib.a(pxe_tftp.o)
 .text.pxe_tftp_open
                0x0000000000001c19       0xca bin/blib.a(pxe_tftp.o)
 .text.pxe_tftp_close
                0x0000000000001ce3       0x11 bin/blib.a(pxe_tftp.o)
 .text.pxe_tftp_xfer_deliver
                0x0000000000001cf4       0x8d bin/blib.a(pxe_tftp.o)
 .text.pxenv_tftp_close
                0x0000000000001d81       0x18 bin/blib.a(pxe_tftp.o)
 .text.pxenv_tftp_get_fsize
                0x0000000000001d99       0x82 bin/blib.a(pxe_tftp.o)
 .text.pxenv_tftp_open
                0x0000000000001e1b       0x98 bin/blib.a(pxe_tftp.o)
 .text.pxenv_tftp_read_file
                0x0000000000001eb3       0x93 bin/blib.a(pxe_tftp.o)
                0x0000000000001eb3                pxenv_tftp_read_file
 .text.pxenv_udp_read
                0x0000000000001f46       0x5b bin/blib.a(pxe_udp.o)
 .text.pxe_udp_deliver
                0x0000000000001fa1       0x87 bin/blib.a(pxe_udp.o)
 .text.pxenv_udp_write
                0x0000000000002028       0xd5 bin/blib.a(pxe_udp.o)
 .text.pxenv_udp_close
                0x00000000000020fd       0x18 bin/blib.a(pxe_udp.o)
 .text.pxenv_udp_open
                0x0000000000002115       0x3e bin/blib.a(pxe_udp.o)
 .text.pxenv_undi_startup
                0x0000000000002153       0x1c bin/blib.a(pxe_undi.o)
 .text.pxenv_undi_initialize
                0x000000000000216f       0x1c bin/blib.a(pxe_undi.o)
 .text.pxenv_undi_set_mcast_address
                0x000000000000218b       0x1c bin/blib.a(pxe_undi.o)
 .text.pxenv_undi_set_packet_filter
                0x00000000000021a7       0x1c bin/blib.a(pxe_undi.o)
 .text.pxenv_undi_get_statistics
                0x00000000000021c3       0x38 bin/blib.a(pxe_undi.o)
 .text.pxenv_undi_clear_statistics
                0x00000000000021fb       0x40 bin/blib.a(pxe_undi.o)
 .text.pxenv_undi_initiate_diags
                0x000000000000223b       0x1b bin/blib.a(pxe_undi.o)
 .text.pxenv_undi_force_interrupt
                0x0000000000002256       0x1b bin/blib.a(pxe_undi.o)
 .text.pxenv_undi_get_mcast_address
                0x0000000000002271       0x4c bin/blib.a(pxe_undi.o)
 .text.pxenv_undi_get_nic_type
                0x00000000000022bd       0x95 bin/blib.a(pxe_undi.o)
 .text.pxenv_undi_get_information
                0x0000000000002352       0x86 bin/blib.a(pxe_undi.o)
 .text.pxenv_undi_set_station_address
                0x00000000000023d8       0x42 bin/blib.a(pxe_undi.o)
 .text.pxenv_undi_isr
                0x000000000000241a      0x1bc bin/blib.a(pxe_undi.o)
 .text.pxenv_undi_get_iface_info
                0x00000000000025d6       0x63 bin/blib.a(pxe_undi.o)
 .text.pxenv_undi_transmit
                0x0000000000002639      0x1f0 bin/blib.a(pxe_undi.o)
 .text.pxe_netdev_close
                0x0000000000002829       0x2b bin/blib.a(pxe_undi.o)
 .text.pxenv_undi_close
                0x0000000000002854       0x26 bin/blib.a(pxe_undi.o)
 .text.pxenv_undi_shutdown
                0x000000000000287a       0x26 bin/blib.a(pxe_undi.o)
 .text.pxenv_undi_cleanup
                0x00000000000028a0       0x26 bin/blib.a(pxe_undi.o)
 .text.pxe_netdev_open
                0x00000000000028c6       0x2e bin/blib.a(pxe_undi.o)
 .text.pxenv_undi_open
                0x00000000000028f4       0x35 bin/blib.a(pxe_undi.o)
 .text.pxenv_undi_reset_adapter
                0x0000000000002929       0x3a bin/blib.a(pxe_undi.o)
 .text.pxe_set_netdev
                0x0000000000002963       0x38 bin/blib.a(pxe_undi.o)
                0x0000000000002963                pxe_set_netdev
 .text.__memcpy
                0x000000000000299b       0x1d bin/blib.a(x86_string.o)
                0x000000000000299b                __memcpy
 .text.__memcpy_reverse
                0x00000000000029b8       0x11 bin/blib.a(x86_string.o)
                0x00000000000029b8                __memcpy_reverse
 .text.__memmove
                0x00000000000029c9        0xe bin/blib.a(x86_string.o)
                0x00000000000029c9                __memmove
 .text.memswap  0x00000000000029d7       0x11 bin/blib.a(x86_string.o)
                0x00000000000029d7                memswap
 .text.strlen   0x00000000000029e8       0x11 bin/blib.a(x86_string.o)
                0x00000000000029e8                strlen
 .text.strncmp  0x00000000000029f9       0x1c bin/blib.a(x86_string.o)
                0x00000000000029f9                strncmp
 .text.cpuid_exec
                0x0000000000002a15       0x6d bin/blib.a(cpuid_cmd.o)
 .text.ansiesc_process
                0x0000000000002a82       0xc9 bin/blib.a(ansiesc.o)
                0x0000000000002a82                ansiesc_process
 .text.has_input
                0x0000000000002b4b       0x2b bin/blib.a(console.o)
 .text.putchar  0x0000000000002b76       0x43 bin/blib.a(console.o)
                0x0000000000002b76                putchar
 .text.getchar  0x0000000000002bb9       0x2b bin/blib.a(console.o)
                0x0000000000002bb9                getchar
 .text.iskey    0x0000000000002be4        0xe bin/blib.a(console.o)
                0x0000000000002be4                iskey
 .text.console_configure
                0x0000000000002bf2       0x51 bin/blib.a(console.o)
                0x0000000000002bf2                console_configure
 .text.cpio_set_field
                0x0000000000002c43       0x2a bin/blib.a(cpio.o)
                0x0000000000002c43                cpio_set_field
 .text.probe_devices
                0x0000000000002c6d       0x52 bin/blib.a(device.o)
 .text.identify_device
                0x0000000000002cbf       0x31 bin/blib.a(device.o)
                0x0000000000002cbf                identify_device
 .text.remove_devices
                0x0000000000002cf0       0x40 bin/blib.a(device.o)
 .text.process_on_success
                0x0000000000002d30        0x9 bin/blib.a(exec.o)
 .text.process_on_failure
                0x0000000000002d39        0x9 bin/blib.a(exec.o)
 .text.process_always
                0x0000000000002d42        0x6 bin/blib.a(exec.o)
 .text.exit_exec
                0x0000000000002d48       0x4f bin/blib.a(exec.o)
 .text.split_command
                0x0000000000002d97       0x49 bin/blib.a(exec.o)
 .text.isset_exec
                0x0000000000002de0       0x2f bin/blib.a(exec.o)
 .text.sleep_exec
                0x0000000000002e0f       0x79 bin/blib.a(exec.o)
 .text.iseq_exec
                0x0000000000002e88       0x3c bin/blib.a(exec.o)
 .text.execv    0x0000000000002ec4       0x8f bin/blib.a(exec.o)
                0x0000000000002ec4                execv
 .text.shell_stop
                0x0000000000002f53        0x6 bin/blib.a(exec.o)
                0x0000000000002f53                shell_stop
 .text.shell_stopped
                0x0000000000002f59       0x1c bin/blib.a(exec.o)
                0x0000000000002f59                shell_stopped
 .text.system   0x0000000000002f75      0x192 bin/blib.a(exec.o)
                0x0000000000002f75                system
 .text.concat_args
                0x0000000000003107       0x66 bin/blib.a(exec.o)
                0x0000000000003107                concat_args
 .text.echo_exec
                0x000000000000316d       0x61 bin/blib.a(exec.o)
 .text.get_argv_argument
                0x00000000000031ce       0x24 bin/blib.a(getopt.o)
 .text.getopt_long
                0x00000000000031f2      0x223 bin/blib.a(getopt.o)
                0x00000000000031f2                getopt_long
 .text.free_image
                0x0000000000003415       0x35 bin/blib.a(image.o)
 .text.image_set_name
                0x000000000000344a       0x28 bin/blib.a(image.o)
                0x000000000000344a                image_set_name
 .text.alloc_image
                0x0000000000003472       0x50 bin/blib.a(image.o)
                0x0000000000003472                alloc_image
 .text.image_set_cmdline
                0x00000000000034c2       0x35 bin/blib.a(image.o)
                0x00000000000034c2                image_set_cmdline
 .text.unregister_image
                0x00000000000034f7       0x22 bin/blib.a(image.o)
                0x00000000000034f7                unregister_image
 .text.find_image
                0x0000000000003519       0x2f bin/blib.a(image.o)
                0x0000000000003519                find_image
 .text.image_probe
                0x0000000000003548       0x34 bin/blib.a(image.o)
                0x0000000000003548                image_probe
 .text.image_replace
                0x000000000000357c       0x39 bin/blib.a(image.o)
                0x000000000000357c                image_replace
 .text.image_select
                0x00000000000035b5       0x3c bin/blib.a(image.o)
                0x00000000000035b5                image_select
 .text.image_exec
                0x00000000000035f1       0xa1 bin/blib.a(image.o)
                0x00000000000035f1                image_exec
 .text.image_find_selected
                0x0000000000003692       0x1d bin/blib.a(image.o)
                0x0000000000003692                image_find_selected
 .text.register_image
                0x00000000000036af       0x6a bin/blib.a(image.o)
                0x00000000000036af                register_image
 .text.initialise
                0x0000000000003719       0x17 bin/blib.a(init.o)
                0x0000000000003719                initialise
 .text.startup  0x0000000000003730       0x30 bin/blib.a(init.o)
                0x0000000000003730                startup
 .text.shutdown
                0x0000000000003760       0x3e bin/blib.a(init.o)
                0x0000000000003760                shutdown
 .text.null_intf_close
                0x000000000000379e        0x1 bin/blib.a(interface.o)
 .text.intf_plug
                0x000000000000379f       0x1d bin/blib.a(interface.o)
                0x000000000000379f                intf_plug
 .text.intf_plug_plug
                0x00000000000037bc       0x16 bin/blib.a(interface.o)
                0x00000000000037bc                intf_plug_plug
 .text.intf_unplug
                0x00000000000037d2        0xa bin/blib.a(interface.o)
                0x00000000000037d2                intf_unplug
 .text.intf_nullify
                0x00000000000037dc        0x8 bin/blib.a(interface.o)
                0x00000000000037dc                intf_nullify
 .text.intf_put
                0x00000000000037e4        0x8 bin/blib.a(interface.o)
                0x00000000000037e4                intf_put
 .text.intf_object
                0x00000000000037ec        0x6 bin/blib.a(interface.o)
                0x00000000000037ec                intf_object
 .text.intf_get_dest_op_no_passthru_untyped
                0x00000000000037f2       0x35 bin/blib.a(interface.o)
                0x00000000000037f2                intf_get_dest_op_no_passthru_untyped
 .text.intf_get_dest_op_untyped
                0x0000000000003827       0x34 bin/blib.a(interface.o)
                0x0000000000003827                intf_get_dest_op_untyped
 .text.intf_restart
                0x000000000000385b       0x12 bin/blib.a(interface.o)
                0x000000000000385b                intf_restart
 .text.intf_close
                0x000000000000386d       0x3b bin/blib.a(interface.o)
                0x000000000000386d                intf_close
 .text.intf_shutdown
                0x00000000000038a8       0x17 bin/blib.a(interface.o)
                0x00000000000038a8                intf_shutdown
 .text.alloc_iob_raw
                0x00000000000038bf       0x78 bin/blib.a(iobuf.o)
                0x00000000000038bf                alloc_iob_raw
 .text.alloc_iob
                0x0000000000003937       0x13 bin/blib.a(iobuf.o)
                0x0000000000003937                alloc_iob
 .text.free_iob
                0x000000000000394a       0x2d bin/blib.a(iobuf.o)
                0x000000000000394a                free_iob
 .text.iob_ensure_headroom
                0x0000000000003977       0x12 bin/blib.a(iobuf.o)
                0x0000000000003977                iob_ensure_headroom
 .text.extern_list_add
                0x0000000000003989        0xd bin/blib.a(list.o)
                0x0000000000003989                extern_list_add
 .text.extern_list_add_tail
                0x0000000000003996        0xe bin/blib.a(list.o)
                0x0000000000003996                extern_list_add_tail
 .text.startup.main
                0x00000000000039a4       0x37 bin/blib.a(main.o)
                0x00000000000039a4                main
 .text.discard_cache
                0x00000000000039db       0x1d bin/blib.a(malloc.o)
 .text.shutdown_cache
                0x00000000000039f8        0xa bin/blib.a(malloc.o)
 .text.alloc_memblock
                0x0000000000003a02       0x8b bin/blib.a(malloc.o)
                0x0000000000003a02                alloc_memblock
 .text.free_memblock
                0x0000000000003a8d       0x98 bin/blib.a(malloc.o)
                0x0000000000003a8d                free_memblock
 .text.realloc  0x0000000000003b25       0x5b bin/blib.a(malloc.o)
                0x0000000000003b25                realloc
 .text.malloc   0x0000000000003b80        0x9 bin/blib.a(malloc.o)
                0x0000000000003b80                malloc
 .text.free     0x0000000000003b89        0x7 bin/blib.a(malloc.o)
                0x0000000000003b89                free
 .text.zalloc   0x0000000000003b90       0x1c bin/blib.a(malloc.o)
                0x0000000000003b90                zalloc
 .text.mpopulate
                0x0000000000003bac        0x8 bin/blib.a(malloc.o)
                0x0000000000003bac                mpopulate
 .text.init_heap
                0x0000000000003bb4        0xf bin/blib.a(malloc.o)
 .text.largest_memblock
                0x0000000000003bc3       0x6e bin/blib.a(memblock.o)
                0x0000000000003bc3                largest_memblock
 .text.strtoul_charval
                0x0000000000003c31       0x1b bin/blib.a(misc.o)
                0x0000000000003c31                strtoul_charval
 .text.strtoul  0x0000000000003c4c       0x7a bin/blib.a(misc.o)
                0x0000000000003c4c                strtoul
 .text.inet_aton
                0x0000000000003cc6       0x63 bin/blib.a(misc.o)
                0x0000000000003cc6                inet_aton
 .text.xfer_uri_opener
                0x0000000000003d29       0x2a bin/blib.a(open.o)
                0x0000000000003d29                xfer_uri_opener
 .text.xfer_open_uri
                0x0000000000003d53       0x45 bin/blib.a(open.o)
                0x0000000000003d53                xfer_open_uri
 .text.xfer_open_uri_string
                0x0000000000003d98       0x2f bin/blib.a(open.o)
                0x0000000000003d98                xfer_open_uri_string
 .text.xfer_open_socket
                0x0000000000003dc7       0x37 bin/blib.a(open.o)
                0x0000000000003dc7                xfer_open_socket
 .text.xfer_vopen
                0x0000000000003dfe       0x38 bin/blib.a(open.o)
                0x0000000000003dfe                xfer_vopen
 .text.xfer_vreopen
                0x0000000000003e36       0x20 bin/blib.a(open.o)
                0x0000000000003e36                xfer_vreopen
 .text.parse_string
                0x0000000000003e56        0x5 bin/blib.a(parseopt.o)
                0x0000000000003e56                parse_string
 .text.parse_integer
                0x0000000000003e5b       0x32 bin/blib.a(parseopt.o)
                0x0000000000003e5b                parse_integer
 .text.parse_timeout
                0x0000000000003e8d       0x27 bin/blib.a(parseopt.o)
                0x0000000000003e8d                parse_timeout
 .text.parse_netdev
                0x0000000000003eb4       0x2a bin/blib.a(parseopt.o)
                0x0000000000003eb4                parse_netdev
 .text.parse_netdev_configurator
                0x0000000000003ede       0x2a bin/blib.a(parseopt.o)
                0x0000000000003ede                parse_netdev_configurator
 .text.parse_menu
                0x0000000000003f08       0x3b bin/blib.a(parseopt.o)
                0x0000000000003f08                parse_menu
 .text.parse_flag
                0x0000000000003f43        0x9 bin/blib.a(parseopt.o)
                0x0000000000003f43                parse_flag
 .text.parse_key
                0x0000000000003f4c       0x19 bin/blib.a(parseopt.o)
                0x0000000000003f4c                parse_key
 .text.parse_settings
                0x0000000000003f65       0x2a bin/blib.a(parseopt.o)
                0x0000000000003f65                parse_settings
 .text.parse_setting
                0x0000000000003f8f       0x2d bin/blib.a(parseopt.o)
                0x0000000000003f8f                parse_setting
 .text.parse_existing_setting
                0x0000000000003fbc        0xa bin/blib.a(parseopt.o)
                0x0000000000003fbc                parse_existing_setting
 .text.parse_autovivified_setting
                0x0000000000003fc6        0xa bin/blib.a(parseopt.o)
                0x0000000000003fc6                parse_autovivified_setting
 .text.print_usage
                0x0000000000003fd0       0xab bin/blib.a(parseopt.o)
                0x0000000000003fd0                print_usage
 .text.reparse_options
                0x000000000000407b      0x19f bin/blib.a(parseopt.o)
                0x000000000000407b                reparse_options
 .text.parse_options
                0x000000000000421a       0x2b bin/blib.a(parseopt.o)
                0x000000000000421a                parse_options
 .text.posix_fd_to_file
                0x0000000000004245       0x20 bin/blib.a(posix_io.o)
 .text.posix_file_finished
                0x0000000000004265       0x14 bin/blib.a(posix_io.o)
 .text.posix_file_xfer_deliver
                0x0000000000004279       0x3d bin/blib.a(posix_io.o)
 .text.posix_file_free
                0x00000000000042b6       0x30 bin/blib.a(posix_io.o)
 .text.open     0x00000000000042e6       0xb9 bin/blib.a(posix_io.o)
                0x00000000000042e6                open
 .text.select   0x000000000000439f       0x66 bin/blib.a(posix_io.o)
                0x000000000000439f                select
 .text.read_user
                0x0000000000004405       0x8a bin/blib.a(posix_io.o)
                0x0000000000004405                read_user
 .text.fsize    0x000000000000448f       0x13 bin/blib.a(posix_io.o)
                0x000000000000448f                fsize
 .text.close    0x00000000000044a2       0x30 bin/blib.a(posix_io.o)
                0x00000000000044a2                close
 .text.process_add
                0x00000000000044d2       0x1e bin/blib.a(process.o)
                0x00000000000044d2                process_add
 .text.init_processes
                0x00000000000044f0       0x1c bin/blib.a(process.o)
 .text.process_del
                0x000000000000450c       0x1c bin/blib.a(process.o)
                0x000000000000450c                process_del
 .text.step     0x0000000000004528       0x5d bin/blib.a(process.o)
                0x0000000000004528                step
 .text.ref_increment
                0x0000000000004585        0x7 bin/blib.a(refcnt.o)
                0x0000000000004585                ref_increment
 .text.ref_decrement
                0x000000000000458c       0x1c bin/blib.a(refcnt.o)
                0x000000000000458c                ref_decrement
 .text.ref_no_free
                0x00000000000045a8        0x1 bin/blib.a(refcnt.o)
                0x00000000000045a8                ref_no_free
 .text.apply_settings
                0x00000000000045a9       0x1d bin/blib.a(settings.o)
 .text.parse_ipv6_setting
                0x00000000000045c6        0x8 bin/blib.a(settings.o)
                0x00000000000045c6                parse_ipv6_setting
 .text.format_ipv6_setting
                0x00000000000045ce        0x8 bin/blib.a(settings.o)
                0x00000000000045ce                format_ipv6_setting
 .text.builtin_applies
                0x00000000000045d6        0xd bin/blib.a(settings.o)
 .text.platform_fetch
                0x00000000000045e3       0x12 bin/blib.a(settings.o)
 .text.buildarch_fetch
                0x00000000000045f5       0x12 bin/blib.a(settings.o)
 .text.version_fetch
                0x0000000000004607       0x16 bin/blib.a(settings.o)
 .text.format_string_setting
                0x000000000000461d       0x2e bin/blib.a(settings.o)
 .text.parse_string_setting
                0x000000000000464b       0x31 bin/blib.a(settings.o)
 .text.errno_fetch
                0x000000000000467c       0x28 bin/blib.a(settings.o)
 .text.denumerate_int_setting
                0x00000000000046a4       0x3f bin/blib.a(settings.o)
 .text.format_uint_setting
                0x00000000000046e3       0x2e bin/blib.a(settings.o)
 .text.format_int_setting
                0x0000000000004711       0x2e bin/blib.a(settings.o)
 .text.format_hex_setting
                0x000000000000473f       0x68 bin/blib.a(settings.o)
 .text.format_hex_raw_setting
                0x00000000000047a7        0xa bin/blib.a(settings.o)
 .text.format_hex_hyphen_setting
                0x00000000000047b1        0xa bin/blib.a(settings.o)
 .text.format_hex_colon_setting
                0x00000000000047bb        0xa bin/blib.a(settings.o)
 .text.parse_hex_raw_setting
                0x00000000000047c5        0x9 bin/blib.a(settings.o)
 .text.parse_hex_hyphen_setting
                0x00000000000047ce        0xc bin/blib.a(settings.o)
 .text.parse_hex_setting
                0x00000000000047da        0xc bin/blib.a(settings.o)
 .text.generic_settings_clear
                0x00000000000047e6       0x28 bin/blib.a(settings.o)
                0x00000000000047e6                generic_settings_clear
 .text.autovivified_settings_free
                0x000000000000480e       0x13 bin/blib.a(settings.o)
 .text.parse_settings_name
                0x0000000000004821       0x66 bin/blib.a(settings.o)
 .text.fetch_string_setting_copy_alloc
                0x0000000000004887        0x6 bin/blib.a(settings.o)
 .text.numeric_setting_value
                0x000000000000488d       0x68 bin/blib.a(settings.o)
 .text.numerate_int_setting
                0x00000000000048f5       0x21 bin/blib.a(settings.o)
 .text.format_busdevfn_setting
                0x0000000000004916       0x3f bin/blib.a(settings.o)
 .text.format_uuid_setting
                0x0000000000004955       0x2d bin/blib.a(settings.o)
 .text.parse_int_setting
                0x0000000000004982       0x34 bin/blib.a(settings.o)
 .text.find_settings
                0x00000000000049b6        0xa bin/blib.a(settings.o)
                0x00000000000049b6                find_settings
 .text.unregister_settings
                0x00000000000049c0       0x54 bin/blib.a(settings.o)
                0x00000000000049c0                unregister_settings
 .text.settings_target
                0x0000000000004a14       0x15 bin/blib.a(settings.o)
                0x0000000000004a14                settings_target
 .text.settings_name
                0x0000000000004a29       0x5b bin/blib.a(settings.o)
                0x0000000000004a29                settings_name
 .text.find_child_settings
                0x0000000000004a84       0x45 bin/blib.a(settings.o)
                0x0000000000004a84                find_child_settings
 .text.setting_applies
                0x0000000000004ac9       0x25 bin/blib.a(settings.o)
                0x0000000000004ac9                setting_applies
 .text.clear_settings
                0x0000000000004aee       0x12 bin/blib.a(settings.o)
                0x0000000000004aee                clear_settings
 .text.setting_cmp
                0x0000000000004b00       0x39 bin/blib.a(settings.o)
                0x0000000000004b00                setting_cmp
 .text.builtin_fetch
                0x0000000000004b39       0x3c bin/blib.a(settings.o)
 .text.fetch_setting
                0x0000000000004b75      0x139 bin/blib.a(settings.o)
                0x0000000000004b75                fetch_setting
 .text.fetch_setting_alloc
                0x0000000000004cae       0x65 bin/blib.a(settings.o)
 .text.fetch_string_setting_copy
                0x0000000000004d13       0x10 bin/blib.a(settings.o)
                0x0000000000004d13                fetch_string_setting_copy
 .text.fetch_setting_copy
                0x0000000000004d23       0x15 bin/blib.a(settings.o)
                0x0000000000004d23                fetch_setting_copy
 .text.fetch_raw_setting_copy
                0x0000000000004d38        0xb bin/blib.a(settings.o)
                0x0000000000004d38                fetch_raw_setting_copy
 .text.fetch_raw_setting
                0x0000000000004d43       0x11 bin/blib.a(settings.o)
                0x0000000000004d43                fetch_raw_setting
 .text.fetch_uuid_setting
                0x0000000000004d54       0x16 bin/blib.a(settings.o)
                0x0000000000004d54                fetch_uuid_setting
 .text.fetch_numeric_setting
                0x0000000000004d6a       0x2e bin/blib.a(settings.o)
                0x0000000000004d6a                fetch_numeric_setting
 .text.fetch_uintz_setting
                0x0000000000004d98       0x11 bin/blib.a(settings.o)
                0x0000000000004d98                fetch_uintz_setting
 .text.fetch_intz_setting
                0x0000000000004da9       0x11 bin/blib.a(settings.o)
                0x0000000000004da9                fetch_intz_setting
 .text.reprioritise_settings
                0x0000000000004dba       0x6f bin/blib.a(settings.o)
 .text.register_settings
                0x0000000000004e29       0x51 bin/blib.a(settings.o)
                0x0000000000004e29                register_settings
 .text.builtin_init
                0x0000000000004e7a       0x11 bin/blib.a(settings.o)
 .text.autovivify_child_settings
                0x0000000000004e8b       0x9b bin/blib.a(settings.o)
                0x0000000000004e8b                autovivify_child_settings
 .text.fetch_ipv6_array_setting
                0x0000000000004f26       0x1f bin/blib.a(settings.o)
                0x0000000000004f26                fetch_ipv6_array_setting
 .text.fetch_ipv6_setting
                0x0000000000004f45        0x8 bin/blib.a(settings.o)
                0x0000000000004f45                fetch_ipv6_setting
 .text.fetch_ipv4_array_setting
                0x0000000000004f4d       0x1f bin/blib.a(settings.o)
                0x0000000000004f4d                fetch_ipv4_array_setting
 .text.fetch_ipv4_setting
                0x0000000000004f6c        0x8 bin/blib.a(settings.o)
                0x0000000000004f6c                fetch_ipv4_setting
 .text.fetch_string_setting
                0x0000000000004f74       0x30 bin/blib.a(settings.o)
                0x0000000000004f74                fetch_string_setting
 .text.store_setting
                0x0000000000004fa4       0x80 bin/blib.a(settings.o)
                0x0000000000004fa4                store_setting
 .text.generic_settings_fetch
                0x0000000000005024       0x62 bin/blib.a(settings.o)
                0x0000000000005024                generic_settings_fetch
 .text.generic_settings_store
                0x0000000000005086       0xdb bin/blib.a(settings.o)
                0x0000000000005086                generic_settings_store
 .text.setting_format
                0x0000000000005161       0x1d bin/blib.a(settings.o)
                0x0000000000005161                setting_format
 .text.setting_parse
                0x000000000000517e       0x19 bin/blib.a(settings.o)
                0x000000000000517e                setting_parse
 .text.setting_numerate
                0x0000000000005197       0x19 bin/blib.a(settings.o)
                0x0000000000005197                setting_numerate
 .text.setting_denumerate
                0x00000000000051b0       0x19 bin/blib.a(settings.o)
                0x00000000000051b0                setting_denumerate
 .text.fetchf_setting
                0x00000000000051c9       0x4d bin/blib.a(settings.o)
                0x00000000000051c9                fetchf_setting
 .text.fetchf_setting_copy
                0x0000000000005216       0x73 bin/blib.a(settings.o)
                0x0000000000005216                fetchf_setting_copy
 .text.storef_setting
                0x0000000000005289       0x7a bin/blib.a(settings.o)
                0x0000000000005289                storef_setting
 .text.fetchn_setting
                0x0000000000005303       0x49 bin/blib.a(settings.o)
                0x0000000000005303                fetchn_setting
 .text.storen_setting
                0x000000000000534c       0x5e bin/blib.a(settings.o)
                0x000000000000534c                storen_setting
 .text.parse_setting_name
                0x00000000000053aa      0x153 bin/blib.a(settings.o)
                0x00000000000053aa                parse_setting_name
 .text.setting_name
                0x00000000000054fd       0x43 bin/blib.a(settings.o)
                0x00000000000054fd                setting_name
 .text.expand_settings
                0x0000000000005540       0xd8 bin/blib.a(settings.o)
                0x0000000000005540                expand_settings
 .text.strcpy   0x0000000000005618       0x10 bin/blib.a(string.o)
                0x0000000000005618                strcpy
 .text.strncpy  0x0000000000005628       0x18 bin/blib.a(string.o)
                0x0000000000005628                strncpy
 .text.strcmp   0x0000000000005640       0x24 bin/blib.a(string.o)
                0x0000000000005640                strcmp
 .text.strcasecmp
                0x0000000000005664       0x2a bin/blib.a(string.o)
                0x0000000000005664                strcasecmp
 .text.strchr   0x000000000000568e       0x11 bin/blib.a(string.o)
                0x000000000000568e                strchr
 .text.strrchr  0x000000000000569f       0x1f bin/blib.a(string.o)
                0x000000000000569f                strrchr
 .text.strnlen  0x00000000000056be       0x14 bin/blib.a(string.o)
                0x00000000000056be                strnlen
 .text.memcmp   0x00000000000056d2       0x21 bin/blib.a(string.o)
                0x00000000000056d2                memcmp
 .text.strstr   0x00000000000056f3       0x3e bin/blib.a(string.o)
                0x00000000000056f3                strstr
 .text.memchr   0x0000000000005731       0x15 bin/blib.a(string.o)
                0x0000000000005731                memchr
 .text.strndup  0x0000000000005746       0x2d bin/blib.a(string.o)
                0x0000000000005746                strndup
 .text.strdup   0x0000000000005773        0x8 bin/blib.a(string.o)
                0x0000000000005773                strdup
 .text.uri_copy_fields
                0x000000000000577b       0x5e bin/blib.a(uri.o)
 .text.uri_free
                0x00000000000057d9       0x13 bin/blib.a(uri.o)
 .text.uri_encode
                0x00000000000057ec       0x74 bin/blib.a(uri.o)
                0x00000000000057ec                uri_encode
 .text.parse_uri
                0x0000000000005860      0x208 bin/blib.a(uri.o)
                0x0000000000005860                parse_uri
 .text.uri_port
                0x0000000000005a68       0x17 bin/blib.a(uri.o)
                0x0000000000005a68                uri_port
 .text.format_uri
                0x0000000000005a7f       0xe6 bin/blib.a(uri.o)
                0x0000000000005a7f                format_uri
 .text.format_uri_alloc
                0x0000000000005b65       0x2f bin/blib.a(uri.o)
                0x0000000000005b65                format_uri_alloc
 .text.uri_dup  0x0000000000005b94       0x38 bin/blib.a(uri.o)
                0x0000000000005b94                uri_dup
 .text.resolve_path
                0x0000000000005bcc       0xc2 bin/blib.a(uri.o)
                0x0000000000005bcc                resolve_path
 .text.resolve_uri
                0x0000000000005c8e       0xa0 bin/blib.a(uri.o)
                0x0000000000005c8e                resolve_uri
 .text.tftp_uri
                0x0000000000005d2e       0x3b bin/blib.a(uri.o)
                0x0000000000005d2e                tftp_uri
 .text.uuid_ntoa
                0x0000000000005d69       0x63 bin/blib.a(uuid.o)
                0x0000000000005d69                uuid_ntoa
 .text.format_hex
                0x0000000000005dcc       0x6e bin/blib.a(vsprintf.o)
 .text.printf_sputc
                0x0000000000005e3a        0xf bin/blib.a(vsprintf.o)
 .text.printf_putchar
                0x0000000000005e49        0x7 bin/blib.a(vsprintf.o)
 .text.vcprintf
                0x0000000000005e50      0x268 bin/blib.a(vsprintf.o)
                0x0000000000005e50                vcprintf
 .text.vsnprintf
                0x00000000000060b8       0x3e bin/blib.a(vsprintf.o)
                0x00000000000060b8                vsnprintf
 .text.snprintf
                0x00000000000060f6       0x17 bin/blib.a(vsprintf.o)
                0x00000000000060f6                snprintf
 .text.vssnprintf
                0x000000000000610d       0x12 bin/blib.a(vsprintf.o)
                0x000000000000610d                vssnprintf
 .text.ssnprintf
                0x000000000000611f       0x17 bin/blib.a(vsprintf.o)
                0x000000000000611f                ssnprintf
 .text.vprintf  0x0000000000006136       0x19 bin/blib.a(vsprintf.o)
                0x0000000000006136                vprintf
 .text.printf   0x000000000000614f        0xe bin/blib.a(vsprintf.o)
                0x000000000000614f                printf
 .text.xfer_deliver
                0x000000000000615d       0x47 bin/blib.a(xfer.o)
                0x000000000000615d                xfer_deliver
 .text.xfer_window_changed
                0x00000000000061a4       0x29 bin/blib.a(xfer.o)
                0x00000000000061a4                xfer_window_changed
 .text.xfer_window
                0x00000000000061cd       0x32 bin/blib.a(xfer.o)
                0x00000000000061cd                xfer_window
 .text.xfer_alloc_iob
                0x00000000000061ff       0x3c bin/blib.a(xfer.o)
                0x00000000000061ff                xfer_alloc_iob
 .text.xfer_vredirect
                0x000000000000623b       0x88 bin/blib.a(xfer.o)
                0x000000000000623b                xfer_vredirect
 .text.xfer_redirect
                0x00000000000062c3       0x12 bin/blib.a(xfer.o)
                0x00000000000062c3                xfer_redirect
 .text.xfer_deliver_iob
                0x00000000000062d5        0xa bin/blib.a(xfer.o)
                0x00000000000062d5                xfer_deliver_iob
 .text.xfer_deliver_raw_meta
                0x00000000000062df       0x46 bin/blib.a(xfer.o)
                0x00000000000062df                xfer_deliver_raw_meta
 .text.xfer_deliver_raw
                0x0000000000006325        0xb bin/blib.a(xfer.o)
                0x0000000000006325                xfer_deliver_raw
 .text.xfer_vprintf
                0x0000000000006330       0x2e bin/blib.a(xfer.o)
                0x0000000000006330                xfer_vprintf
 .text.xfer_printf
                0x000000000000635e       0x12 bin/blib.a(xfer.o)
                0x000000000000635e                xfer_printf
 .text.xfer_seek
                0x0000000000006370       0x42 bin/blib.a(xfer.o)
                0x0000000000006370                xfer_seek
 .text.arp_ntoa
                0x00000000000063b2        0x6 bin/blib.a(arp.o)
 .text.arp_rx   0x00000000000063b8      0x10a bin/blib.a(arp.o)
 .text.arp_tx_request
                0x00000000000064c2       0xda bin/blib.a(arp.o)
 .text.eth_push
                0x000000000000659c       0x38 bin/blib.a(ethernet.o)
                0x000000000000659c                eth_push
 .text.eth_init_addr
                0x00000000000065d4        0xc bin/blib.a(ethernet.o)
                0x00000000000065d4                eth_init_addr
 .text.eth_eth_addr
                0x00000000000065e0        0xe bin/blib.a(ethernet.o)
                0x00000000000065e0                eth_eth_addr
 .text.eth_eui64
                0x00000000000065ee       0x21 bin/blib.a(ethernet.o)
                0x00000000000065ee                eth_eui64
 .text.eth_ntoa
                0x000000000000660f       0x37 bin/blib.a(ethernet.o)
                0x000000000000660f                eth_ntoa
 .text.eth_pull
                0x0000000000006646       0x5e bin/blib.a(ethernet.o)
                0x0000000000006646                eth_pull
 .text.eth_mc_hash
                0x00000000000066a4       0x44 bin/blib.a(ethernet.o)
                0x00000000000066a4                eth_mc_hash
 .text.alloc_etherdev
                0x00000000000066e8       0x1f bin/blib.a(ethernet.o)
                0x00000000000066e8                alloc_etherdev
 .text.eth_slow_rx
                0x0000000000006707      0x111 bin/blib.a(eth_slow.o)
 .text.copy_encap_settings
                0x0000000000006818       0x9d bin/blib.a(fakedhcp.o)
 .text.create_fakedhcpdiscover
                0x00000000000068b5       0x21 bin/blib.a(fakedhcp.o)
                0x00000000000068b5                create_fakedhcpdiscover
 .text.create_fakedhcpack
                0x00000000000068d6       0x49 bin/blib.a(fakedhcp.o)
                0x00000000000068d6                create_fakedhcpack
 .text.create_fakepxebsack
                0x000000000000691f       0x92 bin/blib.a(fakedhcp.o)
                0x000000000000691f                create_fakepxebsack
 .text.ipv4_route
                0x00000000000069b1       0x42 bin/blib.a(ipv4.o)
 .text.ipv4_netdev
                0x00000000000069f3       0x1b bin/blib.a(ipv4.o)
 .text.ipv4_is_fragment
                0x0000000000006a0e       0x24 bin/blib.a(ipv4.o)
 .text.ipv4_more_fragments
                0x0000000000006a32        0xb bin/blib.a(ipv4.o)
 .text.ipv4_fragment_offset
                0x0000000000006a3d       0x12 bin/blib.a(ipv4.o)
 .text.ipv4_create_routes
                0x0000000000006a4f      0x15c bin/blib.a(ipv4.o)
 .text.ipv4_pshdr_chksum
                0x0000000000006bab       0x53 bin/blib.a(ipv4.o)
 .text.ipv4_tx  0x0000000000006bfe      0x1be bin/blib.a(ipv4.o)
 .text.ipv4_arp_check
                0x0000000000006dbc       0x29 bin/blib.a(ipv4.o)
 .text.ipv4_sock_aton
                0x0000000000006de5       0x21 bin/blib.a(ipv4.o)
 .text.ipv4_has_any_addr
                0x0000000000006e06       0x20 bin/blib.a(ipv4.o)
                0x0000000000006e06                ipv4_has_any_addr
 .text.ipv4_rx  0x0000000000006e26      0x1a2 bin/blib.a(ipv4.o)
 .text.inet_ntoa
                0x0000000000006fc8       0x31 bin/blib.a(ipv4.o)
                0x0000000000006fc8                inet_ntoa
 .text.ipv4_sock_ntoa
                0x0000000000006ff9        0x8 bin/blib.a(ipv4.o)
 .text.ipv4_ntoa
                0x0000000000007001        0x7 bin/blib.a(ipv4.o)
 .text.parse_ipv4_setting
                0x0000000000007008       0x39 bin/blib.a(ipv4.o)
                0x0000000000007008                parse_ipv4_setting
 .text.format_ipv4_setting
                0x0000000000007041       0x2d bin/blib.a(ipv4.o)
                0x0000000000007041                format_ipv4_setting
 .text.neighbour_destroy
                0x000000000000706e       0x48 bin/blib.a(neighbour.o)
 .text.neighbour_discard
                0x00000000000070b6       0x2b bin/blib.a(neighbour.o)
 .text.neighbour_find
                0x00000000000070e1       0x65 bin/blib.a(neighbour.o)
 .text.neighbour_create
                0x0000000000007146       0x71 bin/blib.a(neighbour.o)
 .text.neighbour_expired
                0x00000000000071b7       0x3c bin/blib.a(neighbour.o)
 .text.neighbour_free
                0x00000000000071f3       0x13 bin/blib.a(neighbour.o)
 .text.neighbour_discovered
                0x0000000000007206       0x70 bin/blib.a(neighbour.o)
 .text.neighbour_flush
                0x0000000000007276       0x32 bin/blib.a(neighbour.o)
 .text.neighbour_tx
                0x00000000000072a8       0x8c bin/blib.a(neighbour.o)
                0x00000000000072a8                neighbour_tx
 .text.neighbour_update
                0x0000000000007334       0x1f bin/blib.a(neighbour.o)
                0x0000000000007334                neighbour_update
 .text.netdev_notify
                0x0000000000007353       0x24 bin/blib.a(netdevice.o)
 .text.net_discard
                0x0000000000007377       0x40 bin/blib.a(netdevice.o)
 .text.netdev_config_close
                0x00000000000073b7       0x14 bin/blib.a(netdevice.o)
 .text.netdev_record_stat
                0x00000000000073cb       0x40 bin/blib.a(netdevice.o)
 .text.netdev_rx_freeze
                0x000000000000740b        0x9 bin/blib.a(netdevice.o)
                0x000000000000740b                netdev_rx_freeze
 .text.netdev_rx_unfreeze
                0x0000000000007414        0x9 bin/blib.a(netdevice.o)
                0x0000000000007414                netdev_rx_unfreeze
 .text.netdev_link_err
                0x000000000000741d        0x8 bin/blib.a(netdevice.o)
                0x000000000000741d                netdev_link_err
 .text.netdev_tx_err
                0x0000000000007425       0x15 bin/blib.a(netdevice.o)
                0x0000000000007425                netdev_tx_err
 .text.netdev_tx_complete_err
                0x000000000000743a       0x39 bin/blib.a(netdevice.o)
                0x000000000000743a                netdev_tx_complete_err
 .text.netdev_tx
                0x0000000000007473       0x3f bin/blib.a(netdevice.o)
                0x0000000000007473                netdev_tx
 .text.netdev_tx_complete_next_err
                0x00000000000074b2       0x1b bin/blib.a(netdevice.o)
                0x00000000000074b2                netdev_tx_complete_next_err
 .text.netdev_tx_flush
                0x00000000000074cd       0x1d bin/blib.a(netdevice.o)
 .text.netdev_rx
                0x00000000000074ea       0x1b bin/blib.a(netdevice.o)
                0x00000000000074ea                netdev_rx
 .text.netdev_rx_err
                0x0000000000007505       0x1c bin/blib.a(netdevice.o)
                0x0000000000007505                netdev_rx_err
 .text.netdev_poll
                0x0000000000007521        0xd bin/blib.a(netdevice.o)
                0x0000000000007521                netdev_poll
 .text.netdev_rx_dequeue
                0x000000000000752e       0x1f bin/blib.a(netdevice.o)
                0x000000000000752e                netdev_rx_dequeue
 .text.netdev_rx_flush
                0x000000000000754d       0x20 bin/blib.a(netdevice.o)
 .text.free_netdev
                0x000000000000756d       0x22 bin/blib.a(netdevice.o)
 .text.alloc_netdev
                0x000000000000758f       0xf4 bin/blib.a(netdevice.o)
                0x000000000000758f                alloc_netdev
 .text.netdev_open
                0x0000000000007683       0x3f bin/blib.a(netdevice.o)
                0x0000000000007683                netdev_open
 .text.netdev_close
                0x00000000000076c2       0x6f bin/blib.a(netdevice.o)
                0x00000000000076c2                netdev_close
 .text.unregister_netdev
                0x0000000000007731       0x65 bin/blib.a(netdevice.o)
                0x0000000000007731                unregister_netdev
 .text.netdev_irq
                0x0000000000007796       0x2a bin/blib.a(netdevice.o)
                0x0000000000007796                netdev_irq
 .text.find_netdev_by_location
                0x00000000000077c0       0x28 bin/blib.a(netdevice.o)
                0x00000000000077c0                find_netdev_by_location
 .text.find_netdev_by_ll_addr
                0x00000000000077e8       0x3c bin/blib.a(netdevice.o)
                0x00000000000077e8                find_netdev_by_ll_addr
 .text.register_netdev
                0x0000000000007824      0x117 bin/blib.a(netdevice.o)
                0x0000000000007824                register_netdev
 .text.last_opened_netdev
                0x000000000000793b       0x14 bin/blib.a(netdevice.o)
                0x000000000000793b                last_opened_netdev
 .text.find_netdev
                0x000000000000794f       0x42 bin/blib.a(netdevice.o)
                0x000000000000794f                find_netdev
 .text.net_tx   0x0000000000007991       0x44 bin/blib.a(netdevice.o)
                0x0000000000007991                net_tx
 .text.net_rx   0x00000000000079d5       0x38 bin/blib.a(netdevice.o)
                0x00000000000079d5                net_rx
 .text.net_poll
                0x0000000000007a0d       0x97 bin/blib.a(netdevice.o)
                0x0000000000007a0d                net_poll
 .text.net_step
                0x0000000000007aa4        0x5 bin/blib.a(netdevice.o)
 .text.vlan_tag
                0x0000000000007aa9        0x3 bin/blib.a(netdevice.o)
                0x0000000000007aa9                vlan_tag
 .text.find_netdev_configurator
                0x0000000000007aac       0x2a bin/blib.a(netdevice.o)
                0x0000000000007aac                find_netdev_configurator
 .text.netdev_configure
                0x0000000000007ad6       0x59 bin/blib.a(netdevice.o)
                0x0000000000007ad6                netdev_configure
 .text.netdev_configure_all
                0x0000000000007b2f       0x37 bin/blib.a(netdevice.o)
                0x0000000000007b2f                netdev_configure_all
 .text.netdev_configuration_in_progress
                0x0000000000007b66       0x35 bin/blib.a(netdevice.o)
                0x0000000000007b66                netdev_configuration_in_progress
 .text.netdev_configuration_ok
                0x0000000000007b9b       0x32 bin/blib.a(netdevice.o)
                0x0000000000007b9b                netdev_configuration_ok
 .text.netdev_redirect_settings_init
                0x0000000000007bcd       0x11 bin/blib.a(netdev_settings.o)
 .text.netdev_redirect
                0x0000000000007bde       0x16 bin/blib.a(netdev_settings.o)
 .text.netdev_clear
                0x0000000000007bf4        0x5 bin/blib.a(netdev_settings.o)
 .text.netdev_fetch
                0x0000000000007bf9       0x6c bin/blib.a(netdev_settings.o)
 .text.netdev_fetch_chip
                0x0000000000007c65       0x1c bin/blib.a(netdev_settings.o)
 .text.netdev_fetch_bustype
                0x0000000000007c81       0x23 bin/blib.a(netdev_settings.o)
 .text.netdev_store_mac
                0x0000000000007ca4       0x2e bin/blib.a(netdev_settings.o)
 .text.netdev_fetch_mac
                0x0000000000007cd2       0x23 bin/blib.a(netdev_settings.o)
 .text.netdev_fetch_busid
                0x0000000000007cf5       0x43 bin/blib.a(netdev_settings.o)
 .text.netdev_fetch_busloc
                0x0000000000007d38       0x2a bin/blib.a(netdev_settings.o)
 .text.netdev_store
                0x0000000000007d62       0x7b bin/blib.a(netdev_settings.o)
 .text.null_open
                0x0000000000007ddd        0x6 bin/blib.a(nullnet.o)
 .text.null_close
                0x0000000000007de3        0x1 bin/blib.a(nullnet.o)
 .text.null_transmit
                0x0000000000007de4        0x6 bin/blib.a(nullnet.o)
 .text.null_poll
                0x0000000000007dea        0x1 bin/blib.a(nullnet.o)
 .text.null_irq
                0x0000000000007deb        0x1 bin/blib.a(nullnet.o)
 .text.rarp_ntoa
                0x0000000000007dec        0x6 bin/blib.a(rarp.o)
 .text.rarp_rx  0x0000000000007df2        0xa bin/blib.a(rarp.o)
 .text.start_timer
                0x0000000000007dfc       0x51 bin/blib.a(retry.o)
                0x0000000000007dfc                start_timer
 .text.start_timer_fixed
                0x0000000000007e4d       0x11 bin/blib.a(retry.o)
                0x0000000000007e4d                start_timer_fixed
 .text.stop_timer
                0x0000000000007e5e       0x50 bin/blib.a(retry.o)
                0x0000000000007e5e                stop_timer
 .text.retry_poll
                0x0000000000007eae       0x6f bin/blib.a(retry.o)
                0x0000000000007eae                retry_poll
 .text.retry_step
                0x0000000000007f1d        0x5 bin/blib.a(retry.o)
 .text.tcpip_rx
                0x0000000000007f22       0x49 bin/blib.a(tcpip.o)
                0x0000000000007f22                tcpip_rx
 .text.tcpip_tx
                0x0000000000007f6b       0x46 bin/blib.a(tcpip.o)
                0x0000000000007f6b                tcpip_tx
 .text.tcpip_mtu
                0x0000000000007fb1       0x42 bin/blib.a(tcpip.o)
                0x0000000000007fb1                tcpip_mtu
 .text.tcpip_chksum
                0x0000000000007ff3        0xe bin/blib.a(tcpip.o)
                0x0000000000007ff3                tcpip_chksum
 .text.tcpip_bind
                0x0000000000008001       0x6e bin/blib.a(tcpip.o)
                0x0000000000008001                tcpip_bind
 .text.udp_rx   0x000000000000806f      0x13e bin/blib.a(udp.o)
 .text.udp_close
                0x00000000000081ad       0x1e bin/blib.a(udp.o)
 .text.udp_xfer_alloc_iob
                0x00000000000081cb       0x15 bin/blib.a(udp.o)
 .text.udp_xfer_deliver
                0x00000000000081e0       0x9f bin/blib.a(udp.o)
 .text.udp_open_common
                0x000000000000827f       0xa4 bin/blib.a(udp.o)
 .text.udp_open
                0x0000000000008323        0x8 bin/blib.a(udp.o)
                0x0000000000008323                udp_open
 .text.udp_open_uri
                0x000000000000832b       0x50 bin/blib.a(udp.o)
 .text.udp_port_available
                0x000000000000837b       0x2a bin/blib.a(udp.o)
 .text.udp_open_promisc
                0x00000000000083a5        0xc bin/blib.a(udp.o)
                0x00000000000083a5                udp_open_promisc
 .text.http_open
                0x00000000000083b1        0xd bin/blib.a(http.o)
 .text.http_socket_window
                0x00000000000083be        0x4 bin/blib.a(httpcore.o)
 .text.http_xfer_window
                0x00000000000083c2        0xb bin/blib.a(httpcore.o)
 .text.http_acpi_describe
                0x00000000000083cd        0x3 bin/blib.a(httpcore.o)
 .text.http_rx_connection
                0x00000000000083d0       0x1b bin/blib.a(httpcore.o)
 .text.http_rx_transfer_encoding
                0x00000000000083eb       0x1e bin/blib.a(httpcore.o)
 .text.http_free
                0x0000000000008409       0x39 bin/blib.a(httpcore.o)
 .text.http_digest_param
                0x0000000000008442       0x3a bin/blib.a(httpcore.o)
 .text.http_rx_content_length
                0x000000000000847c       0xa8 bin/blib.a(httpcore.o)
 .text.http_rx_location
                0x0000000000008524       0x10 bin/blib.a(httpcore.o)
 .text.http_rx_response
                0x0000000000008534       0x5c bin/blib.a(httpcore.o)
 .text.http_digest_auth
                0x0000000000008590      0x255 bin/blib.a(httpcore.o)
 .text.http_socket_open
                0x00000000000087e5       0x62 bin/blib.a(httpcore.o)
 .text.http_close
                0x0000000000008847       0x39 bin/blib.a(httpcore.o)
 .text.http_rx_basic_auth
                0x0000000000008880       0x23 bin/blib.a(httpcore.o)
 .text.http_rx_retry_after
                0x00000000000088a3       0x3a bin/blib.a(httpcore.o)
 .text.http_rx_chunk_len
                0x00000000000088dd       0x6e bin/blib.a(httpcore.o)
 .text.http_rx_www_authenticate
                0x000000000000894b       0x50 bin/blib.a(httpcore.o)
 .text.http_rx_digest_auth
                0x000000000000899b       0x8d bin/blib.a(httpcore.o)
 .text.http_partial_read.part.13
                0x0000000000008a28        0x6 bin/blib.a(httpcore.o)
 .text.http_block_read_capacity
                0x0000000000008a2e       0x4f bin/blib.a(httpcore.o)
 .text.http_block_read
                0x0000000000008a7d       0x60 bin/blib.a(httpcore.o)
 .text.http_basic_auth.isra.16
                0x0000000000008add       0xaa bin/blib.a(httpcore.o)
 .text.http_post_params.isra.17
                0x0000000000008b87       0x89 bin/blib.a(httpcore.o)
 .text.http_done
                0x0000000000008c10       0x88 bin/blib.a(httpcore.o)
 .text.http_socket_close
                0x0000000000008c98        0xe bin/blib.a(httpcore.o)
 .text.http_rx_header
                0x0000000000008ca6       0xf4 bin/blib.a(httpcore.o)
 .text.http_socket_deliver
                0x0000000000008d9a      0x13a bin/blib.a(httpcore.o)
 .text.http_step
                0x0000000000008ed4      0x29b bin/blib.a(httpcore.o)
 .text.http_retry
                0x000000000000916f       0x50 bin/blib.a(httpcore.o)
 .text.http_open_filter
                0x00000000000091bf       0xe3 bin/blib.a(httpcore.o)
                0x00000000000091bf                http_open_filter
 .text.iscsi_tx_nothing
                0x00000000000092a2        0x3 bin/blib.a(iscsi.o)
 .text.iscsi_rx_discard
                0x00000000000092a5        0x5 bin/blib.a(iscsi.o)
 .text.iscsi_scsi_window
                0x00000000000092aa       0x1c bin/blib.a(iscsi.o)
 .text.iscsi_rx_bhs
                0x00000000000092c6       0x19 bin/blib.a(iscsi.o)
 .text.iscsi_vredirect
                0x00000000000092df       0x30 bin/blib.a(iscsi.o)
 .text.iscsi_tx_resume
                0x000000000000930f        0xa bin/blib.a(iscsi.o)
 .text.iscsi_start_data_out
                0x0000000000009319       0xcb bin/blib.a(iscsi.o)
 .text.iscsi_rx_buffered_data
                0x00000000000093e4       0x51 bin/blib.a(iscsi.o)
 .text.iscsi_handle_authmethod_value
                0x0000000000009435       0x1e bin/blib.a(iscsi.o)
 .text.iscsi_large_binary_decode
                0x0000000000009453       0x38 bin/blib.a(iscsi.o)
 .text.iscsi_handle_chap_r_value
                0x000000000000948b       0xd7 bin/blib.a(iscsi.o)
 .text.iscsi_handle_chap_c_value
                0x0000000000009562       0x76 bin/blib.a(iscsi.o)
 .text.iscsi_handle_chap_i_value
                0x00000000000095d8       0x7a bin/blib.a(iscsi.o)
 .text.iscsi_free
                0x0000000000009652       0x6b bin/blib.a(iscsi.o)
 .text.iscsi_build_login_request_strings
                0x00000000000096bd      0x150 bin/blib.a(iscsi.o)
 .text.iscsi_start_login
                0x000000000000980d       0x92 bin/blib.a(iscsi.o)
 .text.iscsi_scsi_command
                0x000000000000989f      0x117 bin/blib.a(iscsi.o)
 .text.iscsi_tx_data
                0x00000000000099b6       0xed bin/blib.a(iscsi.o)
 .text.iscsi_tx_bhs
                0x0000000000009aa3       0x13 bin/blib.a(iscsi.o)
 .text.iscsi_parse_root_path
                0x0000000000009ab6       0xb3 bin/blib.a(iscsi.o)
 .text.iscsi_close
                0x0000000000009b69       0x3a bin/blib.a(iscsi.o)
 .text.iscsi_socket_deliver
                0x0000000000009ba3      0x10b bin/blib.a(iscsi.o)
 .text.iscsi_command_close
                0x0000000000009cae       0x2e bin/blib.a(iscsi.o)
 .text.iscsi_tx_step
                0x0000000000009cdc       0xee bin/blib.a(iscsi.o)
 .text.iscsi_handle_chap_n_value
                0x0000000000009dca       0x1c bin/blib.a(iscsi.o)
 .text.iscsi_handle_chap_a_value
                0x0000000000009de6       0x1a bin/blib.a(iscsi.o)
 .text.iscsi_handle_targetaddress_value
                0x0000000000009e00       0x4f bin/blib.a(iscsi.o)
 .text.iscsi_open_connection
                0x0000000000009e4f       0x7e bin/blib.a(iscsi.o)
 .text.iscsi_open
                0x0000000000009ecd      0x1f6 bin/blib.a(iscsi.o)
 .text.iscsi_scsi_done.constprop.11
                0x000000000000a0c3       0x45 bin/blib.a(iscsi.o)
 .text.iscsi_rx_data
                0x000000000000a108      0x3d4 bin/blib.a(iscsi.o)
 .text.dhcp_discovery_tx
                0x000000000000a4dc       0x10 bin/blib.a(dhcp.o)
 .text.dhcp_deliver
                0x000000000000a4ec       0xf7 bin/blib.a(dhcp.o)
 .text.dhcp_pxebs_tx
                0x000000000000a5e3       0x42 bin/blib.a(dhcp.o)
 .text.dhcp_proxy_tx
                0x000000000000a625       0x2a bin/blib.a(dhcp.o)
 .text.dhcp_set_state
                0x000000000000a64f       0x46 bin/blib.a(dhcp.o)
 .text.dhcp_finished
                0x000000000000a695       0x24 bin/blib.a(dhcp.o)
 .text.dhcp_pxebs_rx
                0x000000000000a6b9       0x9f bin/blib.a(dhcp.o)
 .text.dhcp_timer_expired
                0x000000000000a758       0x1a bin/blib.a(dhcp.o)
 .text.dhcp_proxy_rx
                0x000000000000a772       0x4e bin/blib.a(dhcp.o)
 .text.dhcp_free
                0x000000000000a7c0       0x1b bin/blib.a(dhcp.o)
 .text.start_dhcp
                0x000000000000a7db       0xc8 bin/blib.a(dhcp.o)
                0x000000000000a7db                start_dhcp
 .text.dhcp_discovery_rx
                0x000000000000a8a3      0x12d bin/blib.a(dhcp.o)
 .text.dhcp_request_tx
                0x000000000000a9d0       0x44 bin/blib.a(dhcp.o)
 .text.dhcp_request_rx
                0x000000000000aa14       0xc9 bin/blib.a(dhcp.o)
 .text.dhcp_create_packet
                0x000000000000aadd       0xdb bin/blib.a(dhcp.o)
                0x000000000000aadd                dhcp_create_packet
 .text.dhcp_create_request
                0x000000000000abb8      0x14b bin/blib.a(dhcp.o)
                0x000000000000abb8                dhcp_create_request
 .text.dhcp_tx  0x000000000000ad03       0xf3 bin/blib.a(dhcp.o)
 .text.dhcp_pxebs_expired
                0x000000000000adf6       0x44 bin/blib.a(dhcp.o)
 .text.dhcp_discovery_expired
                0x000000000000ae3a       0x30 bin/blib.a(dhcp.o)
 .text.dhcp_request_expired
                0x000000000000ae6a        0x5 bin/blib.a(dhcp.o)
 .text.dhcp_proxy_expired
                0x000000000000ae6f       0x25 bin/blib.a(dhcp.o)
 .text.start_pxebs
                0x000000000000ae94      0x21e bin/blib.a(dhcp.o)
                0x000000000000ae94                start_pxebs
 .text.dns_label
                0x000000000000b0b2       0x4d bin/blib.a(dns.o)
 .text.dns_send_packet
                0x000000000000b0ff       0x26 bin/blib.a(dns.o)
 .text.dns_done
                0x000000000000b125       0x24 bin/blib.a(dns.o)
 .text.dns_xfer_close
                0x000000000000b149        0xe bin/blib.a(dns.o)
 .text.dns_timer_expired
                0x000000000000b157       0x16 bin/blib.a(dns.o)
 .text.dns_encode
                0x000000000000b16d       0x79 bin/blib.a(dns.o)
                0x000000000000b16d                dns_encode
 .text.apply_dns_settings
                0x000000000000b1e6       0xd2 bin/blib.a(dns.o)
 .text.dns_decode
                0x000000000000b2b8       0xae bin/blib.a(dns.o)
                0x000000000000b2b8                dns_decode
 .text.dns_compare
                0x000000000000b366       0xdd bin/blib.a(dns.o)
                0x000000000000b366                dns_compare
 .text.dns_copy
                0x000000000000b443       0x84 bin/blib.a(dns.o)
                0x000000000000b443                dns_copy
 .text.dns_question
                0x000000000000b4c7       0x79 bin/blib.a(dns.o)
 .text.dns_resolv
                0x000000000000b540      0x16b bin/blib.a(dns.o)
 .text.dns_skip
                0x000000000000b6ab       0x43 bin/blib.a(dns.o)
                0x000000000000b6ab                dns_skip
 .text.dns_skip_search
                0x000000000000b6ee       0x20 bin/blib.a(dns.o)
 .text.format_dnssl_setting
                0x000000000000b70e       0x6b bin/blib.a(dns.o)
 .text.dns_xfer_deliver
                0x000000000000b779      0x286 bin/blib.a(dns.o)
 .text.tftp_xfer_window
                0x000000000000b9ff        0x4 bin/blib.a(tftp.o)
 .text.tftp_reopen
                0x000000000000ba03       0x57 bin/blib.a(tftp.o)
 .text.tftp_reopen_mc
                0x000000000000ba5a       0x23 bin/blib.a(tftp.o)
 .text.tftp_process_multicast
                0x000000000000ba7d       0xec bin/blib.a(tftp.o)
 .text.tftp_send_packet
                0x000000000000bb69      0x158 bin/blib.a(tftp.o)
 .text.tftp_done
                0x000000000000bcc1       0x2e bin/blib.a(tftp.o)
 .text.tftp_core_open
                0x000000000000bcef      0x101 bin/blib.a(tftp.o)
 .text.mtftp_open
                0x000000000000bdf0       0x12 bin/blib.a(tftp.o)
 .text.tftm_open
                0x000000000000be02        0xf bin/blib.a(tftp.o)
 .text.tftpsize_open
                0x000000000000be11        0xf bin/blib.a(tftp.o)
 .text.tftp_open
                0x000000000000be20        0xf bin/blib.a(tftp.o)
 .text.tftp_timer_expired
                0x000000000000be2f       0x84 bin/blib.a(tftp.o)
 .text.tftp_free
                0x000000000000beb3       0x1b bin/blib.a(tftp.o)
 .text.tftp_apply_settings
                0x000000000000bece       0x71 bin/blib.a(tftp.o)
 .text.tftp_process_tsize
                0x000000000000bf3f       0x27 bin/blib.a(tftp.o)
 .text.tftp_process_blksize
                0x000000000000bf66       0x27 bin/blib.a(tftp.o)
 .text.tftp_presize.part.7
                0x000000000000bf8d       0x32 bin/blib.a(tftp.o)
 .text.tftp_send_error.constprop.9
                0x000000000000bfbf       0x72 bin/blib.a(tftp.o)
 .text.tftp_rx  0x000000000000c031      0x293 bin/blib.a(tftp.o)
 .text.tftp_socket_deliver
                0x000000000000c2c4        0x9 bin/blib.a(tftp.o)
 .text.elf_load
                0x000000000000c2cd      0x141 bin/blib.a(elf.o)
                0x000000000000c2cd                elf_load
 .text.embedded_init
                0x000000000000c40e       0x19 bin/blib.a(embedded.o)
 .text.terminate_on_label_found
                0x000000000000c427        0x9 bin/blib.a(script.o)
 .text.prompt_exec
                0x000000000000c430       0x54 bin/blib.a(script.o)
 .text.process_script
                0x000000000000c484      0x15d bin/blib.a(script.o)
 .text.script_exec
                0x000000000000c5e1       0x3c bin/blib.a(script.o)
 .text.terminate_on_exit_or_failure
                0x000000000000c61d       0x21 bin/blib.a(script.o)
 .text.script_exec_line
                0x000000000000c63e        0xc bin/blib.a(script.o)
 .text.script_probe
                0x000000000000c64a       0x63 bin/blib.a(script.o)
 .text.goto_exec
                0x000000000000c6ad       0x85 bin/blib.a(script.o)
 .text.goto_find_label
                0x000000000000c732       0x2c bin/blib.a(script.o)
 .text.prep_segment
                0x000000000000c75e       0x81 bin/blib.a(segment.o)
                0x000000000000c75e                prep_segment
 .text.pci_bar  0x000000000000c7df       0x4a bin/blib.a(pci.o)
 .text.adjust_pci_device
                0x000000000000c829       0x54 bin/blib.a(pci.o)
                0x000000000000c829                adjust_pci_device
 .text.pci_read_config
                0x000000000000c87d      0x140 bin/blib.a(pci.o)
                0x000000000000c87d                pci_read_config
 .text.pci_find_next
                0x000000000000c9bd       0x55 bin/blib.a(pci.o)
                0x000000000000c9bd                pci_find_next
 .text.pci_find_driver
                0x000000000000ca12       0x5d bin/blib.a(pci.o)
                0x000000000000ca12                pci_find_driver
 .text.pci_probe
                0x000000000000ca6f        0x7 bin/blib.a(pci.o)
                0x000000000000ca6f                pci_probe
 .text.pci_remove
                0x000000000000ca76        0x7 bin/blib.a(pci.o)
                0x000000000000ca76                pci_remove
 .text.pcibus_remove
                0x000000000000ca7d       0x3f bin/blib.a(pci.o)
 .text.pcibus_probe
                0x000000000000cabc       0x86 bin/blib.a(pci.o)
 .text.pci_settings_applies
                0x000000000000cb42        0xd bin/blib.a(pci_settings.o)
 .text.pci_settings_init
                0x000000000000cb4f       0x11 bin/blib.a(pci_settings.o)
 .text.pci_settings_fetch
                0x000000000000cb60       0x7e bin/blib.a(pci_settings.o)
 .text.vp_find_vq
                0x000000000000cbde       0xf1 bin/blib.a(virtio-pci.o)
                0x000000000000cbde                vp_find_vq
 .text.vring_detach
                0x000000000000cccf       0x32 bin/blib.a(virtio-ring.o)
                0x000000000000cccf                vring_detach
 .text.vring_get_buf
                0x000000000000cd01       0x72 bin/blib.a(virtio-ring.o)
                0x000000000000cd01                vring_get_buf
 .text.vring_add_buf
                0x000000000000cd73      0x122 bin/blib.a(virtio-ring.o)
                0x000000000000cd73                vring_add_buf
 .text.vring_kick
                0x000000000000ce95       0x2f bin/blib.a(virtio-ring.o)
                0x000000000000ce95                vring_kick
 .text.ibft_set_ipaddr_setting
                0x000000000000cec4       0x64 bin/blib.a(ibft.o)
 .text.ibft_set_string
                0x000000000000cf28       0x49 bin/blib.a(ibft.o)
 .text.ibft_describe
                0x000000000000cf71      0x30e bin/blib.a(ibft.o)
                0x000000000000cf71                ibft_describe
 .text.scsicmd_read_capacity_cmd
                0x000000000000d27f       0x32 bin/blib.a(scsi.o)
 .text.scsicmd_test_unit_ready_cmd
                0x000000000000d2b1        0x5 bin/blib.a(scsi.o)
 .text.scsicmd_close
                0x000000000000d2b6       0x1a bin/blib.a(scsi.o)
 .text.scsidev_close
                0x000000000000d2d0       0x69 bin/blib.a(scsi.o)
 .text.scsicmd_write_cmd
                0x000000000000d339       0x54 bin/blib.a(scsi.o)
 .text.scsicmd_read_cmd
                0x000000000000d38d       0x54 bin/blib.a(scsi.o)
 .text.scsicmd_free
                0x000000000000d3e1       0x1e bin/blib.a(scsi.o)
 .text.scsi_response
                0x000000000000d3ff       0x2f bin/blib.a(scsi.o)
                0x000000000000d3ff                scsi_response
 .text.scsi_command
                0x000000000000d42e       0x40 bin/blib.a(scsi.o)
                0x000000000000d42e                scsi_command
 .text.scsicmd_command
                0x000000000000d46e       0x4b bin/blib.a(scsi.o)
 .text.scsicmd_read_capacity_done
                0x000000000000d4b9       0x91 bin/blib.a(scsi.o)
 .text.scsidev_command
                0x000000000000d54a       0xbb bin/blib.a(scsi.o)
 .text.scsidev_read_capacity
                0x000000000000d605       0x15 bin/blib.a(scsi.o)
 .text.scsidev_write
                0x000000000000d61a        0xc bin/blib.a(scsi.o)
 .text.scsidev_read
                0x000000000000d626        0xc bin/blib.a(scsi.o)
 .text.scsicmd_done
                0x000000000000d632       0x3a bin/blib.a(scsi.o)
 .text.scsidev_window
                0x000000000000d66c       0x11 bin/blib.a(scsi.o)
 .text.scsidev_ready
                0x000000000000d67d       0x2b bin/blib.a(scsi.o)
 .text.scsidev_step
                0x000000000000d6a8       0x42 bin/blib.a(scsi.o)
 .text.scsicmd_response
                0x000000000000d6ea       0x20 bin/blib.a(scsi.o)
 .text.scsi_parse_lun
                0x000000000000d70a       0x5f bin/blib.a(scsi.o)
                0x000000000000d70a                scsi_parse_lun
 .text.scsi_parse_sense
                0x000000000000d769       0x39 bin/blib.a(scsi.o)
                0x000000000000d769                scsi_parse_sense
 .text.scsi_open
                0x000000000000d7a2       0xa3 bin/blib.a(scsi.o)
                0x000000000000d7a2                scsi_open
 .text.smbios_applies
                0x000000000000d845        0xd bin/blib.a(smbios_settings.o)
 .text.smbios_init
                0x000000000000d852       0x11 bin/blib.a(smbios_settings.o)
 .text.smbios_fetch
                0x000000000000d863      0x102 bin/blib.a(smbios_settings.o)
 .text.chap_init
                0x000000000000d965       0x37 bin/blib.a(chap.o)
                0x000000000000d965                chap_init
 .text.chap_update
                0x000000000000d99c        0xf bin/blib.a(chap.o)
                0x000000000000d99c                chap_update
 .text.chap_respond
                0x000000000000d9ab       0x10 bin/blib.a(chap.o)
                0x000000000000d9ab                chap_respond
 .text.chap_finish
                0x000000000000d9bb       0x16 bin/blib.a(chap.o)
                0x000000000000d9bb                chap_finish
 .text.md5_f_0_15
                0x000000000000d9d1       0x10 bin/blib.a(md5.o)
 .text.md5_f_16_31
                0x000000000000d9e1       0x10 bin/blib.a(md5.o)
 .text.md5_f_32_47
                0x000000000000d9f1        0xc bin/blib.a(md5.o)
 .text.md5_f_48_63
                0x000000000000d9fd        0xe bin/blib.a(md5.o)
 .text.md5_init
                0x000000000000da0b       0x23 bin/blib.a(md5.o)
 .text.md5_update
                0x000000000000da2e       0xc6 bin/blib.a(md5.o)
 .text.md5_final
                0x000000000000daf4       0x5a bin/blib.a(md5.o)
 .text.strerror
                0x000000000000db4e       0x6c bin/blib.a(strerror.o)
                0x000000000000db4e                strerror
 .text.autoboot_exec
                0x000000000000dbba        0xa bin/blib.a(autoboot_cmd.o)
 .text.autoboot_payload
                0x000000000000dbc4        0x5 bin/blib.a(autoboot_cmd.o)
 .text.config_exec
                0x000000000000dbc9       0x69 bin/blib.a(config_cmd.o)
 .text.pxebs_exec
                0x000000000000dc32       0x80 bin/blib.a(dhcp_cmd.o)
 .text.ifstat_payload
                0x000000000000dcb2        0x8 bin/blib.a(ifmgmt_cmd.o)
 .text.ifclose_payload
                0x000000000000dcba        0x8 bin/blib.a(ifmgmt_cmd.o)
 .text.ifopen_payload
                0x000000000000dcc2        0x5 bin/blib.a(ifmgmt_cmd.o)
 .text.ifconf_payload
                0x000000000000dcc7       0x1d bin/blib.a(ifmgmt_cmd.o)
 .text.ifcommon_exec
                0x000000000000dce4       0xae bin/blib.a(ifmgmt_cmd.o)
                0x000000000000dce4                ifcommon_exec
 .text.ifstat_exec
                0x000000000000dd92        0xa bin/blib.a(ifmgmt_cmd.o)
 .text.ifclose_exec
                0x000000000000dd9c        0xa bin/blib.a(ifmgmt_cmd.o)
 .text.ifopen_exec
                0x000000000000dda6        0xa bin/blib.a(ifmgmt_cmd.o)
 .text.ifconf_exec
                0x000000000000ddb0        0xa bin/blib.a(ifmgmt_cmd.o)
                0x000000000000ddb0                ifconf_exec
 .text.image_clear_cmdline
                0x000000000000ddba        0x7 bin/blib.a(image_cmd.o)
 .text.imgsingle_exec
                0x000000000000ddc1      0x141 bin/blib.a(image_cmd.o)
 .text.imgargs_exec
                0x000000000000df02        0xa bin/blib.a(image_cmd.o)
 .text.imgexec_exec
                0x000000000000df0c        0xa bin/blib.a(image_cmd.o)
 .text.imgselect_exec
                0x000000000000df16        0xa bin/blib.a(image_cmd.o)
 .text.imgfetch_exec
                0x000000000000df20        0xa bin/blib.a(image_cmd.o)
 .text.imgselect
                0x000000000000df2a        0x5 bin/blib.a(image_cmd.o)
 .text.imgmulti_exec
                0x000000000000df2f       0x94 bin/blib.a(image_cmd.o)
 .text.imgfree_exec
                0x000000000000dfc3        0xa bin/blib.a(image_cmd.o)
 .text.imgstat_exec
                0x000000000000dfcd        0xa bin/blib.a(image_cmd.o)
 .text.imgexec  0x000000000000dfd7       0x28 bin/blib.a(image_cmd.o)
 .text.login_exec
                0x000000000000dfff       0x39 bin/blib.a(login_cmd.o)
 .text.choose_exec
                0x000000000000e038       0xbd bin/blib.a(menu_cmd.o)
 .text.item_exec
                0x000000000000e0f5       0xb4 bin/blib.a(menu_cmd.o)
 .text.menu_exec
                0x000000000000e1a9       0x67 bin/blib.a(menu_cmd.o)
 .text.clear_value
                0x000000000000e210        0x9 bin/blib.a(nvo_cmd.o)
 .text.inc_exec
                0x000000000000e219       0xd0 bin/blib.a(nvo_cmd.o)
 .text.read_value
                0x000000000000e2e9       0x32 bin/blib.a(nvo_cmd.o)
 .text.set_core_exec
                0x000000000000e31b       0x96 bin/blib.a(nvo_cmd.o)
 .text.read_exec
                0x000000000000e3b1       0x10 bin/blib.a(nvo_cmd.o)
 .text.clear_exec
                0x000000000000e3c1       0x10 bin/blib.a(nvo_cmd.o)
 .text.set_exec
                0x000000000000e3d1       0x10 bin/blib.a(nvo_cmd.o)
 .text.set_value
                0x000000000000e3e1       0x1b bin/blib.a(nvo_cmd.o)
 .text.show_exec
                0x000000000000e3fc       0xa7 bin/blib.a(nvo_cmd.o)
 .text.reboot_exec
                0x000000000000e4a3       0x23 bin/blib.a(reboot_cmd.o)
 .text.route_exec
                0x000000000000e4c6       0x25 bin/blib.a(route_cmd.o)
 .text.sanboot_core_exec
                0x000000000000e4eb       0x9a bin/blib.a(sanboot_cmd.o)
 .text.sanunhook_exec
                0x000000000000e585        0xf bin/blib.a(sanboot_cmd.o)
 .text.sanboot_exec
                0x000000000000e594        0xf bin/blib.a(sanboot_cmd.o)
 .text.sanhook_exec
                0x000000000000e5a3        0xf bin/blib.a(sanboot_cmd.o)
 .text.sync_exec
                0x000000000000e5b2       0x3b bin/blib.a(sync_cmd.o)
 .text.login_ui
                0x000000000000e5ed      0x239 bin/blib.a(login_ui.o)
                0x000000000000e5ed                login_ui
 .text.draw_menu_item
                0x000000000000e826      0x190 bin/blib.a(menu_ui.o)
 .text.draw_menu_items
                0x000000000000e9b6       0xee bin/blib.a(menu_ui.o)
 .text.show_menu
                0x000000000000eaa4      0x377 bin/blib.a(menu_ui.o)
                0x000000000000eaa4                show_menu
 .text.clearmsg
                0x000000000000ee1b       0x18 bin/blib.a(settings_ui.o)
 .text.vmsg     0x000000000000ee33       0x5b bin/blib.a(settings_ui.o)
 .text.msg      0x000000000000ee8e       0x12 bin/blib.a(settings_ui.o)
 .text.string_copy
                0x000000000000eea0       0x2d bin/blib.a(settings_ui.o)
 .text.draw_setting_row
                0x000000000000eecd      0x107 bin/blib.a(settings_ui.o)
 .text.select_setting_row
                0x000000000000efd4      0x138 bin/blib.a(settings_ui.o)
 .text.reveal_setting_row.part.1
                0x000000000000f10c       0xde bin/blib.a(settings_ui.o)
 .text.init_widget
                0x000000000000f1ea       0x9b bin/blib.a(settings_ui.o)
 .text.colour_set.constprop.2
                0x000000000000f285        0xe bin/blib.a(settings_ui.o)
 .text.alert    0x000000000000f293       0x4e bin/blib.a(settings_ui.o)
 .text.main_loop
                0x000000000000f2e1      0x355 bin/blib.a(settings_ui.o)
 .text.settings_ui
                0x000000000000f636       0x30 bin/blib.a(settings_ui.o)
                0x000000000000f636                settings_ui
 .text.wclrtoeol
                0x000000000000f666       0x31 bin/blib.a(clear.o)
                0x000000000000f666                wclrtoeol
 .text.erase    0x000000000000f697       0x14 bin/blib.a(clear.o)
                0x000000000000f697                erase
 .text._wupdcurs
                0x000000000000f6ab       0x16 bin/blib.a(mucurses.o)
 .text._wputch  0x000000000000f6c1       0x4e bin/blib.a(mucurses.o)
                0x000000000000f6c1                _wputch
 .text._wputc   0x000000000000f70f        0xb bin/blib.a(mucurses.o)
                0x000000000000f70f                _wputc
 .text._wputstr
                0x000000000000f71a       0x2f bin/blib.a(mucurses.o)
                0x000000000000f71a                _wputstr
 .text.wmove    0x000000000000f749       0x1f bin/blib.a(mucurses.o)
                0x000000000000f749                wmove
 .text.curs_set
                0x000000000000f768       0x10 bin/blib.a(mucurses.o)
                0x000000000000f768                curs_set
 .text._printw_handler
                0x000000000000f778        0xd bin/blib.a(print.o)
 .text.waddnstr
                0x000000000000f785        0xb bin/blib.a(print.o)
                0x000000000000f785                waddnstr
 .text.vw_printw
                0x000000000000f790       0x1b bin/blib.a(print.o)
                0x000000000000f790                vw_printw
 .text.wprintw  0x000000000000f7ab       0x12 bin/blib.a(print.o)
                0x000000000000f7ab                wprintw
 .text.wattroff
                0x000000000000f7bd        0x8 bin/blib.a(winattrs.o)
                0x000000000000f7bd                wattroff
 .text.wattron  0x000000000000f7c5        0x6 bin/blib.a(winattrs.o)
                0x000000000000f7c5                wattron
 .text.wattrset
                0x000000000000f7cb       0x11 bin/blib.a(winattrs.o)
                0x000000000000f7cb                wattrset
 .text.wcolour_set
                0x000000000000f7dc       0x1f bin/blib.a(winattrs.o)
                0x000000000000f7dc                wcolour_set
 .text.initscr  0x000000000000f7fb       0x33 bin/blib.a(wininit.o)
                0x000000000000f7fb                initscr
 .text.endwin   0x000000000000f82e       0x5a bin/blib.a(wininit.o)
                0x000000000000f82e                endwin
 .text.init_editbox
                0x000000000000f888       0x55 bin/blib.a(editbox.o)
                0x000000000000f888                init_editbox
 .text.draw_editbox
                0x000000000000f8dd       0xef bin/blib.a(editbox.o)
                0x000000000000f8dd                draw_editbox
 .text.is_autoboot_busloc
                0x000000000000f9cc       0x1f bin/blib.a(autoboot.o)
 .text.shell_banner
                0x000000000000f9eb       0x28 bin/blib.a(autoboot.o)
 .text.uriboot  0x000000000000fa13      0x155 bin/blib.a(autoboot.o)
                0x000000000000fa13                uriboot
 .text.fetch_next_server_and_filename
                0x000000000000fb68       0xe5 bin/blib.a(autoboot.o)
                0x000000000000fb68                fetch_next_server_and_filename
 .text.netboot  0x000000000000fc4d      0x22a bin/blib.a(autoboot.o)
                0x000000000000fc4d                netboot
 .text.set_autoboot_busloc
                0x000000000000fe77       0x16 bin/blib.a(autoboot.o)
                0x000000000000fe77                set_autoboot_busloc
 .text.ipxe     0x000000000000fe8d       0xca bin/blib.a(autoboot.o)
                0x000000000000fe8d                ipxe
 .text.pxebs    0x000000000000ff57       0x3b bin/blib.a(dhcpmgmt.o)
                0x000000000000ff57                pxebs
 .text.ifpoller_progress
                0x000000000000ff92        0x6 bin/blib.a(ifmgmt.o)
 .text.ifstat_errors
                0x000000000000ff98       0x36 bin/blib.a(ifmgmt.o)
 .text.ifconf_progress
                0x000000000000ffce       0x4f bin/blib.a(ifmgmt.o)
 .text.iflinkwait_progress
                0x000000000001001d       0x16 bin/blib.a(ifmgmt.o)
 .text.ifopen   0x0000000000010033       0x2b bin/blib.a(ifmgmt.o)
                0x0000000000010033                ifopen
 .text.ifclose  0x000000000001005e        0x5 bin/blib.a(ifmgmt.o)
                0x000000000001005e                ifclose
 .text.ifstat   0x0000000000010063       0xc3 bin/blib.a(ifmgmt.o)
                0x0000000000010063                ifstat
 .text.iflinkwait
                0x0000000000010126       0x6d bin/blib.a(ifmgmt.o)
                0x0000000000010126                iflinkwait
 .text.ifconf   0x0000000000010193       0xe8 bin/blib.a(ifmgmt.o)
                0x0000000000010193                ifconf
 .text.imgdownload
                0x000000000001027b       0xec bin/blib.a(imgmgmt.o)