Archive member included because of file (symbol)

bin/blib.a(intel.o)           (obj_intel)
bin/blib.a(nvs.o)             bin/blib.a(intel.o) (nvs_read)
bin/blib.a(config.o)          (obj_config)
bin/blib.a(bios_console.o)    bin/blib.a(config.o) (obj_bios_console)
bin/blib.a(bzimage.o)         bin/blib.a(config.o) (obj_bzimage)
bin/blib.a(elfboot.o)         bin/blib.a(config.o) (obj_elfboot)
bin/blib.a(initrd.o)          bin/blib.a(bzimage.o) (initrd_reshuffle)
bin/blib.a(multiboot.o)       bin/blib.a(config.o) (obj_multiboot)
bin/blib.a(pxe_image.o)       bin/blib.a(config.o) (obj_pxe_image)
bin/blib.a(pxe_call.o)        bin/blib.a(pxe_image.o) (pxe_activate)
bin/blib.a(pxe_file.o)        bin/blib.a(pxe_call.o) (obj_pxe_file)
bin/blib.a(pxe_loader.o)      bin/blib.a(pxe_call.o) (undi_loader)
bin/blib.a(pxe_preboot.o)     bin/blib.a(pxe_call.o) (obj_pxe_preboot)
bin/blib.a(pxe_tftp.o)        bin/blib.a(pxe_preboot.o) (pxenv_tftp_read_file)
bin/blib.a(pxe_udp.o)         bin/blib.a(pxe_call.o) (obj_pxe_udp)
bin/blib.a(pxe_undi.o)        bin/blib.a(pxe_preboot.o) (pxe_netdev)
bin/blib.a(x86_string.o)      bin/blib.a(bzimage.o) (__memcpy)
bin/blib.a(cpuid_cmd.o)       bin/blib.a(config.o) (obj_cpuid_cmd)
bin/blib.a(setjmp.o)          bin/blib.a(pxe_call.o) (setjmp)
bin/blib.a(virtaddr.o)        bin/blib.a(elfboot.o) (_virt_to_phys)
bin/blib.a(librm.o)           bin/blib.a(pxe_call.o) (rm_cs)
bin/blib.a(libprefix.o)       bin/blib.a(pxe_preboot.o) (hooked_bios_interrupts)
bin/blib.a(mromprefix.o)      (_mrom_start)
bin/blib.a(unnrv2b16.o)       bin/blib.a(libprefix.o) (decompress16)
bin/blib.a(pxe_entry.o)       bin/blib.a(pxe_call.o) (ppxe)
bin/blib.a(ansiesc.o)         bin/blib.a(bios_console.o) (ansiesc_process)
bin/blib.a(console.o)         bin/blib.a(pxe_image.o) (console_configure)
bin/blib.a(cpio.o)            bin/blib.a(bzimage.o) (cpio_set_field)
bin/blib.a(device.o)          bin/blib.a(pxe_call.o) (device_keep_count)
bin/blib.a(exec.o)            bin/blib.a(pxe_file.o) (system)
bin/blib.a(getopt.o)          bin/blib.a(cpuid_cmd.o) (optind)
bin/blib.a(image.o)           bin/blib.a(bzimage.o) (unregister_image)
bin/blib.a(init.o)            bin/blib.a(pxe_loader.o) (initialise)
bin/blib.a(interface.o)       bin/blib.a(pxe_tftp.o) (null_intf)
bin/blib.a(iobuf.o)           bin/blib.a(intel.o) (alloc_iob)
bin/blib.a(list.o)            bin/blib.a(device.o) (extern_list_add)
bin/blib.a(main.o)            bin/blib.a(mromprefix.o) (main)
bin/blib.a(malloc.o)          bin/blib.a(intel.o) (alloc_memblock)
bin/blib.a(memblock.o)        bin/blib.a(initrd.o) (largest_memblock)
bin/blib.a(misc.o)            bin/blib.a(bzimage.o) (strtoul)
bin/blib.a(open.o)            bin/blib.a(pxe_tftp.o) (xfer_open_uri_string)
bin/blib.a(parseopt.o)        bin/blib.a(cpuid_cmd.o) (parse_integer)
bin/blib.a(posix_io.o)        bin/blib.a(pxe_file.o) (open)
bin/blib.a(process.o)         bin/blib.a(pxe_tftp.o) (step)
bin/blib.a(refcnt.o)          bin/blib.a(bzimage.o) (ref_increment)
bin/blib.a(settings.o)        bin/blib.a(parseopt.o) (find_settings)
bin/blib.a(string.o)          bin/blib.a(settings.o) (strncpy)
bin/blib.a(timer.o)           bin/blib.a(intel.o) (mdelay)
bin/blib.a(uri.o)             bin/blib.a(open.o) (parse_uri)
bin/blib.a(uuid.o)            bin/blib.a(settings.o) (uuid_ntoa)
bin/blib.a(vsprintf.o)        bin/blib.a(multiboot.o) (snprintf)
bin/blib.a(xfer.o)            bin/blib.a(pxe_tftp.o) (xfer_deliver)
bin/blib.a(arp.o)             bin/blib.a(pxe_undi.o) (arp_protocol)
bin/blib.a(ethernet.o)        bin/blib.a(intel.o) (alloc_etherdev)
bin/blib.a(eth_slow.o)        bin/blib.a(ethernet.o) (obj_eth_slow)
bin/blib.a(fakedhcp.o)        bin/blib.a(pxe_preboot.o) (create_fakedhcpdiscover)
bin/blib.a(ipv4.o)            bin/blib.a(pxe_undi.o) (ipv4_protocol)
bin/blib.a(neighbour.o)       bin/blib.a(ipv4.o) (neighbour_tx)
bin/blib.a(netdevice.o)       bin/blib.a(ipv4.o) (net_devices)
bin/blib.a(netdev_settings.o)
                              bin/blib.a(netdevice.o) (netdev_settings_operations)
bin/blib.a(nullnet.o)         bin/blib.a(intel.o) (null_netdev_operations)
bin/blib.a(rarp.o)            bin/blib.a(pxe_undi.o) (rarp_protocol)
bin/blib.a(retry.o)           bin/blib.a(neighbour.o) (start_timer)
bin/blib.a(tcpip.o)           bin/blib.a(ipv4.o) (tcpip_rx)
bin/blib.a(udp.o)             bin/blib.a(pxe_udp.o) (udp_open_promisc)
bin/blib.a(http.o)            bin/blib.a(config.o) (obj_http)
bin/blib.a(httpcore.o)        bin/blib.a(http.o) (http_open_filter)
bin/blib.a(iscsi.o)           bin/blib.a(config.o) (obj_iscsi)
bin/blib.a(dhcp.o)            bin/blib.a(fakedhcp.o) (dhcp_last_xid)
bin/blib.a(dns.o)             bin/blib.a(config.o) (obj_dns)
bin/blib.a(tftp.o)            bin/blib.a(config.o) (obj_tftp)
bin/blib.a(elf.o)             bin/blib.a(elfboot.o) (elf_load)
bin/blib.a(embedded.o)        bin/blib.a(config.o) (obj_embedded)
bin/blib.a(script.o)          bin/blib.a(config.o) (obj_script)
[...]
Memory Configuration

Name             Origin             Length             Attributes
*default*        0x0000000000000000 0xffffffffffffffff

Linker script and memory map

                0x0000000000000010                PROVIDE (_max_align, 0x10)

.prefix         0x0000000000000000      0x84b
                0x0000000000000000                _prefix = .
 *(.prefix)
 .prefix        0x0000000000000000      0x496 bin/blib.a(mromprefix.o)
                0x0000000000000000                _mrom_start
                0x0000000000000083                undiheader
                0x000000000000036d                image_source
                0x0000000000000373                decompress_to
 *(.prefix.*)
 .prefix.lib    0x0000000000000496      0x2c4 bin/blib.a(libprefix.o)
                0x0000000000000496                print_character
                0x00000000000004b5                print_message
                0x00000000000004c2                print_hex_dword
                0x00000000000004cd                print_hex_word
                0x00000000000004d4                print_hex_byte
                0x00000000000004dd                print_hex_nibble
                0x00000000000004ea                print_pci_busdevfn
                0x000000000000050b                print_kill_line
                0x00000000000005f4                alloc_basemem
                0x0000000000000617                install
                0x0000000000000634                install_prealloc
 .prefix.data   0x000000000000075a       0x56 bin/blib.a(libprefix.o)
 .prefix.lib    0x00000000000007b0       0x9b bin/blib.a(unnrv2b16.o)
                0x00000000000007b0                decompress16
                0x000000000000084b                _mprefix = .

.bss.prefix     0x000000000000084b        0x0 load address 0x000000000001ad30
                0x000000000000084b                _eprefix = .
                0x000000000000084b                _prefix_filesz = (ABSOLUTE (_mprefix) - ABSOLUTE (_prefix))
                0x000000000000084b                _prefix_memsz = (ABSOLUTE (_eprefix) - ABSOLUTE (_prefix))

.text16.early   0x0000000000000000      0x2ac load address 0x0000000000000850
                0x0000000000000000                _text16 = .
 *(.text16.null)
 .text16.null   0x0000000000000000        0x3 bin/blib.a(pxe_entry.o)
 *(.text16.null.*)
                0x0000000000000004                . = (. + 0x1)
 *fill*         0x0000000000000003        0x1 00
 *(.text16.early)
 .text16.early  0x0000000000000004      0x1b0 bin/blib.a(mromprefix.o)
                0x0000000000000004                open_payload
                0x0000000000000109                close_payload
 .text16.early  0x00000000000001b4       0xe5 bin/blib.a(liba20.o)
                0x000000000000024b                enable_a20
                0x0000000000000295                access_highmem
 *(.text16.early.*)
 .text16.early.data
                0x0000000000000299       0x10 bin/blib.a(mromprefix.o)
 *fill*         0x00000000000002a9        0x1 00
 .text16.early.data
                0x00000000000002aa        0x2 bin/blib.a(liba20.o)
                0x00000000000002ac                _etext16_early = .

.text16.late    0x00000000000002b0      0x6ac load address 0x0000000000000c40
                0x00000000000002b0                _text16_late = .
 *(.text16)
 .text16        0x00000000000002b0       0x3a bin/blib.a(bios_console.o)
 .text16        0x00000000000002ea       0x11 bin/blib.a(bzimage.o)
 .text16        0x00000000000002fb       0x11 bin/blib.a(pxe_call.o)
 .text16        0x000000000000030c      0x17f bin/blib.a(librm.o)
                0x000000000000030c                init_librm
                0x00000000000003fa                rm_cs
                0x000000000000040f                prot_call
                0x0000000000000469                flatten_real_mode
 .text16        0x000000000000048b       0x34 bin/blib.a(libprefix.o)
                0x000000000000048b                free_basemem
                0x00000000000004bb                uninstall
 .text16        0x00000000000004bf       0x2b bin/blib.a(mromprefix.o)
 .text16        0x00000000000004ea       0x65 bin/blib.a(pxe_entry.o)
                0x0000000000000521                pxe_int_1a
 .text16        0x000000000000054f        0x7 bin/blib.a(librm_mgmt.o)
 .text16        0x0000000000000556       0x13 bin/blib.a(memmap.o)
 .text16        0x0000000000000569        0x6 bin/blib.a(bios_reboot.o)
 .text16        0x000000000000056f       0x6a bin/blib.a(int13.o)
 .text16        0x00000000000005d9       0x1e bin/blib.a(pcibios.o)
 .text16        0x00000000000005f7       0x55 bin/blib.a(bootsector.o)
 .text16        0x000000000000064c      0x25d bin/blib.a(e820mangler.o)
                0x0000000000000881                int15
 .text16        0x00000000000008a9        0x9 bin/blib.a(patch_cf.o)
                0x00000000000008a9                patch_cf
 *(.text16.*)
 .text16.data   0x00000000000008b2        0x8 bin/blib.a(librm.o)
                0x00000000000008b2                rm_ds
 .text16.data   0x00000000000008ba        0x2 bin/blib.a(libprefix.o)
                0x00000000000008ba                hooked_bios_interrupts
 *fill*         0x00000000000008bc        0x4 00
 .text16.data   0x00000000000008c0       0x90 bin/blib.a(pxe_entry.o)
                0x00000000000008c0                ppxe
                0x0000000000000920                pxenv
                0x000000000000094c                pxe_int_1a_vector
 .text16.data   0x0000000000000950        0x8 bin/blib.a(int13.o)
 .text16.data   0x0000000000000958        0x4 bin/blib.a(e820mangler.o)
                0x0000000000000958                int15_vector
                0x000000000000095c                _mtext16 = .

.bss.text16     0x000000000000095c        0x0 load address 0x000000000001ad30
                0x000000000000095c                _etext16 = .
                0x00000000000002ac                _text16_early_filesz = (ABSOLUTE (_etext16_early) - ABSOLUTE (_text16))
                0x00000000000002ac                _text16_early_memsz = (ABSOLUTE (_etext16_early) - ABSOLUTE (_text16))
                0x00000000000006ac                _text16_late_filesz = (ABSOLUTE (_mtext16) - ABSOLUTE (_text16_late))
                0x00000000000006ac                _text16_late_memsz = (ABSOLUTE (_etext16) - ABSOLUTE (_text16_late))
                0x000000000000095c                _text16_memsz = (ABSOLUTE (_etext16) - ABSOLUTE (_text16))

.data16         0x0000000000000000       0xc2 load address 0x00000000000012f0
                0x0000000000000000                _data16 = .
                0x0000000000000001                . = (. + 0x1)
 *fill*         0x0000000000000000        0x1 00
 *(.rodata16)
 *(.rodata16.*)
 *(.data16)
 *fill*         0x0000000000000001        0xf 00
 .data16        0x0000000000000010       0x48 bin/blib.a(librm.o)
 .data16        0x0000000000000058        0xc bin/blib.a(libprefix.o)
 .data16        0x0000000000000064       0x14 bin/blib.a(int13.o)
 *fill*         0x0000000000000078        0x8 00
 .data16        0x0000000000000080       0x42 bin/blib.a(e820mangler.o)
                0x0000000000000088                hidemem_base
                0x0000000000000098                hidemem_umalloc
                0x00000000000000a8                hidemem_textdata
 *(.data16.*)
                0x00000000000000c2                _mdata16 = .

.bss.data16     0x00000000000000d0     0x2bf8 load address 0x000000000001ad30
 *(.bss16)
 .bss16         0x00000000000000d0      0x3b8 bin/blib.a(multiboot.o)
 .bss16         0x0000000000000488      0xec4 bin/blib.a(pxe_preboot.o)
 .bss16         0x000000000000134c      0x5ea bin/blib.a(basemem_packet.o)
                0x000000000000134c                basemem_packet
 .bss16         0x0000000000001936        0x2 bin/blib.a(pci_autoboot.o)
                0x0000000000001936                autoboot_busdevfn
 .bss16         0x0000000000001938       0x1c bin/blib.a(memmap.o)
                0x0000000000001938                memmap_post
 *fill*         0x0000000000001954        0xc 00
 .bss16         0x0000000000001960      0x320 bin/blib.a(int13.o)
 .bss16         0x0000000000001c80       0x48 bin/blib.a(e820mangler.o)
 *(.bss16.*)
 *(.stack16)
 .stack16       0x0000000000001cc8     0x1000 bin/blib.a(stack16.o)
                0x0000000000001cc8                _stack16
                0x0000000000002cc8                _estack16
 *(.stack16.*)
                0x0000000000002cc8                _edata16 = .
                0x00000000000000c2                _data16_filesz = (ABSOLUTE (_mdata16) - ABSOLUTE (_data16))
                0x0000000000002cc8                _data16_memsz = (ABSOLUTE (_edata16) - ABSOLUTE (_data16))

.textdata       0x0000000000000000    0x19874 load address 0x00000000000013c0
                0x0000000000000000                _textdata = .
 *(.text.null_trap)
 *(.text.null_trap.*)
                0x0000000000000001                . = (. + 0x1)
 *fill*         0x0000000000000000        0x1 00
 *(.text)
 *fill*         0x0000000000000001        0x3 00
 .text          0x0000000000000004       0x45 bin/blib.a(setjmp.o)
                0x0000000000000004                setjmp
                0x0000000000000022                longjmp
 *fill*         0x0000000000000049        0x3 00
 .text          0x000000000000004c       0x7d bin/blib.a(virtaddr.o)
                0x000000000000004c                _virt_to_phys
                0x0000000000000079                _phys_to_virt
                0x00000000000000a3                _intr_to_virt
 *fill*         0x00000000000000c9        0x3 00
 .text          0x00000000000000cc       0xe9 bin/blib.a(librm.o)
                0x000000000000017a                real_call
                0x0000000000000193                interrupt_wrapper
 *(.text.*)
 .text.intel_write_eeprom
                0x00000000000001b5        0x8 bin/blib.a(intel.o)
 .text.intel_irq
                0x00000000000001bd       0x22 bin/blib.a(intel.o)
 .text.intel_check_link
                0x00000000000001df       0x1c bin/blib.a(intel.o)
 .text.intel_transmit
                0x00000000000001fb       0x69 bin/blib.a(intel.o)
                0x00000000000001fb                intel_transmit
 .text.intel_reset.isra.11
                0x0000000000000264       0x88 bin/blib.a(intel.o)
 .text.intel_remove
                0x00000000000002ec       0x29 bin/blib.a(intel.o)
 .text.intel_probe
                0x0000000000000315      0x18b bin/blib.a(intel.o)
 .text.intel_read_eeprom
                0x00000000000004a0       0x49 bin/blib.a(intel.o)
 .text.intel_create_ring
                0x00000000000004e9       0x83 bin/blib.a(intel.o)
                0x00000000000004e9                intel_create_ring
 .text.intel_destroy_ring
                0x000000000000056c       0x4a bin/blib.a(intel.o)
                0x000000000000056c                intel_destroy_ring
 .text.intel_refill_rx
                0x00000000000005b6       0x78 bin/blib.a(intel.o)
                0x00000000000005b6                intel_refill_rx
 .text.intel_open
                0x000000000000062e       0xb8 bin/blib.a(intel.o)
 .text.intel_empty_rx
                0x00000000000006e6       0x24 bin/blib.a(intel.o)
                0x00000000000006e6                intel_empty_rx
 .text.intel_close
                0x000000000000070a       0x40 bin/blib.a(intel.o)
 .text.intel_poll_tx
                0x000000000000074a       0x32 bin/blib.a(intel.o)
                0x000000000000074a                intel_poll_tx
 .text.intel_poll_rx
                0x000000000000077c       0x5e bin/blib.a(intel.o)
                0x000000000000077c                intel_poll_rx
 .text.intel_poll
                0x00000000000007da       0x5f bin/blib.a(intel.o)
 .text.nvs_read
                0x0000000000000839       0x59 bin/blib.a(nvs.o)
                0x0000000000000839                nvs_read
 .text.bios_handle_cup
                0x0000000000000892       0x38 bin/blib.a(bios_console.o)
 .text.bios_handle_ed
                0x00000000000008ca       0x32 bin/blib.a(bios_console.o)
 .text.bios_handle_sgr
                0x00000000000008fc       0x68 bin/blib.a(bios_console.o)
 .text.bios_putchar
                0x0000000000000964       0x26 bin/blib.a(bios_console.o)
 .text.bios_iskey
                0x000000000000098a       0x2a bin/blib.a(bios_console.o)
 .text.bios_getchar
                0x00000000000009b4       0x8f bin/blib.a(bios_console.o)
 .text.bzimage_load_initrd
                0x0000000000000a43      0x154 bin/blib.a(bzimage.o)
 .text.bzimage_parse_header.isra.0
                0x0000000000000b97      0x13b bin/blib.a(bzimage.o)
 .text.bzimage_probe
                0x0000000000000cd2       0x1a bin/blib.a(bzimage.o)
                0x0000000000000cd2                bzimage_probe
 .text.bzimage_exec
                0x0000000000000cec      0x444 bin/blib.a(bzimage.o)
 .text.elfboot_exec
                0x0000000000001130       0x39 bin/blib.a(elfboot.o)
 .text.elfboot_probe
                0x0000000000001169       0x34 bin/blib.a(elfboot.o)
 .text.initrd_startup
                0x000000000000119d       0x16 bin/blib.a(initrd.o)
 .text.initrd_reshuffle
                0x00000000000011b3      0x175 bin/blib.a(initrd.o)
                0x00000000000011b3                initrd_reshuffle
 .text.initrd_reshuffle_check
                0x0000000000001328       0x30 bin/blib.a(initrd.o)
                0x0000000000001328                initrd_reshuffle_check
 .text.multiboot_add_cmdline
                0x0000000000001358       0x84 bin/blib.a(multiboot.o)
 .text.multiboot_find_header
                0x00000000000013dc       0x79 bin/blib.a(multiboot.o)
 .text.multiboot_probe
                0x0000000000001455        0xe bin/blib.a(multiboot.o)
 .text.multiboot_exec
                0x0000000000001463      0x325 bin/blib.a(multiboot.o)
 .text.pxe_exec
                0x0000000000001788       0x86 bin/blib.a(pxe_image.o)
 .text.pxe_probe
                0x000000000000180e       0x1d bin/blib.a(pxe_image.o)
                0x000000000000180e                pxe_probe
 .text.pxenv_unknown
                0x000000000000182b        0xb bin/blib.a(pxe_call.o)
 .text.pxe_init_structures
                0x0000000000001836       0xe1 bin/blib.a(pxe_call.o)
 .text.pxe_api_call
                0x0000000000001917       0x87 bin/blib.a(pxe_call.o)
                0x0000000000001917                pxe_api_call
 .text.pxe_activate
                0x000000000000199e       0x3f bin/blib.a(pxe_call.o)
                0x000000000000199e                pxe_activate
 .text.pxe_deactivate
                0x00000000000019dd       0x3f bin/blib.a(pxe_call.o)
                0x00000000000019dd                pxe_deactivate
 .text.pxe_start_nbp
                0x0000000000001a1c       0x75 bin/blib.a(pxe_call.o)
                0x0000000000001a1c                pxe_start_nbp
 .text.pxenv_file_cmdline
                0x0000000000001a91       0x5c bin/blib.a(pxe_file.o)
 .text.pxenv_file_exec
                0x0000000000001aed       0x72 bin/blib.a(pxe_file.o)
 .text.pxenv_get_file_size
                0x0000000000001b5f       0x2c bin/blib.a(pxe_file.o)
 .text.pxenv_file_read
                0x0000000000001b8b       0x47 bin/blib.a(pxe_file.o)
 .text.pxenv_file_select
                0x0000000000001bd2       0x44 bin/blib.a(pxe_file.o)
 .text.pxenv_file_close
                0x0000000000001c16       0x15 bin/blib.a(pxe_file.o)
 .text.pxenv_file_open
                0x0000000000001c2b       0x72 bin/blib.a(pxe_file.o)
 .text.pxenv_file_api_check
                0x0000000000001c9d       0x7d bin/blib.a(pxe_file.o)
 .text.pxenv_unload_stack
                0x0000000000001d1a        0x8 bin/blib.a(pxe_preboot.o)
 .text.pxenv_start_base
                0x0000000000001d22        0xb bin/blib.a(pxe_preboot.o)
 .text.pxenv_stop_base
                0x0000000000001d2d        0x8 bin/blib.a(pxe_preboot.o)
 .text.pxenv_stop_undi
                0x0000000000001d35       0x36 bin/blib.a(pxe_preboot.o)
 .text.pxenv_start_undi
                0x0000000000001d6b       0x69 bin/blib.a(pxe_preboot.o)
 .text.pxenv_get_cached_info
                0x0000000000001dd4       0xbf bin/blib.a(pxe_preboot.o)
 .text.pxenv_restart_tftp
                0x0000000000001e93       0x42 bin/blib.a(pxe_preboot.o)
 .text.pxe_tftp_xfer_window
                0x0000000000001ed5        0x4 bin/blib.a(pxe_tftp.o)
 .text.pxenv_tftp_read
                0x0000000000001ed9       0x9d bin/blib.a(pxe_tftp.o)
 .text.pxe_tftp_open
                0x0000000000001f76       0xca bin/blib.a(pxe_tftp.o)
 .text.pxe_tftp_close
                0x0000000000002040       0x11 bin/blib.a(pxe_tftp.o)
 .text.pxe_tftp_xfer_deliver
                0x0000000000002051       0x8d bin/blib.a(pxe_tftp.o)
 .text.pxenv_tftp_close
                0x00000000000020de       0x18 bin/blib.a(pxe_tftp.o)
 .text.pxenv_tftp_get_fsize
                0x00000000000020f6       0x82 bin/blib.a(pxe_tftp.o)
 .text.pxenv_tftp_open
                0x0000000000002178       0x98 bin/blib.a(pxe_tftp.o)
 .text.pxenv_tftp_read_file
                0x0000000000002210       0x93 bin/blib.a(pxe_tftp.o)
                0x0000000000002210                pxenv_tftp_read_file
 .text.pxenv_udp_read
                0x00000000000022a3       0x5b bin/blib.a(pxe_udp.o)
 .text.pxe_udp_deliver
                0x00000000000022fe       0x87 bin/blib.a(pxe_udp.o)
 .text.pxenv_udp_write
                0x0000000000002385       0xd5 bin/blib.a(pxe_udp.o)
 .text.pxenv_udp_close
                0x000000000000245a       0x18 bin/blib.a(pxe_udp.o)
 .text.pxenv_udp_open
                0x0000000000002472       0x3e bin/blib.a(pxe_udp.o)
 .text.pxenv_undi_startup
                0x00000000000024b0       0x1c bin/blib.a(pxe_undi.o)
 .text.pxenv_undi_initialize
                0x00000000000024cc       0x1c bin/blib.a(pxe_undi.o)
 .text.pxenv_undi_set_mcast_address
                0x00000000000024e8       0x1c bin/blib.a(pxe_undi.o)
 .text.pxenv_undi_set_packet_filter
                0x0000000000002504       0x1c bin/blib.a(pxe_undi.o)
 .text.pxenv_undi_get_statistics
                0x0000000000002520       0x38 bin/blib.a(pxe_undi.o)
 .text.pxenv_undi_clear_statistics
                0x0000000000002558       0x40 bin/blib.a(pxe_undi.o)
 .text.pxenv_undi_initiate_diags
                0x0000000000002598       0x1b bin/blib.a(pxe_undi.o)
 .text.pxenv_undi_force_interrupt
                0x00000000000025b3       0x1b bin/blib.a(pxe_undi.o)
 .text.pxenv_undi_get_mcast_address
                0x00000000000025ce       0x4c bin/blib.a(pxe_undi.o)
 .text.pxenv_undi_get_nic_type
                0x000000000000261a       0x95 bin/blib.a(pxe_undi.o)
 .text.pxenv_undi_get_information
                0x00000000000026af       0x86 bin/blib.a(pxe_undi.o)
 .text.pxenv_undi_set_station_address
                0x0000000000002735       0x42 bin/blib.a(pxe_undi.o)
 .text.pxenv_undi_isr
                0x0000000000002777      0x1bc bin/blib.a(pxe_undi.o)
 .text.pxenv_undi_get_iface_info
                0x0000000000002933       0x63 bin/blib.a(pxe_undi.o)
 .text.pxenv_undi_transmit
                0x0000000000002996      0x1f0 bin/blib.a(pxe_undi.o)
 .text.pxe_netdev_close
                0x0000000000002b86       0x2b bin/blib.a(pxe_undi.o)
 .text.pxenv_undi_close
                0x0000000000002bb1       0x26 bin/blib.a(pxe_undi.o)
 .text.pxenv_undi_shutdown
                0x0000000000002bd7       0x26 bin/blib.a(pxe_undi.o)
 .text.pxenv_undi_cleanup
                0x0000000000002bfd       0x26 bin/blib.a(pxe_undi.o)
 .text.pxe_netdev_open
                0x0000000000002c23       0x2e bin/blib.a(pxe_undi.o)
 .text.pxenv_undi_open
                0x0000000000002c51       0x35 bin/blib.a(pxe_undi.o)
 .text.pxenv_undi_reset_adapter
                0x0000000000002c86       0x3a bin/blib.a(pxe_undi.o)
 .text.pxe_set_netdev
                0x0000000000002cc0       0x38 bin/blib.a(pxe_undi.o)
                0x0000000000002cc0                pxe_set_netdev
 .text.__memcpy
                0x0000000000002cf8       0x1d bin/blib.a(x86_string.o)
                0x0000000000002cf8                __memcpy
 .text.__memcpy_reverse
                0x0000000000002d15       0x11 bin/blib.a(x86_string.o)
                0x0000000000002d15                __memcpy_reverse
 .text.__memmove
                0x0000000000002d26        0xe bin/blib.a(x86_string.o)
                0x0000000000002d26                __memmove
 .text.memswap  0x0000000000002d34       0x11 bin/blib.a(x86_string.o)
                0x0000000000002d34                memswap
 .text.strlen   0x0000000000002d45       0x11 bin/blib.a(x86_string.o)
                0x0000000000002d45                strlen
 .text.strncmp  0x0000000000002d56       0x1c bin/blib.a(x86_string.o)
                0x0000000000002d56                strncmp
 .text.cpuid_exec
                0x0000000000002d72       0x6d bin/blib.a(cpuid_cmd.o)
 .text.ansiesc_process
                0x0000000000002ddf       0xc9 bin/blib.a(ansiesc.o)
                0x0000000000002ddf                ansiesc_process
 .text.has_input
                0x0000000000002ea8       0x2b bin/blib.a(console.o)
 .text.putchar  0x0000000000002ed3       0x43 bin/blib.a(console.o)
                0x0000000000002ed3                putchar
 .text.getchar  0x0000000000002f16       0x2b bin/blib.a(console.o)
                0x0000000000002f16                getchar
 .text.iskey    0x0000000000002f41        0xe bin/blib.a(console.o)
                0x0000000000002f41                iskey
 .text.console_configure
                0x0000000000002f4f       0x51 bin/blib.a(console.o)
                0x0000000000002f4f                console_configure
 .text.cpio_set_field
                0x0000000000002fa0       0x2a bin/blib.a(cpio.o)
                0x0000000000002fa0                cpio_set_field
 .text.probe_devices
                0x0000000000002fca       0x52 bin/blib.a(device.o)
 .text.identify_device
                0x000000000000301c       0x31 bin/blib.a(device.o)
                0x000000000000301c                identify_device
 .text.remove_devices
                0x000000000000304d       0x40 bin/blib.a(device.o)
 .text.process_on_success
                0x000000000000308d        0x9 bin/blib.a(exec.o)
 .text.process_on_failure
                0x0000000000003096        0x9 bin/blib.a(exec.o)
 .text.process_always
                0x000000000000309f        0x6 bin/blib.a(exec.o)
 .text.exit_exec
                0x00000000000030a5       0x4f bin/blib.a(exec.o)
 .text.split_command
                0x00000000000030f4       0x49 bin/blib.a(exec.o)
 .text.isset_exec
                0x000000000000313d       0x2f bin/blib.a(exec.o)
 .text.sleep_exec
                0x000000000000316c       0x79 bin/blib.a(exec.o)
 .text.iseq_exec
                0x00000000000031e5       0x3c bin/blib.a(exec.o)
 .text.execv    0x0000000000003221       0x8f bin/blib.a(exec.o)
                0x0000000000003221                execv
 .text.shell_stop
                0x00000000000032b0        0x6 bin/blib.a(exec.o)
                0x00000000000032b0                shell_stop
 .text.shell_stopped
                0x00000000000032b6       0x1c bin/blib.a(exec.o)
                0x00000000000032b6                shell_stopped
 .text.system   0x00000000000032d2      0x192 bin/blib.a(exec.o)
                0x00000000000032d2                system
 .text.concat_args
                0x0000000000003464       0x66 bin/blib.a(exec.o)
                0x0000000000003464                concat_args
 .text.echo_exec
                0x00000000000034ca       0x61 bin/blib.a(exec.o)
 .text.get_argv_argument
                0x000000000000352b       0x24 bin/blib.a(getopt.o)
 .text.getopt_long
                0x000000000000354f      0x223 bin/blib.a(getopt.o)
                0x000000000000354f                getopt_long
 .text.free_image
                0x0000000000003772       0x35 bin/blib.a(image.o)
 .text.image_set_name
                0x00000000000037a7       0x28 bin/blib.a(image.o)
                0x00000000000037a7                image_set_name
 .text.alloc_image
                0x00000000000037cf       0x50 bin/blib.a(image.o)
                0x00000000000037cf                alloc_image
 .text.image_set_cmdline
                0x000000000000381f       0x35 bin/blib.a(image.o)
                0x000000000000381f                image_set_cmdline
 .text.unregister_image
                0x0000000000003854       0x22 bin/blib.a(image.o)
                0x0000000000003854                unregister_image
 .text.find_image
                0x0000000000003876       0x2f bin/blib.a(image.o)
                0x0000000000003876                find_image
 .text.image_probe
                0x00000000000038a5       0x34 bin/blib.a(image.o)
                0x00000000000038a5                image_probe
 .text.image_replace
                0x00000000000038d9       0x39 bin/blib.a(image.o)
                0x00000000000038d9                image_replace
 .text.image_select
                0x0000000000003912       0x3c bin/blib.a(image.o)
                0x0000000000003912                image_select
 .text.image_exec
                0x000000000000394e       0xa1 bin/blib.a(image.o)
                0x000000000000394e                image_exec
 .text.image_find_selected
                0x00000000000039ef       0x1d bin/blib.a(image.o)
                0x00000000000039ef                image_find_selected
 .text.register_image
                0x0000000000003a0c       0x6a bin/blib.a(image.o)
                0x0000000000003a0c                register_image
 .text.initialise
                0x0000000000003a76       0x17 bin/blib.a(init.o)
                0x0000000000003a76                initialise
 .text.startup  0x0000000000003a8d       0x30 bin/blib.a(init.o)
                0x0000000000003a8d                startup
 .text.shutdown
                0x0000000000003abd       0x3e bin/blib.a(init.o)
                0x0000000000003abd                shutdown
 .text.null_intf_close
                0x0000000000003afb        0x1 bin/blib.a(interface.o)
 .text.intf_plug
                0x0000000000003afc       0x1d bin/blib.a(interface.o)
                0x0000000000003afc                intf_plug
 .text.intf_plug_plug
                0x0000000000003b19       0x16 bin/blib.a(interface.o)
                0x0000000000003b19                intf_plug_plug
 .text.intf_unplug
                0x0000000000003b2f        0xa bin/blib.a(interface.o)
                0x0000000000003b2f                intf_unplug
 .text.intf_nullify
                0x0000000000003b39        0x8 bin/blib.a(interface.o)
                0x0000000000003b39                intf_nullify
 .text.intf_put
                0x0000000000003b41        0x8 bin/blib.a(interface.o)
                0x0000000000003b41                intf_put
 .text.intf_object
                0x0000000000003b49        0x6 bin/blib.a(interface.o)
                0x0000000000003b49                intf_object
 .text.intf_get_dest_op_no_passthru_untyped
                0x0000000000003b4f       0x35 bin/blib.a(interface.o)
                0x0000000000003b4f                intf_get_dest_op_no_passthru_untyped
 .text.intf_get_dest_op_untyped
                0x0000000000003b84       0x34 bin/blib.a(interface.o)
                0x0000000000003b84                intf_get_dest_op_untyped
 .text.intf_restart
                0x0000000000003bb8       0x12 bin/blib.a(interface.o)
                0x0000000000003bb8                intf_restart
 .text.intf_close
                0x0000000000003bca       0x3b bin/blib.a(interface.o)
                0x0000000000003bca                intf_close
 .text.intf_shutdown
                0x0000000000003c05       0x17 bin/blib.a(interface.o)
                0x0000000000003c05                intf_shutdown
 .text.alloc_iob_raw
                0x0000000000003c1c       0x78 bin/blib.a(iobuf.o)
                0x0000000000003c1c                alloc_iob_raw
 .text.alloc_iob
                0x0000000000003c94       0x13 bin/blib.a(iobuf.o)
                0x0000000000003c94                alloc_iob
 .text.free_iob
                0x0000000000003ca7       0x2d bin/blib.a(iobuf.o)
                0x0000000000003ca7                free_iob
 .text.iob_ensure_headroom
                0x0000000000003cd4       0x12 bin/blib.a(iobuf.o)
                0x0000000000003cd4                iob_ensure_headroom
 .text.extern_list_add
                0x0000000000003ce6        0xd bin/blib.a(list.o)
                0x0000000000003ce6                extern_list_add
 .text.extern_list_add_tail
                0x0000000000003cf3        0xe bin/blib.a(list.o)
                0x0000000000003cf3                extern_list_add_tail
 .text.startup.main
                0x0000000000003d01       0x37 bin/blib.a(main.o)
                0x0000000000003d01                main
 .text.discard_cache
                0x0000000000003d38       0x1d bin/blib.a(malloc.o)
 .text.shutdown_cache
                0x0000000000003d55        0xa bin/blib.a(malloc.o)
 .text.alloc_memblock
                0x0000000000003d5f       0x8b bin/blib.a(malloc.o)
                0x0000000000003d5f                alloc_memblock
 .text.free_memblock
                0x0000000000003dea       0x98 bin/blib.a(malloc.o)
                0x0000000000003dea                free_memblock
 .text.realloc  0x0000000000003e82       0x5b bin/blib.a(malloc.o)
                0x0000000000003e82                realloc
 .text.malloc   0x0000000000003edd        0x9 bin/blib.a(malloc.o)
                0x0000000000003edd                malloc
 .text.free     0x0000000000003ee6        0x7 bin/blib.a(malloc.o)
                0x0000000000003ee6                free
 .text.zalloc   0x0000000000003eed       0x1c bin/blib.a(malloc.o)
                0x0000000000003eed                zalloc
 .text.mpopulate
                0x0000000000003f09        0x8 bin/blib.a(malloc.o)
                0x0000000000003f09                mpopulate
 .text.init_heap
                0x0000000000003f11        0xf bin/blib.a(malloc.o)
 .text.largest_memblock
                0x0000000000003f20       0x6e bin/blib.a(memblock.o)
                0x0000000000003f20                largest_memblock
 .text.strtoul_charval
                0x0000000000003f8e       0x1b bin/blib.a(misc.o)
                0x0000000000003f8e                strtoul_charval
 .text.strtoul  0x0000000000003fa9       0x7a bin/blib.a(misc.o)
                0x0000000000003fa9                strtoul
 .text.inet_aton
                0x0000000000004023       0x63 bin/blib.a(misc.o)
                0x0000000000004023                inet_aton
 .text.xfer_uri_opener
                0x0000000000004086       0x2a bin/blib.a(open.o)
                0x0000000000004086                xfer_uri_opener
 .text.xfer_open_uri
                0x00000000000040b0       0x45 bin/blib.a(open.o)
                0x00000000000040b0                xfer_open_uri
 .text.xfer_open_uri_string
                0x00000000000040f5       0x2f bin/blib.a(open.o)
                0x00000000000040f5                xfer_open_uri_string
 .text.xfer_open_socket
                0x0000000000004124       0x37 bin/blib.a(open.o)
                0x0000000000004124                xfer_open_socket
 .text.xfer_vopen
                0x000000000000415b       0x38 bin/blib.a(open.o)
                0x000000000000415b                xfer_vopen
 .text.xfer_vreopen
                0x0000000000004193       0x20 bin/blib.a(open.o)
                0x0000000000004193                xfer_vreopen
 .text.parse_string
                0x00000000000041b3        0x5 bin/blib.a(parseopt.o)
                0x00000000000041b3                parse_string
 .text.parse_integer
                0x00000000000041b8       0x32 bin/blib.a(parseopt.o)
                0x00000000000041b8                parse_integer
 .text.parse_timeout
                0x00000000000041ea       0x27 bin/blib.a(parseopt.o)
                0x00000000000041ea                parse_timeout
 .text.parse_netdev
                0x0000000000004211       0x2a bin/blib.a(parseopt.o)
                0x0000000000004211                parse_netdev
 .text.parse_netdev_configurator
                0x000000000000423b       0x2a bin/blib.a(parseopt.o)
                0x000000000000423b                parse_netdev_configurator
 .text.parse_menu
                0x0000000000004265       0x3b bin/blib.a(parseopt.o)
                0x0000000000004265                parse_menu
 .text.parse_flag
                0x00000000000042a0        0x9 bin/blib.a(parseopt.o)
                0x00000000000042a0                parse_flag
 .text.parse_key
                0x00000000000042a9       0x19 bin/blib.a(parseopt.o)
                0x00000000000042a9                parse_key
 .text.parse_settings
                0x00000000000042c2       0x2a bin/blib.a(parseopt.o)
                0x00000000000042c2                parse_settings
 .text.parse_setting
                0x00000000000042ec       0x2d bin/blib.a(parseopt.o)
                0x00000000000042ec                parse_setting
 .text.parse_existing_setting
                0x0000000000004319        0xa bin/blib.a(parseopt.o)
                0x0000000000004319                parse_existing_setting
 .text.parse_autovivified_setting
                0x0000000000004323        0xa bin/blib.a(parseopt.o)
                0x0000000000004323                parse_autovivified_setting
 .text.print_usage
                0x000000000000432d       0xab bin/blib.a(parseopt.o)
                0x000000000000432d                print_usage
 .text.reparse_options
                0x00000000000043d8      0x19f bin/blib.a(parseopt.o)
                0x00000000000043d8                reparse_options
 .text.parse_options
                0x0000000000004577       0x2b bin/blib.a(parseopt.o)
                0x0000000000004577                parse_options
 .text.posix_fd_to_file
                0x00000000000045a2       0x20 bin/blib.a(posix_io.o)
 .text.posix_file_finished
                0x00000000000045c2       0x14 bin/blib.a(posix_io.o)
 .text.posix_file_xfer_deliver
                0x00000000000045d6       0x3d bin/blib.a(posix_io.o)
 .text.posix_file_free
                0x0000000000004613       0x30 bin/blib.a(posix_io.o)
 .text.open     0x0000000000004643       0xb9 bin/blib.a(posix_io.o)
                0x0000000000004643                open
 .text.select   0x00000000000046fc       0x66 bin/blib.a(posix_io.o)
                0x00000000000046fc                select
 .text.read_user
                0x0000000000004762       0x8a bin/blib.a(posix_io.o)
                0x0000000000004762                read_user
 .text.fsize    0x00000000000047ec       0x13 bin/blib.a(posix_io.o)
                0x00000000000047ec                fsize
 .text.close    0x00000000000047ff       0x30 bin/blib.a(posix_io.o)
                0x00000000000047ff                close
 .text.process_add
                0x000000000000482f       0x1e bin/blib.a(process.o)
                0x000000000000482f                process_add
 .text.init_processes
                0x000000000000484d       0x1c bin/blib.a(process.o)
 .text.process_del
                0x0000000000004869       0x1c bin/blib.a(process.o)
                0x0000000000004869                process_del
 .text.step     0x0000000000004885       0x5d bin/blib.a(process.o)
                0x0000000000004885                step
 .text.ref_increment
                0x00000000000048e2        0x7 bin/blib.a(refcnt.o)
                0x00000000000048e2                ref_increment
 .text.ref_decrement
                0x00000000000048e9       0x1c bin/blib.a(refcnt.o)
                0x00000000000048e9                ref_decrement
 .text.ref_no_free
                0x0000000000004905        0x1 bin/blib.a(refcnt.o)
                0x0000000000004905                ref_no_free
 .text.apply_settings
                0x0000000000004906       0x1d bin/blib.a(settings.o)
 .text.parse_ipv6_setting
                0x0000000000004923        0x8 bin/blib.a(settings.o)
                0x0000000000004923                parse_ipv6_setting
 .text.format_ipv6_setting
                0x000000000000492b        0x8 bin/blib.a(settings.o)
                0x000000000000492b                format_ipv6_setting
 .text.builtin_applies
                0x0000000000004933        0xd bin/blib.a(settings.o)
 .text.platform_fetch
                0x0000000000004940       0x12 bin/blib.a(settings.o)
 .text.buildarch_fetch
                0x0000000000004952       0x12 bin/blib.a(settings.o)
 .text.version_fetch
                0x0000000000004964       0x16 bin/blib.a(settings.o)
 .text.format_string_setting
                0x000000000000497a       0x2e bin/blib.a(settings.o)
 .text.parse_string_setting
                0x00000000000049a8       0x31 bin/blib.a(settings.o)
 .text.errno_fetch
                0x00000000000049d9       0x28 bin/blib.a(settings.o)
 .text.denumerate_int_setting
                0x0000000000004a01       0x3f bin/blib.a(settings.o)
 .text.format_uint_setting
                0x0000000000004a40       0x2e bin/blib.a(settings.o)
 .text.format_int_setting
                0x0000000000004a6e       0x2e bin/blib.a(settings.o)
 .text.format_hex_setting
                0x0000000000004a9c       0x68 bin/blib.a(settings.o)
 .text.format_hex_raw_setting
                0x0000000000004b04        0xa bin/blib.a(settings.o)
 .text.format_hex_hyphen_setting
                0x0000000000004b0e        0xa bin/blib.a(settings.o)
 .text.format_hex_colon_setting
                0x0000000000004b18        0xa bin/blib.a(settings.o)
 .text.parse_hex_raw_setting
                0x0000000000004b22        0x9 bin/blib.a(settings.o)
 .text.parse_hex_hyphen_setting
                0x0000000000004b2b        0xc bin/blib.a(settings.o)
 .text.parse_hex_setting
                0x0000000000004b37        0xc bin/blib.a(settings.o)
 .text.generic_settings_clear
                0x0000000000004b43       0x28 bin/blib.a(settings.o)
                0x0000000000004b43                generic_settings_clear
 .text.autovivified_settings_free
                0x0000000000004b6b       0x13 bin/blib.a(settings.o)
 .text.parse_settings_name
                0x0000000000004b7e       0x66 bin/blib.a(settings.o)
 .text.fetch_string_setting_copy_alloc
                0x0000000000004be4        0x6 bin/blib.a(settings.o)
 .text.numeric_setting_value
                0x0000000000004bea       0x68 bin/blib.a(settings.o)
 .text.numerate_int_setting
                0x0000000000004c52       0x21 bin/blib.a(settings.o)
 .text.format_busdevfn_setting
                0x0000000000004c73       0x3f bin/blib.a(settings.o)
 .text.format_uuid_setting
                0x0000000000004cb2       0x2d bin/blib.a(settings.o)
 .text.parse_int_setting
                0x0000000000004cdf       0x34 bin/blib.a(settings.o)
 .text.find_settings
                0x0000000000004d13        0xa bin/blib.a(settings.o)
                0x0000000000004d13                find_settings
 .text.unregister_settings
                0x0000000000004d1d       0x54 bin/blib.a(settings.o)
                0x0000000000004d1d                unregister_settings
 .text.settings_target
                0x0000000000004d71       0x15 bin/blib.a(settings.o)
                0x0000000000004d71                settings_target
 .text.settings_name
                0x0000000000004d86       0x5b bin/blib.a(settings.o)
                0x0000000000004d86                settings_name
 .text.find_child_settings
                0x0000000000004de1       0x45 bin/blib.a(settings.o)
                0x0000000000004de1                find_child_settings
 .text.setting_applies
                0x0000000000004e26       0x25 bin/blib.a(settings.o)
                0x0000000000004e26                setting_applies
 .text.clear_settings
                0x0000000000004e4b       0x12 bin/blib.a(settings.o)
                0x0000000000004e4b                clear_settings
 .text.setting_cmp
                0x0000000000004e5d       0x39 bin/blib.a(settings.o)
                0x0000000000004e5d                setting_cmp
 .text.builtin_fetch
                0x0000000000004e96       0x3c bin/blib.a(settings.o)
 .text.fetch_setting
                0x0000000000004ed2      0x139 bin/blib.a(settings.o)
                0x0000000000004ed2                fetch_setting
 .text.fetch_setting_alloc
                0x000000000000500b       0x65 bin/blib.a(settings.o)
 .text.fetch_string_setting_copy
                0x0000000000005070       0x10 bin/blib.a(settings.o)
                0x0000000000005070                fetch_string_setting_copy
 .text.fetch_setting_copy
                0x0000000000005080       0x15 bin/blib.a(settings.o)
                0x0000000000005080                fetch_setting_copy
 .text.fetch_raw_setting_copy
                0x0000000000005095        0xb bin/blib.a(settings.o)
                0x0000000000005095                fetch_raw_setting_copy
 .text.fetch_raw_setting
                0x00000000000050a0       0x11 bin/blib.a(settings.o)
                0x00000000000050a0                fetch_raw_setting
 .text.fetch_uuid_setting
                0x00000000000050b1       0x16 bin/blib.a(settings.o)
                0x00000000000050b1                fetch_uuid_setting
 .text.fetch_numeric_setting
                0x00000000000050c7       0x2e bin/blib.a(settings.o)
                0x00000000000050c7                fetch_numeric_setting
 .text.fetch_uintz_setting
                0x00000000000050f5       0x11 bin/blib.a(settings.o)
                0x00000000000050f5                fetch_uintz_setting
 .text.fetch_intz_setting
                0x0000000000005106       0x11 bin/blib.a(settings.o)
                0x0000000000005106                fetch_intz_setting
 .text.reprioritise_settings
                0x0000000000005117       0x6f bin/blib.a(settings.o)
 .text.register_settings
                0x0000000000005186       0x51 bin/blib.a(settings.o)
                0x0000000000005186                register_settings
 .text.builtin_init
                0x00000000000051d7       0x11 bin/blib.a(settings.o)
 .text.autovivify_child_settings
                0x00000000000051e8       0x9b bin/blib.a(settings.o)
                0x00000000000051e8                autovivify_child_settings
 .text.fetch_ipv6_array_setting
                0x0000000000005283       0x1f bin/blib.a(settings.o)
                0x0000000000005283                fetch_ipv6_array_setting
 .text.fetch_ipv6_setting
                0x00000000000052a2        0x8 bin/blib.a(settings.o)
                0x00000000000052a2                fetch_ipv6_setting
 .text.fetch_ipv4_array_setting
                0x00000000000052aa       0x1f bin/blib.a(settings.o)
                0x00000000000052aa                fetch_ipv4_array_setting
 .text.fetch_ipv4_setting
                0x00000000000052c9        0x8 bin/blib.a(settings.o)
                0x00000000000052c9                fetch_ipv4_setting
 .text.fetch_string_setting
                0x00000000000052d1       0x30 bin/blib.a(settings.o)
                0x00000000000052d1                fetch_string_setting
 .text.store_setting
                0x0000000000005301       0x80 bin/blib.a(settings.o)
                0x0000000000005301                store_setting
 .text.generic_settings_fetch
                0x0000000000005381       0x62 bin/blib.a(settings.o)
                0x0000000000005381                generic_settings_fetch
 .text.generic_settings_store
                0x00000000000053e3       0xdb bin/blib.a(settings.o)
                0x00000000000053e3                generic_settings_store
 .text.setting_format
                0x00000000000054be       0x1d bin/blib.a(settings.o)
                0x00000000000054be                setting_format
 .text.setting_parse
                0x00000000000054db       0x19 bin/blib.a(settings.o)
                0x00000000000054db                setting_parse
 .text.setting_numerate
                0x00000000000054f4       0x19 bin/blib.a(settings.o)
                0x00000000000054f4                setting_numerate
 .text.setting_denumerate
                0x000000000000550d       0x19 bin/blib.a(settings.o)
                0x000000000000550d                setting_denumerate
 .text.fetchf_setting
                0x0000000000005526       0x4d bin/blib.a(settings.o)
                0x0000000000005526                fetchf_setting
 .text.fetchf_setting_copy
                0x0000000000005573       0x73 bin/blib.a(settings.o)
                0x0000000000005573                fetchf_setting_copy
 .text.storef_setting
                0x00000000000055e6       0x7a bin/blib.a(settings.o)
                0x00000000000055e6                storef_setting
 .text.fetchn_setting
                0x0000000000005660       0x49 bin/blib.a(settings.o)
                0x0000000000005660                fetchn_setting
 .text.storen_setting
                0x00000000000056a9       0x5e bin/blib.a(settings.o)
                0x00000000000056a9                storen_setting
 .text.parse_setting_name
                0x0000000000005707      0x153 bin/blib.a(settings.o)
                0x0000000000005707                parse_setting_name
 .text.setting_name
                0x000000000000585a       0x43 bin/blib.a(settings.o)
                0x000000000000585a                setting_name
 .text.expand_settings
                0x000000000000589d       0xd8 bin/blib.a(settings.o)
                0x000000000000589d                expand_settings
 .text.strcpy   0x0000000000005975       0x10 bin/blib.a(string.o)
                0x0000000000005975                strcpy
 .text.strncpy  0x0000000000005985       0x18 bin/blib.a(string.o)
                0x0000000000005985                strncpy
 .text.strcmp   0x000000000000599d       0x24 bin/blib.a(string.o)
                0x000000000000599d                strcmp
 .text.strcasecmp
                0x00000000000059c1       0x2a bin/blib.a(string.o)
                0x00000000000059c1                strcasecmp
 .text.strchr   0x00000000000059eb       0x11 bin/blib.a(string.o)
                0x00000000000059eb                strchr
 .text.strrchr  0x00000000000059fc       0x1f bin/blib.a(string.o)
                0x00000000000059fc                strrchr
 .text.strnlen  0x0000000000005a1b       0x14 bin/blib.a(string.o)
                0x0000000000005a1b                strnlen
 .text.memcmp   0x0000000000005a2f       0x21 bin/blib.a(string.o)
                0x0000000000005a2f                memcmp
 .text.strstr   0x0000000000005a50       0x3e bin/blib.a(string.o)
                0x0000000000005a50                strstr
 .text.memchr   0x0000000000005a8e       0x15 bin/blib.a(string.o)
                0x0000000000005a8e                memchr
 .text.strndup  0x0000000000005aa3       0x2d bin/blib.a(string.o)
                0x0000000000005aa3                strndup
 .text.strdup   0x0000000000005ad0        0x8 bin/blib.a(string.o)
                0x0000000000005ad0                strdup
 .text.mdelay   0x0000000000005ad8       0x16 bin/blib.a(timer.o)
                0x0000000000005ad8                mdelay
 .text.sleep    0x0000000000005aee       0x18 bin/blib.a(timer.o)
                0x0000000000005aee                sleep
 .text.uri_copy_fields
                0x0000000000005b06       0x5e bin/blib.a(uri.o)
 .text.uri_free
                0x0000000000005b64       0x13 bin/blib.a(uri.o)
 .text.uri_encode
                0x0000000000005b77       0x74 bin/blib.a(uri.o)
                0x0000000000005b77                uri_encode
 .text.parse_uri
                0x0000000000005beb      0x208 bin/blib.a(uri.o)
                0x0000000000005beb                parse_uri
 .text.uri_port
                0x0000000000005df3       0x17 bin/blib.a(uri.o)
                0x0000000000005df3                uri_port
 .text.format_uri
                0x0000000000005e0a       0xe6 bin/blib.a(uri.o)
                0x0000000000005e0a                format_uri
 .text.format_uri_alloc
                0x0000000000005ef0       0x2f bin/blib.a(uri.o)
                0x0000000000005ef0                format_uri_alloc
 .text.uri_dup  0x0000000000005f1f       0x38 bin/blib.a(uri.o)
                0x0000000000005f1f                uri_dup
 .text.resolve_path
                0x0000000000005f57       0xc2 bin/blib.a(uri.o)
                0x0000000000005f57                resolve_path
 .text.resolve_uri
                0x0000000000006019       0xa0 bin/blib.a(uri.o)
                0x0000000000006019                resolve_uri
 .text.tftp_uri
                0x00000000000060b9       0x3b bin/blib.a(uri.o)
                0x00000000000060b9                tftp_uri
 .text.uuid_ntoa
                0x00000000000060f4       0x63 bin/blib.a(uuid.o)
                0x00000000000060f4                uuid_ntoa
 .text.format_hex
                0x0000000000006157       0x6e bin/blib.a(vsprintf.o)
 .text.printf_sputc
                0x00000000000061c5        0xf bin/blib.a(vsprintf.o)
 .text.printf_putchar
                0x00000000000061d4        0x7 bin/blib.a(vsprintf.o)
 .text.vcprintf
                0x00000000000061db      0x268 bin/blib.a(vsprintf.o)
                0x00000000000061db                vcprintf
 .text.vsnprintf
                0x0000000000006443       0x3e bin/blib.a(vsprintf.o)
                0x0000000000006443                vsnprintf
 .text.snprintf
                0x0000000000006481       0x17 bin/blib.a(vsprintf.o)
                0x0000000000006481                snprintf
 .text.vssnprintf
                0x0000000000006498       0x12 bin/blib.a(vsprintf.o)
                0x0000000000006498                vssnprintf
 .text.ssnprintf
                0x00000000000064aa       0x17 bin/blib.a(vsprintf.o)
                0x00000000000064aa                ssnprintf
 .text.vprintf  0x00000000000064c1       0x19 bin/blib.a(vsprintf.o)
                0x00000000000064c1                vprintf
 .text.printf   0x00000000000064da        0xe bin/blib.a(vsprintf.o)
                0x00000000000064da                printf
 .text.xfer_deliver
                0x00000000000064e8       0x47 bin/blib.a(xfer.o)
                0x00000000000064e8                xfer_deliver
 .text.xfer_window_changed
                0x000000000000652f       0x29 bin/blib.a(xfer.o)
                0x000000000000652f                xfer_window_changed
 .text.xfer_window
                0x0000000000006558       0x32 bin/blib.a(xfer.o)
                0x0000000000006558                xfer_window
 .text.xfer_alloc_iob
                0x000000000000658a       0x3c bin/blib.a(xfer.o)
                0x000000000000658a                xfer_alloc_iob
 .text.xfer_vredirect
                0x00000000000065c6       0x88 bin/blib.a(xfer.o)
                0x00000000000065c6                xfer_vredirect
 .text.xfer_redirect
                0x000000000000664e       0x12 bin/blib.a(xfer.o)
                0x000000000000664e                xfer_redirect
 .text.xfer_deliver_iob
                0x0000000000006660        0xa bin/blib.a(xfer.o)
                0x0000000000006660                xfer_deliver_iob
 .text.xfer_deliver_raw_meta
                0x000000000000666a       0x46 bin/blib.a(xfer.o)
                0x000000000000666a                xfer_deliver_raw_meta
 .text.xfer_deliver_raw
                0x00000000000066b0        0xb bin/blib.a(xfer.o)
                0x00000000000066b0                xfer_deliver_raw
 .text.xfer_vprintf
                0x00000000000066bb       0x2e bin/blib.a(xfer.o)
                0x00000000000066bb                xfer_vprintf
 .text.xfer_printf
                0x00000000000066e9       0x12 bin/blib.a(xfer.o)
                0x00000000000066e9                xfer_printf
 .text.xfer_seek
                0x00000000000066fb       0x42 bin/blib.a(xfer.o)
                0x00000000000066fb                xfer_seek
 .text.arp_ntoa
                0x000000000000673d        0x6 bin/blib.a(arp.o)
 .text.arp_rx   0x0000000000006743      0x10a bin/blib.a(arp.o)
 .text.arp_tx_request
                0x000000000000684d       0xda bin/blib.a(arp.o)
 .text.eth_push
                0x0000000000006927       0x38 bin/blib.a(ethernet.o)
                0x0000000000006927                eth_push
 .text.eth_init_addr
                0x000000000000695f        0xc bin/blib.a(ethernet.o)
                0x000000000000695f                eth_init_addr
 .text.eth_eth_addr
                0x000000000000696b        0xe bin/blib.a(ethernet.o)
                0x000000000000696b                eth_eth_addr
 .text.eth_eui64
                0x0000000000006979       0x21 bin/blib.a(ethernet.o)
                0x0000000000006979                eth_eui64
 .text.eth_ntoa
                0x000000000000699a       0x37 bin/blib.a(ethernet.o)
                0x000000000000699a                eth_ntoa
 .text.eth_pull
                0x00000000000069d1       0x5e bin/blib.a(ethernet.o)
                0x00000000000069d1                eth_pull
 .text.eth_mc_hash
                0x0000000000006a2f       0x44 bin/blib.a(ethernet.o)
                0x0000000000006a2f                eth_mc_hash
 .text.alloc_etherdev
                0x0000000000006a73       0x1f bin/blib.a(ethernet.o)
                0x0000000000006a73                alloc_etherdev
 .text.eth_slow_rx
                0x0000000000006a92      0x111 bin/blib.a(eth_slow.o)
 .text.copy_encap_settings
                0x0000000000006ba3       0x9d bin/blib.a(fakedhcp.o)
 .text.create_fakedhcpdiscover
                0x0000000000006c40       0x21 bin/blib.a(fakedhcp.o)
                0x0000000000006c40                create_fakedhcpdiscover
 .text.create_fakedhcpack
                0x0000000000006c61       0x49 bin/blib.a(fakedhcp.o)
                0x0000000000006c61                create_fakedhcpack
 .text.create_fakepxebsack
                0x0000000000006caa       0x92 bin/blib.a(fakedhcp.o)
                0x0000000000006caa                create_fakepxebsack
 .text.ipv4_route
                0x0000000000006d3c       0x42 bin/blib.a(ipv4.o)
 .text.ipv4_netdev
                0x0000000000006d7e       0x1b bin/blib.a(ipv4.o)
 .text.ipv4_is_fragment
                0x0000000000006d99       0x24 bin/blib.a(ipv4.o)
 .text.ipv4_more_fragments
                0x0000000000006dbd        0xb bin/blib.a(ipv4.o)
 .text.ipv4_fragment_offset
                0x0000000000006dc8       0x12 bin/blib.a(ipv4.o)
 .text.ipv4_create_routes
                0x0000000000006dda      0x15c bin/blib.a(ipv4.o)
 .text.ipv4_pshdr_chksum
                0x0000000000006f36       0x53 bin/blib.a(ipv4.o)
 .text.ipv4_tx  0x0000000000006f89      0x1be bin/blib.a(ipv4.o)
 .text.ipv4_arp_check
                0x0000000000007147       0x29 bin/blib.a(ipv4.o)
 .text.ipv4_sock_aton
                0x0000000000007170       0x21 bin/blib.a(ipv4.o)
 .text.ipv4_has_any_addr
                0x0000000000007191       0x20 bin/blib.a(ipv4.o)
                0x0000000000007191                ipv4_has_any_addr
 .text.ipv4_rx  0x00000000000071b1      0x1a2 bin/blib.a(ipv4.o)
 .text.inet_ntoa
                0x0000000000007353       0x31 bin/blib.a(ipv4.o)
                0x0000000000007353                inet_ntoa
 .text.ipv4_sock_ntoa
                0x0000000000007384        0x8 bin/blib.a(ipv4.o)
 .text.ipv4_ntoa
                0x000000000000738c        0x7 bin/blib.a(ipv4.o)
 .text.parse_ipv4_setting
                0x0000000000007393       0x39 bin/blib.a(ipv4.o)
                0x0000000000007393                parse_ipv4_setting
 .text.format_ipv4_setting
                0x00000000000073cc       0x2d bin/blib.a(ipv4.o)
                0x00000000000073cc                format_ipv4_setting
 .text.neighbour_destroy
                0x00000000000073f9       0x48 bin/blib.a(neighbour.o)
 .text.neighbour_discard
                0x0000000000007441       0x2b bin/blib.a(neighbour.o)
 .text.neighbour_find
                0x000000000000746c       0x65 bin/blib.a(neighbour.o)
 .text.neighbour_create
                0x00000000000074d1       0x71 bin/blib.a(neighbour.o)
 .text.neighbour_expired
                0x0000000000007542       0x3c bin/blib.a(neighbour.o)
 .text.neighbour_free
                0x000000000000757e       0x13 bin/blib.a(neighbour.o)
 .text.neighbour_discovered
                0x0000000000007591       0x70 bin/blib.a(neighbour.o)
 .text.neighbour_flush
                0x0000000000007601       0x32 bin/blib.a(neighbour.o)
 .text.neighbour_tx
                0x0000000000007633       0x8c bin/blib.a(neighbour.o)
                0x0000000000007633                neighbour_tx
 .text.neighbour_update
                0x00000000000076bf       0x1f bin/blib.a(neighbour.o)
                0x00000000000076bf                neighbour_update
 .text.netdev_notify
                0x00000000000076de       0x24 bin/blib.a(netdevice.o)
 .text.net_discard
                0x0000000000007702       0x40 bin/blib.a(netdevice.o)
 .text.netdev_config_close
                0x0000000000007742       0x14 bin/blib.a(netdevice.o)
 .text.netdev_record_stat
                0x0000000000007756       0x40 bin/blib.a(netdevice.o)
 .text.netdev_rx_freeze
                0x0000000000007796        0x9 bin/blib.a(netdevice.o)
                0x0000000000007796                netdev_rx_freeze
 .text.netdev_rx_unfreeze
                0x000000000000779f        0x9 bin/blib.a(netdevice.o)
                0x000000000000779f                netdev_rx_unfreeze
 .text.netdev_link_err
                0x00000000000077a8        0x8 bin/blib.a(netdevice.o)
                0x00000000000077a8                netdev_link_err
 .text.netdev_link_down
                0x00000000000077b0       0x1c bin/blib.a(netdevice.o)
                0x00000000000077b0                netdev_link_down
 .text.netdev_tx_err
                0x00000000000077cc       0x15 bin/blib.a(netdevice.o)
                0x00000000000077cc                netdev_tx_err
 .text.netdev_tx_complete_err
                0x00000000000077e1       0x39 bin/blib.a(netdevice.o)
                0x00000000000077e1                netdev_tx_complete_err
 .text.netdev_tx
                0x000000000000781a       0x3f bin/blib.a(netdevice.o)
                0x000000000000781a                netdev_tx
 .text.netdev_tx_complete_next_err
                0x0000000000007859       0x1b bin/blib.a(netdevice.o)
                0x0000000000007859                netdev_tx_complete_next_err
 .text.netdev_tx_flush
                0x0000000000007874       0x1d bin/blib.a(netdevice.o)
 .text.netdev_rx
                0x0000000000007891       0x1b bin/blib.a(netdevice.o)
                0x0000000000007891                netdev_rx
 .text.netdev_rx_err
                0x00000000000078ac       0x1c bin/blib.a(netdevice.o)
                0x00000000000078ac                netdev_rx_err
 .text.netdev_poll
                0x00000000000078c8        0xd bin/blib.a(netdevice.o)
                0x00000000000078c8                netdev_poll
 .text.netdev_rx_dequeue
                0x00000000000078d5       0x1f bin/blib.a(netdevice.o)
                0x00000000000078d5                netdev_rx_dequeue
 .text.netdev_rx_flush
                0x00000000000078f4       0x20 bin/blib.a(netdevice.o)
 .text.free_netdev
                0x0000000000007914       0x22 bin/blib.a(netdevice.o)
 .text.alloc_netdev
                0x0000000000007936       0xf4 bin/blib.a(netdevice.o)
                0x0000000000007936                alloc_netdev
 .text.register_netdev
                0x0000000000007a2a       0xfa bin/blib.a(netdevice.o)
                0x0000000000007a2a                register_netdev
 .text.netdev_open
                0x0000000000007b24       0x3f bin/blib.a(netdevice.o)
                0x0000000000007b24                netdev_open
 .text.netdev_close
                0x0000000000007b63       0x6f bin/blib.a(netdevice.o)
                0x0000000000007b63                netdev_close
 .text.unregister_netdev
                0x0000000000007bd2       0x4e bin/blib.a(netdevice.o)
                0x0000000000007bd2                unregister_netdev
 .text.netdev_irq
                0x0000000000007c20       0x2a bin/blib.a(netdevice.o)
                0x0000000000007c20                netdev_irq
 .text.find_netdev_by_location
                0x0000000000007c4a       0x28 bin/blib.a(netdevice.o)
                0x0000000000007c4a                find_netdev_by_location
 .text.last_opened_netdev
                0x0000000000007c72       0x14 bin/blib.a(netdevice.o)
                0x0000000000007c72                last_opened_netdev
 .text.find_netdev
                0x0000000000007c86       0x42 bin/blib.a(netdevice.o)
                0x0000000000007c86                find_netdev
 .text.net_tx   0x0000000000007cc8       0x44 bin/blib.a(netdevice.o)
                0x0000000000007cc8                net_tx
 .text.net_rx   0x0000000000007d0c       0x38 bin/blib.a(netdevice.o)
                0x0000000000007d0c                net_rx
 .text.net_poll
                0x0000000000007d44       0x97 bin/blib.a(netdevice.o)
                0x0000000000007d44                net_poll
 .text.net_step
                0x0000000000007ddb        0x5 bin/blib.a(netdevice.o)
 .text.vlan_tag
                0x0000000000007de0        0x3 bin/blib.a(netdevice.o)
                0x0000000000007de0                vlan_tag
 .text.find_netdev_configurator
                0x0000000000007de3       0x2a bin/blib.a(netdevice.o)
                0x0000000000007de3                find_netdev_configurator
 .text.netdev_configure
                0x0000000000007e0d       0x59 bin/blib.a(netdevice.o)
                0x0000000000007e0d                netdev_configure
 .text.netdev_configure_all
                0x0000000000007e66       0x37 bin/blib.a(netdevice.o)
                0x0000000000007e66                netdev_configure_all
 .text.netdev_configuration_in_progress
                0x0000000000007e9d       0x35 bin/blib.a(netdevice.o)
                0x0000000000007e9d                netdev_configuration_in_progress
 .text.netdev_configuration_ok
                0x0000000000007ed2       0x32 bin/blib.a(netdevice.o)
                0x0000000000007ed2                netdev_configuration_ok
 .text.netdev_redirect_settings_init
                0x0000000000007f04       0x11 bin/blib.a(netdev_settings.o)
 .text.netdev_redirect
                0x0000000000007f15       0x16 bin/blib.a(netdev_settings.o)
 .text.netdev_clear
                0x0000000000007f2b        0x5 bin/blib.a(netdev_settings.o)
 .text.netdev_fetch
                0x0000000000007f30       0x6c bin/blib.a(netdev_settings.o)
 .text.netdev_fetch_chip
                0x0000000000007f9c       0x1c bin/blib.a(netdev_settings.o)
 .text.netdev_fetch_bustype
                0x0000000000007fb8       0x23 bin/blib.a(netdev_settings.o)
 .text.netdev_store_mac
                0x0000000000007fdb       0x2e bin/blib.a(netdev_settings.o)
 .text.netdev_fetch_mac
                0x0000000000008009       0x23 bin/blib.a(netdev_settings.o)
 .text.netdev_fetch_busid
                0x000000000000802c       0x43 bin/blib.a(netdev_settings.o)
 .text.netdev_fetch_busloc
                0x000000000000806f       0x2a bin/blib.a(netdev_settings.o)
 .text.netdev_store
                0x0000000000008099       0x7b bin/blib.a(netdev_settings.o)
 .text.null_open
                0x0000000000008114        0x6 bin/blib.a(nullnet.o)
 .text.null_close
                0x000000000000811a        0x1 bin/blib.a(nullnet.o)
 .text.null_transmit
                0x000000000000811b        0x6 bin/blib.a(nullnet.o)
 .text.null_poll
                0x0000000000008121        0x1 bin/blib.a(nullnet.o)
 .text.null_irq
                0x0000000000008122        0x1 bin/blib.a(nullnet.o)
 .text.rarp_ntoa
                0x0000000000008123        0x6 bin/blib.a(rarp.o)
 .text.rarp_rx  0x0000000000008129        0xa bin/blib.a(rarp.o)
 .text.start_timer
                0x0000000000008133       0x51 bin/blib.a(retry.o)
                0x0000000000008133                start_timer
 .text.start_timer_fixed
                0x0000000000008184       0x11 bin/blib.a(retry.o)
                0x0000000000008184                start_timer_fixed
 .text.stop_timer
                0x0000000000008195       0x50 bin/blib.a(retry.o)
                0x0000000000008195                stop_timer
 .text.retry_poll
                0x00000000000081e5       0x6f bin/blib.a(retry.o)
                0x00000000000081e5                retry_poll
 .text.retry_step
                0x0000000000008254        0x5 bin/blib.a(retry.o)
 .text.tcpip_rx
                0x0000000000008259       0x49 bin/blib.a(tcpip.o)
                0x0000000000008259                tcpip_rx
 .text.tcpip_tx
                0x00000000000082a2       0x46 bin/blib.a(tcpip.o)
                0x00000000000082a2                tcpip_tx
 .text.tcpip_mtu
                0x00000000000082e8       0x42 bin/blib.a(tcpip.o)
                0x00000000000082e8                tcpip_mtu
 .text.tcpip_chksum
                0x000000000000832a        0xe bin/blib.a(tcpip.o)
                0x000000000000832a                tcpip_chksum
 .text.tcpip_bind
                0x0000000000008338       0x6e bin/blib.a(tcpip.o)
                0x0000000000008338                tcpip_bind
 .text.udp_rx   0x00000000000083a6      0x13e bin/blib.a(udp.o)
 .text.udp_close
                0x00000000000084e4       0x1e bin/blib.a(udp.o)
 .text.udp_xfer_alloc_iob
                0x0000000000008502       0x15 bin/blib.a(udp.o)
 .text.udp_xfer_deliver
                0x0000000000008517       0x9f bin/blib.a(udp.o)
 .text.udp_open_common
                0x00000000000085b6       0xa4 bin/blib.a(udp.o)
 .text.udp_open
                0x000000000000865a        0x8 bin/blib.a(udp.o)
                0x000000000000865a                udp_open
 .text.udp_open_uri
                0x0000000000008662       0x50 bin/blib.a(udp.o)
 .text.udp_port_available
                0x00000000000086b2       0x2a bin/blib.a(udp.o)
 .text.udp_open_promisc
                0x00000000000086dc        0xc bin/blib.a(udp.o)
                0x00000000000086dc                udp_open_promisc
 .text.http_open
                0x00000000000086e8        0xd bin/blib.a(http.o)
 .text.http_socket_window
                0x00000000000086f5        0x4 bin/blib.a(httpcore.o)
 .text.http_xfer_window
                0x00000000000086f9        0xb bin/blib.a(httpcore.o)
 .text.http_acpi_describe
                0x0000000000008704        0x3 bin/blib.a(httpcore.o)
 .text.http_rx_connection
                0x0000000000008707       0x1b bin/blib.a(httpcore.o)
 .text.http_rx_transfer_encoding
                0x0000000000008722       0x1e bin/blib.a(httpcore.o)
 .text.http_free
                0x0000000000008740       0x39 bin/blib.a(httpcore.o)
 .text.http_digest_param
                0x0000000000008779       0x3a bin/blib.a(httpcore.o)
 .text.http_rx_content_length
                0x00000000000087b3       0xa8 bin/blib.a(httpcore.o)
 .text.http_rx_location
                0x000000000000885b       0x10 bin/blib.a(httpcore.o)
 .text.http_rx_response
                0x000000000000886b       0x5c bin/blib.a(httpcore.o)
 .text.http_digest_auth
                0x00000000000088c7      0x255 bin/blib.a(httpcore.o)
 .text.http_socket_open
                0x0000000000008b1c       0x62 bin/blib.a(httpcore.o)
 .text.http_close
                0x0000000000008b7e       0x39 bin/blib.a(httpcore.o)
 .text.http_rx_basic_auth
                0x0000000000008bb7       0x23 bin/blib.a(httpcore.o)
 .text.http_rx_retry_after
                0x0000000000008bda       0x3a bin/blib.a(httpcore.o)
 .text.http_rx_chunk_len
                0x0000000000008c14       0x6e bin/blib.a(httpcore.o)
 .text.http_rx_www_authenticate
                0x0000000000008c82       0x50 bin/blib.a(httpcore.o)
 .text.http_rx_digest_auth
                0x0000000000008cd2       0x8d bin/blib.a(httpcore.o)
 .text.http_partial_read.part.13
                0x0000000000008d5f        0x6 bin/blib.a(httpcore.o)
 .text.http_block_read_capacity
                0x0000000000008d65       0x4f bin/blib.a(httpcore.o)
 .text.http_block_read
                0x0000000000008db4       0x60 bin/blib.a(httpcore.o)
 .text.http_basic_auth.isra.16
                0x0000000000008e14       0xaa bin/blib.a(httpcore.o)
 .text.http_post_params.isra.17
                0x0000000000008ebe       0x89 bin/blib.a(httpcore.o)
 .text.http_done
                0x0000000000008f47       0x88 bin/blib.a(httpcore.o)
 .text.http_socket_close
                0x0000000000008fcf        0xe bin/blib.a(httpcore.o)
 .text.http_rx_header
                0x0000000000008fdd       0xf4 bin/blib.a(httpcore.o)
 .text.http_socket_deliver
                0x00000000000090d1      0x13a bin/blib.a(httpcore.o)
 .text.http_step
                0x000000000000920b      0x29b bin/blib.a(httpcore.o)
 .text.http_retry
                0x00000000000094a6       0x50 bin/blib.a(httpcore.o)
 .text.http_open_filter
                0x00000000000094f6       0xe3 bin/blib.a(httpcore.o)
                0x00000000000094f6                http_open_filter
 .text.iscsi_tx_nothing
                0x00000000000095d9        0x3 bin/blib.a(iscsi.o)
 .text.iscsi_rx_discard
                0x00000000000095dc        0x5 bin/blib.a(iscsi.o)
 .text.iscsi_scsi_window
                0x00000000000095e1       0x1c bin/blib.a(iscsi.o)
 .text.iscsi_rx_bhs
                0x00000000000095fd       0x19 bin/blib.a(iscsi.o)
 .text.iscsi_vredirect
                0x0000000000009616       0x30 bin/blib.a(iscsi.o)
 .text.iscsi_tx_resume
                0x0000000000009646        0xa bin/blib.a(iscsi.o)
 .text.iscsi_start_data_out
                0x0000000000009650       0xcb bin/blib.a(iscsi.o)
 .text.iscsi_rx_buffered_data
                0x000000000000971b       0x51 bin/blib.a(iscsi.o)
 .text.iscsi_handle_authmethod_value
                0x000000000000976c       0x1e bin/blib.a(iscsi.o)
 .text.iscsi_large_binary_decode
                0x000000000000978a       0x38 bin/blib.a(iscsi.o)
 .text.iscsi_handle_chap_r_value
                0x00000000000097c2       0xd7 bin/blib.a(iscsi.o)
 .text.iscsi_handle_chap_c_value
                0x0000000000009899       0x76 bin/blib.a(iscsi.o)
 .text.iscsi_handle_chap_i_value
                0x000000000000990f       0x7a bin/blib.a(iscsi.o)
 .text.iscsi_free
                0x0000000000009989       0x6b bin/blib.a(iscsi.o)
 .text.iscsi_build_login_request_strings
                0x00000000000099f4      0x150 bin/blib.a(iscsi.o)
 .text.iscsi_start_login
                0x0000000000009b44       0x92 bin/blib.a(iscsi.o)
 .text.iscsi_scsi_command
                0x0000000000009bd6      0x117 bin/blib.a(iscsi.o)
 .text.iscsi_tx_data
                0x0000000000009ced       0xed bin/blib.a(iscsi.o)
 .text.iscsi_tx_bhs
                0x0000000000009dda       0x13 bin/blib.a(iscsi.o)
 .text.iscsi_parse_root_path
                0x0000000000009ded       0xb3 bin/blib.a(iscsi.o)
 .text.iscsi_close
                0x0000000000009ea0       0x3a bin/blib.a(iscsi.o)
 .text.iscsi_socket_deliver
                0x0000000000009eda      0x10b bin/blib.a(iscsi.o)
 .text.iscsi_command_close
                0x0000000000009fe5       0x2e bin/blib.a(iscsi.o)
 .text.iscsi_tx_step
                0x000000000000a013       0xee bin/blib.a(iscsi.o)
 .text.iscsi_handle_chap_n_value
                0x000000000000a101       0x1c bin/blib.a(iscsi.o)
 .text.iscsi_handle_chap_a_value
                0x000000000000a11d       0x1a bin/blib.a(iscsi.o)
 .text.iscsi_handle_targetaddress_value
                0x000000000000a137       0x4f bin/blib.a(iscsi.o)
 .text.iscsi_open_connection
                0x000000000000a186       0x7e bin/blib.a(iscsi.o)
 .text.iscsi_open
                0x000000000000a204      0x1f6 bin/blib.a(iscsi.o)
 .text.iscsi_scsi_done.constprop.11
                0x000000000000a3fa       0x45 bin/blib.a(iscsi.o)
 .text.iscsi_rx_data
                0x000000000000a43f      0x3d4 bin/blib.a(iscsi.o)
 .text.dhcp_discovery_tx
                0x000000000000a813       0x10 bin/blib.a(dhcp.o)
 .text.dhcp_deliver
                0x000000000000a823       0xca bin/blib.a(dhcp.o)
 .text.dhcp_pxebs_tx
                0x000000000000a8ed       0x42 bin/blib.a(dhcp.o)
 .text.dhcp_proxy_tx
                0x000000000000a92f       0x2a bin/blib.a(dhcp.o)
 .text.dhcp_set_state
                0x000000000000a959       0x46 bin/blib.a(dhcp.o)
 .text.dhcp_finished
                0x000000000000a99f       0x24 bin/blib.a(dhcp.o)
 .text.dhcp_pxebs_rx
                0x000000000000a9c3       0x9f bin/blib.a(dhcp.o)
 .text.dhcp_timer_expired
                0x000000000000aa62       0x1a bin/blib.a(dhcp.o)
 .text.dhcp_proxy_rx
                0x000000000000aa7c       0x4e bin/blib.a(dhcp.o)
 .text.dhcp_free
                0x000000000000aaca       0x1b bin/blib.a(dhcp.o)
 .text.start_dhcp
                0x000000000000aae5       0xc8 bin/blib.a(dhcp.o)
                0x000000000000aae5                start_dhcp
 .text.dhcp_discovery_rx
                0x000000000000abad      0x12d bin/blib.a(dhcp.o)
 .text.dhcp_request_tx
                0x000000000000acda       0x44 bin/blib.a(dhcp.o)
 .text.dhcp_request_rx
                0x000000000000ad1e       0xc9 bin/blib.a(dhcp.o)
 .text.dhcp_create_packet
                0x000000000000ade7       0xdb bin/blib.a(dhcp.o)
                0x000000000000ade7                dhcp_create_packet
 .text.dhcp_create_request
                0x000000000000aec2      0x14b bin/blib.a(dhcp.o)
                0x000000000000aec2                dhcp_create_request
 .text.dhcp_tx  0x000000000000b00d       0xf3 bin/blib.a(dhcp.o)
 .text.dhcp_pxebs_expired
                0x000000000000b100       0x44 bin/blib.a(dhcp.o)
 .text.dhcp_discovery_expired
                0x000000000000b144       0x30 bin/blib.a(dhcp.o)
 .text.dhcp_request_expired
                0x000000000000b174        0x5 bin/blib.a(dhcp.o)
 .text.dhcp_proxy_expired
                0x000000000000b179       0x25 bin/blib.a(dhcp.o)
 .text.start_pxebs
                0x000000000000b19e      0x21e bin/blib.a(dhcp.o)
                0x000000000000b19e                start_pxebs
 .text.dns_label
                0x000000000000b3bc       0x4d bin/blib.a(dns.o)
 .text.dns_send_packet
                0x000000000000b409       0x26 bin/blib.a(dns.o)
 .text.dns_done
                0x000000000000b42f       0x24 bin/blib.a(dns.o)
 .text.dns_xfer_close
                0x000000000000b453        0xe bin/blib.a(dns.o)
 .text.dns_timer_expired
                0x000000000000b461       0x16 bin/blib.a(dns.o)
 .text.dns_encode
                0x000000000000b477       0x79 bin/blib.a(dns.o)
                0x000000000000b477                dns_encode
 .text.apply_dns_settings
                0x000000000000b4f0       0xd2 bin/blib.a(dns.o)
 .text.dns_decode
                0x000000000000b5c2       0xae bin/blib.a(dns.o)
                0x000000000000b5c2                dns_decode
 .text.dns_compare
                0x000000000000b670       0xdd bin/blib.a(dns.o)
                0x000000000000b670                dns_compare
 .text.dns_copy
                0x000000000000b74d       0x84 bin/blib.a(dns.o)
                0x000000000000b74d                dns_copy
 .text.dns_question
                0x000000000000b7d1       0x79 bin/blib.a(dns.o)
 .text.dns_resolv
                0x000000000000b84a      0x16b bin/blib.a(dns.o)
 .text.dns_skip
                0x000000000000b9b5       0x43 bin/blib.a(dns.o)
                0x000000000000b9b5                dns_skip
 .text.dns_skip_search
                0x000000000000b9f8       0x20 bin/blib.a(dns.o)
 .text.format_dnssl_setting
                0x000000000000ba18       0x6b bin/blib.a(dns.o)
 .text.dns_xfer_deliver
                0x000000000000ba83      0x286 bin/blib.a(dns.o)
 .text.tftp_xfer_window
                0x000000000000bd09        0x4 bin/blib.a(tftp.o)
 .text.tftp_reopen
                0x000000000000bd0d       0x57 bin/blib.a(tftp.o)
 .text.tftp_reopen_mc
                0x000000000000bd64       0x23 bin/blib.a(tftp.o)
 .text.tftp_process_multicast
                0x000000000000bd87       0xec bin/blib.a(tftp.o)
 .text.tftp_send_packet
                0x000000000000be73      0x158 bin/blib.a(tftp.o)
 .text.tftp_done
                0x000000000000bfcb       0x2e bin/blib.a(tftp.o)
 .text.tftp_core_open
                0x000000000000bff9      0x101 bin/blib.a(tftp.o)
 .text.mtftp_open
                0x000000000000c0fa       0x12 bin/blib.a(tftp.o)
 .text.tftm_open
                0x000000000000c10c        0xf bin/blib.a(tftp.o)
 .text.tftpsize_open
                0x000000000000c11b        0xf bin/blib.a(tftp.o)
 .text.tftp_open
                0x000000000000c12a        0xf bin/blib.a(tftp.o)
 .text.tftp_timer_expired
                0x000000000000c139       0x84 bin/blib.a(tftp.o)
 .text.tftp_free
                0x000000000000c1bd       0x1b bin/blib.a(tftp.o)
 .text.tftp_apply_settings
                0x000000000000c1d8       0x71 bin/blib.a(tftp.o)
 .text.tftp_process_tsize
                0x000000000000c249       0x27 bin/blib.a(tftp.o)
 .text.tftp_process_blksize
                0x000000000000c270       0x27 bin/blib.a(tftp.o)
 .text.tftp_presize.part.7
                0x000000000000c297       0x32 bin/blib.a(tftp.o)
 .text.tftp_send_error.constprop.9
                0x000000000000c2c9       0x72 bin/blib.a(tftp.o)
 .text.tftp_rx  0x000000000000c33b      0x293 bin/blib.a(tftp.o)
 .text.tftp_socket_deliver
                0x000000000000c5ce        0x9 bin/blib.a(tftp.o)
 .text.elf_load
                0x000000000000c5d7      0x141 bin/blib.a(elf.o)
                0x000000000000c5d7                elf_load
 .text.embedded_init
                0x000000000000c718       0x19 bin/blib.a(embedded.o)
 .text.terminate_on_label_found
                0x000000000000c731        0x9 bin/blib.a(script.o)
 .text.prompt_exec
                0x000000000000c73a       0x54 bin/blib.a(script.o)
 .text.process_script
                0x000000000000c78e      0x15d bin/blib.a(script.o)
 .text.script_exec
                0x000000000000c8eb       0x3c bin/blib.a(script.o)
 .text.terminate_on_exit_or_failure
                0x000000000000c927       0x21 bin/blib.a(script.o)
 .text.script_exec_line
                0x000000000000c948        0xc bin/blib.a(script.o)
 .text.script_probe
                0x000000000000c954       0x63 bin/blib.a(script.o)
 .text.goto_exec
                0x000000000000c9b7       0x85 bin/blib.a(script.o)
 .text.goto_find_label
                0x000000000000ca3c       0x2c bin/blib.a(script.o)
 .text.prep_segment
                0x000000000000ca68       0x81 bin/blib.a(segment.o)
                0x000000000000ca68                prep_segment
 .text.pci_bar  0x000000000000cae9       0x4a bin/blib.a(pci.o)
 .text.adjust_pci_device
                0x000000000000cb33       0x54 bin/blib.a(pci.o)
                0x000000000000cb33                adjust_pci_device
 .text.pci_read_config
                0x000000000000cb87      0x140 bin/blib.a(pci.o)
                0x000000000000cb87                pci_read_config
 .text.pci_find_next
                0x000000000000ccc7       0x55 bin/blib.a(pci.o)
                0x000000000000ccc7                pci_find_next
 .text.pci_find_driver
                0x000000000000cd1c       0x5d bin/blib.a(pci.o)
                0x000000000000cd1c                pci_find_driver
 .text.pci_probe
                0x000000000000cd79        0x7 bin/blib.a(pci.o)
                0x000000000000cd79                pci_probe
 .text.pci_remove
                0x000000000000cd80        0x7 bin/blib.a(pci.o)
                0x000000000000cd80                pci_remove
 .text.pcibus_remove
                0x000000000000cd87       0x3f bin/blib.a(pci.o)
 .text.pcibus_probe
                0x000000000000cdc6       0x86 bin/blib.a(pci.o)
 .text.pci_settings_applies
                0x000000000000ce4c        0xd bin/blib.a(pci_settings.o)
 .text.pci_settings_init
                0x000000000000ce59       0x11 bin/blib.a(pci_settings.o)
 .text.pci_settings_fetch
                0x000000000000ce6a       0x7e bin/blib.a(pci_settings.o)
 .text.ibft_set_ipaddr_setting
                0x000000000000cee8       0x64 bin/blib.a(ibft.o)
 .text.ibft_set_string
                0x000000000000cf4c       0x49 bin/blib.a(ibft.o)
 .text.ibft_describe
                0x000000000000cf95      0x30e bin/blib.a(ibft.o)
                0x000000000000cf95                ibft_describe
 .text.scsicmd_read_capacity_cmd
                0x000000000000d2a3       0x32 bin/blib.a(scsi.o)
 .text.scsicmd_test_unit_ready_cmd
                0x000000000000d2d5        0x5 bin/blib.a(scsi.o)
 .text.scsicmd_close
                0x000000000000d2da       0x1a bin/blib.a(scsi.o)
 .text.scsidev_close
                0x000000000000d2f4       0x69 bin/blib.a(scsi.o)
 .text.scsicmd_write_cmd
                0x000000000000d35d       0x54 bin/blib.a(scsi.o)
 .text.scsicmd_read_cmd
                0x000000000000d3b1       0x54 bin/blib.a(scsi.o)
 .text.scsicmd_free
                0x000000000000d405       0x1e bin/blib.a(scsi.o)
 .text.scsi_response
                0x000000000000d423       0x2f bin/blib.a(scsi.o)
                0x000000000000d423                scsi_response
 .text.scsi_command
                0x000000000000d452       0x40 bin/blib.a(scsi.o)
                0x000000000000d452                scsi_command
 .text.scsicmd_command
                0x000000000000d492       0x4b bin/blib.a(scsi.o)
 .text.scsicmd_read_capacity_done
                0x000000000000d4dd       0x91 bin/blib.a(scsi.o)
 .text.scsidev_command
                0x000000000000d56e       0xbb bin/blib.a(scsi.o)
 .text.scsidev_read_capacity
                0x000000000000d629       0x15 bin/blib.a(scsi.o)
 .text.scsidev_write
                0x000000000000d63e        0xc bin/blib.a(scsi.o)
 .text.scsidev_read
                0x000000000000d64a        0xc bin/blib.a(scsi.o)
 .text.scsicmd_done
                0x000000000000d656       0x3a bin/blib.a(scsi.o)
 .text.scsidev_window
                0x000000000000d690       0x11 bin/blib.a(scsi.o)
 .text.scsidev_ready
                0x000000000000d6a1       0x2b bin/blib.a(scsi.o)
 .text.scsidev_step
                0x000000000000d6cc       0x42 bin/blib.a(scsi.o)
 .text.scsicmd_response
                0x000000000000d70e       0x20 bin/blib.a(scsi.o)
 .text.scsi_parse_lun
                0x000000000000d72e       0x5f bin/blib.a(scsi.o)
                0x000000000000d72e                scsi_parse_lun
 .text.scsi_parse_sense
                0x000000000000d78d       0x39 bin/blib.a(scsi.o)
                0x000000000000d78d                scsi_parse_sense
 .text.scsi_open
                0x000000000000d7c6       0xa3 bin/blib.a(scsi.o)
                0x000000000000d7c6                scsi_open
 .text.smbios_applies
                0x000000000000d869        0xd bin/blib.a(smbios_settings.o)
 .text.smbios_init
                0x000000000000d876       0x11 bin/blib.a(smbios_settings.o)
 .text.smbios_fetch
                0x000000000000d887      0x102 bin/blib.a(smbios_settings.o)
 .text.chap_init
                0x000000000000d989       0x37 bin/blib.a(chap.o)
                0x000000000000d989                chap_init
 .text.chap_update
                0x000000000000d9c0        0xf bin/blib.a(chap.o)
                0x000000000000d9c0                chap_update
 .text.chap_respond
                0x000000000000d9cf       0x10 bin/blib.a(chap.o)
                0x000000000000d9cf                chap_respond
 .text.chap_finish
                0x000000000000d9df       0x16 bin/blib.a(chap.o)
                0x000000000000d9df                chap_finish
 .text.md5_f_0_15
                0x000000000000d9f5       0x10 bin/blib.a(md5.o)
 .text.md5_f_16_31
                0x000000000000da05       0x10 bin/blib.a(md5.o)
 .text.md5_f_32_47
                0x000000000000da15        0xc bin/blib.a(md5.o)
 .text.md5_f_48_63
                0x000000000000da21        0xe bin/blib.a(md5.o)
 .text.md5_init
                0x000000000000da2f       0x23 bin/blib.a(md5.o)
 .text.md5_update
                0x000000000000da52       0xc6 bin/blib.a(md5.o)
 .text.md5_final
                0x000000000000db18       0x5a bin/blib.a(md5.o)
 .text.strerror
                0x000000000000db72       0x6c bin/blib.a(strerror.o)
                0x000000000000db72                strerror
 .text.autoboot_exec
                0x000000000000dbde        0xa bin/blib.a(autoboot_cmd.o)
 .text.autoboot_payload
                0x000000000000dbe8        0x5 bin/blib.a(autoboot_cmd.o)
 .text.config_exec
                0x000000000000dbed       0x69 bin/blib.a(config_cmd.o)
 .text.pxebs_exec
                0x000000000000dc56       0x80 bin/blib.a(dhcp_cmd.o)
 .text.ifstat_payload
                0x000000000000dcd6        0x8 bin/blib.a(ifmgmt_cmd.o)
 .text.ifclose_payload
                0x000000000000dcde        0x8 bin/blib.a(ifmgmt_cmd.o)
 .text.ifopen_payload
                0x000000000000dce6        0x5 bin/blib.a(ifmgmt_cmd.o)
 .text.ifconf_payload
                0x000000000000dceb       0x1d bin/blib.a(ifmgmt_cmd.o)
 .text.ifcommon_exec
                0x000000000000dd08       0xae bin/blib.a(ifmgmt_cmd.o)
                0x000000000000dd08                ifcommon_exec
 .text.ifstat_exec
                0x000000000000ddb6        0xa bin/blib.a(ifmgmt_cmd.o)
 .text.ifclose_exec
                0x000000000000ddc0        0xa bin/blib.a(ifmgmt_cmd.o)
 .text.ifopen_exec
                0x000000000000ddca        0xa bin/blib.a(ifmgmt_cmd.o)
 .text.ifconf_exec
                0x000000000000ddd4        0xa bin/blib.a(ifmgmt_cmd.o)
                0x000000000000ddd4                ifconf_exec
 .text.image_clear_cmdline
                0x000000000000ddde        0x7 bin/blib.a(image_cmd.o)
 .text.imgsingle_exec
                0x000000000000dde5      0x141 bin/blib.a(image_cmd.o)
 .text.imgargs_exec
                0x000000000000df26        0xa bin/blib.a(image_cmd.o)
 .text.imgexec_exec
                0x000000000000df30        0xa bin/blib.a(image_cmd.o)
 .text.imgselect_exec
                0x000000000000df3a        0xa bin/blib.a(image_cmd.o)
 .text.imgfetch_exec
                0x000000000000df44        0xa bin/blib.a(image_cmd.o)
 .text.imgselect
                0x000000000000df4e        0x5 bin/blib.a(image_cmd.o)
 .text.imgmulti_exec
                0x000000000000df53       0x94 bin/blib.a(image_cmd.o)
 .text.imgfree_exec
                0x000000000000dfe7        0xa bin/blib.a(image_cmd.o)
 .text.imgstat_exec
                0x000000000000dff1        0xa bin/blib.a(image_cmd.o)
 .text.imgexec  0x000000000000dffb       0x28 bin/blib.a(image_cmd.o)
 .text.login_exec
                0x000000000000e023       0x39 bin/blib.a(login_cmd.o)
 .text.choose_exec
                0x000000000000e05c       0xbd bin/blib.a(menu_cmd.o)
 .text.item_exec
                0x000000000000e119       0xb4 bin/blib.a(menu_cmd.o)
 .text.menu_exec
                0x000000000000e1cd       0x67 bin/blib.a(menu_cmd.o)
 .text.clear_value
                0x000000000000e234        0x9 bin/blib.a(nvo_cmd.o)
 .text.inc_exec
                0x000000000000e23d       0xd0 bin/blib.a(nvo_cmd.o)
 .text.read_value
                0x000000000000e30d       0x32 bin/blib.a(nvo_cmd.o)
 .text.set_core_exec
                0x000000000000e33f       0x96 bin/blib.a(nvo_cmd.o)
 .text.read_exec
                0x000000000000e3d5       0x10 bin/blib.a(nvo_cmd.o)
 .text.clear_exec
                0x000000000000e3e5       0x10 bin/blib.a(nvo_cmd.o)
 .text.set_exec
                0x000000000000e3f5       0x10 bin/blib.a(nvo_cmd.o)
 .text.set_value
                0x000000000000e405       0x1b bin/blib.a(nvo_cmd.o)
 .text.show_exec
                0x000000000000e420       0xa7 bin/blib.a(nvo_cmd.o)
 .text.reboot_exec
                0x000000000000e4c7       0x23 bin/blib.a(reboot_cmd.o)
 .text.route_exec
                0x000000000000e4ea       0x25 bin/blib.a(route_cmd.o)
 .text.sanboot_core_exec
                0x000000000000e50f       0x9a bin/blib.a(sanboot_cmd.o)
 .text.sanunhook_exec
                0x000000000000e5a9        0xf bin/blib.a(sanboot_cmd.o)
 .text.sanboot_exec
                0x000000000000e5b8        0xf bin/blib.a(sanboot_cmd.o)
 .text.sanhook_exec
                0x000000000000e5c7        0xf bin/blib.a(sanboot_cmd.o)
 .text.sync_exec
                0x000000000000e5d6       0x3b bin/blib.a(sync_cmd.o)
 .text.login_ui
                0x000000000000e611      0x239 bin/blib.a(login_ui.o)
                0x000000000000e611                login_ui
 .text.draw_menu_item
                0x000000000000e84a      0x190 bin/blib.a(menu_ui.o)
 .text.draw_menu_items
                0x000000000000e9da       0xee bin/blib.a(menu_ui.o)
 .text.show_menu
                0x000000000000eac8      0x377 bin/blib.a(menu_ui.o)
                0x000000000000eac8                show_menu
 .text.clearmsg
                0x000000000000ee3f       0x18 bin/blib.a(settings_ui.o)
 .text.vmsg     0x000000000000ee57       0x5b bin/blib.a(settings_ui.o)
 .text.msg      0x000000000000eeb2       0x12 bin/blib.a(settings_ui.o)
 .text.string_copy
                0x000000000000eec4       0x2d bin/blib.a(settings_ui.o)
 .text.draw_setting_row
                0x000000000000eef1      0x107 bin/blib.a(settings_ui.o)
 .text.select_setting_row
                0x000000000000eff8      0x138 bin/blib.a(settings_ui.o)
 .text.reveal_setting_row.part.1
                0x000000000000f130       0xde bin/blib.a(settings_ui.o)
 .text.init_widget
                0x000000000000f20e       0x9b bin/blib.a(settings_ui.o)
 .text.colour_set.constprop.2
                0x000000000000f2a9        0xe bin/blib.a(settings_ui.o)
 .text.alert    0x000000000000f2b7       0x4e bin/blib.a(settings_ui.o)
 .text.main_loop
                0x000000000000f305      0x355 bin/blib.a(settings_ui.o)
 .text.settings_ui
                0x000000000000f65a       0x30 bin/blib.a(settings_ui.o)
                0x000000000000f65a                settings_ui
 .text.wclrtoeol
                0x000000000000f68a       0x31 bin/blib.a(clear.o)
                0x000000000000f68a                wclrtoeol
 .text.erase    0x000000000000f6bb       0x14 bin/blib.a(clear.o)
                0x000000000000f6bb                erase
 .text._wupdcurs
                0x000000000000f6cf       0x16 bin/blib.a(mucurses.o)
 .text._wputch  0x000000000000f6e5       0x4e bin/blib.a(mucurses.o)
                0x000000000000f6e5                _wputch
 .text._wputc   0x000000000000f733        0xb bin/blib.a(mucurses.o)
                0x000000000000f733                _wputc
 .text._wputstr
                0x000000000000f73e       0x2f bin/blib.a(mucurses.o)
                0x000000000000f73e                _wputstr
 .text.wmove    0x000000000000f76d       0x1f bin/blib.a(mucurses.o)
                0x000000000000f76d                wmove
 .text.curs_set
                0x000000000000f78c       0x10 bin/blib.a(mucurses.o)
                0x000000000000f78c                curs_set
 .text._printw_handler
                0x000000000000f79c        0xd bin/blib.a(print.o)
 .text.waddnstr
                0x000000000000f7a9        0xb bin/blib.a(print.o)
                0x000000000000f7a9                waddnstr
 .text.vw_printw
                0x000000000000f7b4       0x1b bin/blib.a(print.o)
                0x000000000000f7b4                vw_printw
 .text.wprintw  0x000000000000f7cf       0x12 bin/blib.a(print.o)
                0x000000000000f7cf                wprintw
 .text.wattroff
                0x000000000000f7e1        0x8 bin/blib.a(winattrs.o)
                0x000000000000f7e1                wattroff
 .text.wattron  0x000000000000f7e9        0x6 bin/blib.a(winattrs.o)
                0x000000000000f7e9                wattron
 .text.wattrset
                0x000000000000f7ef       0x11 bin/blib.a(winattrs.o)
                0x000000000000f7ef                wattrset
 .text.wcolour_set
                0x000000000000f800       0x1f bin/blib.a(winattrs.o)
                0x000000000000f800                wcolour_set
 .text.initscr  0x000000000000f81f       0x33 bin/blib.a(wininit.o)
                0x000000000000f81f                initscr
 .text.endwin   0x000000000000f852       0x5a bin/blib.a(wininit.o)
                0x000000000000f852                endwin
 .text.init_editbox
                0x000000000000f8ac       0x55 bin/blib.a(editbox.o)
                0x000000000000f8ac                init_editbox
 .text.draw_editbox
                0x000000000000f901       0xef bin/blib.a(editbox.o)
                0x000000000000f901                draw_editbox
 .text.shell_banner
                0x000000000000f9f0       0x28 bin/blib.a(autoboot.o)
 .text.uriboot  0x000000000000fa18      0x155 bin/blib.a(autoboot.o)
                0x000000000000fa18                uriboot
 .text.fetch_next_server_and_filename
                0x000000000000fb6d       0xe5 bin/blib.a(autoboot.o)
                0x000000000000fb6d                fetch_next_server_and_filename
 .text.netboot  0x000000000000fc52      0x22a bin/blib.a(autoboot.o)
                0x000000000000fc52                netboot
 .text.ipxe     0x000000000000fe7c       0xd5 bin/blib.a(autoboot.o)
                0x000000000000fe7c                ipxe
 .text.pxebs    0x000000000000ff51       0x3b bin/blib.a(dhcpmgmt.o)
                0x000000000000ff51                pxebs
 .text.ifpoller_progress
                0x000000000000ff8c        0x6 bin/blib.a(ifmgmt.o)
 .text.ifstat_errors
                0x000000000000ff92       0x36 bin/blib.a(ifmgmt.o)
 .text.ifconf_progress
                0x000000000000ffc8       0x4f bin/blib.a(ifmgmt.o)
 .text.iflinkwait_progress
                0x0000000000010017       0x16 bin/blib.a(ifmgmt.o)
 .text.ifopen   0x000000000001002d       0x2b bin/blib.a(ifmgmt.o)
                0x000000000001002d                ifopen
 .text.ifclose  0x0000000000010058        0x5 bin/blib.a(ifmgmt.o)
                0x0000000000010058                ifclose
 .text.ifstat   0x000000000001005d       0xc3 bin/blib.a(ifmgmt.o)
                0x000000000001005d                ifstat
 .text.iflinkwait
                0x0000000000010120       0x6d bin/blib.a(ifmgmt.o)
                0x0000000000010120                iflinkwait
 .text.ifconf   0x000000000001018d       0xe8 bin/blib.a(ifmgmt.o)