Archive member included because of file (symbol)

bin/blib.a(realtek.o)         (obj_realtek)
bin/blib.a(nvs.o)             bin/blib.a(realtek.o) (nvs_read)
bin/blib.a(threewire.o)       bin/blib.a(realtek.o) (threewire_read)
bin/blib.a(spi_bit.o)         bin/blib.a(realtek.o) (init_spi_bit_basher)
bin/blib.a(config.o)          (obj_config)
bin/blib.a(timer2.o)          bin/blib.a(realtek.o) (timer2_udelay)
bin/blib.a(bios_console.o)    bin/blib.a(config.o) (obj_bios_console)
bin/blib.a(bzimage.o)         bin/blib.a(config.o) (obj_bzimage)
bin/blib.a(elfboot.o)         bin/blib.a(config.o) (obj_elfboot)
bin/blib.a(initrd.o)          bin/blib.a(bzimage.o) (initrd_reshuffle)
bin/blib.a(multiboot.o)       bin/blib.a(config.o) (obj_multiboot)
bin/blib.a(pxe_image.o)       bin/blib.a(config.o) (obj_pxe_image)
bin/blib.a(pxe_call.o)        bin/blib.a(pxe_image.o) (pxe_activate)
bin/blib.a(pxe_file.o)        bin/blib.a(pxe_call.o) (obj_pxe_file)
bin/blib.a(pxe_loader.o)      bin/blib.a(pxe_call.o) (undi_loader)
bin/blib.a(pxe_preboot.o)     bin/blib.a(pxe_call.o) (obj_pxe_preboot)
bin/blib.a(pxe_tftp.o)        bin/blib.a(pxe_preboot.o) (pxenv_tftp_read_file)
bin/blib.a(pxe_udp.o)         bin/blib.a(pxe_call.o) (obj_pxe_udp)
bin/blib.a(pxe_undi.o)        bin/blib.a(pxe_preboot.o) (pxe_netdev)
bin/blib.a(x86_string.o)      bin/blib.a(realtek.o) (__memcpy)
bin/blib.a(cpuid_cmd.o)       bin/blib.a(config.o) (obj_cpuid_cmd)
bin/blib.a(setjmp.o)          bin/blib.a(pxe_call.o) (setjmp)
bin/blib.a(virtaddr.o)        bin/blib.a(elfboot.o) (_virt_to_phys)
bin/blib.a(librm.o)           bin/blib.a(pxe_call.o) (rm_cs)
bin/blib.a(libprefix.o)       bin/blib.a(pxe_preboot.o) (hooked_bios_interrupts)
bin/blib.a(romprefix.o)       (_rom_start)
bin/blib.a(unnrv2b16.o)       bin/blib.a(libprefix.o) (decompress16)
bin/blib.a(pxe_entry.o)       bin/blib.a(pxe_call.o) (ppxe)
bin/blib.a(ansiesc.o)         bin/blib.a(bios_console.o) (ansiesc_process)
bin/blib.a(cpio.o)            bin/blib.a(bzimage.o) (cpio_set_field)
bin/blib.a(device.o)          bin/blib.a(pxe_call.o) (device_keep_count)
bin/blib.a(exec.o)            bin/blib.a(pxe_file.o) (system)
bin/blib.a(getopt.o)          bin/blib.a(cpuid_cmd.o) (optind)
bin/blib.a(image.o)           bin/blib.a(bzimage.o) (unregister_image)
bin/blib.a(init.o)            bin/blib.a(pxe_loader.o) (initialise)
bin/blib.a(interface.o)       bin/blib.a(pxe_tftp.o) (null_intf)
bin/blib.a(iobuf.o)           bin/blib.a(realtek.o) (alloc_iob)
bin/blib.a(list.o)            bin/blib.a(device.o) (extern_list_add)
bin/blib.a(main.o)            bin/blib.a(romprefix.o) (main)
bin/blib.a(malloc.o)          bin/blib.a(realtek.o) (alloc_memblock)
bin/blib.a(memblock.o)        bin/blib.a(initrd.o) (largest_memblock)
bin/blib.a(misc.o)            bin/blib.a(bzimage.o) (strtoul)
bin/blib.a(nvo.o)             bin/blib.a(realtek.o) (nvo_init)
bin/blib.a(open.o)            bin/blib.a(pxe_tftp.o) (xfer_open_uri_string)
bin/blib.a(parseopt.o)        bin/blib.a(cpuid_cmd.o) (parse_integer)
bin/blib.a(posix_io.o)        bin/blib.a(pxe_file.o) (open)
bin/blib.a(process.o)         bin/blib.a(pxe_tftp.o) (step)
bin/blib.a(refcnt.o)          bin/blib.a(bzimage.o) (ref_increment)
bin/blib.a(settings.o)        bin/blib.a(parseopt.o) (find_settings)
bin/blib.a(string.o)          bin/blib.a(settings.o) (strncpy)
bin/blib.a(timer.o)           bin/blib.a(realtek.o) (mdelay)
bin/blib.a(uri.o)             bin/blib.a(settings.o) (uri_encode)
bin/blib.a(uuid.o)            bin/blib.a(settings.o) (uuid_ntoa)
bin/blib.a(version.o)         bin/blib.a(multiboot.o) (product_version)
bin/blib.a(vsprintf.o)        bin/blib.a(multiboot.o) (snprintf)
bin/blib.a(xfer.o)            bin/blib.a(pxe_tftp.o) (xfer_deliver)
bin/blib.a(arp.o)             bin/blib.a(pxe_undi.o) (arp_protocol)
bin/blib.a(dhcpopts.o)        bin/blib.a(nvo.o) (dhcpopt_no_realloc)
bin/blib.a(ethernet.o)        bin/blib.a(realtek.o) (alloc_etherdev)
bin/blib.a(eth_slow.o)        bin/blib.a(ethernet.o) (obj_eth_slow)
bin/blib.a(fakedhcp.o)        bin/blib.a(pxe_preboot.o) (create_fakedhcpdiscover)
bin/blib.a(iobpad.o)          bin/blib.a(realtek.o) (iob_pad)
bin/blib.a(ipv4.o)            bin/blib.a(pxe_undi.o) (ipv4_protocol)
bin/blib.a(netdevice.o)       bin/blib.a(ipv4.o) (net_devices)
bin/blib.a(netdev_settings.o)
                              bin/blib.a(netdevice.o) (netdev_settings_operations)
bin/blib.a(nullnet.o)         bin/blib.a(realtek.o) (null_netdev_operations)
bin/blib.a(rarp.o)            bin/blib.a(pxe_undi.o) (rarp_protocol)
bin/blib.a(retry.o)           bin/blib.a(arp.o) (start_timer)
bin/blib.a(tcpip.o)           bin/blib.a(ipv4.o) (tcpip_rx)
bin/blib.a(udp.o)             bin/blib.a(pxe_udp.o) (udp_open_promisc)
bin/blib.a(http.o)            bin/blib.a(config.o) (obj_http)
bin/blib.a(httpcore.o)        bin/blib.a(http.o) (http_open_filter)
bin/blib.a(iscsi.o)           bin/blib.a(config.o) (obj_iscsi)
[...]
Memory Configuration

Name             Origin             Length             Attributes
*default*        0x0000000000000000 0xffffffffffffffff

Linker script and memory map

                0x0000000000000010                PROVIDE (_max_align, 0x10)

.prefix         0x0000000000000000      0x894
                0x0000000000000000                _prefix = .
 *(.prefix)
 .prefix        0x0000000000000000      0x496 bin/blib.a(romprefix.o)
                0x0000000000000000                _rom_start
                0x0000000000000083                undiheader
                0x000000000000036d                image_source
                0x0000000000000373                decompress_to
 .prefix        0x0000000000000496       0x4b bin/blib.a(undiloader.o)
                0x0000000000000496                undiloader
 *(.prefix.*)
 .prefix.lib    0x00000000000004e1      0x2c2 bin/blib.a(libprefix.o)
                0x00000000000004e1                print_character
                0x0000000000000500                print_message
                0x000000000000050d                print_hex_dword
                0x0000000000000518                print_hex_word
                0x000000000000051f                print_hex_byte
                0x0000000000000528                print_hex_nibble
                0x0000000000000535                print_pci_busdevfn
                0x0000000000000556                print_kill_line
                0x000000000000063f                alloc_basemem
                0x0000000000000660                install
                0x000000000000067d                install_prealloc
 .prefix.data   0x00000000000007a3       0x56 bin/blib.a(libprefix.o)
 .prefix.lib    0x00000000000007f9       0x9b bin/blib.a(unnrv2b16.o)
                0x00000000000007f9                decompress16
                0x0000000000000894                _mprefix = .

.bss.prefix     0x0000000000000894        0x0 load address 0x0000000000019d60
                0x0000000000000894                _eprefix = .
                0x0000000000000894                _prefix_filesz = (ABSOLUTE (_mprefix) - ABSOLUTE (_prefix))
                0x0000000000000894                _prefix_memsz = (ABSOLUTE (_eprefix) - ABSOLUTE (_prefix))

.text16.early   0x0000000000000000       0xee load address 0x00000000000008a0
                0x0000000000000000                _text16 = .
 *(.text16.null)
 .text16.null   0x0000000000000000        0x3 bin/blib.a(pxe_entry.o)
 *(.text16.null.*)
                0x0000000000000004                . = (. + 0x1)
 *fill*         0x0000000000000003        0x1 00
 *(.text16.early)
 .text16.early  0x0000000000000004       0xe5 bin/blib.a(liba20.o)
                0x000000000000009b                enable_a20
                0x00000000000000e5                access_highmem
 *(.text16.early.*)
 .text16.early.data
                0x00000000000000e9        0x2 bin/blib.a(libprefix.o)
                0x00000000000000e9                close_payload
                0x00000000000000e9                open_payload
 *fill*         0x00000000000000eb        0x1 00
 .text16.early.data
                0x00000000000000ec        0x2 bin/blib.a(liba20.o)
                0x00000000000000ee                _etext16_early = .

.text16.late    0x00000000000000f0      0x66c load address 0x0000000000000990
                0x00000000000000f0                _text16_late = .
 *(.text16)
 .text16        0x00000000000000f0       0x36 bin/blib.a(bios_console.o)
 .text16        0x0000000000000126       0x11 bin/blib.a(bzimage.o)
 .text16        0x0000000000000137       0x11 bin/blib.a(pxe_call.o)
 .text16        0x0000000000000148      0x15d bin/blib.a(librm.o)
                0x0000000000000148                init_librm
                0x00000000000001c5                idt_init
                0x000000000000023f                prot_call
 .text16        0x00000000000002a5       0x34 bin/blib.a(libprefix.o)
                0x00000000000002a5                free_basemem
                0x00000000000002d5                uninstall
 .text16        0x00000000000002d9       0x20 bin/blib.a(romprefix.o)
 .text16        0x00000000000002f9       0x65 bin/blib.a(pxe_entry.o)
                0x0000000000000330                pxe_int_1a
 .text16        0x000000000000035e       0x13 bin/blib.a(memmap.o)
 .text16        0x0000000000000371        0x4 bin/blib.a(bios_nap.o)
 .text16        0x0000000000000375        0x6 bin/blib.a(bios_reboot.o)
 .text16        0x000000000000037b        0x5 bin/blib.a(bios_timer.o)
 .text16        0x0000000000000380       0x6a bin/blib.a(int13.o)
 .text16        0x00000000000003ea       0x1e bin/blib.a(pcibios.o)
 .text16        0x0000000000000408       0x45 bin/blib.a(bootsector.o)
 .text16        0x000000000000044d      0x25d bin/blib.a(e820mangler.o)
                0x0000000000000682                int15
 .text16        0x00000000000006aa        0x9 bin/blib.a(patch_cf.o)
                0x00000000000006aa                patch_cf
 *(.text16.*)
 .text16.data   0x00000000000006b3        0x2 bin/blib.a(librm.o)
                0x00000000000006b3                rm_ds
 .text16.data   0x00000000000006b5        0x2 bin/blib.a(libprefix.o)
                0x00000000000006b5                hooked_bios_interrupts
 *fill*         0x00000000000006b7        0x9 00
 .text16.data   0x00000000000006c0       0x90 bin/blib.a(pxe_entry.o)
                0x00000000000006c0                ppxe
                0x0000000000000720                pxenv
                0x000000000000074c                pxe_int_1a_vector
 .text16.data   0x0000000000000750        0x8 bin/blib.a(int13.o)
 .text16.data   0x0000000000000758        0x4 bin/blib.a(e820mangler.o)
                0x0000000000000758                int15_vector
                0x000000000000075c                _mtext16 = .

.bss.text16     0x000000000000075c        0x0 load address 0x0000000000019d60
                0x000000000000075c                _etext16 = .
                0x00000000000000ee                _text16_early_filesz = (ABSOLUTE (_etext16_early) - ABSOLUTE (_text16))
                0x00000000000000ee                _text16_early_memsz = (ABSOLUTE (_etext16_early) - ABSOLUTE (_text16))
                0x000000000000066c                _text16_late_filesz = (ABSOLUTE (_mtext16) - ABSOLUTE (_text16_late))
                0x000000000000066c                _text16_late_memsz = (ABSOLUTE (_etext16) - ABSOLUTE (_text16_late))
                0x000000000000075c                _text16_memsz = (ABSOLUTE (_etext16) - ABSOLUTE (_text16))

.data16         0x0000000000000000       0xd2 load address 0x0000000000001000
                0x0000000000000000                _data16 = .
                0x0000000000000001                . = (. + 0x1)
 *fill*         0x0000000000000000        0x1 00
 *(.rodata16)
 *(.rodata16.*)
 *(.data16)
 *fill*         0x0000000000000001        0xf 00
 .data16        0x0000000000000010       0x52 bin/blib.a(librm.o)
                0x0000000000000048                idtr
                0x0000000000000050                rm_cs
 .data16        0x0000000000000062        0xc bin/blib.a(libprefix.o)
 *fill*         0x000000000000006e        0x2 00
 .data16        0x0000000000000070       0x14 bin/blib.a(int13.o)
 *fill*         0x0000000000000084        0xc 00
 .data16        0x0000000000000090       0x42 bin/blib.a(e820mangler.o)
                0x0000000000000098                hidemem_base
                0x00000000000000a8                hidemem_umalloc
                0x00000000000000b8                hidemem_textdata
 *(.data16.*)
                0x00000000000000d2                _mdata16 = .

.bss.data16     0x00000000000000e0     0x2bf8 load address 0x0000000000019d60
 *(.bss16)
 .bss16         0x00000000000000e0      0x3b8 bin/blib.a(multiboot.o)
 .bss16         0x0000000000000498      0xec4 bin/blib.a(pxe_preboot.o)
 .bss16         0x000000000000135c      0x5ea bin/blib.a(basemem_packet.o)
                0x000000000000135c                basemem_packet
 *fill*         0x0000000000001946        0x2 00
 .bss16         0x0000000000001948       0x1c bin/blib.a(memmap.o)
                0x0000000000001948                memmap_post
 *fill*         0x0000000000001964        0xc 00
 .bss16         0x0000000000001970      0x320 bin/blib.a(int13.o)
 .bss16         0x0000000000001c90       0x48 bin/blib.a(e820mangler.o)
 *(.bss16.*)
 *(.stack16)
 .stack16       0x0000000000001cd8     0x1000 bin/blib.a(stack16.o)
                0x0000000000001cd8                _stack16
                0x0000000000002cd8                _estack16
 *(.stack16.*)
                0x0000000000002cd8                _edata16 = .
                0x00000000000000d2                _data16_filesz = (ABSOLUTE (_mdata16) - ABSOLUTE (_data16))
                0x0000000000002cd8                _data16_memsz = (ABSOLUTE (_edata16) - ABSOLUTE (_data16))

.textdata       0x0000000000000000    0x18bc4 load address 0x00000000000010e0
                0x0000000000000000                _textdata = .
 *(.text.null_trap)
 *(.text.null_trap.*)
                0x0000000000000001                . = (. + 0x1)
 *fill*         0x0000000000000000        0x1 00
 *(.text)
 *fill*         0x0000000000000001        0x3 00
 .text          0x0000000000000004       0x45 bin/blib.a(setjmp.o)
                0x0000000000000004                setjmp
                0x0000000000000022                longjmp
 *fill*         0x0000000000000049        0x3 00
 .text          0x000000000000004c       0x55 bin/blib.a(virtaddr.o)
                0x000000000000004c                _virt_to_phys
                0x0000000000000078                _phys_to_virt
 *fill*         0x00000000000000a1        0x3 00
 .text          0x00000000000000a4       0xa6 bin/blib.a(librm.o)
                0x0000000000000137                real_call
 *(.text.*)
 .text.realtek_spi_open_bit
                0x000000000000014a        0xe bin/blib.a(realtek.o)
 .text.realtek_spi_close_bit
                0x0000000000000158        0xe bin/blib.a(realtek.o)
 .text.realtek_spi_read_bit
                0x0000000000000166       0x10 bin/blib.a(realtek.o)
 .text.realtek_spi_write_bit
                0x0000000000000176       0x28 bin/blib.a(realtek.o)
 .text.realtek_irq
                0x000000000000019e       0x15 bin/blib.a(realtek.o)
 .text.realtek_transmit
                0x00000000000001b3       0xc8 bin/blib.a(realtek.o)
 .text.realtek_check_link
                0x000000000000027b       0x35 bin/blib.a(realtek.o)
 .text.realtek_mii_read
                0x00000000000002b0       0x4d bin/blib.a(realtek.o)
 .text.realtek_mii_write
                0x00000000000002fd       0x50 bin/blib.a(realtek.o)
 .text.realtek_reset.isra.10
                0x000000000000034d       0x31 bin/blib.a(realtek.o)
 .text.realtek_remove
                0x000000000000037e       0x37 bin/blib.a(realtek.o)
 .text.realtek_probe
                0x00000000000003b5      0x281 bin/blib.a(realtek.o)
 .text.realtek_refill_rx.part.12
                0x0000000000000636       0x81 bin/blib.a(realtek.o)
 .text.realtek_poll
                0x00000000000006b7      0x1d9 bin/blib.a(realtek.o)
 .text.realtek_destroy_ring
                0x0000000000000890       0x46 bin/blib.a(realtek.o)
 .text.realtek_close
                0x00000000000008d6       0x83 bin/blib.a(realtek.o)
 .text.realtek_create_ring
                0x0000000000000959       0x5b bin/blib.a(realtek.o)
 .text.realtek_open
                0x00000000000009b4       0xd8 bin/blib.a(realtek.o)
 .text.nvs_read
                0x0000000000000a8c       0x59 bin/blib.a(nvs.o)
                0x0000000000000a8c                nvs_read
 .text.nvs_verify
                0x0000000000000ae5       0x4b bin/blib.a(nvs.o)
 .text.nvs_write
                0x0000000000000b30       0x6b bin/blib.a(nvs.o)
                0x0000000000000b30                nvs_write
 .text.threewire_read
                0x0000000000000b9b       0x1c bin/blib.a(threewire.o)
                0x0000000000000b9b                threewire_read
 .text.threewire_write
                0x0000000000000bb7       0x5f bin/blib.a(threewire.o)
                0x0000000000000bb7                threewire_write
 .text.spi_bit_set_slave_select
                0x0000000000000c16       0x36 bin/blib.a(spi_bit.o)
 .text.spi_bit_transfer
                0x0000000000000c4c       0xde bin/blib.a(spi_bit.o)
 .text.spi_bit_rw
                0x0000000000000d2a       0xe3 bin/blib.a(spi_bit.o)
 .text.init_spi_bit_basher
                0x0000000000000e0d        0x8 bin/blib.a(spi_bit.o)
                0x0000000000000e0d                init_spi_bit_basher
 .text.timer2_udelay
                0x0000000000000e15       0x33 bin/blib.a(timer2.o)
                0x0000000000000e15                timer2_udelay
 .text.bios_handle_cup
                0x0000000000000e48       0x38 bin/blib.a(bios_console.o)
 .text.bios_handle_ed
                0x0000000000000e80       0x25 bin/blib.a(bios_console.o)
 .text.bios_handle_sgr
                0x0000000000000ea5       0x6a bin/blib.a(bios_console.o)
 .text.bios_putchar
                0x0000000000000f0f       0x28 bin/blib.a(bios_console.o)
 .text.bios_iskey
                0x0000000000000f37       0x2a bin/blib.a(bios_console.o)
 .text.bios_getchar
                0x0000000000000f61       0x8f bin/blib.a(bios_console.o)
 .text.bzimage_load_initrd
                0x0000000000000ff0      0x15e bin/blib.a(bzimage.o)
 .text.bzimage_parse_header.isra.0
                0x000000000000114e      0x13b bin/blib.a(bzimage.o)
 .text.bzimage_probe
                0x0000000000001289       0x1a bin/blib.a(bzimage.o)
                0x0000000000001289                bzimage_probe
 .text.bzimage_exec
                0x00000000000012a3      0x419 bin/blib.a(bzimage.o)
 .text.elfboot_exec
                0x00000000000016bc       0x39 bin/blib.a(elfboot.o)
 .text.elfboot_probe
                0x00000000000016f5       0x34 bin/blib.a(elfboot.o)
 .text.initrd_startup
                0x0000000000001729       0x16 bin/blib.a(initrd.o)
 .text.initrd_reshuffle
                0x000000000000173f      0x175 bin/blib.a(initrd.o)
                0x000000000000173f                initrd_reshuffle
 .text.initrd_reshuffle_check
                0x00000000000018b4       0x30 bin/blib.a(initrd.o)
                0x00000000000018b4                initrd_reshuffle_check
 .text.multiboot_add_cmdline
                0x00000000000018e4       0x89 bin/blib.a(multiboot.o)
 .text.multiboot_find_header
                0x000000000000196d       0x79 bin/blib.a(multiboot.o)
 .text.multiboot_probe
                0x00000000000019e6        0xe bin/blib.a(multiboot.o)
 .text.multiboot_exec
                0x00000000000019f4      0x326 bin/blib.a(multiboot.o)
 .text.pxe_exec
                0x0000000000001d1a       0x7f bin/blib.a(pxe_image.o)
 .text.pxe_probe
                0x0000000000001d99       0x1d bin/blib.a(pxe_image.o)
                0x0000000000001d99                pxe_probe
 .text.pxenv_unknown
                0x0000000000001db6        0xb bin/blib.a(pxe_call.o)
 .text.pxe_init_structures
                0x0000000000001dc1       0xea bin/blib.a(pxe_call.o)
 .text.pxe_api_call
                0x0000000000001eab       0x87 bin/blib.a(pxe_call.o)
                0x0000000000001eab                pxe_api_call
 .text.pxe_loader_call
                0x0000000000001f32       0x5d bin/blib.a(pxe_call.o)
                0x0000000000001f32                pxe_loader_call
 .text.pxe_activate
                0x0000000000001f8f       0x3f bin/blib.a(pxe_call.o)
                0x0000000000001f8f                pxe_activate
 .text.pxe_deactivate
                0x0000000000001fce       0x3f bin/blib.a(pxe_call.o)
                0x0000000000001fce                pxe_deactivate
 .text.pxe_start_nbp
                0x000000000000200d       0x76 bin/blib.a(pxe_call.o)
                0x000000000000200d                pxe_start_nbp
 .text.pxenv_file_cmdline
                0x0000000000002083       0x5c bin/blib.a(pxe_file.o)
 .text.pxenv_file_exec
                0x00000000000020df       0x72 bin/blib.a(pxe_file.o)
 .text.pxenv_get_file_size
                0x0000000000002151       0x2c bin/blib.a(pxe_file.o)
 .text.pxenv_file_read
                0x000000000000217d       0x47 bin/blib.a(pxe_file.o)
 .text.pxenv_file_select
                0x00000000000021c4       0x44 bin/blib.a(pxe_file.o)
 .text.pxenv_file_close
                0x0000000000002208       0x15 bin/blib.a(pxe_file.o)
 .text.pxenv_file_open
                0x000000000000221d       0x72 bin/blib.a(pxe_file.o)
 .text.pxenv_file_api_check
                0x000000000000228f       0x7d bin/blib.a(pxe_file.o)
 .text.undi_loader
                0x000000000000230c       0x3e bin/blib.a(pxe_loader.o)
                0x000000000000230c                undi_loader
 .text.pxenv_unload_stack
                0x000000000000234a        0x8 bin/blib.a(pxe_preboot.o)
 .text.pxenv_start_base
                0x0000000000002352        0xb bin/blib.a(pxe_preboot.o)
 .text.pxenv_stop_base
                0x000000000000235d        0x8 bin/blib.a(pxe_preboot.o)
 .text.pxenv_stop_undi
                0x0000000000002365       0x36 bin/blib.a(pxe_preboot.o)
 .text.pxenv_start_undi
                0x000000000000239b       0x69 bin/blib.a(pxe_preboot.o)
 .text.pxenv_get_cached_info
                0x0000000000002404       0xbf bin/blib.a(pxe_preboot.o)
 .text.pxenv_restart_tftp
                0x00000000000024c3       0x42 bin/blib.a(pxe_preboot.o)
 .text.pxe_tftp_xfer_window
                0x0000000000002505        0x4 bin/blib.a(pxe_tftp.o)
 .text.pxenv_tftp_read
                0x0000000000002509       0x9d bin/blib.a(pxe_tftp.o)
 .text.pxe_tftp_open
                0x00000000000025a6       0xca bin/blib.a(pxe_tftp.o)
 .text.pxe_tftp_close
                0x0000000000002670       0x11 bin/blib.a(pxe_tftp.o)
 .text.pxe_tftp_xfer_deliver
                0x0000000000002681       0x8d bin/blib.a(pxe_tftp.o)
 .text.pxenv_tftp_close
                0x000000000000270e       0x18 bin/blib.a(pxe_tftp.o)
 .text.pxenv_tftp_get_fsize
                0x0000000000002726       0x82 bin/blib.a(pxe_tftp.o)
 .text.pxenv_tftp_open
                0x00000000000027a8       0x98 bin/blib.a(pxe_tftp.o)
 .text.pxenv_tftp_read_file
                0x0000000000002840       0x93 bin/blib.a(pxe_tftp.o)
                0x0000000000002840                pxenv_tftp_read_file
 .text.pxenv_udp_read
                0x00000000000028d3       0x5b bin/blib.a(pxe_udp.o)
 .text.pxe_udp_deliver
                0x000000000000292e       0x85 bin/blib.a(pxe_udp.o)
 .text.pxenv_udp_write
                0x00000000000029b3       0xd5 bin/blib.a(pxe_udp.o)
 .text.pxenv_udp_close
                0x0000000000002a88       0x18 bin/blib.a(pxe_udp.o)
 .text.pxenv_udp_open
                0x0000000000002aa0       0x3e bin/blib.a(pxe_udp.o)
 .text.pxenv_undi_startup
                0x0000000000002ade       0x1c bin/blib.a(pxe_undi.o)
 .text.pxenv_undi_initialize
                0x0000000000002afa       0x1c bin/blib.a(pxe_undi.o)
 .text.pxenv_undi_set_mcast_address
                0x0000000000002b16       0x1c bin/blib.a(pxe_undi.o)
 .text.pxenv_undi_set_packet_filter
                0x0000000000002b32       0x1c bin/blib.a(pxe_undi.o)
 .text.pxenv_undi_get_statistics
                0x0000000000002b4e       0x38 bin/blib.a(pxe_undi.o)
 .text.pxenv_undi_clear_statistics
                0x0000000000002b86       0x40 bin/blib.a(pxe_undi.o)
 .text.pxenv_undi_initiate_diags
                0x0000000000002bc6       0x1b bin/blib.a(pxe_undi.o)
 .text.pxenv_undi_force_interrupt
                0x0000000000002be1       0x1b bin/blib.a(pxe_undi.o)
 .text.pxenv_undi_get_mcast_address
                0x0000000000002bfc       0x4c bin/blib.a(pxe_undi.o)
 .text.pxenv_undi_get_nic_type
                0x0000000000002c48       0x95 bin/blib.a(pxe_undi.o)
 .text.pxenv_undi_get_information
                0x0000000000002cdd       0x86 bin/blib.a(pxe_undi.o)
 .text.pxenv_undi_set_station_address
                0x0000000000002d63       0x42 bin/blib.a(pxe_undi.o)
 .text.pxenv_undi_isr
                0x0000000000002da5      0x1bc bin/blib.a(pxe_undi.o)
 .text.pxenv_undi_get_iface_info
                0x0000000000002f61       0x63 bin/blib.a(pxe_undi.o)
 .text.pxenv_undi_transmit
                0x0000000000002fc4      0x1e4 bin/blib.a(pxe_undi.o)
 .text.pxe_netdev_close
                0x00000000000031a8       0x25 bin/blib.a(pxe_undi.o)
 .text.pxenv_undi_close
                0x00000000000031cd       0x26 bin/blib.a(pxe_undi.o)
 .text.pxenv_undi_shutdown
                0x00000000000031f3       0x26 bin/blib.a(pxe_undi.o)
 .text.pxenv_undi_cleanup
                0x0000000000003219       0x26 bin/blib.a(pxe_undi.o)
 .text.pxe_netdev_open
                0x000000000000323f       0x28 bin/blib.a(pxe_undi.o)
 .text.pxenv_undi_open
                0x0000000000003267       0x35 bin/blib.a(pxe_undi.o)
 .text.pxenv_undi_reset_adapter
                0x000000000000329c       0x3a bin/blib.a(pxe_undi.o)
 .text.pxe_set_netdev
                0x00000000000032d6       0x32 bin/blib.a(pxe_undi.o)
                0x00000000000032d6                pxe_set_netdev
 .text.__memcpy
                0x0000000000003308       0x1d bin/blib.a(x86_string.o)
                0x0000000000003308                __memcpy
 .text.__memcpy_reverse
                0x0000000000003325       0x11 bin/blib.a(x86_string.o)
                0x0000000000003325                __memcpy_reverse
 .text.__memmove
                0x0000000000003336        0xe bin/blib.a(x86_string.o)
                0x0000000000003336                __memmove
 .text.memswap  0x0000000000003344       0x11 bin/blib.a(x86_string.o)
                0x0000000000003344                memswap
 .text.strlen   0x0000000000003355       0x11 bin/blib.a(x86_string.o)
                0x0000000000003355                strlen
 .text.strncmp  0x0000000000003366       0x1c bin/blib.a(x86_string.o)
                0x0000000000003366                strncmp
 .text.cpuid_exec
                0x0000000000003382       0x6d bin/blib.a(cpuid_cmd.o)
 .text.ansiesc_process
                0x00000000000033ef       0xbe bin/blib.a(ansiesc.o)
                0x00000000000033ef                ansiesc_process
 .text.cpio_set_field
                0x00000000000034ad       0x2a bin/blib.a(cpio.o)
                0x00000000000034ad                cpio_set_field
 .text.probe_devices
                0x00000000000034d7       0x52 bin/blib.a(device.o)
 .text.identify_device
                0x0000000000003529       0x31 bin/blib.a(device.o)
                0x0000000000003529                identify_device
 .text.remove_devices
                0x000000000000355a       0x40 bin/blib.a(device.o)
 .text.process_on_success
                0x000000000000359a        0x9 bin/blib.a(exec.o)
 .text.process_on_failure
                0x00000000000035a3        0x9 bin/blib.a(exec.o)
 .text.process_always
                0x00000000000035ac        0x6 bin/blib.a(exec.o)
 .text.exit_exec
                0x00000000000035b2       0x4f bin/blib.a(exec.o)
 .text.split_command
                0x0000000000003601       0x49 bin/blib.a(exec.o)
 .text.isset_exec
                0x000000000000364a       0x2f bin/blib.a(exec.o)
 .text.sleep_exec
                0x0000000000003679       0x79 bin/blib.a(exec.o)
 .text.iseq_exec
                0x00000000000036f2       0x3c bin/blib.a(exec.o)
 .text.execv    0x000000000000372e       0x8f bin/blib.a(exec.o)
                0x000000000000372e                execv
 .text.shell_stop
                0x00000000000037bd        0x6 bin/blib.a(exec.o)
                0x00000000000037bd                shell_stop
 .text.shell_stopped
                0x00000000000037c3       0x1c bin/blib.a(exec.o)
                0x00000000000037c3                shell_stopped
 .text.system   0x00000000000037df      0x192 bin/blib.a(exec.o)
                0x00000000000037df                system
 .text.concat_args
                0x0000000000003971       0x66 bin/blib.a(exec.o)
                0x0000000000003971                concat_args
 .text.echo_exec
                0x00000000000039d7       0x61 bin/blib.a(exec.o)
 .text.get_argv_argument
                0x0000000000003a38       0x24 bin/blib.a(getopt.o)
 .text.getopt_long
                0x0000000000003a5c      0x223 bin/blib.a(getopt.o)
                0x0000000000003a5c                getopt_long
 .text.free_image
                0x0000000000003c7f       0x35 bin/blib.a(image.o)
 .text.image_set_name
                0x0000000000003cb4       0x28 bin/blib.a(image.o)
                0x0000000000003cb4                image_set_name
 .text.alloc_image
                0x0000000000003cdc       0x50 bin/blib.a(image.o)
                0x0000000000003cdc                alloc_image
 .text.image_set_cmdline
                0x0000000000003d2c       0x35 bin/blib.a(image.o)
                0x0000000000003d2c                image_set_cmdline
 .text.unregister_image
                0x0000000000003d61       0x22 bin/blib.a(image.o)
                0x0000000000003d61                unregister_image
 .text.find_image
                0x0000000000003d83       0x2f bin/blib.a(image.o)
                0x0000000000003d83                find_image
 .text.image_probe
                0x0000000000003db2       0x34 bin/blib.a(image.o)
                0x0000000000003db2                image_probe
 .text.image_replace
                0x0000000000003de6       0x39 bin/blib.a(image.o)
                0x0000000000003de6                image_replace
 .text.image_select
                0x0000000000003e1f       0x2c bin/blib.a(image.o)
                0x0000000000003e1f                image_select
 .text.image_exec
                0x0000000000003e4b       0xa1 bin/blib.a(image.o)
                0x0000000000003e4b                image_exec
 .text.image_find_selected
                0x0000000000003eec       0x1d bin/blib.a(image.o)
                0x0000000000003eec                image_find_selected
 .text.register_image
                0x0000000000003f09       0x6a bin/blib.a(image.o)
                0x0000000000003f09                register_image
 .text.initialise
                0x0000000000003f73       0x17 bin/blib.a(init.o)
                0x0000000000003f73                initialise
 .text.startup  0x0000000000003f8a       0x30 bin/blib.a(init.o)
                0x0000000000003f8a                startup
 .text.shutdown
                0x0000000000003fba       0x37 bin/blib.a(init.o)
                0x0000000000003fba                shutdown
 .text.intf_plug
                0x0000000000003ff1       0x1d bin/blib.a(interface.o)
                0x0000000000003ff1                intf_plug
 .text.intf_plug_plug
                0x000000000000400e       0x16 bin/blib.a(interface.o)
                0x000000000000400e                intf_plug_plug
 .text.intf_unplug
                0x0000000000004024        0xa bin/blib.a(interface.o)
                0x0000000000004024                intf_unplug
 .text.intf_nullify
                0x000000000000402e        0x8 bin/blib.a(interface.o)
                0x000000000000402e                intf_nullify
 .text.intf_put
                0x0000000000004036        0x8 bin/blib.a(interface.o)
                0x0000000000004036                intf_put
 .text.intf_object
                0x000000000000403e        0x6 bin/blib.a(interface.o)
                0x000000000000403e                intf_object
 .text.intf_get_dest_op_no_passthru_untyped
                0x0000000000004044       0x35 bin/blib.a(interface.o)
                0x0000000000004044                intf_get_dest_op_no_passthru_untyped
 .text.intf_get_dest_op_untyped
                0x0000000000004079       0x34 bin/blib.a(interface.o)
                0x0000000000004079                intf_get_dest_op_untyped
 .text.intf_close
                0x00000000000040ad       0x32 bin/blib.a(interface.o)
                0x00000000000040ad                intf_close
 .text.intf_shutdown
                0x00000000000040df       0x17 bin/blib.a(interface.o)
                0x00000000000040df                intf_shutdown
 .text.intf_restart
                0x00000000000040f6       0x12 bin/blib.a(interface.o)
                0x00000000000040f6                intf_restart
 .text.alloc_iob_raw
                0x0000000000004108       0x79 bin/blib.a(iobuf.o)
                0x0000000000004108                alloc_iob_raw
 .text.alloc_iob
                0x0000000000004181       0x13 bin/blib.a(iobuf.o)
                0x0000000000004181                alloc_iob
 .text.free_iob
                0x0000000000004194       0x2d bin/blib.a(iobuf.o)
                0x0000000000004194                free_iob
 .text.iob_ensure_headroom
                0x00000000000041c1       0x12 bin/blib.a(iobuf.o)
                0x00000000000041c1                iob_ensure_headroom
 .text.extern_list_add
                0x00000000000041d3        0xd bin/blib.a(list.o)
                0x00000000000041d3                extern_list_add
 .text.extern_list_add_tail
                0x00000000000041e0        0xe bin/blib.a(list.o)
                0x00000000000041e0                extern_list_add_tail
 .text.startup.main
                0x00000000000041ee       0x31 bin/blib.a(main.o)
                0x00000000000041ee                main
 .text.discard_cache
                0x000000000000421f       0x1d bin/blib.a(malloc.o)
 .text.shutdown_cache
                0x000000000000423c        0xa bin/blib.a(malloc.o)
 .text.alloc_memblock
                0x0000000000004246       0x8b bin/blib.a(malloc.o)
                0x0000000000004246                alloc_memblock
 .text.free_memblock
                0x00000000000042d1       0x98 bin/blib.a(malloc.o)
                0x00000000000042d1                free_memblock
 .text.realloc  0x0000000000004369       0x5b bin/blib.a(malloc.o)
                0x0000000000004369                realloc
 .text.malloc   0x00000000000043c4        0x9 bin/blib.a(malloc.o)
                0x00000000000043c4                malloc
 .text.free     0x00000000000043cd        0x7 bin/blib.a(malloc.o)
                0x00000000000043cd                free
 .text.zalloc   0x00000000000043d4       0x1c bin/blib.a(malloc.o)
                0x00000000000043d4                zalloc
 .text.mpopulate
                0x00000000000043f0        0x8 bin/blib.a(malloc.o)
                0x00000000000043f0                mpopulate
 .text.init_heap
                0x00000000000043f8        0xf bin/blib.a(malloc.o)
 .text.largest_memblock
                0x0000000000004407       0x6e bin/blib.a(memblock.o)
                0x0000000000004407                largest_memblock
 .text.strtoul_charval
                0x0000000000004475       0x1b bin/blib.a(misc.o)
                0x0000000000004475                strtoul_charval
 .text.strtoul  0x0000000000004490       0x7a bin/blib.a(misc.o)
                0x0000000000004490                strtoul
 .text.inet_aton
                0x000000000000450a       0x63 bin/blib.a(misc.o)
                0x000000000000450a                inet_aton
 .text.nvo_fetch
                0x000000000000456d        0xb bin/blib.a(nvo.o)
 .text.nvo_applies
                0x0000000000004578       0x19 bin/blib.a(nvo.o)
                0x0000000000004578                nvo_applies
 .text.nvo_realloc
                0x0000000000004591       0x47 bin/blib.a(nvo.o)
 .text.nvo_realloc_dhcpopt
                0x00000000000045d8       0x33 bin/blib.a(nvo.o)
 .text.nvo_store
                0x000000000000460b       0x5a bin/blib.a(nvo.o)
 .text.nvo_init
                0x0000000000004665       0x52 bin/blib.a(nvo.o)
                0x0000000000004665                nvo_init
 .text.register_nvo
                0x00000000000046b7       0x82 bin/blib.a(nvo.o)
                0x00000000000046b7                register_nvo
 .text.unregister_nvo
                0x0000000000004739       0x12 bin/blib.a(nvo.o)
                0x0000000000004739                unregister_nvo
 .text.xfer_uri_opener
                0x000000000000474b       0x2a bin/blib.a(open.o)
                0x000000000000474b                xfer_uri_opener
 .text.xfer_open_uri
                0x0000000000004775       0x45 bin/blib.a(open.o)
                0x0000000000004775                xfer_open_uri
 .text.xfer_open_uri_string
                0x00000000000047ba       0x2f bin/blib.a(open.o)
                0x00000000000047ba                xfer_open_uri_string
 .text.xfer_open_socket
                0x00000000000047e9       0x37 bin/blib.a(open.o)
                0x00000000000047e9                xfer_open_socket
 .text.xfer_vopen
                0x0000000000004820       0x38 bin/blib.a(open.o)
                0x0000000000004820                xfer_vopen
 .text.xfer_vreopen
                0x0000000000004858       0x20 bin/blib.a(open.o)
                0x0000000000004858                xfer_vreopen
 .text.parse_string
                0x0000000000004878        0x5 bin/blib.a(parseopt.o)
                0x0000000000004878                parse_string
 .text.parse_integer
                0x000000000000487d       0x32 bin/blib.a(parseopt.o)
                0x000000000000487d                parse_integer
 .text.parse_netdev
                0x00000000000048af       0x2a bin/blib.a(parseopt.o)
                0x00000000000048af                parse_netdev
 .text.parse_menu
                0x00000000000048d9       0x3b bin/blib.a(parseopt.o)
                0x00000000000048d9                parse_menu
 .text.parse_flag
                0x0000000000004914        0x9 bin/blib.a(parseopt.o)
                0x0000000000004914                parse_flag
 .text.parse_key
                0x000000000000491d       0x19 bin/blib.a(parseopt.o)
                0x000000000000491d                parse_key
 .text.parse_settings
                0x0000000000004936       0x2a bin/blib.a(parseopt.o)
                0x0000000000004936                parse_settings
 .text.parse_setting
                0x0000000000004960       0x2d bin/blib.a(parseopt.o)
                0x0000000000004960                parse_setting
 .text.parse_existing_setting
                0x000000000000498d        0xa bin/blib.a(parseopt.o)
                0x000000000000498d                parse_existing_setting
 .text.parse_autovivified_setting
                0x0000000000004997        0xa bin/blib.a(parseopt.o)
                0x0000000000004997                parse_autovivified_setting
 .text.print_usage
                0x00000000000049a1       0x15 bin/blib.a(parseopt.o)
                0x00000000000049a1                print_usage
 .text.reparse_options
                0x00000000000049b6      0x19f bin/blib.a(parseopt.o)
                0x00000000000049b6                reparse_options
 .text.parse_options
                0x0000000000004b55       0x2b bin/blib.a(parseopt.o)
                0x0000000000004b55                parse_options
 .text.posix_fd_to_file
                0x0000000000004b80       0x20 bin/blib.a(posix_io.o)
 .text.posix_file_finished
                0x0000000000004ba0       0x14 bin/blib.a(posix_io.o)
 .text.posix_file_xfer_deliver
                0x0000000000004bb4       0x3d bin/blib.a(posix_io.o)
 .text.posix_file_free
                0x0000000000004bf1       0x30 bin/blib.a(posix_io.o)
 .text.open     0x0000000000004c21       0xb9 bin/blib.a(posix_io.o)
                0x0000000000004c21                open
 .text.select   0x0000000000004cda       0x66 bin/blib.a(posix_io.o)
                0x0000000000004cda                select
 .text.read_user
                0x0000000000004d40       0x8a bin/blib.a(posix_io.o)
                0x0000000000004d40                read_user
 .text.fsize    0x0000000000004dca       0x13 bin/blib.a(posix_io.o)
                0x0000000000004dca                fsize
 .text.close    0x0000000000004ddd       0x30 bin/blib.a(posix_io.o)
                0x0000000000004ddd                close
 .text.process_add
                0x0000000000004e0d       0x1e bin/blib.a(process.o)
                0x0000000000004e0d                process_add
 .text.init_processes
                0x0000000000004e2b       0x1c bin/blib.a(process.o)
 .text.process_del
                0x0000000000004e47       0x1c bin/blib.a(process.o)
                0x0000000000004e47                process_del
 .text.step     0x0000000000004e63       0x5d bin/blib.a(process.o)
                0x0000000000004e63                step
 .text.ref_increment
                0x0000000000004ec0        0x7 bin/blib.a(refcnt.o)
                0x0000000000004ec0                ref_increment
 .text.ref_decrement
                0x0000000000004ec7       0x1c bin/blib.a(refcnt.o)
                0x0000000000004ec7                ref_decrement
 .text.ref_no_free
                0x0000000000004ee3        0x1 bin/blib.a(refcnt.o)
                0x0000000000004ee3                ref_no_free
 .text.apply_settings
                0x0000000000004ee4       0x1d bin/blib.a(settings.o)
 .text.builtin_applies
                0x0000000000004f01        0xd bin/blib.a(settings.o)
 .text.platform_fetch
                0x0000000000004f0e       0x12 bin/blib.a(settings.o)
 .text.buildarch_fetch
                0x0000000000004f20       0x12 bin/blib.a(settings.o)
 .text.version_fetch
                0x0000000000004f32       0x17 bin/blib.a(settings.o)
 .text.format_string_setting
                0x0000000000004f49       0x2e bin/blib.a(settings.o)
 .text.parse_string_setting
                0x0000000000004f77       0x31 bin/blib.a(settings.o)
 .text.errno_fetch
                0x0000000000004fa8       0x28 bin/blib.a(settings.o)
 .text.denumerate_int_setting
                0x0000000000004fd0       0x3f bin/blib.a(settings.o)
 .text.format_uint_setting
                0x000000000000500f       0x2e bin/blib.a(settings.o)
 .text.format_int_setting
                0x000000000000503d       0x2e bin/blib.a(settings.o)
 .text.format_hex_setting
                0x000000000000506b       0x68 bin/blib.a(settings.o)
 .text.format_hex_raw_setting
                0x00000000000050d3        0xa bin/blib.a(settings.o)
 .text.format_hex_hyphen_setting
                0x00000000000050dd        0xa bin/blib.a(settings.o)
 .text.format_hex_colon_setting
                0x00000000000050e7        0xa bin/blib.a(settings.o)
 .text.parse_hex_raw_setting
                0x00000000000050f1        0x9 bin/blib.a(settings.o)
 .text.parse_hex_hyphen_setting
                0x00000000000050fa        0xc bin/blib.a(settings.o)
 .text.parse_hex_setting
                0x0000000000005106        0xc bin/blib.a(settings.o)
 .text.parse_ipv4_setting
                0x0000000000005112       0x39 bin/blib.a(settings.o)
 .text.format_uristring_setting
                0x000000000000514b       0x39 bin/blib.a(settings.o)
 .text.parse_uristring_setting
                0x0000000000005184       0x48 bin/blib.a(settings.o)
 .text.generic_settings_clear
                0x00000000000051cc       0x28 bin/blib.a(settings.o)
                0x00000000000051cc                generic_settings_clear
 .text.autovivified_settings_free
                0x00000000000051f4       0x13 bin/blib.a(settings.o)
 .text.parse_settings_name
                0x0000000000005207       0x66 bin/blib.a(settings.o)
 .text.numeric_setting_value
                0x000000000000526d       0x68 bin/blib.a(settings.o)
 .text.numerate_int_setting
                0x00000000000052d5       0x21 bin/blib.a(settings.o)
 .text.format_busdevfn_setting
                0x00000000000052f6       0x3f bin/blib.a(settings.o)
 .text.format_uuid_setting
                0x0000000000005335       0x2d bin/blib.a(settings.o)
 .text.parse_int_setting
                0x0000000000005362       0x34 bin/blib.a(settings.o)
 .text.format_ipv4_setting
                0x0000000000005396       0x2d bin/blib.a(settings.o)
 .text.find_settings
                0x00000000000053c3        0xa bin/blib.a(settings.o)
                0x00000000000053c3                find_settings
 .text.unregister_settings
                0x00000000000053cd       0x54 bin/blib.a(settings.o)
                0x00000000000053cd                unregister_settings
 .text.settings_target
                0x0000000000005421       0x15 bin/blib.a(settings.o)
                0x0000000000005421                settings_target
 .text.settings_name
                0x0000000000005436       0x5b bin/blib.a(settings.o)
                0x0000000000005436                settings_name
 .text.find_child_settings
                0x0000000000005491       0x45 bin/blib.a(settings.o)
                0x0000000000005491                find_child_settings
 .text.setting_applies
                0x00000000000054d6       0x25 bin/blib.a(settings.o)
                0x00000000000054d6                setting_applies
 .text.fetch_setting_and_origin
                0x00000000000054fb       0xb9 bin/blib.a(settings.o)
 .text.fetch_setting
                0x00000000000055b4        0xf bin/blib.a(settings.o)
                0x00000000000055b4                fetch_setting
 .text.fetch_setting_origin
                0x00000000000055c3       0x13 bin/blib.a(settings.o)
                0x00000000000055c3                fetch_setting_origin
 .text.fetch_setting_len
                0x00000000000055d6        0xa bin/blib.a(settings.o)
                0x00000000000055d6                fetch_setting_len
 .text.fetch_setting_copy
                0x00000000000055e0       0x40 bin/blib.a(settings.o)
                0x00000000000055e0                fetch_setting_copy
 .text.fetch_string_setting
                0x0000000000005620       0x30 bin/blib.a(settings.o)
                0x0000000000005620                fetch_string_setting
 .text.fetch_string_setting_copy
                0x0000000000005650       0x51 bin/blib.a(settings.o)
                0x0000000000005650                fetch_string_setting_copy
 .text.fetch_ipv4_array_setting
                0x00000000000056a1       0x1f bin/blib.a(settings.o)
                0x00000000000056a1                fetch_ipv4_array_setting
 .text.fetch_ipv4_setting
                0x00000000000056c0        0x8 bin/blib.a(settings.o)
                0x00000000000056c0                fetch_ipv4_setting
 .text.fetch_numeric_setting
                0x00000000000056c8       0x2e bin/blib.a(settings.o)
                0x00000000000056c8                fetch_numeric_setting
 .text.fetch_intz_setting
                0x00000000000056f6       0x11 bin/blib.a(settings.o)
                0x00000000000056f6                fetch_intz_setting
 .text.reprioritise_settings
                0x0000000000005707       0x6f bin/blib.a(settings.o)
 .text.register_settings
                0x0000000000005776       0x51 bin/blib.a(settings.o)
                0x0000000000005776                register_settings
 .text.builtin_init
                0x00000000000057c7       0x11 bin/blib.a(settings.o)
 .text.autovivify_child_settings
                0x00000000000057d8       0x9b bin/blib.a(settings.o)
                0x00000000000057d8                autovivify_child_settings
 .text.fetch_uintz_setting
                0x0000000000005873       0x11 bin/blib.a(settings.o)
                0x0000000000005873                fetch_uintz_setting
 .text.fetch_uuid_setting
                0x0000000000005884       0x16 bin/blib.a(settings.o)
                0x0000000000005884                fetch_uuid_setting
 .text.clear_settings
                0x000000000000589a       0x12 bin/blib.a(settings.o)
                0x000000000000589a                clear_settings
 .text.setting_cmp
                0x00000000000058ac       0x39 bin/blib.a(settings.o)
                0x00000000000058ac                setting_cmp
 .text.builtin_fetch
                0x00000000000058e5       0x3c bin/blib.a(settings.o)
 .text.store_setting
                0x0000000000005921       0x80 bin/blib.a(settings.o)
                0x0000000000005921                store_setting
 .text.generic_settings_fetch
                0x00000000000059a1       0x62 bin/blib.a(settings.o)
                0x00000000000059a1                generic_settings_fetch
 .text.generic_settings_store
                0x0000000000005a03       0xdb bin/blib.a(settings.o)
                0x0000000000005a03                generic_settings_store
 .text.setting_format
                0x0000000000005ade       0x1d bin/blib.a(settings.o)
                0x0000000000005ade                setting_format
 .text.setting_parse
                0x0000000000005afb       0x19 bin/blib.a(settings.o)
                0x0000000000005afb                setting_parse
 .text.setting_numerate
                0x0000000000005b14       0x19 bin/blib.a(settings.o)
                0x0000000000005b14                setting_numerate
 .text.setting_denumerate
                0x0000000000005b2d       0x19 bin/blib.a(settings.o)
                0x0000000000005b2d                setting_denumerate
 .text.fetchf_setting
                0x0000000000005b46       0x3d bin/blib.a(settings.o)
                0x0000000000005b46                fetchf_setting
 .text.fetchf_setting_copy
                0x0000000000005b83       0x51 bin/blib.a(settings.o)
                0x0000000000005b83                fetchf_setting_copy
 .text.storef_setting
                0x0000000000005bd4       0x7a bin/blib.a(settings.o)
                0x0000000000005bd4                storef_setting
 .text.fetchn_setting
                0x0000000000005c4e       0x37 bin/blib.a(settings.o)
                0x0000000000005c4e                fetchn_setting
 .text.storen_setting
                0x0000000000005c85       0x5e bin/blib.a(settings.o)
                0x0000000000005c85                storen_setting
 .text.parse_setting_name
                0x0000000000005ce3      0x153 bin/blib.a(settings.o)
                0x0000000000005ce3                parse_setting_name
 .text.setting_name
                0x0000000000005e36       0x43 bin/blib.a(settings.o)
                0x0000000000005e36                setting_name
 .text.expand_settings
                0x0000000000005e79       0xca bin/blib.a(settings.o)
                0x0000000000005e79                expand_settings
 .text.strcpy   0x0000000000005f43       0x10 bin/blib.a(string.o)
                0x0000000000005f43                strcpy
 .text.strncpy  0x0000000000005f53       0x18 bin/blib.a(string.o)
                0x0000000000005f53                strncpy
 .text.strcmp   0x0000000000005f6b       0x24 bin/blib.a(string.o)
                0x0000000000005f6b                strcmp
 .text.strcasecmp
                0x0000000000005f8f       0x2a bin/blib.a(string.o)
                0x0000000000005f8f                strcasecmp
 .text.strchr   0x0000000000005fb9       0x11 bin/blib.a(string.o)
                0x0000000000005fb9                strchr
 .text.strrchr  0x0000000000005fca       0x1f bin/blib.a(string.o)
                0x0000000000005fca                strrchr
 .text.strnlen  0x0000000000005fe9       0x14 bin/blib.a(string.o)
                0x0000000000005fe9                strnlen
 .text.memcmp   0x0000000000005ffd       0x21 bin/blib.a(string.o)
                0x0000000000005ffd                memcmp
 .text.strstr   0x000000000000601e       0x3e bin/blib.a(string.o)
                0x000000000000601e                strstr
 .text.memchr   0x000000000000605c       0x15 bin/blib.a(string.o)
                0x000000000000605c                memchr
 .text.strndup  0x0000000000006071       0x35 bin/blib.a(string.o)
                0x0000000000006071                strndup
 .text.strdup   0x00000000000060a6        0x8 bin/blib.a(string.o)
                0x00000000000060a6                strdup
 .text.mdelay   0x00000000000060ae       0x16 bin/blib.a(timer.o)
                0x00000000000060ae                mdelay
 .text.sleep    0x00000000000060c4       0x18 bin/blib.a(timer.o)
                0x00000000000060c4                sleep
 .text.free_uri
                0x00000000000060dc       0x17 bin/blib.a(uri.o)
 .text.uri_port
                0x00000000000060f3       0x17 bin/blib.a(uri.o)
                0x00000000000060f3                uri_port
 .text.resolve_path
                0x000000000000610a       0xc2 bin/blib.a(uri.o)
                0x000000000000610a                resolve_path
 .text.uri_encode
                0x00000000000061cc       0xc4 bin/blib.a(uri.o)
                0x00000000000061cc                uri_encode
 .text.unparse_uri
                0x0000000000006290      0x111 bin/blib.a(uri.o)
                0x0000000000006290                unparse_uri
 .text.uri_decode
                0x00000000000063a1       0x71 bin/blib.a(uri.o)
                0x00000000000063a1                uri_decode
 .text.parse_uri
                0x0000000000006412      0x19c bin/blib.a(uri.o)
                0x0000000000006412                parse_uri
 .text.uri_dup  0x00000000000065ae       0x45 bin/blib.a(uri.o)
                0x00000000000065ae                uri_dup
 .text.resolve_uri
                0x00000000000065f3       0x8c bin/blib.a(uri.o)
                0x00000000000065f3                resolve_uri
 .text.uuid_ntoa
                0x000000000000667f       0x63 bin/blib.a(uuid.o)
                0x000000000000667f                uuid_ntoa
 .text.format_hex
                0x00000000000066e2       0x6e bin/blib.a(vsprintf.o)
 .text.printf_sputc
                0x0000000000006750        0xf bin/blib.a(vsprintf.o)
 .text.printf_putchar
                0x000000000000675f        0x7 bin/blib.a(vsprintf.o)
 .text.vcprintf
                0x0000000000006766      0x267 bin/blib.a(vsprintf.o)
                0x0000000000006766                vcprintf
 .text.vsnprintf
                0x00000000000069cd       0x3e bin/blib.a(vsprintf.o)
                0x00000000000069cd                vsnprintf
 .text.snprintf
                0x0000000000006a0b       0x17 bin/blib.a(vsprintf.o)
                0x0000000000006a0b                snprintf
 .text.vssnprintf
                0x0000000000006a22       0x12 bin/blib.a(vsprintf.o)
                0x0000000000006a22                vssnprintf
 .text.ssnprintf
                0x0000000000006a34       0x17 bin/blib.a(vsprintf.o)
                0x0000000000006a34                ssnprintf
 .text.vprintf  0x0000000000006a4b       0x19 bin/blib.a(vsprintf.o)
                0x0000000000006a4b                vprintf
 .text.printf   0x0000000000006a64        0xe bin/blib.a(vsprintf.o)
                0x0000000000006a64                printf
 .text.xfer_deliver
                0x0000000000006a72       0x47 bin/blib.a(xfer.o)
                0x0000000000006a72                xfer_deliver
 .text.xfer_window_changed
                0x0000000000006ab9       0x29 bin/blib.a(xfer.o)
                0x0000000000006ab9                xfer_window_changed
 .text.xfer_window
                0x0000000000006ae2       0x32 bin/blib.a(xfer.o)
                0x0000000000006ae2                xfer_window
 .text.xfer_alloc_iob
                0x0000000000006b14       0x3c bin/blib.a(xfer.o)
                0x0000000000006b14                xfer_alloc_iob
 .text.xfer_vredirect
                0x0000000000006b50       0x88 bin/blib.a(xfer.o)
                0x0000000000006b50                xfer_vredirect
 .text.xfer_redirect
                0x0000000000006bd8       0x12 bin/blib.a(xfer.o)
                0x0000000000006bd8                xfer_redirect
 .text.xfer_deliver_iob
                0x0000000000006bea        0xa bin/blib.a(xfer.o)
                0x0000000000006bea                xfer_deliver_iob
 .text.xfer_deliver_raw_meta
                0x0000000000006bf4       0x46 bin/blib.a(xfer.o)
                0x0000000000006bf4                xfer_deliver_raw_meta
 .text.xfer_deliver_raw
                0x0000000000006c3a        0xb bin/blib.a(xfer.o)
                0x0000000000006c3a                xfer_deliver_raw
 .text.xfer_vprintf
                0x0000000000006c45       0x2e bin/blib.a(xfer.o)
                0x0000000000006c45                xfer_vprintf
 .text.xfer_printf
                0x0000000000006c73       0x12 bin/blib.a(xfer.o)
                0x0000000000006c73                xfer_printf
 .text.xfer_seek
                0x0000000000006c85       0x42 bin/blib.a(xfer.o)
                0x0000000000006c85                xfer_seek
 .text.arp_ntoa
                0x0000000000006cc7        0x6 bin/blib.a(arp.o)
 .text.arp_probe
                0x0000000000006ccd        0x3 bin/blib.a(arp.o)
 .text.arp_destroy
                0x0000000000006cd0       0x48 bin/blib.a(arp.o)
 .text.arp_discard
                0x0000000000006d18       0x2b bin/blib.a(arp.o)
 .text.arp_find
                0x0000000000006d43       0x65 bin/blib.a(arp.o)
 .text.arp_rx   0x0000000000006da8      0x17f bin/blib.a(arp.o)
 .text.arp_expired
                0x0000000000006f27      0x104 bin/blib.a(arp.o)
 .text.arp_free
                0x000000000000702b       0x13 bin/blib.a(arp.o)
 .text.arp_flush
                0x000000000000703e       0x32 bin/blib.a(arp.o)
 .text.arp_tx   0x0000000000007070       0xd7 bin/blib.a(arp.o)
                0x0000000000007070                arp_tx
 .text.find_dhcp_option_with_encap
                0x0000000000007147       0x8b bin/blib.a(dhcpopts.o)
 .text.set_dhcp_option
                0x00000000000071d2      0x1d4 bin/blib.a(dhcpopts.o)
 .text.dhcpopt_no_realloc
                0x00000000000073a6        0xf bin/blib.a(dhcpopts.o)
                0x00000000000073a6                dhcpopt_no_realloc
 .text.dhcpopt_applies
                0x00000000000073b5        0xd bin/blib.a(dhcpopts.o)
                0x00000000000073b5                dhcpopt_applies
 .text.dhcpopt_store
                0x00000000000073c2       0x17 bin/blib.a(dhcpopts.o)
                0x00000000000073c2                dhcpopt_store
 .text.dhcpopt_fetch
                0x00000000000073d9       0x36 bin/blib.a(dhcpopts.o)
                0x00000000000073d9                dhcpopt_fetch
 .text.dhcpopt_update_used_len
                0x000000000000740f       0x50 bin/blib.a(dhcpopts.o)
                0x000000000000740f                dhcpopt_update_used_len
 .text.dhcpopt_init
                0x000000000000745f       0x14 bin/blib.a(dhcpopts.o)
                0x000000000000745f                dhcpopt_init
 .text.eth_push
                0x0000000000007473       0x38 bin/blib.a(ethernet.o)
                0x0000000000007473                eth_push
 .text.eth_init_addr
                0x00000000000074ab        0xc bin/blib.a(ethernet.o)
                0x00000000000074ab                eth_init_addr
 .text.eth_eth_addr
                0x00000000000074b7        0xe bin/blib.a(ethernet.o)
                0x00000000000074b7                eth_eth_addr
 .text.eth_ntoa
                0x00000000000074c5       0x37 bin/blib.a(ethernet.o)
                0x00000000000074c5                eth_ntoa
 .text.eth_pull
                0x00000000000074fc       0x5e bin/blib.a(ethernet.o)
                0x00000000000074fc                eth_pull
 .text.eth_mc_hash
                0x000000000000755a       0x2c bin/blib.a(ethernet.o)
                0x000000000000755a                eth_mc_hash
 .text.alloc_etherdev
                0x0000000000007586       0x1f bin/blib.a(ethernet.o)
                0x0000000000007586                alloc_etherdev
 .text.eth_slow_rx
                0x00000000000075a5      0x111 bin/blib.a(eth_slow.o)
 .text.copy_encap_settings
                0x00000000000076b6       0xc6 bin/blib.a(fakedhcp.o)
 .text.create_fakedhcpdiscover
                0x000000000000777c       0x21 bin/blib.a(fakedhcp.o)
                0x000000000000777c                create_fakedhcpdiscover
 .text.create_fakedhcpack
                0x000000000000779d       0x49 bin/blib.a(fakedhcp.o)
                0x000000000000779d                create_fakedhcpack
 .text.create_fakepxebsack
                0x00000000000077e6       0x92 bin/blib.a(fakedhcp.o)
                0x00000000000077e6                create_fakepxebsack
 .text.iob_pad  0x0000000000007878       0x42 bin/blib.a(iobpad.o)
                0x0000000000007878                iob_pad
 .text.ipv4_is_fragment
                0x00000000000078ba       0x24 bin/blib.a(ipv4.o)
 .text.ipv4_more_fragments
                0x00000000000078de        0xb bin/blib.a(ipv4.o)
 .text.ipv4_fragment_offset
                0x00000000000078e9       0x12 bin/blib.a(ipv4.o)
 .text.ipv4_create_routes
                0x00000000000078fb      0x15c bin/blib.a(ipv4.o)
 .text.ipv4_pshdr_chksum
                0x0000000000007a57       0x53 bin/blib.a(ipv4.o)
 .text.ipv4_tx  0x0000000000007aaa      0x1b4 bin/blib.a(ipv4.o)
 .text.ipv4_arp_check
                0x0000000000007c5e       0x29 bin/blib.a(ipv4.o)
 .text.ipv4_has_any_addr
                0x0000000000007c87       0x20 bin/blib.a(ipv4.o)
                0x0000000000007c87                ipv4_has_any_addr
 .text.ipv4_rx  0x0000000000007ca7      0x150 bin/blib.a(ipv4.o)
 .text.inet_ntoa
                0x0000000000007df7       0x31 bin/blib.a(ipv4.o)
                0x0000000000007df7                inet_ntoa
 .text.ipv4_ntoa
                0x0000000000007e28        0x7 bin/blib.a(ipv4.o)
 .text.netdev_notify
                0x0000000000007e2f       0x1e bin/blib.a(netdevice.o)
 .text.net_discard
                0x0000000000007e4d       0x40 bin/blib.a(netdevice.o)
 .text.netdev_record_stat
                0x0000000000007e8d       0x40 bin/blib.a(netdevice.o)
 .text.netdev_link_err
                0x0000000000007ecd        0x8 bin/blib.a(netdevice.o)
                0x0000000000007ecd                netdev_link_err
 .text.netdev_link_down
                0x0000000000007ed5       0x1c bin/blib.a(netdevice.o)
                0x0000000000007ed5                netdev_link_down
 .text.netdev_tx_err
                0x0000000000007ef1       0x15 bin/blib.a(netdevice.o)
                0x0000000000007ef1                netdev_tx_err
 .text.netdev_tx_defer
                0x0000000000007f06       0x26 bin/blib.a(netdevice.o)
                0x0000000000007f06                netdev_tx_defer
 .text.netdev_tx_complete_err
                0x0000000000007f2c       0x39 bin/blib.a(netdevice.o)
                0x0000000000007f2c                netdev_tx_complete_err
 .text.netdev_tx
                0x0000000000007f65       0x3f bin/blib.a(netdevice.o)
                0x0000000000007f65                netdev_tx
 .text.netdev_tx_complete_next_err
                0x0000000000007fa4       0x1b bin/blib.a(netdevice.o)
                0x0000000000007fa4                netdev_tx_complete_next_err
 .text.netdev_tx_flush
                0x0000000000007fbf       0x1d bin/blib.a(netdevice.o)
 .text.netdev_rx
                0x0000000000007fdc       0x1b bin/blib.a(netdevice.o)
                0x0000000000007fdc                netdev_rx
 .text.netdev_rx_err
                0x0000000000007ff7       0x1c bin/blib.a(netdevice.o)
                0x0000000000007ff7                netdev_rx_err
 .text.netdev_poll
                0x0000000000008013        0xd bin/blib.a(netdevice.o)
                0x0000000000008013                netdev_poll
 .text.netdev_rx_dequeue
                0x0000000000008020       0x1f bin/blib.a(netdevice.o)
                0x0000000000008020                netdev_rx_dequeue
 .text.netdev_rx_flush
                0x000000000000803f       0x20 bin/blib.a(netdevice.o)
 .text.free_netdev
                0x000000000000805f       0x22 bin/blib.a(netdevice.o)
 .text.alloc_netdev
                0x0000000000008081       0x98 bin/blib.a(netdevice.o)
                0x0000000000008081                alloc_netdev
 .text.register_netdev
                0x0000000000008119       0xeb bin/blib.a(netdevice.o)
                0x0000000000008119                register_netdev
 .text.netdev_open
                0x0000000000008204       0x34 bin/blib.a(netdevice.o)
                0x0000000000008204                netdev_open
 .text.netdev_close
                0x0000000000008238       0x3b bin/blib.a(netdevice.o)
                0x0000000000008238                netdev_close
 .text.unregister_netdev
                0x0000000000008273       0x48 bin/blib.a(netdevice.o)
                0x0000000000008273                unregister_netdev
 .text.netdev_irq
                0x00000000000082bb       0x2a bin/blib.a(netdevice.o)
                0x00000000000082bb                netdev_irq
 .text.find_netdev_by_location
                0x00000000000082e5       0x28 bin/blib.a(netdevice.o)
                0x00000000000082e5                find_netdev_by_location
 .text.last_opened_netdev
                0x000000000000830d       0x14 bin/blib.a(netdevice.o)
                0x000000000000830d                last_opened_netdev
 .text.find_netdev
                0x0000000000008321       0x42 bin/blib.a(netdevice.o)
                0x0000000000008321                find_netdev
 .text.net_tx   0x0000000000008363       0x44 bin/blib.a(netdevice.o)
                0x0000000000008363                net_tx
 .text.net_rx   0x00000000000083a7       0x38 bin/blib.a(netdevice.o)
                0x00000000000083a7                net_rx
 .text.net_poll
                0x00000000000083df       0x97 bin/blib.a(netdevice.o)
                0x00000000000083df                net_poll
 .text.net_step
                0x0000000000008476        0x5 bin/blib.a(netdevice.o)
 .text.vlan_tag
                0x000000000000847b        0x3 bin/blib.a(netdevice.o)
                0x000000000000847b                vlan_tag
 .text.netdev_redirect_settings_init
                0x000000000000847e       0x11 bin/blib.a(netdev_settings.o)
 .text.netdev_redirect
                0x000000000000848f       0x16 bin/blib.a(netdev_settings.o)
 .text.netdev_clear
                0x00000000000084a5        0x5 bin/blib.a(netdev_settings.o)
 .text.netdev_fetch
                0x00000000000084aa       0x6c bin/blib.a(netdev_settings.o)
 .text.netdev_fetch_chip
                0x0000000000008516       0x1c bin/blib.a(netdev_settings.o)
 .text.netdev_fetch_bustype
                0x0000000000008532       0x23 bin/blib.a(netdev_settings.o)
 .text.netdev_store_mac
                0x0000000000008555       0x2e bin/blib.a(netdev_settings.o)
 .text.netdev_fetch_mac
                0x0000000000008583       0x23 bin/blib.a(netdev_settings.o)
 .text.netdev_fetch_busid
                0x00000000000085a6       0x43 bin/blib.a(netdev_settings.o)
 .text.netdev_fetch_busloc
                0x00000000000085e9       0x2a bin/blib.a(netdev_settings.o)
 .text.netdev_store
                0x0000000000008613       0x7b bin/blib.a(netdev_settings.o)
 .text.null_open
                0x000000000000868e        0x6 bin/blib.a(nullnet.o)
 .text.null_close
                0x0000000000008694        0x1 bin/blib.a(nullnet.o)
 .text.null_transmit
                0x0000000000008695        0x6 bin/blib.a(nullnet.o)
 .text.null_poll
                0x000000000000869b        0x1 bin/blib.a(nullnet.o)
 .text.null_irq
                0x000000000000869c        0x1 bin/blib.a(nullnet.o)
 .text.rarp_ntoa
                0x000000000000869d        0x6 bin/blib.a(rarp.o)
 .text.rarp_rx  0x00000000000086a3        0xa bin/blib.a(rarp.o)
 .text.start_timer
                0x00000000000086ad       0x51 bin/blib.a(retry.o)
                0x00000000000086ad                start_timer
 .text.start_timer_fixed
                0x00000000000086fe       0x11 bin/blib.a(retry.o)
                0x00000000000086fe                start_timer_fixed
 .text.stop_timer
                0x000000000000870f       0x50 bin/blib.a(retry.o)
                0x000000000000870f                stop_timer
 .text.retry_poll
                0x000000000000875f       0x6f bin/blib.a(retry.o)
                0x000000000000875f                retry_poll
 .text.retry_step
                0x00000000000087ce        0x5 bin/blib.a(retry.o)
 .text.tcpip_rx
                0x00000000000087d3       0x3d bin/blib.a(tcpip.o)
                0x00000000000087d3                tcpip_rx
 .text.tcpip_tx
                0x0000000000008810       0x40 bin/blib.a(tcpip.o)
                0x0000000000008810                tcpip_tx
 .text.tcpip_chksum
                0x0000000000008850        0xe bin/blib.a(tcpip.o)
                0x0000000000008850                tcpip_chksum
 .text.tcpip_bind
                0x000000000000885e       0x6e bin/blib.a(tcpip.o)
                0x000000000000885e                tcpip_bind
 .text.udp_rx   0x00000000000088cc      0x13c bin/blib.a(udp.o)
 .text.udp_close
                0x0000000000008a08       0x1e bin/blib.a(udp.o)
 .text.udp_xfer_alloc_iob
                0x0000000000008a26       0x15 bin/blib.a(udp.o)
 .text.udp_xfer_deliver
                0x0000000000008a3b       0x9f bin/blib.a(udp.o)
 .text.udp_open_common
                0x0000000000008ada       0xa4 bin/blib.a(udp.o)
 .text.udp_open
                0x0000000000008b7e        0x8 bin/blib.a(udp.o)
                0x0000000000008b7e                udp_open
 .text.udp_open_uri
                0x0000000000008b86       0x50 bin/blib.a(udp.o)
 .text.udp_port_available
                0x0000000000008bd6       0x2a bin/blib.a(udp.o)
 .text.udp_open_promisc
                0x0000000000008c00        0xc bin/blib.a(udp.o)
                0x0000000000008c00                udp_open_promisc
 .text.http_open
                0x0000000000008c0c        0xd bin/blib.a(http.o)
 .text.http_socket_window
                0x0000000000008c19        0x4 bin/blib.a(httpcore.o)
 .text.http_xfer_window
                0x0000000000008c1d        0xb bin/blib.a(httpcore.o)
 .text.http_acpi_describe
                0x0000000000008c28        0x3 bin/blib.a(httpcore.o)
 .text.http_rx_connection
                0x0000000000008c2b       0x1b bin/blib.a(httpcore.o)
 .text.http_rx_transfer_encoding
                0x0000000000008c46       0x1e bin/blib.a(httpcore.o)
 .text.http_free
                0x0000000000008c64       0x39 bin/blib.a(httpcore.o)
 .text.http_digest_param
                0x0000000000008c9d       0x3a bin/blib.a(httpcore.o)
 .text.http_rx_content_length
                0x0000000000008cd7       0x9b bin/blib.a(httpcore.o)
 .text.http_rx_location
                0x0000000000008d72       0x10 bin/blib.a(httpcore.o)
 .text.http_rx_response
                0x0000000000008d82       0x5c bin/blib.a(httpcore.o)
 .text.http_digest_auth
                0x0000000000008dde      0x255 bin/blib.a(httpcore.o)
 .text.http_socket_open
                0x0000000000009033       0x62 bin/blib.a(httpcore.o)
 .text.http_close
                0x0000000000009095       0x39 bin/blib.a(httpcore.o)
 .text.http_rx_basic_auth
                0x00000000000090ce       0x23 bin/blib.a(httpcore.o)
 .text.http_partial_read.part.7
                0x00000000000090f1        0x6 bin/blib.a(httpcore.o)
 .text.http_block_read_capacity
                0x00000000000090f7       0x4f bin/blib.a(httpcore.o)
 .text.http_block_read
                0x0000000000009146       0x60 bin/blib.a(httpcore.o)
 .text.http_rx_chunk_len
                0x00000000000091a6       0x6e bin/blib.a(httpcore.o)
 .text.http_rx_www_authenticate
                0x0000000000009214       0x50 bin/blib.a(httpcore.o)
 .text.http_rx_digest_auth
                0x0000000000009264       0x8d bin/blib.a(httpcore.o)
 .text.http_basic_auth.isra.13
                0x00000000000092f1       0xaa bin/blib.a(httpcore.o)
 .text.http_post_params.isra.14
                0x000000000000939b       0x8b bin/blib.a(httpcore.o)
 .text.http_done
                0x0000000000009426       0x95 bin/blib.a(httpcore.o)
 .text.http_socket_close
                0x00000000000094bb        0xe bin/blib.a(httpcore.o)
 .text.http_rx_header
                0x00000000000094c9       0xf4 bin/blib.a(httpcore.o)
 .text.http_socket_deliver
                0x00000000000095bd      0x13a bin/blib.a(httpcore.o)
 .text.http_step
                0x00000000000096f7      0x2a1 bin/blib.a(httpcore.o)
 .text.http_open_filter
                0x0000000000009998       0xd3 bin/blib.a(httpcore.o)
                0x0000000000009998                http_open_filter
 .text.iscsi_tx_nothing
                0x0000000000009a6b        0x3 bin/blib.a(iscsi.o)
 .text.iscsi_rx_discard
                0x0000000000009a6e        0x5 bin/blib.a(iscsi.o)
 .text.iscsi_scsi_window
                0x0000000000009a73       0x1c bin/blib.a(iscsi.o)
 .text.iscsi_rx_bhs
                0x0000000000009a8f       0x19 bin/blib.a(iscsi.o)
 .text.iscsi_vredirect
                0x0000000000009aa8       0x30 bin/blib.a(iscsi.o)
 .text.iscsi_tx_resume
                0x0000000000009ad8        0xa bin/blib.a(iscsi.o)
 .text.iscsi_start_data_out
                0x0000000000009ae2       0xcb bin/blib.a(iscsi.o)
 .text.iscsi_rx_buffered_data
                0x0000000000009bad       0x51 bin/blib.a(iscsi.o)
 .text.iscsi_handle_authmethod_value
                0x0000000000009bfe       0x1e bin/blib.a(iscsi.o)
 .text.iscsi_large_binary_decode
                0x0000000000009c1c       0x38 bin/blib.a(iscsi.o)
 .text.iscsi_handle_chap_r_value
                0x0000000000009c54       0xd7 bin/blib.a(iscsi.o)
 .text.iscsi_handle_chap_c_value
                0x0000000000009d2b       0x76 bin/blib.a(iscsi.o)
 .text.iscsi_handle_chap_i_value
                0x0000000000009da1       0x7a bin/blib.a(iscsi.o)
 .text.iscsi_free
                0x0000000000009e1b       0x6b bin/blib.a(iscsi.o)
 .text.iscsi_build_login_request_strings
                0x0000000000009e86      0x150 bin/blib.a(iscsi.o)
 .text.iscsi_start_login
                0x0000000000009fd6       0x92 bin/blib.a(iscsi.o)
 .text.iscsi_scsi_command
                0x000000000000a068      0x117 bin/blib.a(iscsi.o)
 .text.iscsi_tx_data
                0x000000000000a17f       0xed bin/blib.a(iscsi.o)
 .text.iscsi_tx_bhs
                0x000000000000a26c       0x13 bin/blib.a(iscsi.o)
 .text.iscsi_parse_root_path
                0x000000000000a27f       0xb3 bin/blib.a(iscsi.o)
 .text.iscsi_close
                0x000000000000a332       0x3a bin/blib.a(iscsi.o)
 .text.iscsi_socket_deliver
                0x000000000000a36c      0x10b bin/blib.a(iscsi.o)
 .text.iscsi_command_close
                0x000000000000a477       0x2e bin/blib.a(iscsi.o)
 .text.iscsi_tx_step
                0x000000000000a4a5       0xee bin/blib.a(iscsi.o)
 .text.iscsi_handle_chap_n_value
                0x000000000000a593       0x1c bin/blib.a(iscsi.o)
 .text.iscsi_handle_chap_a_value
                0x000000000000a5af       0x1a bin/blib.a(iscsi.o)
 .text.iscsi_handle_targetaddress_value
                0x000000000000a5c9       0x4f bin/blib.a(iscsi.o)
 .text.iscsi_open_connection
                0x000000000000a618       0x7e bin/blib.a(iscsi.o)
 .text.iscsi_open
                0x000000000000a696      0x23f bin/blib.a(iscsi.o)
 .text.iscsi_scsi_done.constprop.11
                0x000000000000a8d5       0x45 bin/blib.a(iscsi.o)
 .text.iscsi_rx_data
                0x000000000000a91a      0x3d2 bin/blib.a(iscsi.o)
 .text.dhcp_discovery_tx
                0x000000000000acec       0x10 bin/blib.a(dhcp.o)
 .text.dhcp_deliver
                0x000000000000acfc       0xca bin/blib.a(dhcp.o)
 .text.dhcp_pxebs_tx
                0x000000000000adc6       0x42 bin/blib.a(dhcp.o)
 .text.dhcp_proxy_tx
                0x000000000000ae08       0x2a bin/blib.a(dhcp.o)
 .text.dhcp_set_state
                0x000000000000ae32       0x46 bin/blib.a(dhcp.o)
 .text.dhcp_finished
                0x000000000000ae78       0x24 bin/blib.a(dhcp.o)
 .text.dhcp_pxebs_rx
                0x000000000000ae9c       0x9e bin/blib.a(dhcp.o)
 .text.dhcp_timer_expired
                0x000000000000af3a       0x1a bin/blib.a(dhcp.o)
 .text.dhcp_proxy_rx
                0x000000000000af54       0x4e bin/blib.a(dhcp.o)
 .text.dhcp_free
                0x000000000000afa2       0x1b bin/blib.a(dhcp.o)
 .text.dhcp_discovery_rx
                0x000000000000afbd      0x12d bin/blib.a(dhcp.o)
 .text.dhcp_request_tx
                0x000000000000b0ea       0x44 bin/blib.a(dhcp.o)
 .text.dhcp_request_rx
                0x000000000000b12e       0xc9 bin/blib.a(dhcp.o)
 .text.dhcp_create_packet
                0x000000000000b1f7       0xdb bin/blib.a(dhcp.o)
                0x000000000000b1f7                dhcp_create_packet
 .text.dhcp_create_request
                0x000000000000b2d2      0x15a bin/blib.a(dhcp.o)
                0x000000000000b2d2                dhcp_create_request
 .text.dhcp_tx  0x000000000000b42c       0xf3 bin/blib.a(dhcp.o)
 .text.dhcp_pxebs_expired
                0x000000000000b51f       0x44 bin/blib.a(dhcp.o)
 .text.dhcp_discovery_expired
                0x000000000000b563       0x30 bin/blib.a(dhcp.o)
 .text.dhcp_request_expired
                0x000000000000b593        0x5 bin/blib.a(dhcp.o)
 .text.dhcp_proxy_expired
                0x000000000000b598       0x25 bin/blib.a(dhcp.o)
 .text.get_cached_dhcpack
                0x000000000000b5bd        0x1 bin/blib.a(dhcp.o)
                0x000000000000b5bd                get_cached_dhcpack
 .text.start_dhcp
                0x000000000000b5be       0xe5 bin/blib.a(dhcp.o)
                0x000000000000b5be                start_dhcp
 .text.start_pxebs
                0x000000000000b6a3      0x21c bin/blib.a(dhcp.o)
                0x000000000000b6a3                start_pxebs
 .text.dns_skip_name
                0x000000000000b8bf       0x1a bin/blib.a(dns.o)
 .text.apply_dns_settings
                0x000000000000b8d9       0x45 bin/blib.a(dns.o)
 .text.dns_done
                0x000000000000b91e       0x24 bin/blib.a(dns.o)
 .text.dns_xfer_close
                0x000000000000b942        0xe bin/blib.a(dns.o)
 .text.dns_send_packet
                0x000000000000b950       0x33 bin/blib.a(dns.o)
 .text.dns_resolv
                0x000000000000b983      0x14e bin/blib.a(dns.o)
 .text.dns_xfer_deliver
                0x000000000000bad1      0x211 bin/blib.a(dns.o)
 .text.dns_timer_expired
                0x000000000000bce2       0x16 bin/blib.a(dns.o)
 .text.tftp_xfer_window
                0x000000000000bcf8        0x4 bin/blib.a(tftp.o)
 .text.tftp_reopen
                0x000000000000bcfc       0x57 bin/blib.a(tftp.o)
 .text.tftp_reopen_mc
                0x000000000000bd53       0x23 bin/blib.a(tftp.o)
 .text.tftp_process_multicast
                0x000000000000bd76       0xec bin/blib.a(tftp.o)
 .text.tftp_send_packet
                0x000000000000be62      0x162 bin/blib.a(tftp.o)
 .text.tftp_done
                0x000000000000bfc4       0x2e bin/blib.a(tftp.o)
 .text.tftp_core_open
                0x000000000000bff2      0x101 bin/blib.a(tftp.o)
 .text.mtftp_open
                0x000000000000c0f3       0x12 bin/blib.a(tftp.o)
 .text.tftm_open
                0x000000000000c105        0xf bin/blib.a(tftp.o)
 .text.tftpsize_open
                0x000000000000c114        0xf bin/blib.a(tftp.o)
 .text.tftp_open
                0x000000000000c123        0xf bin/blib.a(tftp.o)
 .text.tftp_timer_expired
                0x000000000000c132       0x84 bin/blib.a(tftp.o)
 .text.tftp_free
                0x000000000000c1b6       0x1b bin/blib.a(tftp.o)
 .text.tftp_apply_settings
                0x000000000000c1d1       0x71 bin/blib.a(tftp.o)
 .text.tftp_process_tsize
                0x000000000000c242       0x27 bin/blib.a(tftp.o)
 .text.tftp_process_blksize
                0x000000000000c269       0x27 bin/blib.a(tftp.o)
 .text.tftp_presize.part.7
                0x000000000000c290       0x32 bin/blib.a(tftp.o)
 .text.tftp_send_error.constprop.9
                0x000000000000c2c2       0x72 bin/blib.a(tftp.o)
 .text.tftp_rx  0x000000000000c334      0x293 bin/blib.a(tftp.o)
 .text.tftp_socket_deliver
                0x000000000000c5c7        0x9 bin/blib.a(tftp.o)
 .text.elf_load
                0x000000000000c5d0      0x141 bin/blib.a(elf.o)
                0x000000000000c5d0                elf_load
 .text.embedded_init
                0x000000000000c711       0x19 bin/blib.a(embedded.o)
 .text.terminate_on_label_found
                0x000000000000c72a        0x9 bin/blib.a(script.o)
 .text.prompt_exec
                0x000000000000c733       0x54 bin/blib.a(script.o)
 .text.process_script
                0x000000000000c787      0x15d bin/blib.a(script.o)
 .text.script_exec
                0x000000000000c8e4       0x3c bin/blib.a(script.o)
 .text.terminate_on_exit_or_failure
                0x000000000000c920       0x21 bin/blib.a(script.o)
 .text.script_exec_line
                0x000000000000c941        0xc bin/blib.a(script.o)
 .text.script_probe
                0x000000000000c94d       0x63 bin/blib.a(script.o)
 .text.goto_exec
                0x000000000000c9b0       0x85 bin/blib.a(script.o)
 .text.goto_find_label
                0x000000000000ca35       0x2c bin/blib.a(script.o)
 .text.prep_segment
                0x000000000000ca61       0x81 bin/blib.a(segment.o)
                0x000000000000ca61                prep_segment
 .text.pci_bar  0x000000000000cae2       0x4a bin/blib.a(pci.o)
 .text.adjust_pci_device
                0x000000000000cb2c       0x54 bin/blib.a(pci.o)
                0x000000000000cb2c                adjust_pci_device
 .text.pci_read_config
                0x000000000000cb80      0x140 bin/blib.a(pci.o)
                0x000000000000cb80                pci_read_config
 .text.pci_find_next
                0x000000000000ccc0       0x55 bin/blib.a(pci.o)
                0x000000000000ccc0                pci_find_next
 .text.pci_find_driver
                0x000000000000cd15       0x5d bin/blib.a(pci.o)
                0x000000000000cd15                pci_find_driver
 .text.pci_probe
                0x000000000000cd72        0x7 bin/blib.a(pci.o)
                0x000000000000cd72                pci_probe
 .text.pci_remove
                0x000000000000cd79        0x7 bin/blib.a(pci.o)
                0x000000000000cd79                pci_remove
 .text.pcibus_remove
                0x000000000000cd80       0x3f bin/blib.a(pci.o)
 .text.pcibus_probe
                0x000000000000cdbf       0x86 bin/blib.a(pci.o)
 .text.pci_settings_applies
                0x000000000000ce45        0xd bin/blib.a(pci_settings.o)
 .text.pci_settings_init
                0x000000000000ce52       0x11 bin/blib.a(pci_settings.o)
 .text.pci_settings_fetch
                0x000000000000ce63       0x7e bin/blib.a(pci_settings.o)
 .text.mii_restart
                0x000000000000cee1       0x1f bin/blib.a(mii.o)
                0x000000000000cee1                mii_restart
 .text.mii_reset
                0x000000000000cf00       0x4a bin/blib.a(mii.o)
                0x000000000000cf00                mii_reset
 .text.ibft_set_ipaddr_setting
                0x000000000000cf4a       0x66 bin/blib.a(ibft.o)
 .text.ibft_set_string
                0x000000000000cfb0       0x49 bin/blib.a(ibft.o)
 .text.ibft_describe
                0x000000000000cff9      0x2cb bin/blib.a(ibft.o)
                0x000000000000cff9                ibft_describe
 .text.scsicmd_read_capacity_cmd
                0x000000000000d2c4       0x32 bin/blib.a(scsi.o)
 .text.scsicmd_test_unit_ready_cmd
                0x000000000000d2f6        0x5 bin/blib.a(scsi.o)
 .text.scsicmd_close
                0x000000000000d2fb       0x1a bin/blib.a(scsi.o)
 .text.scsidev_close
                0x000000000000d315       0x69 bin/blib.a(scsi.o)
 .text.scsicmd_write_cmd
                0x000000000000d37e       0x54 bin/blib.a(scsi.o)
 .text.scsicmd_read_cmd
                0x000000000000d3d2       0x54 bin/blib.a(scsi.o)
 .text.scsicmd_free
                0x000000000000d426       0x1e bin/blib.a(scsi.o)
 .text.scsi_response
                0x000000000000d444       0x2f bin/blib.a(scsi.o)
                0x000000000000d444                scsi_response
 .text.scsi_command
                0x000000000000d473       0x40 bin/blib.a(scsi.o)
                0x000000000000d473                scsi_command
 .text.scsicmd_command
                0x000000000000d4b3       0x4b bin/blib.a(scsi.o)
 .text.scsicmd_read_capacity_done
                0x000000000000d4fe       0x91 bin/blib.a(scsi.o)
 .text.scsidev_command
                0x000000000000d58f       0xbb bin/blib.a(scsi.o)
 .text.scsidev_read_capacity
                0x000000000000d64a       0x15 bin/blib.a(scsi.o)
 .text.scsidev_write
                0x000000000000d65f        0xc bin/blib.a(scsi.o)
 .text.scsidev_read
                0x000000000000d66b        0xc bin/blib.a(scsi.o)
 .text.scsicmd_done
                0x000000000000d677       0x3a bin/blib.a(scsi.o)
 .text.scsidev_window
                0x000000000000d6b1       0x11 bin/blib.a(scsi.o)
 .text.scsidev_ready
                0x000000000000d6c2       0x2b bin/blib.a(scsi.o)
 .text.scsidev_step
                0x000000000000d6ed       0x42 bin/blib.a(scsi.o)
 .text.scsicmd_response
                0x000000000000d72f       0x20 bin/blib.a(scsi.o)
 .text.scsi_parse_lun
                0x000000000000d74f       0x5f bin/blib.a(scsi.o)
                0x000000000000d74f                scsi_parse_lun
 .text.scsi_open
                0x000000000000d7ae       0xa3 bin/blib.a(scsi.o)
                0x000000000000d7ae                scsi_open
 .text.write_bit
                0x000000000000d851        0xf bin/blib.a(bitbash.o)
                0x000000000000d851                write_bit
 .text.read_bit
                0x000000000000d860        0xd bin/blib.a(bitbash.o)
                0x000000000000d860                read_bit
 .text.smbios_applies
                0x000000000000d86d        0xd bin/blib.a(smbios_settings.o)
 .text.smbios_init
                0x000000000000d87a       0x11 bin/blib.a(smbios_settings.o)
 .text.smbios_fetch
                0x000000000000d88b      0x102 bin/blib.a(smbios_settings.o)
 .text.chap_init
                0x000000000000d98d       0x37 bin/blib.a(chap.o)
                0x000000000000d98d                chap_init
 .text.chap_update
                0x000000000000d9c4        0xf bin/blib.a(chap.o)
                0x000000000000d9c4                chap_update
 .text.chap_respond
                0x000000000000d9d3       0x10 bin/blib.a(chap.o)
                0x000000000000d9d3                chap_respond
 .text.chap_finish
                0x000000000000d9e3       0x16 bin/blib.a(chap.o)
                0x000000000000d9e3                chap_finish
 .text.md5_f_0_15
                0x000000000000d9f9       0x10 bin/blib.a(md5.o)
 .text.md5_f_16_31
                0x000000000000da09       0x10 bin/blib.a(md5.o)
 .text.md5_f_32_47
                0x000000000000da19        0xc bin/blib.a(md5.o)
 .text.md5_f_48_63
                0x000000000000da25        0xe bin/blib.a(md5.o)
 .text.md5_init
                0x000000000000da33       0x23 bin/blib.a(md5.o)
 .text.md5_update
                0x000000000000da56       0xc6 bin/blib.a(md5.o)
 .text.md5_final
                0x000000000000db1c       0x5a bin/blib.a(md5.o)
 .text.strerror
                0x000000000000db76       0x6c bin/blib.a(strerror.o)
                0x000000000000db76                strerror
 .text.autoboot_exec
                0x000000000000dbe2       0x12 bin/blib.a(autoboot_cmd.o)
 .text.config_exec
                0x000000000000dbf4       0x69 bin/blib.a(config_cmd.o)
 .text.dhcp_exec
                0x000000000000dc5d       0x12 bin/blib.a(dhcp_cmd.o)
 .text.dhcp_payload
                0x000000000000dc6f       0x32 bin/blib.a(dhcp_cmd.o)
 .text.pxebs_exec
                0x000000000000dca1       0x80 bin/blib.a(dhcp_cmd.o)
 .text.ifstat_payload
                0x000000000000dd21        0x8 bin/blib.a(ifmgmt_cmd.o)
 .text.ifclose_payload
                0x000000000000dd29        0x8 bin/blib.a(ifmgmt_cmd.o)
 .text.ifopen_payload
                0x000000000000dd31        0x5 bin/blib.a(ifmgmt_cmd.o)
 .text.ifcommon_exec
                0x000000000000dd36       0x90 bin/blib.a(ifmgmt_cmd.o)
                0x000000000000dd36                ifcommon_exec
 .text.ifstat_exec
                0x000000000000ddc6       0x12 bin/blib.a(ifmgmt_cmd.o)
 .text.ifclose_exec
                0x000000000000ddd8       0x12 bin/blib.a(ifmgmt_cmd.o)
 .text.ifopen_exec
                0x000000000000ddea       0x12 bin/blib.a(ifmgmt_cmd.o)
 .text.image_clear_cmdline
                0x000000000000ddfc        0x7 bin/blib.a(image_cmd.o)
 .text.imgsingle_exec
                0x000000000000de03      0x13f bin/blib.a(image_cmd.o)
 .text.imgargs_exec
                0x000000000000df42        0xa bin/blib.a(image_cmd.o)
 .text.imgexec_exec
                0x000000000000df4c        0xa bin/blib.a(image_cmd.o)
 .text.imgselect_exec
                0x000000000000df56        0xa bin/blib.a(image_cmd.o)
 .text.imgfetch_exec
                0x000000000000df60        0xa bin/blib.a(image_cmd.o)
 .text.imgselect
                0x000000000000df6a        0x5 bin/blib.a(image_cmd.o)
 .text.imgmulti_exec
                0x000000000000df6f       0x94 bin/blib.a(image_cmd.o)
 .text.imgfree_exec
                0x000000000000e003        0xa bin/blib.a(image_cmd.o)
 .text.imgstat_exec
                0x000000000000e00d        0xa bin/blib.a(image_cmd.o)
 .text.imgexec  0x000000000000e017       0x28 bin/blib.a(image_cmd.o)
 .text.login_exec
                0x000000000000e03f       0x39 bin/blib.a(login_cmd.o)
 .text.choose_exec
                0x000000000000e078       0xbd bin/blib.a(menu_cmd.o)
 .text.item_exec
                0x000000000000e135       0xb4 bin/blib.a(menu_cmd.o)
 .text.menu_exec
                0x000000000000e1e9       0x67 bin/blib.a(menu_cmd.o)
 .text.clear_value
                0x000000000000e250        0x9 bin/blib.a(nvo_cmd.o)
 .text.inc_exec
                0x000000000000e259       0xc7 bin/blib.a(nvo_cmd.o)
 .text.read_value
                0x000000000000e320       0x2d bin/blib.a(nvo_cmd.o)
 .text.set_core_exec
                0x000000000000e34d       0x96 bin/blib.a(nvo_cmd.o)
 .text.read_exec
                0x000000000000e3e3       0x10 bin/blib.a(nvo_cmd.o)
 .text.clear_exec
                0x000000000000e3f3       0x10 bin/blib.a(nvo_cmd.o)
 .text.set_exec
                0x000000000000e403       0x10 bin/blib.a(nvo_cmd.o)
 .text.set_value
                0x000000000000e413       0x1b bin/blib.a(nvo_cmd.o)
 .text.show_exec
                0x000000000000e42e       0xaa bin/blib.a(nvo_cmd.o)
 .text.reboot_exec
                0x000000000000e4d8       0x23 bin/blib.a(reboot_cmd.o)
 .text.route_exec
                0x000000000000e4fb       0x25 bin/blib.a(route_cmd.o)
 .text.sanboot_core_exec
                0x000000000000e520       0x9a bin/blib.a(sanboot_cmd.o)
 .text.sanunhook_exec
                0x000000000000e5ba        0xf bin/blib.a(sanboot_cmd.o)
 .text.sanboot_exec
                0x000000000000e5c9        0xf bin/blib.a(sanboot_cmd.o)
 .text.sanhook_exec
                0x000000000000e5d8        0xf bin/blib.a(sanboot_cmd.o)
 .text.sync_exec
                0x000000000000e5e7       0x45 bin/blib.a(sync_cmd.o)
 .text.login_ui
                0x000000000000e62c      0x22c bin/blib.a(login_ui.o)
                0x000000000000e62c                login_ui
 .text.draw_menu_item
                0x000000000000e858      0x163 bin/blib.a(menu_ui.o)
 .text.draw_menu_items
                0x000000000000e9bb       0xd1 bin/blib.a(menu_ui.o)
 .text.show_menu
                0x000000000000ea8c      0x3a6 bin/blib.a(menu_ui.o)
                0x000000000000ea8c                show_menu
 .text.clearmsg
                0x000000000000ee32       0x18 bin/blib.a(settings_ui.o)
 .text.vmsg     0x000000000000ee4a       0x61 bin/blib.a(settings_ui.o)
 .text.msg      0x000000000000eeab       0x12 bin/blib.a(settings_ui.o)
 .text.string_copy
                0x000000000000eebd       0x2d bin/blib.a(settings_ui.o)
 .text.draw_setting_row
                0x000000000000eeea       0xe7 bin/blib.a(settings_ui.o)
 .text.select_setting_row
                0x000000000000efd1      0x126 bin/blib.a(settings_ui.o)
 .text.reveal_setting_row.part.1
                0x000000000000f0f7       0xc0 bin/blib.a(settings_ui.o)
 .text.init_widget
                0x000000000000f1b7       0x8f bin/blib.a(settings_ui.o)
 .text.colour_set.constprop.2
                0x000000000000f246        0xe bin/blib.a(settings_ui.o)
 .text.alert    0x000000000000f254       0x45 bin/blib.a(settings_ui.o)
 .text.main_loop
                0x000000000000f299      0x31c bin/blib.a(settings_ui.o)
 .text.settings_ui
                0x000000000000f5b5       0x8f bin/blib.a(settings_ui.o)
                0x000000000000f5b5                settings_ui
 .text.ansiscr_peek
                0x000000000000f644        0x5 bin/blib.a(ansi_screen.o)
 .text.ansiscr_getc
                0x000000000000f649        0x5 bin/blib.a(ansi_screen.o)
 .text.ansiscr_movetoyx
                0x000000000000f64e       0x30 bin/blib.a(ansi_screen.o)
 .text.ansiscr_exit
                0x000000000000f67e       0x2a bin/blib.a(ansi_screen.o)
 .text.ansiscr_init
                0x000000000000f6a8       0x36 bin/blib.a(ansi_screen.o)
 .text.ansiscr_putc
                0x000000000000f6de       0x77 bin/blib.a(ansi_screen.o)
 .text.wclrtobot
                0x000000000000f755       0x34 bin/blib.a(clear.o)
                0x000000000000f755                wclrtobot
 .text.wclrtoeol
                0x000000000000f789       0x31 bin/blib.a(clear.o)
                0x000000000000f789                wclrtoeol
 .text.werase   0x000000000000f7ba       0x17 bin/blib.a(clear.o)
                0x000000000000f7ba                werase
 .text.init_pair
                0x000000000000f7d1       0x28 bin/blib.a(colour.o)
                0x000000000000f7d1                init_pair
 .text.pair_content
                0x000000000000f7f9       0x28 bin/blib.a(colour.o)
                0x000000000000f7f9                pair_content
 .text._wupdcurs
                0x000000000000f821       0x16 bin/blib.a(mucurses.o)
 .text._wputch  0x000000000000f837       0x4e bin/blib.a(mucurses.o)
                0x000000000000f837                _wputch
 .text._wputc   0x000000000000f885        0xb bin/blib.a(mucurses.o)
                0x000000000000f885                _wputc
 .text._wputstr
                0x000000000000f890       0x2f bin/blib.a(mucurses.o)
                0x000000000000f890                _wputstr
 .text.wmove    0x000000000000f8bf       0x1f bin/blib.a(mucurses.o)
                0x000000000000f8bf                wmove
 .text._printw_handler
                0x000000000000f8de        0xd bin/blib.a(print.o)
 .text.waddnstr
                0x000000000000f8eb        0xb bin/blib.a(print.o)
                0x000000000000f8eb                waddnstr
 .text.vw_printw
                0x000000000000f8f6       0x1b bin/blib.a(print.o)
                0x000000000000f8f6                vw_printw
 .text.wprintw  0x000000000000f911       0x12 bin/blib.a(print.o)
                0x000000000000f911                wprintw
 .text.wattroff
                0x000000000000f923        0x8 bin/blib.a(winattrs.o)
                0x000000000000f923                wattroff
 .text.wattron  0x000000000000f92b        0x6 bin/blib.a(winattrs.o)
                0x000000000000f92b                wattron
 .text.wattrset
                0x000000000000f931       0x11 bin/blib.a(winattrs.o)
                0x000000000000f931                wattrset
 .text.wcolour_set
                0x000000000000f942       0x1f bin/blib.a(winattrs.o)
                0x000000000000f942                wcolour_set
 .text.initscr  0x000000000000f961       0x37 bin/blib.a(wininit.o)
                0x000000000000f961                initscr
 .text.endwin   0x000000000000f998       0x51 bin/blib.a(wininit.o)
                0x000000000000f998                endwin
 .text.init_editbox
                0x000000000000f9e9       0x55 bin/blib.a(editbox.o)
                0x000000000000f9e9                init_editbox
 .text.draw_editbox
                0x000000000000fa3e       0xef bin/blib.a(editbox.o)
                0x000000000000fa3e                draw_editbox
 .text.shell_banner
                0x000000000000fb2d       0x28 bin/blib.a(autoboot.o)
 .text.parse_next_server_and_filename
                0x000000000000fb55       0x6f bin/blib.a(autoboot.o)
 .text.uriboot  0x000000000000fbc4      0x153 bin/blib.a(autoboot.o)
                0x000000000000fbc4                uriboot
 .text.fetch_next_server_and_filename
                0x000000000000fd17       0xb1 bin/blib.a(autoboot.o)
                0x000000000000fd17                fetch_next_server_and_filename
 .text.netboot.part.2
                0x000000000000fdc8      0x201 bin/blib.a(autoboot.o)
 .text.netboot  0x000000000000ffc9       0x38 bin/blib.a(autoboot.o)
                0x000000000000ffc9                netboot
 .text.autoboot
                0x0000000000010001       0x3d bin/blib.a(autoboot.o)
                0x0000000000010001                autoboot
 .text.ipxe     0x000000000001003e       0x93 bin/blib.a(autoboot.o)
                0x000000000001003e                ipxe
 .text.dhcp     0x00000000000100d1       0x6f bin/blib.a(dhcpmgmt.o)
                0x00000000000100d1                dhcp
 .text.pxebs    0x0000000000010140       0x39 bin/blib.a(dhcpmgmt.o)
                0x0000000000010140                pxebs
 .text.ifstat_errors
                0x0000000000010179       0x36 bin/blib.a(ifmgmt.o)
 .text.ifopen   0x00000000000101af       0x2b bin/blib.a(ifmgmt.o)
                0x00000000000101af                ifopen
 .text.ifclose  0x00000000000101da        0x5 bin/blib.a(ifmgmt.o)
                0x00000000000101da                ifclose
 .text.ifstat   0x00000000000101df       0xc3 bin/blib.a(ifmgmt.o)
                0x00000000000101df                ifstat
 .text.iflinkwait
                0x00000000000102a2       0x82 bin/blib.a(ifmgmt.o)
                0x00000000000102a2                iflinkwait
 .text.imgdownload
                0x0000000000010324       0xcf bin/blib.a(imgmgmt.o)
                0x0000000000010324                imgdownload
 .text.imgdownload_string
                0x00000000000103f3       0x2f bin/blib.a(imgmgmt.o)
                0x00000000000103f3                imgdownload_string
 .text.imgacquire
                0x0000000000010422       0x23 bin/blib.a(imgmgmt.o)
                0x0000000000010422                imgacquire
 .text.imgstat  0x0000000000010445       0x7f bin/blib.a(imgmgmt.o)
                0x0000000000010445                imgstat