Archive member included because of file (symbol)

bin/blib.a(realtek.o)         (obj_realtek)
bin/blib.a(nvs.o)             bin/blib.a(realtek.o) (nvs_read)
bin/blib.a(threewire.o)       bin/blib.a(realtek.o) (threewire_read)
bin/blib.a(spi_bit.o)         bin/blib.a(realtek.o) (init_spi_bit_basher)
bin/blib.a(config.o)          (obj_config)
bin/blib.a(timer2.o)          bin/blib.a(realtek.o) (timer2_udelay)
bin/blib.a(bios_console.o)    bin/blib.a(config.o) (obj_bios_console)
bin/blib.a(bzimage.o)         bin/blib.a(config.o) (obj_bzimage)
bin/blib.a(elfboot.o)         bin/blib.a(config.o) (obj_elfboot)
bin/blib.a(initrd.o)          bin/blib.a(bzimage.o) (initrd_reshuffle)
bin/blib.a(multiboot.o)       bin/blib.a(config.o) (obj_multiboot)
bin/blib.a(pxe_image.o)       bin/blib.a(config.o) (obj_pxe_image)
bin/blib.a(pxe_call.o)        bin/blib.a(pxe_image.o) (pxe_activate)
bin/blib.a(pxe_file.o)        bin/blib.a(pxe_call.o) (obj_pxe_file)
bin/blib.a(pxe_loader.o)      bin/blib.a(pxe_call.o) (undi_loader)
bin/blib.a(pxe_preboot.o)     bin/blib.a(pxe_call.o) (obj_pxe_preboot)
bin/blib.a(pxe_tftp.o)        bin/blib.a(pxe_preboot.o) (pxenv_tftp_read_file)
bin/blib.a(pxe_udp.o)         bin/blib.a(pxe_call.o) (obj_pxe_udp)
bin/blib.a(pxe_undi.o)        bin/blib.a(pxe_preboot.o) (pxe_netdev)
bin/blib.a(x86_string.o)      bin/blib.a(realtek.o) (__memcpy)
bin/blib.a(cpuid_cmd.o)       bin/blib.a(config.o) (obj_cpuid_cmd)
bin/blib.a(setjmp.o)          bin/blib.a(pxe_call.o) (setjmp)
bin/blib.a(virtaddr.o)        bin/blib.a(elfboot.o) (_virt_to_phys)
bin/blib.a(librm.o)           bin/blib.a(pxe_call.o) (rm_cs)
bin/blib.a(libprefix.o)       bin/blib.a(pxe_preboot.o) (hooked_bios_interrupts)
bin/blib.a(romprefix.o)       (_rom_start)
bin/blib.a(unnrv2b16.o)       bin/blib.a(libprefix.o) (decompress16)
bin/blib.a(pxe_entry.o)       bin/blib.a(pxe_call.o) (ppxe)
bin/blib.a(ansiesc.o)         bin/blib.a(bios_console.o) (ansiesc_process)
bin/blib.a(console.o)         bin/blib.a(pxe_image.o) (console_configure)
bin/blib.a(cpio.o)            bin/blib.a(bzimage.o) (cpio_set_field)
bin/blib.a(device.o)          bin/blib.a(pxe_call.o) (device_keep_count)
bin/blib.a(exec.o)            bin/blib.a(pxe_file.o) (system)
bin/blib.a(getopt.o)          bin/blib.a(cpuid_cmd.o) (optind)
bin/blib.a(image.o)           bin/blib.a(bzimage.o) (unregister_image)
bin/blib.a(init.o)            bin/blib.a(pxe_loader.o) (initialise)
bin/blib.a(interface.o)       bin/blib.a(pxe_tftp.o) (null_intf)
bin/blib.a(iobuf.o)           bin/blib.a(realtek.o) (alloc_iob)
bin/blib.a(list.o)            bin/blib.a(device.o) (extern_list_add)
bin/blib.a(main.o)            bin/blib.a(romprefix.o) (main)
bin/blib.a(malloc.o)          bin/blib.a(realtek.o) (alloc_memblock)
bin/blib.a(memblock.o)        bin/blib.a(initrd.o) (largest_memblock)
bin/blib.a(misc.o)            bin/blib.a(bzimage.o) (strtoul)
bin/blib.a(nvo.o)             bin/blib.a(realtek.o) (nvo_init)
bin/blib.a(open.o)            bin/blib.a(pxe_tftp.o) (xfer_open_uri_string)
bin/blib.a(parseopt.o)        bin/blib.a(cpuid_cmd.o) (parse_integer)
bin/blib.a(posix_io.o)        bin/blib.a(pxe_file.o) (open)
bin/blib.a(process.o)         bin/blib.a(pxe_tftp.o) (step)
bin/blib.a(refcnt.o)          bin/blib.a(bzimage.o) (ref_increment)
bin/blib.a(settings.o)        bin/blib.a(parseopt.o) (find_settings)
bin/blib.a(string.o)          bin/blib.a(settings.o) (strncpy)
bin/blib.a(timer.o)           bin/blib.a(realtek.o) (mdelay)
bin/blib.a(uri.o)             bin/blib.a(open.o) (parse_uri)
bin/blib.a(uuid.o)            bin/blib.a(settings.o) (uuid_ntoa)
bin/blib.a(vsprintf.o)        bin/blib.a(multiboot.o) (snprintf)
bin/blib.a(xfer.o)            bin/blib.a(pxe_tftp.o) (xfer_deliver)
bin/blib.a(arp.o)             bin/blib.a(pxe_undi.o) (arp_protocol)
bin/blib.a(dhcpopts.o)        bin/blib.a(nvo.o) (dhcpopt_no_realloc)
bin/blib.a(ethernet.o)        bin/blib.a(realtek.o) (alloc_etherdev)
bin/blib.a(eth_slow.o)        bin/blib.a(ethernet.o) (obj_eth_slow)
bin/blib.a(fakedhcp.o)        bin/blib.a(pxe_preboot.o) (create_fakedhcpdiscover)
bin/blib.a(iobpad.o)          bin/blib.a(realtek.o) (iob_pad)
bin/blib.a(ipv4.o)            bin/blib.a(pxe_undi.o) (ipv4_protocol)
bin/blib.a(neighbour.o)       bin/blib.a(ipv4.o) (neighbour_tx)
bin/blib.a(netdevice.o)       bin/blib.a(ipv4.o) (net_devices)
bin/blib.a(netdev_settings.o)
                              bin/blib.a(netdevice.o) (netdev_settings_operations)
bin/blib.a(nullnet.o)         bin/blib.a(realtek.o) (null_netdev_operations)
bin/blib.a(rarp.o)            bin/blib.a(pxe_undi.o) (rarp_protocol)
bin/blib.a(retry.o)           bin/blib.a(neighbour.o) (start_timer)
bin/blib.a(tcpip.o)           bin/blib.a(ipv4.o) (tcpip_rx)
bin/blib.a(udp.o)             bin/blib.a(pxe_udp.o) (udp_open_promisc)
bin/blib.a(http.o)            bin/blib.a(config.o) (obj_http)
bin/blib.a(httpcore.o)        bin/blib.a(http.o) (http_open_filter)
[...]
Memory Configuration

Name             Origin             Length             Attributes
*default*        0x0000000000000000 0xffffffffffffffff

Linker script and memory map

                0x0000000000000010                PROVIDE (_max_align, 0x10)

.prefix         0x0000000000000000      0x896
                0x0000000000000000                _prefix = .
 *(.prefix)
 .prefix        0x0000000000000000      0x496 bin/blib.a(romprefix.o)
                0x0000000000000000                _rom_start
                0x0000000000000083                undiheader
                0x000000000000036d                image_source
                0x0000000000000373                decompress_to
 .prefix        0x0000000000000496       0x4b bin/blib.a(undiloader.o)
                0x0000000000000496                undiloader
 *(.prefix.*)
 .prefix.lib    0x00000000000004e1      0x2c4 bin/blib.a(libprefix.o)
                0x00000000000004e1                print_character
                0x0000000000000500                print_message
                0x000000000000050d                print_hex_dword
                0x0000000000000518                print_hex_word
                0x000000000000051f                print_hex_byte
                0x0000000000000528                print_hex_nibble
                0x0000000000000535                print_pci_busdevfn
                0x0000000000000556                print_kill_line
                0x000000000000063f                alloc_basemem
                0x0000000000000662                install
                0x000000000000067f                install_prealloc
 .prefix.data   0x00000000000007a5       0x56 bin/blib.a(libprefix.o)
 .prefix.lib    0x00000000000007fb       0x9b bin/blib.a(unnrv2b16.o)
                0x00000000000007fb                decompress16
                0x0000000000000896                _mprefix = .

.bss.prefix     0x0000000000000896        0x0 load address 0x000000000001ad90
                0x0000000000000896                _eprefix = .
                0x0000000000000896                _prefix_filesz = (ABSOLUTE (_mprefix) - ABSOLUTE (_prefix))
                0x0000000000000896                _prefix_memsz = (ABSOLUTE (_eprefix) - ABSOLUTE (_prefix))

.text16.early   0x0000000000000000       0xee load address 0x00000000000008a0
                0x0000000000000000                _text16 = .
 *(.text16.null)
 .text16.null   0x0000000000000000        0x3 bin/blib.a(pxe_entry.o)
 *(.text16.null.*)
                0x0000000000000004                . = (. + 0x1)
 *fill*         0x0000000000000003        0x1 00
 *(.text16.early)
 .text16.early  0x0000000000000004       0xe5 bin/blib.a(liba20.o)
                0x000000000000009b                enable_a20
                0x00000000000000e5                access_highmem
 *(.text16.early.*)
 .text16.early.data
                0x00000000000000e9        0x2 bin/blib.a(libprefix.o)
                0x00000000000000e9                close_payload
                0x00000000000000e9                open_payload
 *fill*         0x00000000000000eb        0x1 00
 .text16.early.data
                0x00000000000000ec        0x2 bin/blib.a(liba20.o)
                0x00000000000000ee                _etext16_early = .

.text16.late    0x00000000000000f0      0x6ac load address 0x0000000000000990
                0x00000000000000f0                _text16_late = .
 *(.text16)
 .text16        0x00000000000000f0       0x3a bin/blib.a(bios_console.o)
 .text16        0x000000000000012a       0x11 bin/blib.a(bzimage.o)
 .text16        0x000000000000013b       0x11 bin/blib.a(pxe_call.o)
 .text16        0x000000000000014c      0x17f bin/blib.a(librm.o)
                0x000000000000014c                init_librm
                0x000000000000023a                rm_cs
                0x000000000000024f                prot_call
                0x00000000000002a9                flatten_real_mode
 .text16        0x00000000000002cb       0x34 bin/blib.a(libprefix.o)
                0x00000000000002cb                free_basemem
                0x00000000000002fb                uninstall
 .text16        0x00000000000002ff       0x2b bin/blib.a(romprefix.o)
 .text16        0x000000000000032a       0x65 bin/blib.a(pxe_entry.o)
                0x0000000000000361                pxe_int_1a
 .text16        0x000000000000038f        0x7 bin/blib.a(librm_mgmt.o)
 .text16        0x0000000000000396       0x13 bin/blib.a(memmap.o)
 .text16        0x00000000000003a9        0x6 bin/blib.a(bios_reboot.o)
 .text16        0x00000000000003af       0x6a bin/blib.a(int13.o)
 .text16        0x0000000000000419       0x1e bin/blib.a(pcibios.o)
 .text16        0x0000000000000437       0x55 bin/blib.a(bootsector.o)
 .text16        0x000000000000048c      0x25d bin/blib.a(e820mangler.o)
                0x00000000000006c1                int15
 .text16        0x00000000000006e9        0x9 bin/blib.a(patch_cf.o)
                0x00000000000006e9                patch_cf
 *(.text16.*)
 .text16.data   0x00000000000006f2        0x8 bin/blib.a(librm.o)
                0x00000000000006f2                rm_ds
 .text16.data   0x00000000000006fa        0x2 bin/blib.a(libprefix.o)
                0x00000000000006fa                hooked_bios_interrupts
 *fill*         0x00000000000006fc        0x4 00
 .text16.data   0x0000000000000700       0x90 bin/blib.a(pxe_entry.o)
                0x0000000000000700                ppxe
                0x0000000000000760                pxenv
                0x000000000000078c                pxe_int_1a_vector
 .text16.data   0x0000000000000790        0x8 bin/blib.a(int13.o)
 .text16.data   0x0000000000000798        0x4 bin/blib.a(e820mangler.o)
                0x0000000000000798                int15_vector
                0x000000000000079c                _mtext16 = .

.bss.text16     0x000000000000079c        0x0 load address 0x000000000001ad90
                0x000000000000079c                _etext16 = .
                0x00000000000000ee                _text16_early_filesz = (ABSOLUTE (_etext16_early) - ABSOLUTE (_text16))
                0x00000000000000ee                _text16_early_memsz = (ABSOLUTE (_etext16_early) - ABSOLUTE (_text16))
                0x00000000000006ac                _text16_late_filesz = (ABSOLUTE (_mtext16) - ABSOLUTE (_text16_late))
                0x00000000000006ac                _text16_late_memsz = (ABSOLUTE (_etext16) - ABSOLUTE (_text16_late))
                0x000000000000079c                _text16_memsz = (ABSOLUTE (_etext16) - ABSOLUTE (_text16))

.data16         0x0000000000000000       0xc2 load address 0x0000000000001040
                0x0000000000000000                _data16 = .
                0x0000000000000001                . = (. + 0x1)
 *fill*         0x0000000000000000        0x1 00
 *(.rodata16)
 *(.rodata16.*)
 *(.data16)
 *fill*         0x0000000000000001        0xf 00
 .data16        0x0000000000000010       0x48 bin/blib.a(librm.o)
 .data16        0x0000000000000058        0xc bin/blib.a(libprefix.o)
 .data16        0x0000000000000064       0x14 bin/blib.a(int13.o)
 *fill*         0x0000000000000078        0x8 00
 .data16        0x0000000000000080       0x42 bin/blib.a(e820mangler.o)
                0x0000000000000088                hidemem_base
                0x0000000000000098                hidemem_umalloc
                0x00000000000000a8                hidemem_textdata
 *(.data16.*)
                0x00000000000000c2                _mdata16 = .

.bss.data16     0x00000000000000d0     0x2bf8 load address 0x000000000001ad90
 *(.bss16)
 .bss16         0x00000000000000d0      0x3b8 bin/blib.a(multiboot.o)
 .bss16         0x0000000000000488      0xec4 bin/blib.a(pxe_preboot.o)
 .bss16         0x000000000000134c      0x5ea bin/blib.a(basemem_packet.o)
                0x000000000000134c                basemem_packet
 .bss16         0x0000000000001936        0x2 bin/blib.a(pci_autoboot.o)
                0x0000000000001936                autoboot_busdevfn
 .bss16         0x0000000000001938       0x1c bin/blib.a(memmap.o)
                0x0000000000001938                memmap_post
 *fill*         0x0000000000001954        0xc 00
 .bss16         0x0000000000001960      0x320 bin/blib.a(int13.o)
 .bss16         0x0000000000001c80       0x48 bin/blib.a(e820mangler.o)
 *(.bss16.*)
 *(.stack16)
 .stack16       0x0000000000001cc8     0x1000 bin/blib.a(stack16.o)
                0x0000000000001cc8                _stack16
                0x0000000000002cc8                _estack16
 *(.stack16.*)
                0x0000000000002cc8                _edata16 = .
                0x00000000000000c2                _data16_filesz = (ABSOLUTE (_mdata16) - ABSOLUTE (_data16))
                0x0000000000002cc8                _data16_memsz = (ABSOLUTE (_edata16) - ABSOLUTE (_data16))

.textdata       0x0000000000000000    0x19bc4 load address 0x0000000000001110
                0x0000000000000000                _textdata = .
 *(.text.null_trap)
 *(.text.null_trap.*)
                0x0000000000000001                . = (. + 0x1)
 *fill*         0x0000000000000000        0x1 00
 *(.text)
 *fill*         0x0000000000000001        0x3 00
 .text          0x0000000000000004       0x45 bin/blib.a(setjmp.o)
                0x0000000000000004                setjmp
                0x0000000000000022                longjmp
 *fill*         0x0000000000000049        0x3 00
 .text          0x000000000000004c       0x7d bin/blib.a(virtaddr.o)
                0x000000000000004c                _virt_to_phys
                0x0000000000000079                _phys_to_virt
                0x00000000000000a3                _intr_to_virt
 *fill*         0x00000000000000c9        0x3 00
 .text          0x00000000000000cc       0xe9 bin/blib.a(librm.o)
                0x000000000000017a                real_call
                0x0000000000000193                interrupt_wrapper
 *(.text.*)
 .text.realtek_spi_open_bit
                0x00000000000001b5        0xe bin/blib.a(realtek.o)
 .text.realtek_spi_close_bit
                0x00000000000001c3        0xe bin/blib.a(realtek.o)
 .text.realtek_spi_read_bit
                0x00000000000001d1       0x10 bin/blib.a(realtek.o)
 .text.realtek_spi_write_bit
                0x00000000000001e1       0x28 bin/blib.a(realtek.o)
 .text.realtek_irq
                0x0000000000000209       0x15 bin/blib.a(realtek.o)
 .text.realtek_transmit
                0x000000000000021e       0xc8 bin/blib.a(realtek.o)
 .text.realtek_check_link
                0x00000000000002e6       0x35 bin/blib.a(realtek.o)
 .text.realtek_mii_read
                0x000000000000031b       0x4d bin/blib.a(realtek.o)
 .text.realtek_mii_write
                0x0000000000000368       0x50 bin/blib.a(realtek.o)
 .text.realtek_reset.isra.11
                0x00000000000003b8       0x31 bin/blib.a(realtek.o)
 .text.realtek_remove
                0x00000000000003e9       0x37 bin/blib.a(realtek.o)
 .text.realtek_probe
                0x0000000000000420      0x281 bin/blib.a(realtek.o)
 .text.realtek_refill_rx.part.13
                0x00000000000006a1       0x81 bin/blib.a(realtek.o)
 .text.realtek_poll
                0x0000000000000722      0x1d9 bin/blib.a(realtek.o)
 .text.realtek_destroy_ring
                0x00000000000008fb       0x46 bin/blib.a(realtek.o)
 .text.realtek_close
                0x0000000000000941       0x83 bin/blib.a(realtek.o)
 .text.realtek_create_ring
                0x00000000000009c4       0x5b bin/blib.a(realtek.o)
 .text.realtek_open
                0x0000000000000a1f       0xdb bin/blib.a(realtek.o)
 .text.nvs_read
                0x0000000000000afa       0x59 bin/blib.a(nvs.o)
                0x0000000000000afa                nvs_read
 .text.nvs_verify
                0x0000000000000b53       0x4b bin/blib.a(nvs.o)
 .text.nvs_write
                0x0000000000000b9e       0x6b bin/blib.a(nvs.o)
                0x0000000000000b9e                nvs_write
 .text.threewire_read
                0x0000000000000c09       0x1c bin/blib.a(threewire.o)
                0x0000000000000c09                threewire_read
 .text.threewire_write
                0x0000000000000c25       0x5f bin/blib.a(threewire.o)
                0x0000000000000c25                threewire_write
 .text.spi_bit_set_slave_select
                0x0000000000000c84       0x36 bin/blib.a(spi_bit.o)
 .text.spi_bit_transfer
                0x0000000000000cba       0xde bin/blib.a(spi_bit.o)
 .text.spi_bit_rw
                0x0000000000000d98       0xe3 bin/blib.a(spi_bit.o)
 .text.init_spi_bit_basher
                0x0000000000000e7b        0x8 bin/blib.a(spi_bit.o)
                0x0000000000000e7b                init_spi_bit_basher
 .text.timer2_udelay
                0x0000000000000e83       0x33 bin/blib.a(timer2.o)
                0x0000000000000e83                timer2_udelay
 .text.bios_handle_cup
                0x0000000000000eb6       0x38 bin/blib.a(bios_console.o)
 .text.bios_handle_ed
                0x0000000000000eee       0x32 bin/blib.a(bios_console.o)
 .text.bios_handle_sgr
                0x0000000000000f20       0x68 bin/blib.a(bios_console.o)
 .text.bios_putchar
                0x0000000000000f88       0x26 bin/blib.a(bios_console.o)
 .text.bios_iskey
                0x0000000000000fae       0x2a bin/blib.a(bios_console.o)
 .text.bios_getchar
                0x0000000000000fd8       0x8f bin/blib.a(bios_console.o)
 .text.bzimage_load_initrd
                0x0000000000001067      0x154 bin/blib.a(bzimage.o)
 .text.bzimage_parse_header.isra.0
                0x00000000000011bb      0x13b bin/blib.a(bzimage.o)
 .text.bzimage_probe
                0x00000000000012f6       0x1a bin/blib.a(bzimage.o)
                0x00000000000012f6                bzimage_probe
 .text.bzimage_exec
                0x0000000000001310      0x444 bin/blib.a(bzimage.o)
 .text.elfboot_exec
                0x0000000000001754       0x39 bin/blib.a(elfboot.o)
 .text.elfboot_probe
                0x000000000000178d       0x34 bin/blib.a(elfboot.o)
 .text.initrd_startup
                0x00000000000017c1       0x16 bin/blib.a(initrd.o)
 .text.initrd_reshuffle
                0x00000000000017d7      0x175 bin/blib.a(initrd.o)
                0x00000000000017d7                initrd_reshuffle
 .text.initrd_reshuffle_check
                0x000000000000194c       0x30 bin/blib.a(initrd.o)
                0x000000000000194c                initrd_reshuffle_check
 .text.multiboot_add_cmdline
                0x000000000000197c       0x84 bin/blib.a(multiboot.o)
 .text.multiboot_find_header
                0x0000000000001a00       0x79 bin/blib.a(multiboot.o)
 .text.multiboot_probe
                0x0000000000001a79        0xe bin/blib.a(multiboot.o)
 .text.multiboot_exec
                0x0000000000001a87      0x325 bin/blib.a(multiboot.o)
 .text.pxe_exec
                0x0000000000001dac       0x86 bin/blib.a(pxe_image.o)
 .text.pxe_probe
                0x0000000000001e32       0x1d bin/blib.a(pxe_image.o)
                0x0000000000001e32                pxe_probe
 .text.pxenv_unknown
                0x0000000000001e4f        0xb bin/blib.a(pxe_call.o)
 .text.pxe_init_structures
                0x0000000000001e5a       0xe1 bin/blib.a(pxe_call.o)
 .text.pxe_api_call
                0x0000000000001f3b       0x87 bin/blib.a(pxe_call.o)
                0x0000000000001f3b                pxe_api_call
 .text.pxe_loader_call
                0x0000000000001fc2       0x5d bin/blib.a(pxe_call.o)
                0x0000000000001fc2                pxe_loader_call
 .text.pxe_activate
                0x000000000000201f       0x3f bin/blib.a(pxe_call.o)
                0x000000000000201f                pxe_activate
 .text.pxe_deactivate
                0x000000000000205e       0x3f bin/blib.a(pxe_call.o)
                0x000000000000205e                pxe_deactivate
 .text.pxe_start_nbp
                0x000000000000209d       0x75 bin/blib.a(pxe_call.o)
                0x000000000000209d                pxe_start_nbp
 .text.pxenv_file_cmdline
                0x0000000000002112       0x5c bin/blib.a(pxe_file.o)
 .text.pxenv_file_exec
                0x000000000000216e       0x72 bin/blib.a(pxe_file.o)
 .text.pxenv_get_file_size
                0x00000000000021e0       0x2c bin/blib.a(pxe_file.o)
 .text.pxenv_file_read
                0x000000000000220c       0x47 bin/blib.a(pxe_file.o)
 .text.pxenv_file_select
                0x0000000000002253       0x44 bin/blib.a(pxe_file.o)
 .text.pxenv_file_close
                0x0000000000002297       0x15 bin/blib.a(pxe_file.o)
 .text.pxenv_file_open
                0x00000000000022ac       0x72 bin/blib.a(pxe_file.o)
 .text.pxenv_file_api_check
                0x000000000000231e       0x7d bin/blib.a(pxe_file.o)
 .text.undi_loader
                0x000000000000239b       0x3e bin/blib.a(pxe_loader.o)
                0x000000000000239b                undi_loader
 .text.pxenv_unload_stack
                0x00000000000023d9        0x8 bin/blib.a(pxe_preboot.o)
 .text.pxenv_start_base
                0x00000000000023e1        0xb bin/blib.a(pxe_preboot.o)
 .text.pxenv_stop_base
                0x00000000000023ec        0x8 bin/blib.a(pxe_preboot.o)
 .text.pxenv_stop_undi
                0x00000000000023f4       0x36 bin/blib.a(pxe_preboot.o)
 .text.pxenv_start_undi
                0x000000000000242a       0x69 bin/blib.a(pxe_preboot.o)
 .text.pxenv_get_cached_info
                0x0000000000002493       0xbf bin/blib.a(pxe_preboot.o)
 .text.pxenv_restart_tftp
                0x0000000000002552       0x42 bin/blib.a(pxe_preboot.o)
 .text.pxe_tftp_xfer_window
                0x0000000000002594        0x4 bin/blib.a(pxe_tftp.o)
 .text.pxenv_tftp_read
                0x0000000000002598       0x9d bin/blib.a(pxe_tftp.o)
 .text.pxe_tftp_open
                0x0000000000002635       0xca bin/blib.a(pxe_tftp.o)
 .text.pxe_tftp_close
                0x00000000000026ff       0x11 bin/blib.a(pxe_tftp.o)
 .text.pxe_tftp_xfer_deliver
                0x0000000000002710       0x8d bin/blib.a(pxe_tftp.o)
 .text.pxenv_tftp_close
                0x000000000000279d       0x18 bin/blib.a(pxe_tftp.o)
 .text.pxenv_tftp_get_fsize
                0x00000000000027b5       0x82 bin/blib.a(pxe_tftp.o)
 .text.pxenv_tftp_open
                0x0000000000002837       0x98 bin/blib.a(pxe_tftp.o)
 .text.pxenv_tftp_read_file
                0x00000000000028cf       0x93 bin/blib.a(pxe_tftp.o)
                0x00000000000028cf                pxenv_tftp_read_file
 .text.pxenv_udp_read
                0x0000000000002962       0x5b bin/blib.a(pxe_udp.o)
 .text.pxe_udp_deliver
                0x00000000000029bd       0x87 bin/blib.a(pxe_udp.o)
 .text.pxenv_udp_write
                0x0000000000002a44       0xd5 bin/blib.a(pxe_udp.o)
 .text.pxenv_udp_close
                0x0000000000002b19       0x18 bin/blib.a(pxe_udp.o)
 .text.pxenv_udp_open
                0x0000000000002b31       0x3e bin/blib.a(pxe_udp.o)
 .text.pxenv_undi_startup
                0x0000000000002b6f       0x1c bin/blib.a(pxe_undi.o)
 .text.pxenv_undi_initialize
                0x0000000000002b8b       0x1c bin/blib.a(pxe_undi.o)
 .text.pxenv_undi_set_mcast_address
                0x0000000000002ba7       0x1c bin/blib.a(pxe_undi.o)
 .text.pxenv_undi_set_packet_filter
                0x0000000000002bc3       0x1c bin/blib.a(pxe_undi.o)
 .text.pxenv_undi_get_statistics
                0x0000000000002bdf       0x38 bin/blib.a(pxe_undi.o)
 .text.pxenv_undi_clear_statistics
                0x0000000000002c17       0x40 bin/blib.a(pxe_undi.o)
 .text.pxenv_undi_initiate_diags
                0x0000000000002c57       0x1b bin/blib.a(pxe_undi.o)
 .text.pxenv_undi_force_interrupt
                0x0000000000002c72       0x1b bin/blib.a(pxe_undi.o)
 .text.pxenv_undi_get_mcast_address
                0x0000000000002c8d       0x4c bin/blib.a(pxe_undi.o)
 .text.pxenv_undi_get_nic_type
                0x0000000000002cd9       0x95 bin/blib.a(pxe_undi.o)
 .text.pxenv_undi_get_information
                0x0000000000002d6e       0x86 bin/blib.a(pxe_undi.o)
 .text.pxenv_undi_set_station_address
                0x0000000000002df4       0x42 bin/blib.a(pxe_undi.o)
 .text.pxenv_undi_isr
                0x0000000000002e36      0x1bc bin/blib.a(pxe_undi.o)
 .text.pxenv_undi_get_iface_info
                0x0000000000002ff2       0x63 bin/blib.a(pxe_undi.o)
 .text.pxenv_undi_transmit
                0x0000000000003055      0x1f0 bin/blib.a(pxe_undi.o)
 .text.pxe_netdev_close
                0x0000000000003245       0x2b bin/blib.a(pxe_undi.o)
 .text.pxenv_undi_close
                0x0000000000003270       0x26 bin/blib.a(pxe_undi.o)
 .text.pxenv_undi_shutdown
                0x0000000000003296       0x26 bin/blib.a(pxe_undi.o)
 .text.pxenv_undi_cleanup
                0x00000000000032bc       0x26 bin/blib.a(pxe_undi.o)
 .text.pxe_netdev_open
                0x00000000000032e2       0x2e bin/blib.a(pxe_undi.o)
 .text.pxenv_undi_open
                0x0000000000003310       0x35 bin/blib.a(pxe_undi.o)
 .text.pxenv_undi_reset_adapter
                0x0000000000003345       0x3a bin/blib.a(pxe_undi.o)
 .text.pxe_set_netdev
                0x000000000000337f       0x38 bin/blib.a(pxe_undi.o)
                0x000000000000337f                pxe_set_netdev
 .text.__memcpy
                0x00000000000033b7       0x1d bin/blib.a(x86_string.o)
                0x00000000000033b7                __memcpy
 .text.__memcpy_reverse
                0x00000000000033d4       0x11 bin/blib.a(x86_string.o)
                0x00000000000033d4                __memcpy_reverse
 .text.__memmove
                0x00000000000033e5        0xe bin/blib.a(x86_string.o)
                0x00000000000033e5                __memmove
 .text.memswap  0x00000000000033f3       0x11 bin/blib.a(x86_string.o)
                0x00000000000033f3                memswap
 .text.strlen   0x0000000000003404       0x11 bin/blib.a(x86_string.o)
                0x0000000000003404                strlen
 .text.strncmp  0x0000000000003415       0x1c bin/blib.a(x86_string.o)
                0x0000000000003415                strncmp
 .text.cpuid_exec
                0x0000000000003431       0x6d bin/blib.a(cpuid_cmd.o)
 .text.ansiesc_process
                0x000000000000349e       0xc9 bin/blib.a(ansiesc.o)
                0x000000000000349e                ansiesc_process
 .text.has_input
                0x0000000000003567       0x2b bin/blib.a(console.o)
 .text.putchar  0x0000000000003592       0x43 bin/blib.a(console.o)
                0x0000000000003592                putchar
 .text.getchar  0x00000000000035d5       0x2b bin/blib.a(console.o)
                0x00000000000035d5                getchar
 .text.iskey    0x0000000000003600        0xe bin/blib.a(console.o)
                0x0000000000003600                iskey
 .text.console_configure
                0x000000000000360e       0x51 bin/blib.a(console.o)
                0x000000000000360e                console_configure
 .text.cpio_set_field
                0x000000000000365f       0x2a bin/blib.a(cpio.o)
                0x000000000000365f                cpio_set_field
 .text.probe_devices
                0x0000000000003689       0x52 bin/blib.a(device.o)
 .text.identify_device
                0x00000000000036db       0x31 bin/blib.a(device.o)
                0x00000000000036db                identify_device
 .text.remove_devices
                0x000000000000370c       0x40 bin/blib.a(device.o)
 .text.process_on_success
                0x000000000000374c        0x9 bin/blib.a(exec.o)
 .text.process_on_failure
                0x0000000000003755        0x9 bin/blib.a(exec.o)
 .text.process_always
                0x000000000000375e        0x6 bin/blib.a(exec.o)
 .text.exit_exec
                0x0000000000003764       0x4f bin/blib.a(exec.o)
 .text.split_command
                0x00000000000037b3       0x49 bin/blib.a(exec.o)
 .text.isset_exec
                0x00000000000037fc       0x2f bin/blib.a(exec.o)
 .text.sleep_exec
                0x000000000000382b       0x79 bin/blib.a(exec.o)
 .text.iseq_exec
                0x00000000000038a4       0x3c bin/blib.a(exec.o)
 .text.execv    0x00000000000038e0       0x8f bin/blib.a(exec.o)
                0x00000000000038e0                execv
 .text.shell_stop
                0x000000000000396f        0x6 bin/blib.a(exec.o)
                0x000000000000396f                shell_stop
 .text.shell_stopped
                0x0000000000003975       0x1c bin/blib.a(exec.o)
                0x0000000000003975                shell_stopped
 .text.system   0x0000000000003991      0x192 bin/blib.a(exec.o)
                0x0000000000003991                system
 .text.concat_args
                0x0000000000003b23       0x66 bin/blib.a(exec.o)
                0x0000000000003b23                concat_args
 .text.echo_exec
                0x0000000000003b89       0x61 bin/blib.a(exec.o)
 .text.get_argv_argument
                0x0000000000003bea       0x24 bin/blib.a(getopt.o)
 .text.getopt_long
                0x0000000000003c0e      0x223 bin/blib.a(getopt.o)
                0x0000000000003c0e                getopt_long
 .text.free_image
                0x0000000000003e31       0x35 bin/blib.a(image.o)
 .text.image_set_name
                0x0000000000003e66       0x28 bin/blib.a(image.o)
                0x0000000000003e66                image_set_name
 .text.alloc_image
                0x0000000000003e8e       0x50 bin/blib.a(image.o)
                0x0000000000003e8e                alloc_image
 .text.image_set_cmdline
                0x0000000000003ede       0x35 bin/blib.a(image.o)
                0x0000000000003ede                image_set_cmdline
 .text.unregister_image
                0x0000000000003f13       0x22 bin/blib.a(image.o)
                0x0000000000003f13                unregister_image
 .text.find_image
                0x0000000000003f35       0x2f bin/blib.a(image.o)
                0x0000000000003f35                find_image
 .text.image_probe
                0x0000000000003f64       0x34 bin/blib.a(image.o)
                0x0000000000003f64                image_probe
 .text.image_replace
                0x0000000000003f98       0x39 bin/blib.a(image.o)
                0x0000000000003f98                image_replace
 .text.image_select
                0x0000000000003fd1       0x3c bin/blib.a(image.o)
                0x0000000000003fd1                image_select
 .text.image_exec
                0x000000000000400d       0xa1 bin/blib.a(image.o)
                0x000000000000400d                image_exec
 .text.image_find_selected
                0x00000000000040ae       0x1d bin/blib.a(image.o)
                0x00000000000040ae                image_find_selected
 .text.register_image
                0x00000000000040cb       0x6a bin/blib.a(image.o)
                0x00000000000040cb                register_image
 .text.initialise
                0x0000000000004135       0x17 bin/blib.a(init.o)
                0x0000000000004135                initialise
 .text.startup  0x000000000000414c       0x30 bin/blib.a(init.o)
                0x000000000000414c                startup
 .text.shutdown
                0x000000000000417c       0x3e bin/blib.a(init.o)
                0x000000000000417c                shutdown
 .text.null_intf_close
                0x00000000000041ba        0x1 bin/blib.a(interface.o)
 .text.intf_plug
                0x00000000000041bb       0x1d bin/blib.a(interface.o)
                0x00000000000041bb                intf_plug
 .text.intf_plug_plug
                0x00000000000041d8       0x16 bin/blib.a(interface.o)
                0x00000000000041d8                intf_plug_plug
 .text.intf_unplug
                0x00000000000041ee        0xa bin/blib.a(interface.o)
                0x00000000000041ee                intf_unplug
 .text.intf_nullify
                0x00000000000041f8        0x8 bin/blib.a(interface.o)
                0x00000000000041f8                intf_nullify
 .text.intf_put
                0x0000000000004200        0x8 bin/blib.a(interface.o)
                0x0000000000004200                intf_put
 .text.intf_object
                0x0000000000004208        0x6 bin/blib.a(interface.o)
                0x0000000000004208                intf_object
 .text.intf_get_dest_op_no_passthru_untyped
                0x000000000000420e       0x35 bin/blib.a(interface.o)
                0x000000000000420e                intf_get_dest_op_no_passthru_untyped
 .text.intf_get_dest_op_untyped
                0x0000000000004243       0x34 bin/blib.a(interface.o)
                0x0000000000004243                intf_get_dest_op_untyped
 .text.intf_restart
                0x0000000000004277       0x12 bin/blib.a(interface.o)
                0x0000000000004277                intf_restart
 .text.intf_close
                0x0000000000004289       0x3b bin/blib.a(interface.o)
                0x0000000000004289                intf_close
 .text.intf_shutdown
                0x00000000000042c4       0x17 bin/blib.a(interface.o)
                0x00000000000042c4                intf_shutdown
 .text.alloc_iob_raw
                0x00000000000042db       0x78 bin/blib.a(iobuf.o)
                0x00000000000042db                alloc_iob_raw
 .text.alloc_iob
                0x0000000000004353       0x13 bin/blib.a(iobuf.o)
                0x0000000000004353                alloc_iob
 .text.free_iob
                0x0000000000004366       0x2d bin/blib.a(iobuf.o)
                0x0000000000004366                free_iob
 .text.iob_ensure_headroom
                0x0000000000004393       0x12 bin/blib.a(iobuf.o)
                0x0000000000004393                iob_ensure_headroom
 .text.extern_list_add
                0x00000000000043a5        0xd bin/blib.a(list.o)
                0x00000000000043a5                extern_list_add
 .text.extern_list_add_tail
                0x00000000000043b2        0xe bin/blib.a(list.o)
                0x00000000000043b2                extern_list_add_tail
 .text.startup.main
                0x00000000000043c0       0x37 bin/blib.a(main.o)
                0x00000000000043c0                main
 .text.discard_cache
                0x00000000000043f7       0x1d bin/blib.a(malloc.o)
 .text.shutdown_cache
                0x0000000000004414        0xa bin/blib.a(malloc.o)
 .text.alloc_memblock
                0x000000000000441e       0x8b bin/blib.a(malloc.o)
                0x000000000000441e                alloc_memblock
 .text.free_memblock
                0x00000000000044a9       0x98 bin/blib.a(malloc.o)
                0x00000000000044a9                free_memblock
 .text.realloc  0x0000000000004541       0x5b bin/blib.a(malloc.o)
                0x0000000000004541                realloc
 .text.malloc   0x000000000000459c        0x9 bin/blib.a(malloc.o)
                0x000000000000459c                malloc
 .text.free     0x00000000000045a5        0x7 bin/blib.a(malloc.o)
                0x00000000000045a5                free
 .text.zalloc   0x00000000000045ac       0x1c bin/blib.a(malloc.o)
                0x00000000000045ac                zalloc
 .text.mpopulate
                0x00000000000045c8        0x8 bin/blib.a(malloc.o)
                0x00000000000045c8                mpopulate
 .text.init_heap
                0x00000000000045d0        0xf bin/blib.a(malloc.o)
 .text.largest_memblock
                0x00000000000045df       0x6e bin/blib.a(memblock.o)
                0x00000000000045df                largest_memblock
 .text.strtoul_charval
                0x000000000000464d       0x1b bin/blib.a(misc.o)
                0x000000000000464d                strtoul_charval
 .text.strtoul  0x0000000000004668       0x7a bin/blib.a(misc.o)
                0x0000000000004668                strtoul
 .text.inet_aton
                0x00000000000046e2       0x63 bin/blib.a(misc.o)
                0x00000000000046e2                inet_aton
 .text.nvo_fetch
                0x0000000000004745        0xb bin/blib.a(nvo.o)
 .text.nvo_applies
                0x0000000000004750       0x19 bin/blib.a(nvo.o)
                0x0000000000004750                nvo_applies
 .text.nvo_realloc
                0x0000000000004769       0x47 bin/blib.a(nvo.o)
 .text.nvo_realloc_dhcpopt
                0x00000000000047b0       0x33 bin/blib.a(nvo.o)
 .text.nvo_store
                0x00000000000047e3       0x5a bin/blib.a(nvo.o)
 .text.nvo_init
                0x000000000000483d       0x52 bin/blib.a(nvo.o)
                0x000000000000483d                nvo_init
 .text.register_nvo
                0x000000000000488f       0x82 bin/blib.a(nvo.o)
                0x000000000000488f                register_nvo
 .text.unregister_nvo
                0x0000000000004911       0x12 bin/blib.a(nvo.o)
                0x0000000000004911                unregister_nvo
 .text.xfer_uri_opener
                0x0000000000004923       0x2a bin/blib.a(open.o)
                0x0000000000004923                xfer_uri_opener
 .text.xfer_open_uri
                0x000000000000494d       0x45 bin/blib.a(open.o)
                0x000000000000494d                xfer_open_uri
 .text.xfer_open_uri_string
                0x0000000000004992       0x2f bin/blib.a(open.o)
                0x0000000000004992                xfer_open_uri_string
 .text.xfer_open_socket
                0x00000000000049c1       0x37 bin/blib.a(open.o)
                0x00000000000049c1                xfer_open_socket
 .text.xfer_vopen
                0x00000000000049f8       0x38 bin/blib.a(open.o)
                0x00000000000049f8                xfer_vopen
 .text.xfer_vreopen
                0x0000000000004a30       0x20 bin/blib.a(open.o)
                0x0000000000004a30                xfer_vreopen
 .text.parse_string
                0x0000000000004a50        0x5 bin/blib.a(parseopt.o)
                0x0000000000004a50                parse_string
 .text.parse_integer
                0x0000000000004a55       0x32 bin/blib.a(parseopt.o)
                0x0000000000004a55                parse_integer
 .text.parse_timeout
                0x0000000000004a87       0x27 bin/blib.a(parseopt.o)
                0x0000000000004a87                parse_timeout
 .text.parse_netdev
                0x0000000000004aae       0x2a bin/blib.a(parseopt.o)
                0x0000000000004aae                parse_netdev
 .text.parse_netdev_configurator
                0x0000000000004ad8       0x2a bin/blib.a(parseopt.o)
                0x0000000000004ad8                parse_netdev_configurator
 .text.parse_menu
                0x0000000000004b02       0x3b bin/blib.a(parseopt.o)
                0x0000000000004b02                parse_menu
 .text.parse_flag
                0x0000000000004b3d        0x9 bin/blib.a(parseopt.o)
                0x0000000000004b3d                parse_flag
 .text.parse_key
                0x0000000000004b46       0x19 bin/blib.a(parseopt.o)
                0x0000000000004b46                parse_key
 .text.parse_settings
                0x0000000000004b5f       0x2a bin/blib.a(parseopt.o)
                0x0000000000004b5f                parse_settings
 .text.parse_setting
                0x0000000000004b89       0x2d bin/blib.a(parseopt.o)
                0x0000000000004b89                parse_setting
 .text.parse_existing_setting
                0x0000000000004bb6        0xa bin/blib.a(parseopt.o)
                0x0000000000004bb6                parse_existing_setting
 .text.parse_autovivified_setting
                0x0000000000004bc0        0xa bin/blib.a(parseopt.o)
                0x0000000000004bc0                parse_autovivified_setting
 .text.print_usage
                0x0000000000004bca       0xab bin/blib.a(parseopt.o)
                0x0000000000004bca                print_usage
 .text.reparse_options
                0x0000000000004c75      0x19f bin/blib.a(parseopt.o)
                0x0000000000004c75                reparse_options
 .text.parse_options
                0x0000000000004e14       0x2b bin/blib.a(parseopt.o)
                0x0000000000004e14                parse_options
 .text.posix_fd_to_file
                0x0000000000004e3f       0x20 bin/blib.a(posix_io.o)
 .text.posix_file_finished
                0x0000000000004e5f       0x14 bin/blib.a(posix_io.o)
 .text.posix_file_xfer_deliver
                0x0000000000004e73       0x3d bin/blib.a(posix_io.o)
 .text.posix_file_free
                0x0000000000004eb0       0x30 bin/blib.a(posix_io.o)
 .text.open     0x0000000000004ee0       0xb9 bin/blib.a(posix_io.o)
                0x0000000000004ee0                open
 .text.select   0x0000000000004f99       0x66 bin/blib.a(posix_io.o)
                0x0000000000004f99                select
 .text.read_user
                0x0000000000004fff       0x8a bin/blib.a(posix_io.o)
                0x0000000000004fff                read_user
 .text.fsize    0x0000000000005089       0x13 bin/blib.a(posix_io.o)
                0x0000000000005089                fsize
 .text.close    0x000000000000509c       0x30 bin/blib.a(posix_io.o)
                0x000000000000509c                close
 .text.process_add
                0x00000000000050cc       0x1e bin/blib.a(process.o)
                0x00000000000050cc                process_add
 .text.init_processes
                0x00000000000050ea       0x1c bin/blib.a(process.o)
 .text.process_del
                0x0000000000005106       0x1c bin/blib.a(process.o)
                0x0000000000005106                process_del
 .text.step     0x0000000000005122       0x5d bin/blib.a(process.o)
                0x0000000000005122                step
 .text.ref_increment
                0x000000000000517f        0x7 bin/blib.a(refcnt.o)
                0x000000000000517f                ref_increment
 .text.ref_decrement
                0x0000000000005186       0x1c bin/blib.a(refcnt.o)
                0x0000000000005186                ref_decrement
 .text.ref_no_free
                0x00000000000051a2        0x1 bin/blib.a(refcnt.o)
                0x00000000000051a2                ref_no_free
 .text.apply_settings
                0x00000000000051a3       0x1d bin/blib.a(settings.o)
 .text.parse_ipv6_setting
                0x00000000000051c0        0x8 bin/blib.a(settings.o)
                0x00000000000051c0                parse_ipv6_setting
 .text.format_ipv6_setting
                0x00000000000051c8        0x8 bin/blib.a(settings.o)
                0x00000000000051c8                format_ipv6_setting
 .text.builtin_applies
                0x00000000000051d0        0xd bin/blib.a(settings.o)
 .text.platform_fetch
                0x00000000000051dd       0x12 bin/blib.a(settings.o)
 .text.buildarch_fetch
                0x00000000000051ef       0x12 bin/blib.a(settings.o)
 .text.version_fetch
                0x0000000000005201       0x16 bin/blib.a(settings.o)
 .text.format_string_setting
                0x0000000000005217       0x2e bin/blib.a(settings.o)
 .text.parse_string_setting
                0x0000000000005245       0x31 bin/blib.a(settings.o)
 .text.errno_fetch
                0x0000000000005276       0x28 bin/blib.a(settings.o)
 .text.denumerate_int_setting
                0x000000000000529e       0x3f bin/blib.a(settings.o)
 .text.format_uint_setting
                0x00000000000052dd       0x2e bin/blib.a(settings.o)
 .text.format_int_setting
                0x000000000000530b       0x2e bin/blib.a(settings.o)
 .text.format_hex_setting
                0x0000000000005339       0x68 bin/blib.a(settings.o)
 .text.format_hex_raw_setting
                0x00000000000053a1        0xa bin/blib.a(settings.o)
 .text.format_hex_hyphen_setting
                0x00000000000053ab        0xa bin/blib.a(settings.o)
 .text.format_hex_colon_setting
                0x00000000000053b5        0xa bin/blib.a(settings.o)
 .text.parse_hex_raw_setting
                0x00000000000053bf        0x9 bin/blib.a(settings.o)
 .text.parse_hex_hyphen_setting
                0x00000000000053c8        0xc bin/blib.a(settings.o)
 .text.parse_hex_setting
                0x00000000000053d4        0xc bin/blib.a(settings.o)
 .text.generic_settings_clear
                0x00000000000053e0       0x28 bin/blib.a(settings.o)
                0x00000000000053e0                generic_settings_clear
 .text.autovivified_settings_free
                0x0000000000005408       0x13 bin/blib.a(settings.o)
 .text.parse_settings_name
                0x000000000000541b       0x66 bin/blib.a(settings.o)
 .text.fetch_string_setting_copy_alloc
                0x0000000000005481        0x6 bin/blib.a(settings.o)
 .text.numeric_setting_value
                0x0000000000005487       0x68 bin/blib.a(settings.o)
 .text.numerate_int_setting
                0x00000000000054ef       0x21 bin/blib.a(settings.o)
 .text.format_busdevfn_setting
                0x0000000000005510       0x3f bin/blib.a(settings.o)
 .text.format_uuid_setting
                0x000000000000554f       0x2d bin/blib.a(settings.o)
 .text.parse_int_setting
                0x000000000000557c       0x34 bin/blib.a(settings.o)
 .text.find_settings
                0x00000000000055b0        0xa bin/blib.a(settings.o)
                0x00000000000055b0                find_settings
 .text.unregister_settings
                0x00000000000055ba       0x54 bin/blib.a(settings.o)
                0x00000000000055ba                unregister_settings
 .text.settings_target
                0x000000000000560e       0x15 bin/blib.a(settings.o)
                0x000000000000560e                settings_target
 .text.settings_name
                0x0000000000005623       0x5b bin/blib.a(settings.o)
                0x0000000000005623                settings_name
 .text.find_child_settings
                0x000000000000567e       0x45 bin/blib.a(settings.o)
                0x000000000000567e                find_child_settings
 .text.setting_applies
                0x00000000000056c3       0x25 bin/blib.a(settings.o)
                0x00000000000056c3                setting_applies
 .text.clear_settings
                0x00000000000056e8       0x12 bin/blib.a(settings.o)
                0x00000000000056e8                clear_settings
 .text.setting_cmp
                0x00000000000056fa       0x39 bin/blib.a(settings.o)
                0x00000000000056fa                setting_cmp
 .text.builtin_fetch
                0x0000000000005733       0x3c bin/blib.a(settings.o)
 .text.fetch_setting
                0x000000000000576f      0x139 bin/blib.a(settings.o)
                0x000000000000576f                fetch_setting
 .text.fetch_setting_alloc
                0x00000000000058a8       0x65 bin/blib.a(settings.o)
 .text.fetch_string_setting_copy
                0x000000000000590d       0x10 bin/blib.a(settings.o)
                0x000000000000590d                fetch_string_setting_copy
 .text.fetch_setting_copy
                0x000000000000591d       0x15 bin/blib.a(settings.o)
                0x000000000000591d                fetch_setting_copy
 .text.fetch_raw_setting_copy
                0x0000000000005932        0xb bin/blib.a(settings.o)
                0x0000000000005932                fetch_raw_setting_copy
 .text.fetch_raw_setting
                0x000000000000593d       0x11 bin/blib.a(settings.o)
                0x000000000000593d                fetch_raw_setting
 .text.fetch_uuid_setting
                0x000000000000594e       0x16 bin/blib.a(settings.o)
                0x000000000000594e                fetch_uuid_setting
 .text.fetch_numeric_setting
                0x0000000000005964       0x2e bin/blib.a(settings.o)
                0x0000000000005964                fetch_numeric_setting
 .text.fetch_uintz_setting
                0x0000000000005992       0x11 bin/blib.a(settings.o)
                0x0000000000005992                fetch_uintz_setting
 .text.fetch_intz_setting
                0x00000000000059a3       0x11 bin/blib.a(settings.o)
                0x00000000000059a3                fetch_intz_setting
 .text.reprioritise_settings
                0x00000000000059b4       0x6f bin/blib.a(settings.o)
 .text.register_settings
                0x0000000000005a23       0x51 bin/blib.a(settings.o)
                0x0000000000005a23                register_settings
 .text.builtin_init
                0x0000000000005a74       0x11 bin/blib.a(settings.o)
 .text.autovivify_child_settings
                0x0000000000005a85       0x9b bin/blib.a(settings.o)
                0x0000000000005a85                autovivify_child_settings
 .text.fetch_ipv6_array_setting
                0x0000000000005b20       0x1f bin/blib.a(settings.o)
                0x0000000000005b20                fetch_ipv6_array_setting
 .text.fetch_ipv6_setting
                0x0000000000005b3f        0x8 bin/blib.a(settings.o)
                0x0000000000005b3f                fetch_ipv6_setting
 .text.fetch_ipv4_array_setting
                0x0000000000005b47       0x1f bin/blib.a(settings.o)
                0x0000000000005b47                fetch_ipv4_array_setting
 .text.fetch_ipv4_setting
                0x0000000000005b66        0x8 bin/blib.a(settings.o)
                0x0000000000005b66                fetch_ipv4_setting
 .text.fetch_string_setting
                0x0000000000005b6e       0x30 bin/blib.a(settings.o)
                0x0000000000005b6e                fetch_string_setting
 .text.store_setting
                0x0000000000005b9e       0x80 bin/blib.a(settings.o)
                0x0000000000005b9e                store_setting
 .text.generic_settings_fetch
                0x0000000000005c1e       0x62 bin/blib.a(settings.o)
                0x0000000000005c1e                generic_settings_fetch
 .text.generic_settings_store
                0x0000000000005c80       0xdb bin/blib.a(settings.o)
                0x0000000000005c80                generic_settings_store
 .text.setting_format
                0x0000000000005d5b       0x1d bin/blib.a(settings.o)
                0x0000000000005d5b                setting_format
 .text.setting_parse
                0x0000000000005d78       0x19 bin/blib.a(settings.o)
                0x0000000000005d78                setting_parse
 .text.setting_numerate
                0x0000000000005d91       0x19 bin/blib.a(settings.o)
                0x0000000000005d91                setting_numerate
 .text.setting_denumerate
                0x0000000000005daa       0x19 bin/blib.a(settings.o)
                0x0000000000005daa                setting_denumerate
 .text.fetchf_setting
                0x0000000000005dc3       0x4d bin/blib.a(settings.o)
                0x0000000000005dc3                fetchf_setting
 .text.fetchf_setting_copy
                0x0000000000005e10       0x73 bin/blib.a(settings.o)
                0x0000000000005e10                fetchf_setting_copy
 .text.storef_setting
                0x0000000000005e83       0x7a bin/blib.a(settings.o)
                0x0000000000005e83                storef_setting
 .text.fetchn_setting
                0x0000000000005efd       0x49 bin/blib.a(settings.o)
                0x0000000000005efd                fetchn_setting
 .text.storen_setting
                0x0000000000005f46       0x5e bin/blib.a(settings.o)
                0x0000000000005f46                storen_setting
 .text.parse_setting_name
                0x0000000000005fa4      0x153 bin/blib.a(settings.o)
                0x0000000000005fa4                parse_setting_name
 .text.setting_name
                0x00000000000060f7       0x43 bin/blib.a(settings.o)
                0x00000000000060f7                setting_name
 .text.expand_settings
                0x000000000000613a       0xd8 bin/blib.a(settings.o)
                0x000000000000613a                expand_settings
 .text.strcpy   0x0000000000006212       0x10 bin/blib.a(string.o)
                0x0000000000006212                strcpy
 .text.strncpy  0x0000000000006222       0x18 bin/blib.a(string.o)
                0x0000000000006222                strncpy
 .text.strcmp   0x000000000000623a       0x24 bin/blib.a(string.o)
                0x000000000000623a                strcmp
 .text.strcasecmp
                0x000000000000625e       0x2a bin/blib.a(string.o)
                0x000000000000625e                strcasecmp
 .text.strchr   0x0000000000006288       0x11 bin/blib.a(string.o)
                0x0000000000006288                strchr
 .text.strrchr  0x0000000000006299       0x1f bin/blib.a(string.o)
                0x0000000000006299                strrchr
 .text.strnlen  0x00000000000062b8       0x14 bin/blib.a(string.o)
                0x00000000000062b8                strnlen
 .text.memcmp   0x00000000000062cc       0x21 bin/blib.a(string.o)
                0x00000000000062cc                memcmp
 .text.strstr   0x00000000000062ed       0x3e bin/blib.a(string.o)
                0x00000000000062ed                strstr
 .text.memchr   0x000000000000632b       0x15 bin/blib.a(string.o)
                0x000000000000632b                memchr
 .text.strndup  0x0000000000006340       0x2d bin/blib.a(string.o)
                0x0000000000006340                strndup
 .text.strdup   0x000000000000636d        0x8 bin/blib.a(string.o)
                0x000000000000636d                strdup
 .text.mdelay   0x0000000000006375       0x16 bin/blib.a(timer.o)
                0x0000000000006375                mdelay
 .text.sleep    0x000000000000638b       0x18 bin/blib.a(timer.o)
                0x000000000000638b                sleep
 .text.uri_copy_fields
                0x00000000000063a3       0x5e bin/blib.a(uri.o)
 .text.uri_free
                0x0000000000006401       0x13 bin/blib.a(uri.o)
 .text.uri_encode
                0x0000000000006414       0x74 bin/blib.a(uri.o)
                0x0000000000006414                uri_encode
 .text.parse_uri
                0x0000000000006488      0x208 bin/blib.a(uri.o)
                0x0000000000006488                parse_uri
 .text.uri_port
                0x0000000000006690       0x17 bin/blib.a(uri.o)
                0x0000000000006690                uri_port
 .text.format_uri
                0x00000000000066a7       0xe6 bin/blib.a(uri.o)
                0x00000000000066a7                format_uri
 .text.format_uri_alloc
                0x000000000000678d       0x2f bin/blib.a(uri.o)
                0x000000000000678d                format_uri_alloc
 .text.uri_dup  0x00000000000067bc       0x38 bin/blib.a(uri.o)
                0x00000000000067bc                uri_dup
 .text.resolve_path
                0x00000000000067f4       0xc2 bin/blib.a(uri.o)
                0x00000000000067f4                resolve_path
 .text.resolve_uri
                0x00000000000068b6       0xa0 bin/blib.a(uri.o)
                0x00000000000068b6                resolve_uri
 .text.tftp_uri
                0x0000000000006956       0x3b bin/blib.a(uri.o)
                0x0000000000006956                tftp_uri
 .text.uuid_ntoa
                0x0000000000006991       0x63 bin/blib.a(uuid.o)
                0x0000000000006991                uuid_ntoa
 .text.format_hex
                0x00000000000069f4       0x6e bin/blib.a(vsprintf.o)
 .text.printf_sputc
                0x0000000000006a62        0xf bin/blib.a(vsprintf.o)
 .text.printf_putchar
                0x0000000000006a71        0x7 bin/blib.a(vsprintf.o)
 .text.vcprintf
                0x0000000000006a78      0x268 bin/blib.a(vsprintf.o)
                0x0000000000006a78                vcprintf
 .text.vsnprintf
                0x0000000000006ce0       0x3e bin/blib.a(vsprintf.o)
                0x0000000000006ce0                vsnprintf
 .text.snprintf
                0x0000000000006d1e       0x17 bin/blib.a(vsprintf.o)
                0x0000000000006d1e                snprintf
 .text.vssnprintf
                0x0000000000006d35       0x12 bin/blib.a(vsprintf.o)
                0x0000000000006d35                vssnprintf
 .text.ssnprintf
                0x0000000000006d47       0x17 bin/blib.a(vsprintf.o)
                0x0000000000006d47                ssnprintf
 .text.vprintf  0x0000000000006d5e       0x19 bin/blib.a(vsprintf.o)
                0x0000000000006d5e                vprintf
 .text.printf   0x0000000000006d77        0xe bin/blib.a(vsprintf.o)
                0x0000000000006d77                printf
 .text.xfer_deliver
                0x0000000000006d85       0x47 bin/blib.a(xfer.o)
                0x0000000000006d85                xfer_deliver
 .text.xfer_window_changed
                0x0000000000006dcc       0x29 bin/blib.a(xfer.o)
                0x0000000000006dcc                xfer_window_changed
 .text.xfer_window
                0x0000000000006df5       0x32 bin/blib.a(xfer.o)
                0x0000000000006df5                xfer_window
 .text.xfer_alloc_iob
                0x0000000000006e27       0x3c bin/blib.a(xfer.o)
                0x0000000000006e27                xfer_alloc_iob
 .text.xfer_vredirect
                0x0000000000006e63       0x88 bin/blib.a(xfer.o)
                0x0000000000006e63                xfer_vredirect
 .text.xfer_redirect
                0x0000000000006eeb       0x12 bin/blib.a(xfer.o)
                0x0000000000006eeb                xfer_redirect
 .text.xfer_deliver_iob
                0x0000000000006efd        0xa bin/blib.a(xfer.o)
                0x0000000000006efd                xfer_deliver_iob
 .text.xfer_deliver_raw_meta
                0x0000000000006f07       0x46 bin/blib.a(xfer.o)
                0x0000000000006f07                xfer_deliver_raw_meta
 .text.xfer_deliver_raw
                0x0000000000006f4d        0xb bin/blib.a(xfer.o)
                0x0000000000006f4d                xfer_deliver_raw
 .text.xfer_vprintf
                0x0000000000006f58       0x2e bin/blib.a(xfer.o)
                0x0000000000006f58                xfer_vprintf
 .text.xfer_printf
                0x0000000000006f86       0x12 bin/blib.a(xfer.o)
                0x0000000000006f86                xfer_printf
 .text.xfer_seek
                0x0000000000006f98       0x42 bin/blib.a(xfer.o)
                0x0000000000006f98                xfer_seek
 .text.arp_ntoa
                0x0000000000006fda        0x6 bin/blib.a(arp.o)
 .text.arp_rx   0x0000000000006fe0      0x10a bin/blib.a(arp.o)
 .text.arp_tx_request
                0x00000000000070ea       0xda bin/blib.a(arp.o)
 .text.find_dhcp_option_with_encap
                0x00000000000071c4       0x8b bin/blib.a(dhcpopts.o)
 .text.set_dhcp_option
                0x000000000000724f      0x1d6 bin/blib.a(dhcpopts.o)
 .text.dhcpopt_no_realloc
                0x0000000000007425        0xf bin/blib.a(dhcpopts.o)
                0x0000000000007425                dhcpopt_no_realloc
 .text.dhcpopt_applies
                0x0000000000007434        0xd bin/blib.a(dhcpopts.o)
                0x0000000000007434                dhcpopt_applies
 .text.dhcpopt_store
                0x0000000000007441       0x17 bin/blib.a(dhcpopts.o)
                0x0000000000007441                dhcpopt_store
 .text.dhcpopt_fetch
                0x0000000000007458       0x36 bin/blib.a(dhcpopts.o)
                0x0000000000007458                dhcpopt_fetch
 .text.dhcpopt_update_used_len
                0x000000000000748e       0x50 bin/blib.a(dhcpopts.o)
                0x000000000000748e                dhcpopt_update_used_len
 .text.dhcpopt_init
                0x00000000000074de       0x14 bin/blib.a(dhcpopts.o)
                0x00000000000074de                dhcpopt_init
 .text.eth_push
                0x00000000000074f2       0x38 bin/blib.a(ethernet.o)
                0x00000000000074f2                eth_push
 .text.eth_init_addr
                0x000000000000752a        0xc bin/blib.a(ethernet.o)
                0x000000000000752a                eth_init_addr
 .text.eth_eth_addr
                0x0000000000007536        0xe bin/blib.a(ethernet.o)
                0x0000000000007536                eth_eth_addr
 .text.eth_eui64
                0x0000000000007544       0x21 bin/blib.a(ethernet.o)
                0x0000000000007544                eth_eui64
 .text.eth_ntoa
                0x0000000000007565       0x37 bin/blib.a(ethernet.o)
                0x0000000000007565                eth_ntoa
 .text.eth_pull
                0x000000000000759c       0x5e bin/blib.a(ethernet.o)
                0x000000000000759c                eth_pull
 .text.eth_mc_hash
                0x00000000000075fa       0x44 bin/blib.a(ethernet.o)
                0x00000000000075fa                eth_mc_hash
 .text.alloc_etherdev
                0x000000000000763e       0x1f bin/blib.a(ethernet.o)
                0x000000000000763e                alloc_etherdev
 .text.eth_slow_rx
                0x000000000000765d      0x111 bin/blib.a(eth_slow.o)
 .text.copy_encap_settings
                0x000000000000776e       0x9d bin/blib.a(fakedhcp.o)
 .text.create_fakedhcpdiscover
                0x000000000000780b       0x21 bin/blib.a(fakedhcp.o)
                0x000000000000780b                create_fakedhcpdiscover
 .text.create_fakedhcpack
                0x000000000000782c       0x49 bin/blib.a(fakedhcp.o)
                0x000000000000782c                create_fakedhcpack
 .text.create_fakepxebsack
                0x0000000000007875       0x92 bin/blib.a(fakedhcp.o)
                0x0000000000007875                create_fakepxebsack
 .text.iob_pad  0x0000000000007907       0x42 bin/blib.a(iobpad.o)
                0x0000000000007907                iob_pad
 .text.ipv4_route
                0x0000000000007949       0x42 bin/blib.a(ipv4.o)
 .text.ipv4_netdev
                0x000000000000798b       0x1b bin/blib.a(ipv4.o)
 .text.ipv4_is_fragment
                0x00000000000079a6       0x24 bin/blib.a(ipv4.o)
 .text.ipv4_more_fragments
                0x00000000000079ca        0xb bin/blib.a(ipv4.o)
 .text.ipv4_fragment_offset
                0x00000000000079d5       0x12 bin/blib.a(ipv4.o)
 .text.ipv4_create_routes
                0x00000000000079e7      0x15c bin/blib.a(ipv4.o)
 .text.ipv4_pshdr_chksum
                0x0000000000007b43       0x53 bin/blib.a(ipv4.o)
 .text.ipv4_tx  0x0000000000007b96      0x1be bin/blib.a(ipv4.o)
 .text.ipv4_arp_check
                0x0000000000007d54       0x29 bin/blib.a(ipv4.o)
 .text.ipv4_sock_aton
                0x0000000000007d7d       0x21 bin/blib.a(ipv4.o)
 .text.ipv4_has_any_addr
                0x0000000000007d9e       0x20 bin/blib.a(ipv4.o)
                0x0000000000007d9e                ipv4_has_any_addr
 .text.ipv4_rx  0x0000000000007dbe      0x1a2 bin/blib.a(ipv4.o)
 .text.inet_ntoa
                0x0000000000007f60       0x31 bin/blib.a(ipv4.o)
                0x0000000000007f60                inet_ntoa
 .text.ipv4_sock_ntoa
                0x0000000000007f91        0x8 bin/blib.a(ipv4.o)
 .text.ipv4_ntoa
                0x0000000000007f99        0x7 bin/blib.a(ipv4.o)
 .text.parse_ipv4_setting
                0x0000000000007fa0       0x39 bin/blib.a(ipv4.o)
                0x0000000000007fa0                parse_ipv4_setting
 .text.format_ipv4_setting
                0x0000000000007fd9       0x2d bin/blib.a(ipv4.o)
                0x0000000000007fd9                format_ipv4_setting
 .text.neighbour_destroy
                0x0000000000008006       0x48 bin/blib.a(neighbour.o)
 .text.neighbour_discard
                0x000000000000804e       0x2b bin/blib.a(neighbour.o)
 .text.neighbour_find
                0x0000000000008079       0x65 bin/blib.a(neighbour.o)
 .text.neighbour_create
                0x00000000000080de       0x71 bin/blib.a(neighbour.o)
 .text.neighbour_expired
                0x000000000000814f       0x3c bin/blib.a(neighbour.o)
 .text.neighbour_free
                0x000000000000818b       0x13 bin/blib.a(neighbour.o)
 .text.neighbour_discovered
                0x000000000000819e       0x70 bin/blib.a(neighbour.o)
 .text.neighbour_flush
                0x000000000000820e       0x32 bin/blib.a(neighbour.o)
 .text.neighbour_tx
                0x0000000000008240       0x8c bin/blib.a(neighbour.o)
                0x0000000000008240                neighbour_tx
 .text.neighbour_update
                0x00000000000082cc       0x1f bin/blib.a(neighbour.o)
                0x00000000000082cc                neighbour_update
 .text.netdev_notify
                0x00000000000082eb       0x24 bin/blib.a(netdevice.o)
 .text.net_discard
                0x000000000000830f       0x40 bin/blib.a(netdevice.o)
 .text.netdev_config_close
                0x000000000000834f       0x14 bin/blib.a(netdevice.o)
 .text.netdev_record_stat
                0x0000000000008363       0x40 bin/blib.a(netdevice.o)
 .text.netdev_rx_freeze
                0x00000000000083a3        0x9 bin/blib.a(netdevice.o)
                0x00000000000083a3                netdev_rx_freeze
 .text.netdev_rx_unfreeze
                0x00000000000083ac        0x9 bin/blib.a(netdevice.o)
                0x00000000000083ac                netdev_rx_unfreeze
 .text.netdev_link_err
                0x00000000000083b5        0x8 bin/blib.a(netdevice.o)
                0x00000000000083b5                netdev_link_err
 .text.netdev_link_down
                0x00000000000083bd       0x1c bin/blib.a(netdevice.o)
                0x00000000000083bd                netdev_link_down
 .text.netdev_tx_err
                0x00000000000083d9       0x15 bin/blib.a(netdevice.o)
                0x00000000000083d9                netdev_tx_err
 .text.netdev_tx_defer
                0x00000000000083ee       0x26 bin/blib.a(netdevice.o)
                0x00000000000083ee                netdev_tx_defer
 .text.netdev_tx_complete_err
                0x0000000000008414       0x39 bin/blib.a(netdevice.o)
                0x0000000000008414                netdev_tx_complete_err
 .text.netdev_tx
                0x000000000000844d       0x3f bin/blib.a(netdevice.o)
                0x000000000000844d                netdev_tx
 .text.netdev_tx_complete_next_err
                0x000000000000848c       0x1b bin/blib.a(netdevice.o)
                0x000000000000848c                netdev_tx_complete_next_err
 .text.netdev_tx_flush
                0x00000000000084a7       0x1d bin/blib.a(netdevice.o)
 .text.netdev_rx
                0x00000000000084c4       0x1b bin/blib.a(netdevice.o)
                0x00000000000084c4                netdev_rx
 .text.netdev_rx_err
                0x00000000000084df       0x1c bin/blib.a(netdevice.o)
                0x00000000000084df                netdev_rx_err
 .text.netdev_poll
                0x00000000000084fb        0xd bin/blib.a(netdevice.o)
                0x00000000000084fb                netdev_poll
 .text.netdev_rx_dequeue
                0x0000000000008508       0x1f bin/blib.a(netdevice.o)
                0x0000000000008508                netdev_rx_dequeue
 .text.netdev_rx_flush
                0x0000000000008527       0x20 bin/blib.a(netdevice.o)
 .text.free_netdev
                0x0000000000008547       0x22 bin/blib.a(netdevice.o)
 .text.alloc_netdev
                0x0000000000008569       0xf4 bin/blib.a(netdevice.o)
                0x0000000000008569                alloc_netdev
 .text.register_netdev
                0x000000000000865d       0xfa bin/blib.a(netdevice.o)
                0x000000000000865d                register_netdev
 .text.netdev_open
                0x0000000000008757       0x3f bin/blib.a(netdevice.o)
                0x0000000000008757                netdev_open
 .text.netdev_close
                0x0000000000008796       0x6f bin/blib.a(netdevice.o)
                0x0000000000008796                netdev_close
 .text.unregister_netdev
                0x0000000000008805       0x4e bin/blib.a(netdevice.o)
                0x0000000000008805                unregister_netdev
 .text.netdev_irq
                0x0000000000008853       0x2a bin/blib.a(netdevice.o)
                0x0000000000008853                netdev_irq
 .text.find_netdev_by_location
                0x000000000000887d       0x28 bin/blib.a(netdevice.o)
                0x000000000000887d                find_netdev_by_location
 .text.last_opened_netdev
                0x00000000000088a5       0x14 bin/blib.a(netdevice.o)
                0x00000000000088a5                last_opened_netdev
 .text.find_netdev
                0x00000000000088b9       0x42 bin/blib.a(netdevice.o)
                0x00000000000088b9                find_netdev
 .text.net_tx   0x00000000000088fb       0x44 bin/blib.a(netdevice.o)
                0x00000000000088fb                net_tx
 .text.net_rx   0x000000000000893f       0x38 bin/blib.a(netdevice.o)
                0x000000000000893f                net_rx
 .text.net_poll
                0x0000000000008977       0x97 bin/blib.a(netdevice.o)
                0x0000000000008977                net_poll
 .text.net_step
                0x0000000000008a0e        0x5 bin/blib.a(netdevice.o)
 .text.vlan_tag
                0x0000000000008a13        0x3 bin/blib.a(netdevice.o)
                0x0000000000008a13                vlan_tag
 .text.find_netdev_configurator
                0x0000000000008a16       0x2a bin/blib.a(netdevice.o)
                0x0000000000008a16                find_netdev_configurator
 .text.netdev_configure
                0x0000000000008a40       0x59 bin/blib.a(netdevice.o)
                0x0000000000008a40                netdev_configure
 .text.netdev_configure_all
                0x0000000000008a99       0x37 bin/blib.a(netdevice.o)
                0x0000000000008a99                netdev_configure_all
 .text.netdev_configuration_in_progress
                0x0000000000008ad0       0x35 bin/blib.a(netdevice.o)
                0x0000000000008ad0                netdev_configuration_in_progress
 .text.netdev_configuration_ok
                0x0000000000008b05       0x32 bin/blib.a(netdevice.o)
                0x0000000000008b05                netdev_configuration_ok
 .text.netdev_redirect_settings_init
                0x0000000000008b37       0x11 bin/blib.a(netdev_settings.o)
 .text.netdev_redirect
                0x0000000000008b48       0x16 bin/blib.a(netdev_settings.o)
 .text.netdev_clear
                0x0000000000008b5e        0x5 bin/blib.a(netdev_settings.o)
 .text.netdev_fetch
                0x0000000000008b63       0x6c bin/blib.a(netdev_settings.o)
 .text.netdev_fetch_chip
                0x0000000000008bcf       0x1c bin/blib.a(netdev_settings.o)
 .text.netdev_fetch_bustype
                0x0000000000008beb       0x23 bin/blib.a(netdev_settings.o)
 .text.netdev_store_mac
                0x0000000000008c0e       0x2e bin/blib.a(netdev_settings.o)
 .text.netdev_fetch_mac
                0x0000000000008c3c       0x23 bin/blib.a(netdev_settings.o)
 .text.netdev_fetch_busid
                0x0000000000008c5f       0x43 bin/blib.a(netdev_settings.o)
 .text.netdev_fetch_busloc
                0x0000000000008ca2       0x2a bin/blib.a(netdev_settings.o)
 .text.netdev_store
                0x0000000000008ccc       0x7b bin/blib.a(netdev_settings.o)
 .text.null_open
                0x0000000000008d47        0x6 bin/blib.a(nullnet.o)
 .text.null_close
                0x0000000000008d4d        0x1 bin/blib.a(nullnet.o)
 .text.null_transmit
                0x0000000000008d4e        0x6 bin/blib.a(nullnet.o)
 .text.null_poll
                0x0000000000008d54        0x1 bin/blib.a(nullnet.o)
 .text.null_irq
                0x0000000000008d55        0x1 bin/blib.a(nullnet.o)
 .text.rarp_ntoa
                0x0000000000008d56        0x6 bin/blib.a(rarp.o)
 .text.rarp_rx  0x0000000000008d5c        0xa bin/blib.a(rarp.o)
 .text.start_timer
                0x0000000000008d66       0x51 bin/blib.a(retry.o)
                0x0000000000008d66                start_timer
 .text.start_timer_fixed
                0x0000000000008db7       0x11 bin/blib.a(retry.o)
                0x0000000000008db7                start_timer_fixed
 .text.stop_timer
                0x0000000000008dc8       0x50 bin/blib.a(retry.o)
                0x0000000000008dc8                stop_timer
 .text.retry_poll
                0x0000000000008e18       0x6f bin/blib.a(retry.o)
                0x0000000000008e18                retry_poll
 .text.retry_step
                0x0000000000008e87        0x5 bin/blib.a(retry.o)
 .text.tcpip_rx
                0x0000000000008e8c       0x49 bin/blib.a(tcpip.o)
                0x0000000000008e8c                tcpip_rx
 .text.tcpip_tx
                0x0000000000008ed5       0x46 bin/blib.a(tcpip.o)
                0x0000000000008ed5                tcpip_tx
 .text.tcpip_mtu
                0x0000000000008f1b       0x42 bin/blib.a(tcpip.o)
                0x0000000000008f1b                tcpip_mtu
 .text.tcpip_chksum
                0x0000000000008f5d        0xe bin/blib.a(tcpip.o)
                0x0000000000008f5d                tcpip_chksum
 .text.tcpip_bind
                0x0000000000008f6b       0x6e bin/blib.a(tcpip.o)
                0x0000000000008f6b                tcpip_bind
 .text.udp_rx   0x0000000000008fd9      0x13e bin/blib.a(udp.o)
 .text.udp_close
                0x0000000000009117       0x1e bin/blib.a(udp.o)
 .text.udp_xfer_alloc_iob
                0x0000000000009135       0x15 bin/blib.a(udp.o)
 .text.udp_xfer_deliver
                0x000000000000914a       0x9f bin/blib.a(udp.o)
 .text.udp_open_common
                0x00000000000091e9       0xa4 bin/blib.a(udp.o)
 .text.udp_open
                0x000000000000928d        0x8 bin/blib.a(udp.o)
                0x000000000000928d                udp_open
 .text.udp_open_uri
                0x0000000000009295       0x50 bin/blib.a(udp.o)
 .text.udp_port_available
                0x00000000000092e5       0x2a bin/blib.a(udp.o)
 .text.udp_open_promisc
                0x000000000000930f        0xc bin/blib.a(udp.o)
                0x000000000000930f                udp_open_promisc
 .text.http_open
                0x000000000000931b        0xd bin/blib.a(http.o)
 .text.http_socket_window
                0x0000000000009328        0x4 bin/blib.a(httpcore.o)
 .text.http_xfer_window
                0x000000000000932c        0xb bin/blib.a(httpcore.o)
 .text.http_acpi_describe
                0x0000000000009337        0x3 bin/blib.a(httpcore.o)
 .text.http_rx_connection
                0x000000000000933a       0x1b bin/blib.a(httpcore.o)
 .text.http_rx_transfer_encoding
                0x0000000000009355       0x1e bin/blib.a(httpcore.o)
 .text.http_free
                0x0000000000009373       0x39 bin/blib.a(httpcore.o)
 .text.http_digest_param
                0x00000000000093ac       0x3a bin/blib.a(httpcore.o)
 .text.http_rx_content_length
                0x00000000000093e6       0xa8 bin/blib.a(httpcore.o)
 .text.http_rx_location
                0x000000000000948e       0x10 bin/blib.a(httpcore.o)
 .text.http_rx_response
                0x000000000000949e       0x5c bin/blib.a(httpcore.o)
 .text.http_digest_auth
                0x00000000000094fa      0x255 bin/blib.a(httpcore.o)
 .text.http_socket_open
                0x000000000000974f       0x62 bin/blib.a(httpcore.o)
 .text.http_close
                0x00000000000097b1       0x39 bin/blib.a(httpcore.o)
 .text.http_rx_basic_auth
                0x00000000000097ea       0x23 bin/blib.a(httpcore.o)
 .text.http_rx_retry_after
                0x000000000000980d       0x3a bin/blib.a(httpcore.o)
 .text.http_rx_chunk_len
                0x0000000000009847       0x6e bin/blib.a(httpcore.o)
 .text.http_rx_www_authenticate
                0x00000000000098b5       0x50 bin/blib.a(httpcore.o)
 .text.http_rx_digest_auth
                0x0000000000009905       0x8d bin/blib.a(httpcore.o)
 .text.http_partial_read.part.13
                0x0000000000009992        0x6 bin/blib.a(httpcore.o)
 .text.http_block_read_capacity
                0x0000000000009998       0x4f bin/blib.a(httpcore.o)
 .text.http_block_read
                0x00000000000099e7       0x60 bin/blib.a(httpcore.o)
 .text.http_basic_auth.isra.16
                0x0000000000009a47       0xaa bin/blib.a(httpcore.o)
 .text.http_post_params.isra.17
                0x0000000000009af1       0x89 bin/blib.a(httpcore.o)
 .text.http_done
                0x0000000000009b7a       0x88 bin/blib.a(httpcore.o)
 .text.http_socket_close
                0x0000000000009c02        0xe bin/blib.a(httpcore.o)
 .text.http_rx_header
                0x0000000000009c10       0xf4 bin/blib.a(httpcore.o)
 .text.http_socket_deliver
                0x0000000000009d04      0x13a bin/blib.a(httpcore.o)
 .text.http_step
                0x0000000000009e3e      0x29b bin/blib.a(httpcore.o)
 .text.http_retry
                0x000000000000a0d9       0x50 bin/blib.a(httpcore.o)
 .text.http_open_filter
                0x000000000000a129       0xe3 bin/blib.a(httpcore.o)
                0x000000000000a129                http_open_filter
 .text.iscsi_tx_nothing
                0x000000000000a20c        0x3 bin/blib.a(iscsi.o)
 .text.iscsi_rx_discard
                0x000000000000a20f        0x5 bin/blib.a(iscsi.o)
 .text.iscsi_scsi_window
                0x000000000000a214       0x1c bin/blib.a(iscsi.o)
 .text.iscsi_rx_bhs
                0x000000000000a230       0x19 bin/blib.a(iscsi.o)
 .text.iscsi_vredirect
                0x000000000000a249       0x30 bin/blib.a(iscsi.o)
 .text.iscsi_tx_resume
                0x000000000000a279        0xa bin/blib.a(iscsi.o)
 .text.iscsi_start_data_out
                0x000000000000a283       0xcb bin/blib.a(iscsi.o)
 .text.iscsi_rx_buffered_data
                0x000000000000a34e       0x51 bin/blib.a(iscsi.o)
 .text.iscsi_handle_authmethod_value
                0x000000000000a39f       0x1e bin/blib.a(iscsi.o)
 .text.iscsi_large_binary_decode
                0x000000000000a3bd       0x38 bin/blib.a(iscsi.o)
 .text.iscsi_handle_chap_r_value
                0x000000000000a3f5       0xd7 bin/blib.a(iscsi.o)
 .text.iscsi_handle_chap_c_value
                0x000000000000a4cc       0x76 bin/blib.a(iscsi.o)
 .text.iscsi_handle_chap_i_value
                0x000000000000a542       0x7a bin/blib.a(iscsi.o)
 .text.iscsi_free
                0x000000000000a5bc       0x6b bin/blib.a(iscsi.o)
 .text.iscsi_build_login_request_strings
                0x000000000000a627      0x150 bin/blib.a(iscsi.o)
 .text.iscsi_start_login
                0x000000000000a777       0x92 bin/blib.a(iscsi.o)
 .text.iscsi_scsi_command
                0x000000000000a809      0x117 bin/blib.a(iscsi.o)
 .text.iscsi_tx_data
                0x000000000000a920       0xed bin/blib.a(iscsi.o)
 .text.iscsi_tx_bhs
                0x000000000000aa0d       0x13 bin/blib.a(iscsi.o)
 .text.iscsi_parse_root_path
                0x000000000000aa20       0xb3 bin/blib.a(iscsi.o)
 .text.iscsi_close
                0x000000000000aad3       0x3a bin/blib.a(iscsi.o)
 .text.iscsi_socket_deliver
                0x000000000000ab0d      0x10b bin/blib.a(iscsi.o)
 .text.iscsi_command_close
                0x000000000000ac18       0x2e bin/blib.a(iscsi.o)
 .text.iscsi_tx_step
                0x000000000000ac46       0xee bin/blib.a(iscsi.o)
 .text.iscsi_handle_chap_n_value
                0x000000000000ad34       0x1c bin/blib.a(iscsi.o)
 .text.iscsi_handle_chap_a_value
                0x000000000000ad50       0x1a bin/blib.a(iscsi.o)
 .text.iscsi_handle_targetaddress_value
                0x000000000000ad6a       0x4f bin/blib.a(iscsi.o)
 .text.iscsi_open_connection
                0x000000000000adb9       0x7e bin/blib.a(iscsi.o)
 .text.iscsi_open
                0x000000000000ae37      0x1f6 bin/blib.a(iscsi.o)
 .text.iscsi_scsi_done.constprop.11
                0x000000000000b02d       0x45 bin/blib.a(iscsi.o)
 .text.iscsi_rx_data
                0x000000000000b072      0x3d4 bin/blib.a(iscsi.o)
 .text.dhcp_discovery_tx
                0x000000000000b446       0x10 bin/blib.a(dhcp.o)
 .text.dhcp_deliver
                0x000000000000b456       0xca bin/blib.a(dhcp.o)
 .text.dhcp_pxebs_tx
                0x000000000000b520       0x42 bin/blib.a(dhcp.o)
 .text.dhcp_proxy_tx
                0x000000000000b562       0x2a bin/blib.a(dhcp.o)
 .text.dhcp_set_state
                0x000000000000b58c       0x46 bin/blib.a(dhcp.o)
 .text.dhcp_finished
                0x000000000000b5d2       0x24 bin/blib.a(dhcp.o)
 .text.dhcp_pxebs_rx
                0x000000000000b5f6       0x9f bin/blib.a(dhcp.o)
 .text.dhcp_timer_expired
                0x000000000000b695       0x1a bin/blib.a(dhcp.o)
 .text.dhcp_proxy_rx
                0x000000000000b6af       0x4e bin/blib.a(dhcp.o)
 .text.dhcp_free
                0x000000000000b6fd       0x1b bin/blib.a(dhcp.o)
 .text.start_dhcp
                0x000000000000b718       0xc8 bin/blib.a(dhcp.o)
                0x000000000000b718                start_dhcp
 .text.dhcp_discovery_rx
                0x000000000000b7e0      0x12d bin/blib.a(dhcp.o)
 .text.dhcp_request_tx
                0x000000000000b90d       0x44 bin/blib.a(dhcp.o)
 .text.dhcp_request_rx
                0x000000000000b951       0xc9 bin/blib.a(dhcp.o)
 .text.dhcp_create_packet
                0x000000000000ba1a       0xdb bin/blib.a(dhcp.o)
                0x000000000000ba1a                dhcp_create_packet
 .text.dhcp_create_request
                0x000000000000baf5      0x14b bin/blib.a(dhcp.o)
                0x000000000000baf5                dhcp_create_request
 .text.dhcp_tx  0x000000000000bc40       0xf3 bin/blib.a(dhcp.o)
 .text.dhcp_pxebs_expired
                0x000000000000bd33       0x44 bin/blib.a(dhcp.o)
 .text.dhcp_discovery_expired
                0x000000000000bd77       0x30 bin/blib.a(dhcp.o)
 .text.dhcp_request_expired
                0x000000000000bda7        0x5 bin/blib.a(dhcp.o)
 .text.dhcp_proxy_expired
                0x000000000000bdac       0x25 bin/blib.a(dhcp.o)
 .text.start_pxebs
                0x000000000000bdd1      0x21e bin/blib.a(dhcp.o)
                0x000000000000bdd1                start_pxebs
 .text.dns_label
                0x000000000000bfef       0x4d bin/blib.a(dns.o)
 .text.dns_send_packet
                0x000000000000c03c       0x26 bin/blib.a(dns.o)
 .text.dns_done
                0x000000000000c062       0x24 bin/blib.a(dns.o)
 .text.dns_xfer_close
                0x000000000000c086        0xe bin/blib.a(dns.o)
 .text.dns_timer_expired
                0x000000000000c094       0x16 bin/blib.a(dns.o)
 .text.dns_encode
                0x000000000000c0aa       0x79 bin/blib.a(dns.o)
                0x000000000000c0aa                dns_encode
 .text.apply_dns_settings
                0x000000000000c123       0xd2 bin/blib.a(dns.o)
 .text.dns_decode
                0x000000000000c1f5       0xae bin/blib.a(dns.o)
                0x000000000000c1f5                dns_decode
 .text.dns_compare
                0x000000000000c2a3       0xdd bin/blib.a(dns.o)
                0x000000000000c2a3                dns_compare
 .text.dns_copy
                0x000000000000c380       0x84 bin/blib.a(dns.o)
                0x000000000000c380                dns_copy
 .text.dns_question
                0x000000000000c404       0x79 bin/blib.a(dns.o)
 .text.dns_resolv
                0x000000000000c47d      0x16b bin/blib.a(dns.o)
 .text.dns_skip
                0x000000000000c5e8       0x43 bin/blib.a(dns.o)
                0x000000000000c5e8                dns_skip
 .text.dns_skip_search
                0x000000000000c62b       0x20 bin/blib.a(dns.o)
 .text.format_dnssl_setting
                0x000000000000c64b       0x6b bin/blib.a(dns.o)
 .text.dns_xfer_deliver
                0x000000000000c6b6      0x286 bin/blib.a(dns.o)
 .text.tftp_xfer_window
                0x000000000000c93c        0x4 bin/blib.a(tftp.o)
 .text.tftp_reopen
                0x000000000000c940       0x57 bin/blib.a(tftp.o)
 .text.tftp_reopen_mc
                0x000000000000c997       0x23 bin/blib.a(tftp.o)
 .text.tftp_process_multicast
                0x000000000000c9ba       0xec bin/blib.a(tftp.o)
 .text.tftp_send_packet
                0x000000000000caa6      0x158 bin/blib.a(tftp.o)
 .text.tftp_done
                0x000000000000cbfe       0x2e bin/blib.a(tftp.o)
 .text.tftp_core_open
                0x000000000000cc2c      0x101 bin/blib.a(tftp.o)
 .text.mtftp_open
                0x000000000000cd2d       0x12 bin/blib.a(tftp.o)
 .text.tftm_open
                0x000000000000cd3f        0xf bin/blib.a(tftp.o)
 .text.tftpsize_open
                0x000000000000cd4e        0xf bin/blib.a(tftp.o)
 .text.tftp_open
                0x000000000000cd5d        0xf bin/blib.a(tftp.o)
 .text.tftp_timer_expired
                0x000000000000cd6c       0x84 bin/blib.a(tftp.o)
 .text.tftp_free
                0x000000000000cdf0       0x1b bin/blib.a(tftp.o)
 .text.tftp_apply_settings
                0x000000000000ce0b       0x71 bin/blib.a(tftp.o)
 .text.tftp_process_tsize
                0x000000000000ce7c       0x27 bin/blib.a(tftp.o)
 .text.tftp_process_blksize
                0x000000000000cea3       0x27 bin/blib.a(tftp.o)
 .text.tftp_presize.part.7
                0x000000000000ceca       0x32 bin/blib.a(tftp.o)
 .text.tftp_send_error.constprop.9
                0x000000000000cefc       0x72 bin/blib.a(tftp.o)
 .text.tftp_rx  0x000000000000cf6e      0x293 bin/blib.a(tftp.o)
 .text.tftp_socket_deliver
                0x000000000000d201        0x9 bin/blib.a(tftp.o)
 .text.elf_load
                0x000000000000d20a      0x141 bin/blib.a(elf.o)
                0x000000000000d20a                elf_load
 .text.embedded_init
                0x000000000000d34b       0x19 bin/blib.a(embedded.o)
 .text.terminate_on_label_found
                0x000000000000d364        0x9 bin/blib.a(script.o)
 .text.prompt_exec
                0x000000000000d36d       0x54 bin/blib.a(script.o)
 .text.process_script
                0x000000000000d3c1      0x15d bin/blib.a(script.o)
 .text.script_exec
                0x000000000000d51e       0x3c bin/blib.a(script.o)
 .text.terminate_on_exit_or_failure
                0x000000000000d55a       0x21 bin/blib.a(script.o)
 .text.script_exec_line
                0x000000000000d57b        0xc bin/blib.a(script.o)
 .text.script_probe
                0x000000000000d587       0x63 bin/blib.a(script.o)
 .text.goto_exec
                0x000000000000d5ea       0x85 bin/blib.a(script.o)
 .text.goto_find_label
                0x000000000000d66f       0x2c bin/blib.a(script.o)
 .text.prep_segment
                0x000000000000d69b       0x81 bin/blib.a(segment.o)
                0x000000000000d69b                prep_segment
 .text.pci_bar  0x000000000000d71c       0x4a bin/blib.a(pci.o)
 .text.adjust_pci_device
                0x000000000000d766       0x54 bin/blib.a(pci.o)
                0x000000000000d766                adjust_pci_device
 .text.pci_read_config
                0x000000000000d7ba      0x140 bin/blib.a(pci.o)
                0x000000000000d7ba                pci_read_config
 .text.pci_find_next
                0x000000000000d8fa       0x55 bin/blib.a(pci.o)
                0x000000000000d8fa                pci_find_next
 .text.pci_find_driver
                0x000000000000d94f       0x5d bin/blib.a(pci.o)
                0x000000000000d94f                pci_find_driver
 .text.pci_probe
                0x000000000000d9ac        0x7 bin/blib.a(pci.o)
                0x000000000000d9ac                pci_probe
 .text.pci_remove
                0x000000000000d9b3        0x7 bin/blib.a(pci.o)
                0x000000000000d9b3                pci_remove
 .text.pcibus_remove
                0x000000000000d9ba       0x3f bin/blib.a(pci.o)
 .text.pcibus_probe
                0x000000000000d9f9       0x86 bin/blib.a(pci.o)
 .text.pci_settings_applies
                0x000000000000da7f        0xd bin/blib.a(pci_settings.o)
 .text.pci_settings_init
                0x000000000000da8c       0x11 bin/blib.a(pci_settings.o)
 .text.pci_settings_fetch
                0x000000000000da9d       0x7e bin/blib.a(pci_settings.o)
 .text.mii_restart
                0x000000000000db1b       0x1f bin/blib.a(mii.o)
                0x000000000000db1b                mii_restart
 .text.mii_reset
                0x000000000000db3a       0x4a bin/blib.a(mii.o)
                0x000000000000db3a                mii_reset
 .text.ibft_set_ipaddr_setting
                0x000000000000db84       0x64 bin/blib.a(ibft.o)
 .text.ibft_set_string
                0x000000000000dbe8       0x49 bin/blib.a(ibft.o)
 .text.ibft_describe
                0x000000000000dc31      0x30e bin/blib.a(ibft.o)
                0x000000000000dc31                ibft_describe
 .text.scsicmd_read_capacity_cmd
                0x000000000000df3f       0x32 bin/blib.a(scsi.o)
 .text.scsicmd_test_unit_ready_cmd
                0x000000000000df71        0x5 bin/blib.a(scsi.o)
 .text.scsicmd_close
                0x000000000000df76       0x1a bin/blib.a(scsi.o)
 .text.scsidev_close
                0x000000000000df90       0x69 bin/blib.a(scsi.o)
 .text.scsicmd_write_cmd
                0x000000000000dff9       0x54 bin/blib.a(scsi.o)
 .text.scsicmd_read_cmd
                0x000000000000e04d       0x54 bin/blib.a(scsi.o)
 .text.scsicmd_free
                0x000000000000e0a1       0x1e bin/blib.a(scsi.o)
 .text.scsi_response
                0x000000000000e0bf       0x2f bin/blib.a(scsi.o)
                0x000000000000e0bf                scsi_response
 .text.scsi_command
                0x000000000000e0ee       0x40 bin/blib.a(scsi.o)
                0x000000000000e0ee                scsi_command
 .text.scsicmd_command
                0x000000000000e12e       0x4b bin/blib.a(scsi.o)
 .text.scsicmd_read_capacity_done
                0x000000000000e179       0x91 bin/blib.a(scsi.o)
 .text.scsidev_command
                0x000000000000e20a       0xbb bin/blib.a(scsi.o)
 .text.scsidev_read_capacity
                0x000000000000e2c5       0x15 bin/blib.a(scsi.o)
 .text.scsidev_write
                0x000000000000e2da        0xc bin/blib.a(scsi.o)
 .text.scsidev_read
                0x000000000000e2e6        0xc bin/blib.a(scsi.o)
 .text.scsicmd_done
                0x000000000000e2f2       0x3a bin/blib.a(scsi.o)
 .text.scsidev_window
                0x000000000000e32c       0x11 bin/blib.a(scsi.o)
 .text.scsidev_ready
                0x000000000000e33d       0x2b bin/blib.a(scsi.o)
 .text.scsidev_step
                0x000000000000e368       0x42 bin/blib.a(scsi.o)
 .text.scsicmd_response
                0x000000000000e3aa       0x20 bin/blib.a(scsi.o)
 .text.scsi_parse_lun
                0x000000000000e3ca       0x5f bin/blib.a(scsi.o)
                0x000000000000e3ca                scsi_parse_lun
 .text.scsi_parse_sense
                0x000000000000e429       0x39 bin/blib.a(scsi.o)
                0x000000000000e429                scsi_parse_sense
 .text.scsi_open
                0x000000000000e462       0xa3 bin/blib.a(scsi.o)
                0x000000000000e462                scsi_open
 .text.write_bit
                0x000000000000e505        0xf bin/blib.a(bitbash.o)
                0x000000000000e505                write_bit
 .text.read_bit
                0x000000000000e514        0xd bin/blib.a(bitbash.o)
                0x000000000000e514                read_bit
 .text.smbios_applies
                0x000000000000e521        0xd bin/blib.a(smbios_settings.o)
 .text.smbios_init
                0x000000000000e52e       0x11 bin/blib.a(smbios_settings.o)
 .text.smbios_fetch
                0x000000000000e53f      0x102 bin/blib.a(smbios_settings.o)
 .text.chap_init
                0x000000000000e641       0x37 bin/blib.a(chap.o)
                0x000000000000e641                chap_init
 .text.chap_update
                0x000000000000e678        0xf bin/blib.a(chap.o)
                0x000000000000e678                chap_update
 .text.chap_respond
                0x000000000000e687       0x10 bin/blib.a(chap.o)
                0x000000000000e687                chap_respond
 .text.chap_finish
                0x000000000000e697       0x16 bin/blib.a(chap.o)
                0x000000000000e697                chap_finish
 .text.md5_f_0_15
                0x000000000000e6ad       0x10 bin/blib.a(md5.o)
 .text.md5_f_16_31
                0x000000000000e6bd       0x10 bin/blib.a(md5.o)
 .text.md5_f_32_47
                0x000000000000e6cd        0xc bin/blib.a(md5.o)
 .text.md5_f_48_63
                0x000000000000e6d9        0xe bin/blib.a(md5.o)
 .text.md5_init
                0x000000000000e6e7       0x23 bin/blib.a(md5.o)
 .text.md5_update
                0x000000000000e70a       0xc6 bin/blib.a(md5.o)
 .text.md5_final
                0x000000000000e7d0       0x5a bin/blib.a(md5.o)
 .text.strerror
                0x000000000000e82a       0x6c bin/blib.a(strerror.o)
                0x000000000000e82a                strerror
 .text.autoboot_exec
                0x000000000000e896        0xa bin/blib.a(autoboot_cmd.o)
 .text.autoboot_payload
                0x000000000000e8a0        0x5 bin/blib.a(autoboot_cmd.o)
 .text.config_exec
                0x000000000000e8a5       0x69 bin/blib.a(config_cmd.o)
 .text.pxebs_exec
                0x000000000000e90e       0x80 bin/blib.a(dhcp_cmd.o)
 .text.ifstat_payload
                0x000000000000e98e        0x8 bin/blib.a(ifmgmt_cmd.o)
 .text.ifclose_payload
                0x000000000000e996        0x8 bin/blib.a(ifmgmt_cmd.o)
 .text.ifopen_payload
                0x000000000000e99e        0x5 bin/blib.a(ifmgmt_cmd.o)
 .text.ifconf_payload
                0x000000000000e9a3       0x1d bin/blib.a(ifmgmt_cmd.o)
 .text.ifcommon_exec
                0x000000000000e9c0       0xae bin/blib.a(ifmgmt_cmd.o)
                0x000000000000e9c0                ifcommon_exec
 .text.ifstat_exec
                0x000000000000ea6e        0xa bin/blib.a(ifmgmt_cmd.o)
 .text.ifclose_exec
                0x000000000000ea78        0xa bin/blib.a(ifmgmt_cmd.o)
 .text.ifopen_exec
                0x000000000000ea82        0xa bin/blib.a(ifmgmt_cmd.o)
 .text.ifconf_exec
                0x000000000000ea8c        0xa bin/blib.a(ifmgmt_cmd.o)
                0x000000000000ea8c                ifconf_exec
 .text.image_clear_cmdline
                0x000000000000ea96        0x7 bin/blib.a(image_cmd.o)
 .text.imgsingle_exec
                0x000000000000ea9d      0x141 bin/blib.a(image_cmd.o)
 .text.imgargs_exec
                0x000000000000ebde        0xa bin/blib.a(image_cmd.o)
 .text.imgexec_exec
                0x000000000000ebe8        0xa bin/blib.a(image_cmd.o)
 .text.imgselect_exec
                0x000000000000ebf2        0xa bin/blib.a(image_cmd.o)
 .text.imgfetch_exec
                0x000000000000ebfc        0xa bin/blib.a(image_cmd.o)
 .text.imgselect
                0x000000000000ec06        0x5 bin/blib.a(image_cmd.o)
 .text.imgmulti_exec
                0x000000000000ec0b       0x94 bin/blib.a(image_cmd.o)
 .text.imgfree_exec
                0x000000000000ec9f        0xa bin/blib.a(image_cmd.o)
 .text.imgstat_exec
                0x000000000000eca9        0xa bin/blib.a(image_cmd.o)
 .text.imgexec  0x000000000000ecb3       0x28 bin/blib.a(image_cmd.o)
 .text.login_exec
                0x000000000000ecdb       0x39 bin/blib.a(login_cmd.o)
 .text.choose_exec
                0x000000000000ed14       0xbd bin/blib.a(menu_cmd.o)
 .text.item_exec
                0x000000000000edd1       0xb4 bin/blib.a(menu_cmd.o)
 .text.menu_exec
                0x000000000000ee85       0x67 bin/blib.a(menu_cmd.o)
 .text.clear_value
                0x000000000000eeec        0x9 bin/blib.a(nvo_cmd.o)
 .text.inc_exec
                0x000000000000eef5       0xd0 bin/blib.a(nvo_cmd.o)
 .text.read_value
                0x000000000000efc5       0x32 bin/blib.a(nvo_cmd.o)
 .text.set_core_exec
                0x000000000000eff7       0x96 bin/blib.a(nvo_cmd.o)
 .text.read_exec
                0x000000000000f08d       0x10 bin/blib.a(nvo_cmd.o)
 .text.clear_exec
                0x000000000000f09d       0x10 bin/blib.a(nvo_cmd.o)
 .text.set_exec
                0x000000000000f0ad       0x10 bin/blib.a(nvo_cmd.o)
 .text.set_value
                0x000000000000f0bd       0x1b bin/blib.a(nvo_cmd.o)
 .text.show_exec
                0x000000000000f0d8       0xa7 bin/blib.a(nvo_cmd.o)
 .text.reboot_exec
                0x000000000000f17f       0x23 bin/blib.a(reboot_cmd.o)
 .text.route_exec
                0x000000000000f1a2       0x25 bin/blib.a(route_cmd.o)
 .text.sanboot_core_exec
                0x000000000000f1c7       0x9a bin/blib.a(sanboot_cmd.o)
 .text.sanunhook_exec
                0x000000000000f261        0xf bin/blib.a(sanboot_cmd.o)
 .text.sanboot_exec
                0x000000000000f270        0xf bin/blib.a(sanboot_cmd.o)
 .text.sanhook_exec
                0x000000000000f27f        0xf bin/blib.a(sanboot_cmd.o)
 .text.sync_exec
                0x000000000000f28e       0x3b bin/blib.a(sync_cmd.o)
 .text.login_ui
                0x000000000000f2c9      0x239 bin/blib.a(login_ui.o)
                0x000000000000f2c9                login_ui
 .text.draw_menu_item
                0x000000000000f502      0x190 bin/blib.a(menu_ui.o)
 .text.draw_menu_items
                0x000000000000f692       0xee bin/blib.a(menu_ui.o)
 .text.show_menu
                0x000000000000f780      0x377 bin/blib.a(menu_ui.o)
                0x000000000000f780                show_menu
 .text.clearmsg
                0x000000000000faf7       0x18 bin/blib.a(settings_ui.o)
 .text.vmsg     0x000000000000fb0f       0x5b bin/blib.a(settings_ui.o)
 .text.msg      0x000000000000fb6a       0x12 bin/blib.a(settings_ui.o)
 .text.string_copy
                0x000000000000fb7c       0x2d bin/blib.a(settings_ui.o)
 .text.draw_setting_row
                0x000000000000fba9      0x107 bin/blib.a(settings_ui.o)
 .text.select_setting_row
                0x000000000000fcb0      0x138 bin/blib.a(settings_ui.o)
 .text.reveal_setting_row.part.1
                0x000000000000fde8       0xde bin/blib.a(settings_ui.o)
 .text.init_widget
                0x000000000000fec6       0x9b bin/blib.a(settings_ui.o)
 .text.colour_set.constprop.2
                0x000000000000ff61        0xe bin/blib.a(settings_ui.o)
 .text.alert    0x000000000000ff6f       0x4e bin/blib.a(settings_ui.o)
 .text.main_loop
                0x000000000000ffbd      0x355 bin/blib.a(settings_ui.o)
 .text.settings_ui
                0x0000000000010312       0x30 bin/blib.a(settings_ui.o)
                0x0000000000010312                settings_ui
 .text.wclrtoeol
                0x0000000000010342       0x31 bin/blib.a(clear.o)
                0x0000000000010342                wclrtoeol
 .text.erase    0x0000000000010373       0x14 bin/blib.a(clear.o)