Archive member included because of file (symbol)

bin/blib.a(realtek.o)         (obj_realtek)
bin/blib.a(nvs.o)             bin/blib.a(realtek.o) (nvs_read)
bin/blib.a(threewire.o)       bin/blib.a(realtek.o) (threewire_read)
bin/blib.a(spi_bit.o)         bin/blib.a(realtek.o) (init_spi_bit_basher)
bin/blib.a(config.o)          (obj_config)
bin/blib.a(timer2.o)          bin/blib.a(realtek.o) (timer2_udelay)
bin/blib.a(bios_console.o)    bin/blib.a(config.o) (obj_bios_console)
bin/blib.a(bzimage.o)         bin/blib.a(config.o) (obj_bzimage)
bin/blib.a(elfboot.o)         bin/blib.a(config.o) (obj_elfboot)
bin/blib.a(initrd.o)          bin/blib.a(bzimage.o) (initrd_reshuffle)
bin/blib.a(multiboot.o)       bin/blib.a(config.o) (obj_multiboot)
bin/blib.a(pxe_image.o)       bin/blib.a(config.o) (obj_pxe_image)
bin/blib.a(pxe_call.o)        bin/blib.a(pxe_image.o) (pxe_activate)
bin/blib.a(pxe_file.o)        bin/blib.a(pxe_call.o) (obj_pxe_file)
bin/blib.a(pxe_loader.o)      bin/blib.a(pxe_call.o) (undi_loader)
bin/blib.a(pxe_preboot.o)     bin/blib.a(pxe_call.o) (obj_pxe_preboot)
bin/blib.a(pxe_tftp.o)        bin/blib.a(pxe_preboot.o) (pxenv_tftp_read_file)
bin/blib.a(pxe_udp.o)         bin/blib.a(pxe_call.o) (obj_pxe_udp)
bin/blib.a(pxe_undi.o)        bin/blib.a(pxe_preboot.o) (pxe_netdev)
bin/blib.a(x86_string.o)      bin/blib.a(realtek.o) (__memcpy)
bin/blib.a(cpuid_cmd.o)       bin/blib.a(config.o) (obj_cpuid_cmd)
bin/blib.a(setjmp.o)          bin/blib.a(pxe_call.o) (setjmp)
bin/blib.a(virtaddr.o)        bin/blib.a(elfboot.o) (_virt_to_phys)
bin/blib.a(librm.o)           bin/blib.a(pxe_call.o) (rm_cs)
bin/blib.a(libprefix.o)       bin/blib.a(pxe_preboot.o) (hooked_bios_interrupts)
bin/blib.a(romprefix.o)       (_rom_start)
bin/blib.a(unnrv2b16.o)       bin/blib.a(libprefix.o) (decompress16)
bin/blib.a(pxe_entry.o)       bin/blib.a(pxe_call.o) (ppxe)
bin/blib.a(ansiesc.o)         bin/blib.a(bios_console.o) (ansiesc_process)
bin/blib.a(cpio.o)            bin/blib.a(bzimage.o) (cpio_set_field)
bin/blib.a(device.o)          bin/blib.a(pxe_call.o) (device_keep_count)
bin/blib.a(exec.o)            bin/blib.a(pxe_file.o) (system)
bin/blib.a(getopt.o)          bin/blib.a(cpuid_cmd.o) (optind)
bin/blib.a(image.o)           bin/blib.a(bzimage.o) (unregister_image)
bin/blib.a(init.o)            bin/blib.a(pxe_loader.o) (initialise)
bin/blib.a(interface.o)       bin/blib.a(pxe_tftp.o) (null_intf)
bin/blib.a(iobuf.o)           bin/blib.a(realtek.o) (alloc_iob)
bin/blib.a(list.o)            bin/blib.a(device.o) (extern_list_add)
bin/blib.a(main.o)            bin/blib.a(romprefix.o) (main)
bin/blib.a(malloc.o)          bin/blib.a(realtek.o) (alloc_memblock)
bin/blib.a(memblock.o)        bin/blib.a(initrd.o) (largest_memblock)
bin/blib.a(misc.o)            bin/blib.a(bzimage.o) (strtoul)
bin/blib.a(nvo.o)             bin/blib.a(realtek.o) (nvo_init)
bin/blib.a(open.o)            bin/blib.a(pxe_tftp.o) (xfer_open_uri_string)
bin/blib.a(parseopt.o)        bin/blib.a(cpuid_cmd.o) (parse_integer)
bin/blib.a(posix_io.o)        bin/blib.a(pxe_file.o) (open)
bin/blib.a(process.o)         bin/blib.a(pxe_tftp.o) (step)
bin/blib.a(refcnt.o)          bin/blib.a(bzimage.o) (ref_increment)
bin/blib.a(settings.o)        bin/blib.a(parseopt.o) (find_settings)
bin/blib.a(string.o)          bin/blib.a(settings.o) (strncpy)
bin/blib.a(timer.o)           bin/blib.a(realtek.o) (mdelay)
bin/blib.a(uri.o)             bin/blib.a(settings.o) (uri_encode)
bin/blib.a(uuid.o)            bin/blib.a(settings.o) (uuid_ntoa)
bin/blib.a(version.o)         bin/blib.a(multiboot.o) (product_version)
bin/blib.a(vsprintf.o)        bin/blib.a(multiboot.o) (snprintf)
bin/blib.a(xfer.o)            bin/blib.a(pxe_tftp.o) (xfer_deliver)
bin/blib.a(arp.o)             bin/blib.a(pxe_undi.o) (arp_protocol)
bin/blib.a(dhcpopts.o)        bin/blib.a(nvo.o) (dhcpopt_no_realloc)
bin/blib.a(ethernet.o)        bin/blib.a(realtek.o) (alloc_etherdev)
bin/blib.a(eth_slow.o)        bin/blib.a(ethernet.o) (obj_eth_slow)
bin/blib.a(fakedhcp.o)        bin/blib.a(pxe_preboot.o) (create_fakedhcpdiscover)
bin/blib.a(iobpad.o)          bin/blib.a(realtek.o) (iob_pad)
bin/blib.a(ipv4.o)            bin/blib.a(pxe_undi.o) (ipv4_protocol)
bin/blib.a(neighbour.o)       bin/blib.a(ipv4.o) (neighbour_tx)
bin/blib.a(netdevice.o)       bin/blib.a(ipv4.o) (net_devices)
bin/blib.a(netdev_settings.o)
                              bin/blib.a(netdevice.o) (netdev_settings_operations)
bin/blib.a(nullnet.o)         bin/blib.a(realtek.o) (null_netdev_operations)
bin/blib.a(rarp.o)            bin/blib.a(pxe_undi.o) (rarp_protocol)
bin/blib.a(retry.o)           bin/blib.a(neighbour.o) (start_timer)
bin/blib.a(tcpip.o)           bin/blib.a(ipv4.o) (tcpip_rx)
bin/blib.a(udp.o)             bin/blib.a(pxe_udp.o) (udp_open_promisc)
bin/blib.a(http.o)            bin/blib.a(config.o) (obj_http)
bin/blib.a(httpcore.o)        bin/blib.a(http.o) (http_open_filter)
[...]
Memory Configuration

Name             Origin             Length             Attributes
*default*        0x0000000000000000 0xffffffffffffffff

Linker script and memory map

                0x0000000000000010                PROVIDE (_max_align, 0x10)

.prefix         0x0000000000000000      0x894
                0x0000000000000000                _prefix = .
 *(.prefix)
 .prefix        0x0000000000000000      0x496 bin/blib.a(romprefix.o)
                0x0000000000000000                _rom_start
                0x0000000000000083                undiheader
                0x000000000000036d                image_source
                0x0000000000000373                decompress_to
 .prefix        0x0000000000000496       0x4b bin/blib.a(undiloader.o)
                0x0000000000000496                undiloader
 *(.prefix.*)
 .prefix.lib    0x00000000000004e1      0x2c2 bin/blib.a(libprefix.o)
                0x00000000000004e1                print_character
                0x0000000000000500                print_message
                0x000000000000050d                print_hex_dword
                0x0000000000000518                print_hex_word
                0x000000000000051f                print_hex_byte
                0x0000000000000528                print_hex_nibble
                0x0000000000000535                print_pci_busdevfn
                0x0000000000000556                print_kill_line
                0x000000000000063f                alloc_basemem
                0x0000000000000660                install
                0x000000000000067d                install_prealloc
 .prefix.data   0x00000000000007a3       0x56 bin/blib.a(libprefix.o)
 .prefix.lib    0x00000000000007f9       0x9b bin/blib.a(unnrv2b16.o)
                0x00000000000007f9                decompress16
                0x0000000000000894                _mprefix = .

.bss.prefix     0x0000000000000894        0x0 load address 0x0000000000019f50
                0x0000000000000894                _eprefix = .
                0x0000000000000894                _prefix_filesz = (ABSOLUTE (_mprefix) - ABSOLUTE (_prefix))
                0x0000000000000894                _prefix_memsz = (ABSOLUTE (_eprefix) - ABSOLUTE (_prefix))

.text16.early   0x0000000000000000       0xee load address 0x00000000000008a0
                0x0000000000000000                _text16 = .
 *(.text16.null)
 .text16.null   0x0000000000000000        0x3 bin/blib.a(pxe_entry.o)
 *(.text16.null.*)
                0x0000000000000004                . = (. + 0x1)
 *fill*         0x0000000000000003        0x1 00
 *(.text16.early)
 .text16.early  0x0000000000000004       0xe5 bin/blib.a(liba20.o)
                0x000000000000009b                enable_a20
                0x00000000000000e5                access_highmem
 *(.text16.early.*)
 .text16.early.data
                0x00000000000000e9        0x2 bin/blib.a(libprefix.o)
                0x00000000000000e9                close_payload
                0x00000000000000e9                open_payload
 *fill*         0x00000000000000eb        0x1 00
 .text16.early.data
                0x00000000000000ec        0x2 bin/blib.a(liba20.o)
                0x00000000000000ee                _etext16_early = .

.text16.late    0x00000000000000f0      0x67c load address 0x0000000000000990
                0x00000000000000f0                _text16_late = .
 *(.text16)
 .text16        0x00000000000000f0       0x3a bin/blib.a(bios_console.o)
 .text16        0x000000000000012a       0x11 bin/blib.a(bzimage.o)
 .text16        0x000000000000013b       0x11 bin/blib.a(pxe_call.o)
 .text16        0x000000000000014c      0x15d bin/blib.a(librm.o)
                0x000000000000014c                init_librm
                0x00000000000001c9                idt_init
                0x0000000000000243                prot_call
 .text16        0x00000000000002a9       0x34 bin/blib.a(libprefix.o)
                0x00000000000002a9                free_basemem
                0x00000000000002d9                uninstall
 .text16        0x00000000000002dd       0x20 bin/blib.a(romprefix.o)
 .text16        0x00000000000002fd       0x65 bin/blib.a(pxe_entry.o)
                0x0000000000000334                pxe_int_1a
 .text16        0x0000000000000362       0x13 bin/blib.a(memmap.o)
 .text16        0x0000000000000375        0x4 bin/blib.a(bios_nap.o)
 .text16        0x0000000000000379        0x6 bin/blib.a(bios_reboot.o)
 .text16        0x000000000000037f        0x5 bin/blib.a(bios_timer.o)
 .text16        0x0000000000000384       0x6a bin/blib.a(int13.o)
 .text16        0x00000000000003ee       0x1e bin/blib.a(pcibios.o)
 .text16        0x000000000000040c       0x55 bin/blib.a(bootsector.o)
 .text16        0x0000000000000461      0x25d bin/blib.a(e820mangler.o)
                0x0000000000000696                int15
 .text16        0x00000000000006be        0x9 bin/blib.a(patch_cf.o)
                0x00000000000006be                patch_cf
 *(.text16.*)
 .text16.data   0x00000000000006c7        0x2 bin/blib.a(librm.o)
                0x00000000000006c7                rm_ds
 .text16.data   0x00000000000006c9        0x2 bin/blib.a(libprefix.o)
                0x00000000000006c9                hooked_bios_interrupts
 *fill*         0x00000000000006cb        0x5 00
 .text16.data   0x00000000000006d0       0x90 bin/blib.a(pxe_entry.o)
                0x00000000000006d0                ppxe
                0x0000000000000730                pxenv
                0x000000000000075c                pxe_int_1a_vector
 .text16.data   0x0000000000000760        0x8 bin/blib.a(int13.o)
 .text16.data   0x0000000000000768        0x4 bin/blib.a(e820mangler.o)
                0x0000000000000768                int15_vector
                0x000000000000076c                _mtext16 = .

.bss.text16     0x000000000000076c        0x0 load address 0x0000000000019f50
                0x000000000000076c                _etext16 = .
                0x00000000000000ee                _text16_early_filesz = (ABSOLUTE (_etext16_early) - ABSOLUTE (_text16))
                0x00000000000000ee                _text16_early_memsz = (ABSOLUTE (_etext16_early) - ABSOLUTE (_text16))
                0x000000000000067c                _text16_late_filesz = (ABSOLUTE (_mtext16) - ABSOLUTE (_text16_late))
                0x000000000000067c                _text16_late_memsz = (ABSOLUTE (_etext16) - ABSOLUTE (_text16_late))
                0x000000000000076c                _text16_memsz = (ABSOLUTE (_etext16) - ABSOLUTE (_text16))

.data16         0x0000000000000000       0xd2 load address 0x0000000000001010
                0x0000000000000000                _data16 = .
                0x0000000000000001                . = (. + 0x1)
 *fill*         0x0000000000000000        0x1 00
 *(.rodata16)
 *(.rodata16.*)
 *(.data16)
 *fill*         0x0000000000000001        0xf 00
 .data16        0x0000000000000010       0x52 bin/blib.a(librm.o)
                0x0000000000000048                idtr
                0x0000000000000050                rm_cs
 .data16        0x0000000000000062        0xc bin/blib.a(libprefix.o)
 *fill*         0x000000000000006e        0x2 00
 .data16        0x0000000000000070       0x14 bin/blib.a(int13.o)
 *fill*         0x0000000000000084        0xc 00
 .data16        0x0000000000000090       0x42 bin/blib.a(e820mangler.o)
                0x0000000000000098                hidemem_base
                0x00000000000000a8                hidemem_umalloc
                0x00000000000000b8                hidemem_textdata
 *(.data16.*)
                0x00000000000000d2                _mdata16 = .

.bss.data16     0x00000000000000e0     0x2bf8 load address 0x0000000000019f50
 *(.bss16)
 .bss16         0x00000000000000e0      0x3b8 bin/blib.a(multiboot.o)
 .bss16         0x0000000000000498      0xec4 bin/blib.a(pxe_preboot.o)
 .bss16         0x000000000000135c      0x5ea bin/blib.a(basemem_packet.o)
                0x000000000000135c                basemem_packet
 *fill*         0x0000000000001946        0x2 00
 .bss16         0x0000000000001948       0x1c bin/blib.a(memmap.o)
                0x0000000000001948                memmap_post
 *fill*         0x0000000000001964        0xc 00
 .bss16         0x0000000000001970      0x320 bin/blib.a(int13.o)
 .bss16         0x0000000000001c90       0x48 bin/blib.a(e820mangler.o)
 *(.bss16.*)
 *(.stack16)
 .stack16       0x0000000000001cd8     0x1000 bin/blib.a(stack16.o)
                0x0000000000001cd8                _stack16
                0x0000000000002cd8                _estack16
 *(.stack16.*)
                0x0000000000002cd8                _edata16 = .
                0x00000000000000d2                _data16_filesz = (ABSOLUTE (_mdata16) - ABSOLUTE (_data16))
                0x0000000000002cd8                _data16_memsz = (ABSOLUTE (_edata16) - ABSOLUTE (_data16))

.textdata       0x0000000000000000    0x18da8 load address 0x00000000000010f0
                0x0000000000000000                _textdata = .
 *(.text.null_trap)
 *(.text.null_trap.*)
                0x0000000000000001                . = (. + 0x1)
 *fill*         0x0000000000000000        0x1 00
 *(.text)
 *fill*         0x0000000000000001        0x3 00
 .text          0x0000000000000004       0x45 bin/blib.a(setjmp.o)
                0x0000000000000004                setjmp
                0x0000000000000022                longjmp
 *fill*         0x0000000000000049        0x3 00
 .text          0x000000000000004c       0x55 bin/blib.a(virtaddr.o)
                0x000000000000004c                _virt_to_phys
                0x0000000000000078                _phys_to_virt
 *fill*         0x00000000000000a1        0x3 00
 .text          0x00000000000000a4       0xa6 bin/blib.a(librm.o)
                0x0000000000000137                real_call
 *(.text.*)
 .text.realtek_spi_open_bit
                0x000000000000014a        0xe bin/blib.a(realtek.o)
 .text.realtek_spi_close_bit
                0x0000000000000158        0xe bin/blib.a(realtek.o)
 .text.realtek_spi_read_bit
                0x0000000000000166       0x10 bin/blib.a(realtek.o)
 .text.realtek_spi_write_bit
                0x0000000000000176       0x28 bin/blib.a(realtek.o)
 .text.realtek_irq
                0x000000000000019e       0x15 bin/blib.a(realtek.o)
 .text.realtek_transmit
                0x00000000000001b3       0xc8 bin/blib.a(realtek.o)
 .text.realtek_check_link
                0x000000000000027b       0x35 bin/blib.a(realtek.o)
 .text.realtek_mii_read
                0x00000000000002b0       0x4d bin/blib.a(realtek.o)
 .text.realtek_mii_write
                0x00000000000002fd       0x50 bin/blib.a(realtek.o)
 .text.realtek_reset.isra.10
                0x000000000000034d       0x31 bin/blib.a(realtek.o)
 .text.realtek_remove
                0x000000000000037e       0x37 bin/blib.a(realtek.o)
 .text.realtek_probe
                0x00000000000003b5      0x281 bin/blib.a(realtek.o)
 .text.realtek_refill_rx.part.12
                0x0000000000000636       0x81 bin/blib.a(realtek.o)
 .text.realtek_poll
                0x00000000000006b7      0x1d9 bin/blib.a(realtek.o)
 .text.realtek_destroy_ring
                0x0000000000000890       0x46 bin/blib.a(realtek.o)
 .text.realtek_close
                0x00000000000008d6       0x83 bin/blib.a(realtek.o)
 .text.realtek_create_ring
                0x0000000000000959       0x5b bin/blib.a(realtek.o)
 .text.realtek_open
                0x00000000000009b4       0xd8 bin/blib.a(realtek.o)
 .text.nvs_read
                0x0000000000000a8c       0x59 bin/blib.a(nvs.o)
                0x0000000000000a8c                nvs_read
 .text.nvs_verify
                0x0000000000000ae5       0x4b bin/blib.a(nvs.o)
 .text.nvs_write
                0x0000000000000b30       0x6b bin/blib.a(nvs.o)
                0x0000000000000b30                nvs_write
 .text.threewire_read
                0x0000000000000b9b       0x1c bin/blib.a(threewire.o)
                0x0000000000000b9b                threewire_read
 .text.threewire_write
                0x0000000000000bb7       0x5f bin/blib.a(threewire.o)
                0x0000000000000bb7                threewire_write
 .text.spi_bit_set_slave_select
                0x0000000000000c16       0x36 bin/blib.a(spi_bit.o)
 .text.spi_bit_transfer
                0x0000000000000c4c       0xde bin/blib.a(spi_bit.o)
 .text.spi_bit_rw
                0x0000000000000d2a       0xe3 bin/blib.a(spi_bit.o)
 .text.init_spi_bit_basher
                0x0000000000000e0d        0x8 bin/blib.a(spi_bit.o)
                0x0000000000000e0d                init_spi_bit_basher
 .text.timer2_udelay
                0x0000000000000e15       0x33 bin/blib.a(timer2.o)
                0x0000000000000e15                timer2_udelay
 .text.bios_handle_cup
                0x0000000000000e48       0x38 bin/blib.a(bios_console.o)
 .text.bios_handle_ed
                0x0000000000000e80       0x25 bin/blib.a(bios_console.o)
 .text.bios_handle_sgr
                0x0000000000000ea5       0x6a bin/blib.a(bios_console.o)
 .text.bios_putchar
                0x0000000000000f0f       0x26 bin/blib.a(bios_console.o)
 .text.bios_iskey
                0x0000000000000f35       0x2a bin/blib.a(bios_console.o)
 .text.bios_getchar
                0x0000000000000f5f       0x8f bin/blib.a(bios_console.o)
 .text.bzimage_load_initrd
                0x0000000000000fee      0x15e bin/blib.a(bzimage.o)
 .text.bzimage_parse_header.isra.0
                0x000000000000114c      0x13b bin/blib.a(bzimage.o)
 .text.bzimage_probe
                0x0000000000001287       0x1a bin/blib.a(bzimage.o)
                0x0000000000001287                bzimage_probe
 .text.bzimage_exec
                0x00000000000012a1      0x419 bin/blib.a(bzimage.o)
 .text.elfboot_exec
                0x00000000000016ba       0x39 bin/blib.a(elfboot.o)
 .text.elfboot_probe
                0x00000000000016f3       0x34 bin/blib.a(elfboot.o)
 .text.initrd_startup
                0x0000000000001727       0x16 bin/blib.a(initrd.o)
 .text.initrd_reshuffle
                0x000000000000173d      0x175 bin/blib.a(initrd.o)
                0x000000000000173d                initrd_reshuffle
 .text.initrd_reshuffle_check
                0x00000000000018b2       0x30 bin/blib.a(initrd.o)
                0x00000000000018b2                initrd_reshuffle_check
 .text.multiboot_add_cmdline
                0x00000000000018e2       0x89 bin/blib.a(multiboot.o)
 .text.multiboot_find_header
                0x000000000000196b       0x79 bin/blib.a(multiboot.o)
 .text.multiboot_probe
                0x00000000000019e4        0xe bin/blib.a(multiboot.o)
 .text.multiboot_exec
                0x00000000000019f2      0x326 bin/blib.a(multiboot.o)
 .text.pxe_exec
                0x0000000000001d18       0x7f bin/blib.a(pxe_image.o)
 .text.pxe_probe
                0x0000000000001d97       0x1d bin/blib.a(pxe_image.o)
                0x0000000000001d97                pxe_probe
 .text.pxenv_unknown
                0x0000000000001db4        0xb bin/blib.a(pxe_call.o)
 .text.pxe_init_structures
                0x0000000000001dbf       0xea bin/blib.a(pxe_call.o)
 .text.pxe_api_call
                0x0000000000001ea9       0x87 bin/blib.a(pxe_call.o)
                0x0000000000001ea9                pxe_api_call
 .text.pxe_loader_call
                0x0000000000001f30       0x5d bin/blib.a(pxe_call.o)
                0x0000000000001f30                pxe_loader_call
 .text.pxe_activate
                0x0000000000001f8d       0x3f bin/blib.a(pxe_call.o)
                0x0000000000001f8d                pxe_activate
 .text.pxe_deactivate
                0x0000000000001fcc       0x3f bin/blib.a(pxe_call.o)
                0x0000000000001fcc                pxe_deactivate
 .text.pxe_start_nbp
                0x000000000000200b       0x76 bin/blib.a(pxe_call.o)
                0x000000000000200b                pxe_start_nbp
 .text.pxenv_file_cmdline
                0x0000000000002081       0x5c bin/blib.a(pxe_file.o)
 .text.pxenv_file_exec
                0x00000000000020dd       0x72 bin/blib.a(pxe_file.o)
 .text.pxenv_get_file_size
                0x000000000000214f       0x2c bin/blib.a(pxe_file.o)
 .text.pxenv_file_read
                0x000000000000217b       0x47 bin/blib.a(pxe_file.o)
 .text.pxenv_file_select
                0x00000000000021c2       0x44 bin/blib.a(pxe_file.o)
 .text.pxenv_file_close
                0x0000000000002206       0x15 bin/blib.a(pxe_file.o)
 .text.pxenv_file_open
                0x000000000000221b       0x72 bin/blib.a(pxe_file.o)
 .text.pxenv_file_api_check
                0x000000000000228d       0x7d bin/blib.a(pxe_file.o)
 .text.undi_loader
                0x000000000000230a       0x3e bin/blib.a(pxe_loader.o)
                0x000000000000230a                undi_loader
 .text.pxenv_unload_stack
                0x0000000000002348        0x8 bin/blib.a(pxe_preboot.o)
 .text.pxenv_start_base
                0x0000000000002350        0xb bin/blib.a(pxe_preboot.o)
 .text.pxenv_stop_base
                0x000000000000235b        0x8 bin/blib.a(pxe_preboot.o)
 .text.pxenv_stop_undi
                0x0000000000002363       0x36 bin/blib.a(pxe_preboot.o)
 .text.pxenv_start_undi
                0x0000000000002399       0x69 bin/blib.a(pxe_preboot.o)
 .text.pxenv_get_cached_info
                0x0000000000002402       0xbf bin/blib.a(pxe_preboot.o)
 .text.pxenv_restart_tftp
                0x00000000000024c1       0x42 bin/blib.a(pxe_preboot.o)
 .text.pxe_tftp_xfer_window
                0x0000000000002503        0x4 bin/blib.a(pxe_tftp.o)
 .text.pxenv_tftp_read
                0x0000000000002507       0x9d bin/blib.a(pxe_tftp.o)
 .text.pxe_tftp_open
                0x00000000000025a4       0xca bin/blib.a(pxe_tftp.o)
 .text.pxe_tftp_close
                0x000000000000266e       0x11 bin/blib.a(pxe_tftp.o)
 .text.pxe_tftp_xfer_deliver
                0x000000000000267f       0x8d bin/blib.a(pxe_tftp.o)
 .text.pxenv_tftp_close
                0x000000000000270c       0x18 bin/blib.a(pxe_tftp.o)
 .text.pxenv_tftp_get_fsize
                0x0000000000002724       0x82 bin/blib.a(pxe_tftp.o)
 .text.pxenv_tftp_open
                0x00000000000027a6       0x98 bin/blib.a(pxe_tftp.o)
 .text.pxenv_tftp_read_file
                0x000000000000283e       0x93 bin/blib.a(pxe_tftp.o)
                0x000000000000283e                pxenv_tftp_read_file
 .text.pxenv_udp_read
                0x00000000000028d1       0x5b bin/blib.a(pxe_udp.o)
 .text.pxe_udp_deliver
                0x000000000000292c       0x85 bin/blib.a(pxe_udp.o)
 .text.pxenv_udp_write
                0x00000000000029b1       0xd5 bin/blib.a(pxe_udp.o)
 .text.pxenv_udp_close
                0x0000000000002a86       0x18 bin/blib.a(pxe_udp.o)
 .text.pxenv_udp_open
                0x0000000000002a9e       0x3e bin/blib.a(pxe_udp.o)
 .text.pxenv_undi_startup
                0x0000000000002adc       0x1c bin/blib.a(pxe_undi.o)
 .text.pxenv_undi_initialize
                0x0000000000002af8       0x1c bin/blib.a(pxe_undi.o)
 .text.pxenv_undi_set_mcast_address
                0x0000000000002b14       0x1c bin/blib.a(pxe_undi.o)
 .text.pxenv_undi_set_packet_filter
                0x0000000000002b30       0x1c bin/blib.a(pxe_undi.o)
 .text.pxenv_undi_get_statistics
                0x0000000000002b4c       0x38 bin/blib.a(pxe_undi.o)
 .text.pxenv_undi_clear_statistics
                0x0000000000002b84       0x40 bin/blib.a(pxe_undi.o)
 .text.pxenv_undi_initiate_diags
                0x0000000000002bc4       0x1b bin/blib.a(pxe_undi.o)
 .text.pxenv_undi_force_interrupt
                0x0000000000002bdf       0x1b bin/blib.a(pxe_undi.o)
 .text.pxenv_undi_get_mcast_address
                0x0000000000002bfa       0x4c bin/blib.a(pxe_undi.o)
 .text.pxenv_undi_get_nic_type
                0x0000000000002c46       0x95 bin/blib.a(pxe_undi.o)
 .text.pxenv_undi_get_information
                0x0000000000002cdb       0x86 bin/blib.a(pxe_undi.o)
 .text.pxenv_undi_set_station_address
                0x0000000000002d61       0x42 bin/blib.a(pxe_undi.o)
 .text.pxenv_undi_isr
                0x0000000000002da3      0x1bc bin/blib.a(pxe_undi.o)
 .text.pxenv_undi_get_iface_info
                0x0000000000002f5f       0x63 bin/blib.a(pxe_undi.o)
 .text.pxenv_undi_transmit
                0x0000000000002fc2      0x1e4 bin/blib.a(pxe_undi.o)
 .text.pxe_netdev_close
                0x00000000000031a6       0x25 bin/blib.a(pxe_undi.o)
 .text.pxenv_undi_close
                0x00000000000031cb       0x26 bin/blib.a(pxe_undi.o)
 .text.pxenv_undi_shutdown
                0x00000000000031f1       0x26 bin/blib.a(pxe_undi.o)
 .text.pxenv_undi_cleanup
                0x0000000000003217       0x26 bin/blib.a(pxe_undi.o)
 .text.pxe_netdev_open
                0x000000000000323d       0x28 bin/blib.a(pxe_undi.o)
 .text.pxenv_undi_open
                0x0000000000003265       0x35 bin/blib.a(pxe_undi.o)
 .text.pxenv_undi_reset_adapter
                0x000000000000329a       0x3a bin/blib.a(pxe_undi.o)
 .text.pxe_set_netdev
                0x00000000000032d4       0x32 bin/blib.a(pxe_undi.o)
                0x00000000000032d4                pxe_set_netdev
 .text.__memcpy
                0x0000000000003306       0x1d bin/blib.a(x86_string.o)
                0x0000000000003306                __memcpy
 .text.__memcpy_reverse
                0x0000000000003323       0x11 bin/blib.a(x86_string.o)
                0x0000000000003323                __memcpy_reverse
 .text.__memmove
                0x0000000000003334        0xe bin/blib.a(x86_string.o)
                0x0000000000003334                __memmove
 .text.memswap  0x0000000000003342       0x11 bin/blib.a(x86_string.o)
                0x0000000000003342                memswap
 .text.strlen   0x0000000000003353       0x11 bin/blib.a(x86_string.o)
                0x0000000000003353                strlen
 .text.strncmp  0x0000000000003364       0x1c bin/blib.a(x86_string.o)
                0x0000000000003364                strncmp
 .text.cpuid_exec
                0x0000000000003380       0x6d bin/blib.a(cpuid_cmd.o)
 .text.ansiesc_process
                0x00000000000033ed       0xbe bin/blib.a(ansiesc.o)
                0x00000000000033ed                ansiesc_process
 .text.cpio_set_field
                0x00000000000034ab       0x2a bin/blib.a(cpio.o)
                0x00000000000034ab                cpio_set_field
 .text.probe_devices
                0x00000000000034d5       0x52 bin/blib.a(device.o)
 .text.identify_device
                0x0000000000003527       0x31 bin/blib.a(device.o)
                0x0000000000003527                identify_device
 .text.remove_devices
                0x0000000000003558       0x40 bin/blib.a(device.o)
 .text.process_on_success
                0x0000000000003598        0x9 bin/blib.a(exec.o)
 .text.process_on_failure
                0x00000000000035a1        0x9 bin/blib.a(exec.o)
 .text.process_always
                0x00000000000035aa        0x6 bin/blib.a(exec.o)
 .text.exit_exec
                0x00000000000035b0       0x4f bin/blib.a(exec.o)
 .text.split_command
                0x00000000000035ff       0x49 bin/blib.a(exec.o)
 .text.isset_exec
                0x0000000000003648       0x2f bin/blib.a(exec.o)
 .text.sleep_exec
                0x0000000000003677       0x79 bin/blib.a(exec.o)
 .text.iseq_exec
                0x00000000000036f0       0x3c bin/blib.a(exec.o)
 .text.execv    0x000000000000372c       0x8f bin/blib.a(exec.o)
                0x000000000000372c                execv
 .text.shell_stop
                0x00000000000037bb        0x6 bin/blib.a(exec.o)
                0x00000000000037bb                shell_stop
 .text.shell_stopped
                0x00000000000037c1       0x1c bin/blib.a(exec.o)
                0x00000000000037c1                shell_stopped
 .text.system   0x00000000000037dd      0x192 bin/blib.a(exec.o)
                0x00000000000037dd                system
 .text.concat_args
                0x000000000000396f       0x66 bin/blib.a(exec.o)
                0x000000000000396f                concat_args
 .text.echo_exec
                0x00000000000039d5       0x61 bin/blib.a(exec.o)
 .text.get_argv_argument
                0x0000000000003a36       0x24 bin/blib.a(getopt.o)
 .text.getopt_long
                0x0000000000003a5a      0x223 bin/blib.a(getopt.o)
                0x0000000000003a5a                getopt_long
 .text.free_image
                0x0000000000003c7d       0x35 bin/blib.a(image.o)
 .text.image_set_name
                0x0000000000003cb2       0x28 bin/blib.a(image.o)
                0x0000000000003cb2                image_set_name
 .text.alloc_image
                0x0000000000003cda       0x50 bin/blib.a(image.o)
                0x0000000000003cda                alloc_image
 .text.image_set_cmdline
                0x0000000000003d2a       0x35 bin/blib.a(image.o)
                0x0000000000003d2a                image_set_cmdline
 .text.unregister_image
                0x0000000000003d5f       0x22 bin/blib.a(image.o)
                0x0000000000003d5f                unregister_image
 .text.find_image
                0x0000000000003d81       0x2f bin/blib.a(image.o)
                0x0000000000003d81                find_image
 .text.image_probe
                0x0000000000003db0       0x34 bin/blib.a(image.o)
                0x0000000000003db0                image_probe
 .text.image_replace
                0x0000000000003de4       0x39 bin/blib.a(image.o)
                0x0000000000003de4                image_replace
 .text.image_select
                0x0000000000003e1d       0x2c bin/blib.a(image.o)
                0x0000000000003e1d                image_select
 .text.image_exec
                0x0000000000003e49       0xa1 bin/blib.a(image.o)
                0x0000000000003e49                image_exec
 .text.image_find_selected
                0x0000000000003eea       0x1d bin/blib.a(image.o)
                0x0000000000003eea                image_find_selected
 .text.register_image
                0x0000000000003f07       0x6a bin/blib.a(image.o)
                0x0000000000003f07                register_image
 .text.initialise
                0x0000000000003f71       0x17 bin/blib.a(init.o)
                0x0000000000003f71                initialise
 .text.startup  0x0000000000003f88       0x30 bin/blib.a(init.o)
                0x0000000000003f88                startup
 .text.shutdown
                0x0000000000003fb8       0x37 bin/blib.a(init.o)
                0x0000000000003fb8                shutdown
 .text.intf_plug
                0x0000000000003fef       0x1d bin/blib.a(interface.o)
                0x0000000000003fef                intf_plug
 .text.intf_plug_plug
                0x000000000000400c       0x16 bin/blib.a(interface.o)
                0x000000000000400c                intf_plug_plug
 .text.intf_unplug
                0x0000000000004022        0xa bin/blib.a(interface.o)
                0x0000000000004022                intf_unplug
 .text.intf_nullify
                0x000000000000402c        0x8 bin/blib.a(interface.o)
                0x000000000000402c                intf_nullify
 .text.intf_put
                0x0000000000004034        0x8 bin/blib.a(interface.o)
                0x0000000000004034                intf_put
 .text.intf_object
                0x000000000000403c        0x6 bin/blib.a(interface.o)
                0x000000000000403c                intf_object
 .text.intf_get_dest_op_no_passthru_untyped
                0x0000000000004042       0x35 bin/blib.a(interface.o)
                0x0000000000004042                intf_get_dest_op_no_passthru_untyped
 .text.intf_get_dest_op_untyped
                0x0000000000004077       0x34 bin/blib.a(interface.o)
                0x0000000000004077                intf_get_dest_op_untyped
 .text.intf_close
                0x00000000000040ab       0x32 bin/blib.a(interface.o)
                0x00000000000040ab                intf_close
 .text.intf_shutdown
                0x00000000000040dd       0x17 bin/blib.a(interface.o)
                0x00000000000040dd                intf_shutdown
 .text.intf_restart
                0x00000000000040f4       0x12 bin/blib.a(interface.o)
                0x00000000000040f4                intf_restart
 .text.alloc_iob_raw
                0x0000000000004106       0x79 bin/blib.a(iobuf.o)
                0x0000000000004106                alloc_iob_raw
 .text.alloc_iob
                0x000000000000417f       0x13 bin/blib.a(iobuf.o)
                0x000000000000417f                alloc_iob
 .text.free_iob
                0x0000000000004192       0x2d bin/blib.a(iobuf.o)
                0x0000000000004192                free_iob
 .text.iob_ensure_headroom
                0x00000000000041bf       0x12 bin/blib.a(iobuf.o)
                0x00000000000041bf                iob_ensure_headroom
 .text.extern_list_add
                0x00000000000041d1        0xd bin/blib.a(list.o)
                0x00000000000041d1                extern_list_add
 .text.extern_list_add_tail
                0x00000000000041de        0xe bin/blib.a(list.o)
                0x00000000000041de                extern_list_add_tail
 .text.startup.main
                0x00000000000041ec       0x31 bin/blib.a(main.o)
                0x00000000000041ec                main
 .text.discard_cache
                0x000000000000421d       0x1d bin/blib.a(malloc.o)
 .text.shutdown_cache
                0x000000000000423a        0xa bin/blib.a(malloc.o)
 .text.alloc_memblock
                0x0000000000004244       0x8b bin/blib.a(malloc.o)
                0x0000000000004244                alloc_memblock
 .text.free_memblock
                0x00000000000042cf       0x98 bin/blib.a(malloc.o)
                0x00000000000042cf                free_memblock
 .text.realloc  0x0000000000004367       0x5b bin/blib.a(malloc.o)
                0x0000000000004367                realloc
 .text.malloc   0x00000000000043c2        0x9 bin/blib.a(malloc.o)
                0x00000000000043c2                malloc
 .text.free     0x00000000000043cb        0x7 bin/blib.a(malloc.o)
                0x00000000000043cb                free
 .text.zalloc   0x00000000000043d2       0x1c bin/blib.a(malloc.o)
                0x00000000000043d2                zalloc
 .text.mpopulate
                0x00000000000043ee        0x8 bin/blib.a(malloc.o)
                0x00000000000043ee                mpopulate
 .text.init_heap
                0x00000000000043f6        0xf bin/blib.a(malloc.o)
 .text.largest_memblock
                0x0000000000004405       0x6e bin/blib.a(memblock.o)
                0x0000000000004405                largest_memblock
 .text.strtoul_charval
                0x0000000000004473       0x1b bin/blib.a(misc.o)
                0x0000000000004473                strtoul_charval
 .text.strtoul  0x000000000000448e       0x7a bin/blib.a(misc.o)
                0x000000000000448e                strtoul
 .text.inet_aton
                0x0000000000004508       0x63 bin/blib.a(misc.o)
                0x0000000000004508                inet_aton
 .text.nvo_fetch
                0x000000000000456b        0xb bin/blib.a(nvo.o)
 .text.nvo_applies
                0x0000000000004576       0x19 bin/blib.a(nvo.o)
                0x0000000000004576                nvo_applies
 .text.nvo_realloc
                0x000000000000458f       0x47 bin/blib.a(nvo.o)
 .text.nvo_realloc_dhcpopt
                0x00000000000045d6       0x33 bin/blib.a(nvo.o)
 .text.nvo_store
                0x0000000000004609       0x5a bin/blib.a(nvo.o)
 .text.nvo_init
                0x0000000000004663       0x52 bin/blib.a(nvo.o)
                0x0000000000004663                nvo_init
 .text.register_nvo
                0x00000000000046b5       0x82 bin/blib.a(nvo.o)
                0x00000000000046b5                register_nvo
 .text.unregister_nvo
                0x0000000000004737       0x12 bin/blib.a(nvo.o)
                0x0000000000004737                unregister_nvo
 .text.xfer_uri_opener
                0x0000000000004749       0x2a bin/blib.a(open.o)
                0x0000000000004749                xfer_uri_opener
 .text.xfer_open_uri
                0x0000000000004773       0x45 bin/blib.a(open.o)
                0x0000000000004773                xfer_open_uri
 .text.xfer_open_uri_string
                0x00000000000047b8       0x2f bin/blib.a(open.o)
                0x00000000000047b8                xfer_open_uri_string
 .text.xfer_open_socket
                0x00000000000047e7       0x37 bin/blib.a(open.o)
                0x00000000000047e7                xfer_open_socket
 .text.xfer_vopen
                0x000000000000481e       0x38 bin/blib.a(open.o)
                0x000000000000481e                xfer_vopen
 .text.xfer_vreopen
                0x0000000000004856       0x20 bin/blib.a(open.o)
                0x0000000000004856                xfer_vreopen
 .text.parse_string
                0x0000000000004876        0x5 bin/blib.a(parseopt.o)
                0x0000000000004876                parse_string
 .text.parse_integer
                0x000000000000487b       0x32 bin/blib.a(parseopt.o)
                0x000000000000487b                parse_integer
 .text.parse_netdev
                0x00000000000048ad       0x2a bin/blib.a(parseopt.o)
                0x00000000000048ad                parse_netdev
 .text.parse_menu
                0x00000000000048d7       0x3b bin/blib.a(parseopt.o)
                0x00000000000048d7                parse_menu
 .text.parse_flag
                0x0000000000004912        0x9 bin/blib.a(parseopt.o)
                0x0000000000004912                parse_flag
 .text.parse_key
                0x000000000000491b       0x19 bin/blib.a(parseopt.o)
                0x000000000000491b                parse_key
 .text.parse_settings
                0x0000000000004934       0x2a bin/blib.a(parseopt.o)
                0x0000000000004934                parse_settings
 .text.parse_setting
                0x000000000000495e       0x2d bin/blib.a(parseopt.o)
                0x000000000000495e                parse_setting
 .text.parse_existing_setting
                0x000000000000498b        0xa bin/blib.a(parseopt.o)
                0x000000000000498b                parse_existing_setting
 .text.parse_autovivified_setting
                0x0000000000004995        0xa bin/blib.a(parseopt.o)
                0x0000000000004995                parse_autovivified_setting
 .text.print_usage
                0x000000000000499f       0x15 bin/blib.a(parseopt.o)
                0x000000000000499f                print_usage
 .text.reparse_options
                0x00000000000049b4      0x19f bin/blib.a(parseopt.o)
                0x00000000000049b4                reparse_options
 .text.parse_options
                0x0000000000004b53       0x2b bin/blib.a(parseopt.o)
                0x0000000000004b53                parse_options
 .text.posix_fd_to_file
                0x0000000000004b7e       0x20 bin/blib.a(posix_io.o)
 .text.posix_file_finished
                0x0000000000004b9e       0x14 bin/blib.a(posix_io.o)
 .text.posix_file_xfer_deliver
                0x0000000000004bb2       0x3d bin/blib.a(posix_io.o)
 .text.posix_file_free
                0x0000000000004bef       0x30 bin/blib.a(posix_io.o)
 .text.open     0x0000000000004c1f       0xb9 bin/blib.a(posix_io.o)
                0x0000000000004c1f                open
 .text.select   0x0000000000004cd8       0x66 bin/blib.a(posix_io.o)
                0x0000000000004cd8                select
 .text.read_user
                0x0000000000004d3e       0x8a bin/blib.a(posix_io.o)
                0x0000000000004d3e                read_user
 .text.fsize    0x0000000000004dc8       0x13 bin/blib.a(posix_io.o)
                0x0000000000004dc8                fsize
 .text.close    0x0000000000004ddb       0x30 bin/blib.a(posix_io.o)
                0x0000000000004ddb                close
 .text.process_add
                0x0000000000004e0b       0x1e bin/blib.a(process.o)
                0x0000000000004e0b                process_add
 .text.init_processes
                0x0000000000004e29       0x1c bin/blib.a(process.o)
 .text.process_del
                0x0000000000004e45       0x1c bin/blib.a(process.o)
                0x0000000000004e45                process_del
 .text.step     0x0000000000004e61       0x5d bin/blib.a(process.o)
                0x0000000000004e61                step
 .text.ref_increment
                0x0000000000004ebe        0x7 bin/blib.a(refcnt.o)
                0x0000000000004ebe                ref_increment
 .text.ref_decrement
                0x0000000000004ec5       0x1c bin/blib.a(refcnt.o)
                0x0000000000004ec5                ref_decrement
 .text.ref_no_free
                0x0000000000004ee1        0x1 bin/blib.a(refcnt.o)
                0x0000000000004ee1                ref_no_free
 .text.apply_settings
                0x0000000000004ee2       0x1d bin/blib.a(settings.o)
 .text.builtin_applies
                0x0000000000004eff        0xd bin/blib.a(settings.o)
 .text.platform_fetch
                0x0000000000004f0c       0x12 bin/blib.a(settings.o)
 .text.buildarch_fetch
                0x0000000000004f1e       0x12 bin/blib.a(settings.o)
 .text.version_fetch
                0x0000000000004f30       0x17 bin/blib.a(settings.o)
 .text.format_string_setting
                0x0000000000004f47       0x2e bin/blib.a(settings.o)
 .text.parse_string_setting
                0x0000000000004f75       0x31 bin/blib.a(settings.o)
 .text.errno_fetch
                0x0000000000004fa6       0x28 bin/blib.a(settings.o)
 .text.denumerate_int_setting
                0x0000000000004fce       0x3f bin/blib.a(settings.o)
 .text.format_uint_setting
                0x000000000000500d       0x2e bin/blib.a(settings.o)
 .text.format_int_setting
                0x000000000000503b       0x2e bin/blib.a(settings.o)
 .text.format_hex_setting
                0x0000000000005069       0x68 bin/blib.a(settings.o)
 .text.format_hex_raw_setting
                0x00000000000050d1        0xa bin/blib.a(settings.o)
 .text.format_hex_hyphen_setting
                0x00000000000050db        0xa bin/blib.a(settings.o)
 .text.format_hex_colon_setting
                0x00000000000050e5        0xa bin/blib.a(settings.o)
 .text.parse_hex_raw_setting
                0x00000000000050ef        0x9 bin/blib.a(settings.o)
 .text.parse_hex_hyphen_setting
                0x00000000000050f8        0xc bin/blib.a(settings.o)
 .text.parse_hex_setting
                0x0000000000005104        0xc bin/blib.a(settings.o)
 .text.parse_ipv4_setting
                0x0000000000005110       0x39 bin/blib.a(settings.o)
 .text.format_uristring_setting
                0x0000000000005149       0x39 bin/blib.a(settings.o)
 .text.parse_uristring_setting
                0x0000000000005182       0x48 bin/blib.a(settings.o)
 .text.generic_settings_clear
                0x00000000000051ca       0x28 bin/blib.a(settings.o)
                0x00000000000051ca                generic_settings_clear
 .text.autovivified_settings_free
                0x00000000000051f2       0x13 bin/blib.a(settings.o)
 .text.parse_settings_name
                0x0000000000005205       0x66 bin/blib.a(settings.o)
 .text.numeric_setting_value
                0x000000000000526b       0x68 bin/blib.a(settings.o)
 .text.numerate_int_setting
                0x00000000000052d3       0x21 bin/blib.a(settings.o)
 .text.format_busdevfn_setting
                0x00000000000052f4       0x3f bin/blib.a(settings.o)
 .text.format_uuid_setting
                0x0000000000005333       0x2d bin/blib.a(settings.o)
 .text.parse_int_setting
                0x0000000000005360       0x34 bin/blib.a(settings.o)
 .text.format_ipv4_setting
                0x0000000000005394       0x2d bin/blib.a(settings.o)
 .text.find_settings
                0x00000000000053c1        0xa bin/blib.a(settings.o)
                0x00000000000053c1                find_settings
 .text.unregister_settings
                0x00000000000053cb       0x54 bin/blib.a(settings.o)
                0x00000000000053cb                unregister_settings
 .text.settings_target
                0x000000000000541f       0x15 bin/blib.a(settings.o)
                0x000000000000541f                settings_target
 .text.settings_name
                0x0000000000005434       0x5b bin/blib.a(settings.o)
                0x0000000000005434                settings_name
 .text.find_child_settings
                0x000000000000548f       0x45 bin/blib.a(settings.o)
                0x000000000000548f                find_child_settings
 .text.setting_applies
                0x00000000000054d4       0x25 bin/blib.a(settings.o)
                0x00000000000054d4                setting_applies
 .text.fetch_setting_and_origin
                0x00000000000054f9       0xb9 bin/blib.a(settings.o)
 .text.fetch_setting
                0x00000000000055b2        0xf bin/blib.a(settings.o)
                0x00000000000055b2                fetch_setting
 .text.fetch_setting_origin
                0x00000000000055c1       0x13 bin/blib.a(settings.o)
                0x00000000000055c1                fetch_setting_origin
 .text.fetch_setting_len
                0x00000000000055d4        0xa bin/blib.a(settings.o)
                0x00000000000055d4                fetch_setting_len
 .text.fetch_setting_copy
                0x00000000000055de       0x40 bin/blib.a(settings.o)
                0x00000000000055de                fetch_setting_copy
 .text.fetch_string_setting
                0x000000000000561e       0x30 bin/blib.a(settings.o)
                0x000000000000561e                fetch_string_setting
 .text.fetch_string_setting_copy
                0x000000000000564e       0x51 bin/blib.a(settings.o)
                0x000000000000564e                fetch_string_setting_copy
 .text.fetch_ipv4_array_setting
                0x000000000000569f       0x1f bin/blib.a(settings.o)
                0x000000000000569f                fetch_ipv4_array_setting
 .text.fetch_ipv4_setting
                0x00000000000056be        0x8 bin/blib.a(settings.o)
                0x00000000000056be                fetch_ipv4_setting
 .text.fetch_numeric_setting
                0x00000000000056c6       0x2e bin/blib.a(settings.o)
                0x00000000000056c6                fetch_numeric_setting
 .text.fetch_intz_setting
                0x00000000000056f4       0x11 bin/blib.a(settings.o)
                0x00000000000056f4                fetch_intz_setting
 .text.reprioritise_settings
                0x0000000000005705       0x6f bin/blib.a(settings.o)
 .text.register_settings
                0x0000000000005774       0x51 bin/blib.a(settings.o)
                0x0000000000005774                register_settings
 .text.builtin_init
                0x00000000000057c5       0x11 bin/blib.a(settings.o)
 .text.autovivify_child_settings
                0x00000000000057d6       0x9b bin/blib.a(settings.o)
                0x00000000000057d6                autovivify_child_settings
 .text.fetch_uintz_setting
                0x0000000000005871       0x11 bin/blib.a(settings.o)
                0x0000000000005871                fetch_uintz_setting
 .text.fetch_uuid_setting
                0x0000000000005882       0x16 bin/blib.a(settings.o)
                0x0000000000005882                fetch_uuid_setting
 .text.clear_settings
                0x0000000000005898       0x12 bin/blib.a(settings.o)
                0x0000000000005898                clear_settings
 .text.setting_cmp
                0x00000000000058aa       0x39 bin/blib.a(settings.o)
                0x00000000000058aa                setting_cmp
 .text.builtin_fetch
                0x00000000000058e3       0x3c bin/blib.a(settings.o)
 .text.store_setting
                0x000000000000591f       0x80 bin/blib.a(settings.o)
                0x000000000000591f                store_setting
 .text.generic_settings_fetch
                0x000000000000599f       0x62 bin/blib.a(settings.o)
                0x000000000000599f                generic_settings_fetch
 .text.generic_settings_store
                0x0000000000005a01       0xdb bin/blib.a(settings.o)
                0x0000000000005a01                generic_settings_store
 .text.setting_format
                0x0000000000005adc       0x1d bin/blib.a(settings.o)
                0x0000000000005adc                setting_format
 .text.setting_parse
                0x0000000000005af9       0x19 bin/blib.a(settings.o)
                0x0000000000005af9                setting_parse
 .text.setting_numerate
                0x0000000000005b12       0x19 bin/blib.a(settings.o)
                0x0000000000005b12                setting_numerate
 .text.setting_denumerate
                0x0000000000005b2b       0x19 bin/blib.a(settings.o)
                0x0000000000005b2b                setting_denumerate
 .text.fetchf_setting
                0x0000000000005b44       0x3d bin/blib.a(settings.o)
                0x0000000000005b44                fetchf_setting
 .text.fetchf_setting_copy
                0x0000000000005b81       0x51 bin/blib.a(settings.o)
                0x0000000000005b81                fetchf_setting_copy
 .text.storef_setting
                0x0000000000005bd2       0x7a bin/blib.a(settings.o)
                0x0000000000005bd2                storef_setting
 .text.fetchn_setting
                0x0000000000005c4c       0x37 bin/blib.a(settings.o)
                0x0000000000005c4c                fetchn_setting
 .text.storen_setting
                0x0000000000005c83       0x5e bin/blib.a(settings.o)
                0x0000000000005c83                storen_setting
 .text.parse_setting_name
                0x0000000000005ce1      0x153 bin/blib.a(settings.o)
                0x0000000000005ce1                parse_setting_name
 .text.setting_name
                0x0000000000005e34       0x43 bin/blib.a(settings.o)
                0x0000000000005e34                setting_name
 .text.expand_settings
                0x0000000000005e77       0xca bin/blib.a(settings.o)
                0x0000000000005e77                expand_settings
 .text.strcpy   0x0000000000005f41       0x10 bin/blib.a(string.o)
                0x0000000000005f41                strcpy
 .text.strncpy  0x0000000000005f51       0x18 bin/blib.a(string.o)
                0x0000000000005f51                strncpy
 .text.strcmp   0x0000000000005f69       0x24 bin/blib.a(string.o)
                0x0000000000005f69                strcmp
 .text.strcasecmp
                0x0000000000005f8d       0x2a bin/blib.a(string.o)
                0x0000000000005f8d                strcasecmp
 .text.strchr   0x0000000000005fb7       0x11 bin/blib.a(string.o)
                0x0000000000005fb7                strchr
 .text.strrchr  0x0000000000005fc8       0x1f bin/blib.a(string.o)
                0x0000000000005fc8                strrchr
 .text.strnlen  0x0000000000005fe7       0x14 bin/blib.a(string.o)
                0x0000000000005fe7                strnlen
 .text.memcmp   0x0000000000005ffb       0x21 bin/blib.a(string.o)
                0x0000000000005ffb                memcmp
 .text.strstr   0x000000000000601c       0x3e bin/blib.a(string.o)
                0x000000000000601c                strstr
 .text.memchr   0x000000000000605a       0x15 bin/blib.a(string.o)
                0x000000000000605a                memchr
 .text.strndup  0x000000000000606f       0x35 bin/blib.a(string.o)
                0x000000000000606f                strndup
 .text.strdup   0x00000000000060a4        0x8 bin/blib.a(string.o)
                0x00000000000060a4                strdup
 .text.mdelay   0x00000000000060ac       0x16 bin/blib.a(timer.o)
                0x00000000000060ac                mdelay
 .text.sleep    0x00000000000060c2       0x18 bin/blib.a(timer.o)
                0x00000000000060c2                sleep
 .text.free_uri
                0x00000000000060da       0x17 bin/blib.a(uri.o)
 .text.uri_port
                0x00000000000060f1       0x17 bin/blib.a(uri.o)
                0x00000000000060f1                uri_port
 .text.resolve_path
                0x0000000000006108       0xc2 bin/blib.a(uri.o)
                0x0000000000006108                resolve_path
 .text.uri_encode
                0x00000000000061ca       0xc4 bin/blib.a(uri.o)
                0x00000000000061ca                uri_encode
 .text.unparse_uri
                0x000000000000628e      0x111 bin/blib.a(uri.o)
                0x000000000000628e                unparse_uri
 .text.uri_decode
                0x000000000000639f       0x71 bin/blib.a(uri.o)
                0x000000000000639f                uri_decode
 .text.parse_uri
                0x0000000000006410      0x19c bin/blib.a(uri.o)
                0x0000000000006410                parse_uri
 .text.uri_dup  0x00000000000065ac       0x45 bin/blib.a(uri.o)
                0x00000000000065ac                uri_dup
 .text.resolve_uri
                0x00000000000065f1       0x8c bin/blib.a(uri.o)
                0x00000000000065f1                resolve_uri
 .text.uuid_ntoa
                0x000000000000667d       0x63 bin/blib.a(uuid.o)
                0x000000000000667d                uuid_ntoa
 .text.format_hex
                0x00000000000066e0       0x6e bin/blib.a(vsprintf.o)
 .text.printf_sputc
                0x000000000000674e        0xf bin/blib.a(vsprintf.o)
 .text.printf_putchar
                0x000000000000675d        0x7 bin/blib.a(vsprintf.o)
 .text.vcprintf
                0x0000000000006764      0x267 bin/blib.a(vsprintf.o)
                0x0000000000006764                vcprintf
 .text.vsnprintf
                0x00000000000069cb       0x3e bin/blib.a(vsprintf.o)
                0x00000000000069cb                vsnprintf
 .text.snprintf
                0x0000000000006a09       0x17 bin/blib.a(vsprintf.o)
                0x0000000000006a09                snprintf
 .text.vssnprintf
                0x0000000000006a20       0x12 bin/blib.a(vsprintf.o)
                0x0000000000006a20                vssnprintf
 .text.ssnprintf
                0x0000000000006a32       0x17 bin/blib.a(vsprintf.o)
                0x0000000000006a32                ssnprintf
 .text.vprintf  0x0000000000006a49       0x19 bin/blib.a(vsprintf.o)
                0x0000000000006a49                vprintf
 .text.printf   0x0000000000006a62        0xe bin/blib.a(vsprintf.o)
                0x0000000000006a62                printf
 .text.xfer_deliver
                0x0000000000006a70       0x47 bin/blib.a(xfer.o)
                0x0000000000006a70                xfer_deliver
 .text.xfer_window_changed
                0x0000000000006ab7       0x29 bin/blib.a(xfer.o)
                0x0000000000006ab7                xfer_window_changed
 .text.xfer_window
                0x0000000000006ae0       0x32 bin/blib.a(xfer.o)
                0x0000000000006ae0                xfer_window
 .text.xfer_alloc_iob
                0x0000000000006b12       0x3c bin/blib.a(xfer.o)
                0x0000000000006b12                xfer_alloc_iob
 .text.xfer_vredirect
                0x0000000000006b4e       0x88 bin/blib.a(xfer.o)
                0x0000000000006b4e                xfer_vredirect
 .text.xfer_redirect
                0x0000000000006bd6       0x12 bin/blib.a(xfer.o)
                0x0000000000006bd6                xfer_redirect
 .text.xfer_deliver_iob
                0x0000000000006be8        0xa bin/blib.a(xfer.o)
                0x0000000000006be8                xfer_deliver_iob
 .text.xfer_deliver_raw_meta
                0x0000000000006bf2       0x46 bin/blib.a(xfer.o)
                0x0000000000006bf2                xfer_deliver_raw_meta
 .text.xfer_deliver_raw
                0x0000000000006c38        0xb bin/blib.a(xfer.o)
                0x0000000000006c38                xfer_deliver_raw
 .text.xfer_vprintf
                0x0000000000006c43       0x2e bin/blib.a(xfer.o)
                0x0000000000006c43                xfer_vprintf
 .text.xfer_printf
                0x0000000000006c71       0x12 bin/blib.a(xfer.o)
                0x0000000000006c71                xfer_printf
 .text.xfer_seek
                0x0000000000006c83       0x42 bin/blib.a(xfer.o)
                0x0000000000006c83                xfer_seek
 .text.arp_ntoa
                0x0000000000006cc5        0x6 bin/blib.a(arp.o)
 .text.arp_rx   0x0000000000006ccb      0x10a bin/blib.a(arp.o)
 .text.arp_tx_request
                0x0000000000006dd5       0xda bin/blib.a(arp.o)
 .text.find_dhcp_option_with_encap
                0x0000000000006eaf       0x8b bin/blib.a(dhcpopts.o)
 .text.set_dhcp_option
                0x0000000000006f3a      0x1d4 bin/blib.a(dhcpopts.o)
 .text.dhcpopt_no_realloc
                0x000000000000710e        0xf bin/blib.a(dhcpopts.o)
                0x000000000000710e                dhcpopt_no_realloc
 .text.dhcpopt_applies
                0x000000000000711d        0xd bin/blib.a(dhcpopts.o)
                0x000000000000711d                dhcpopt_applies
 .text.dhcpopt_store
                0x000000000000712a       0x17 bin/blib.a(dhcpopts.o)
                0x000000000000712a                dhcpopt_store
 .text.dhcpopt_fetch
                0x0000000000007141       0x36 bin/blib.a(dhcpopts.o)
                0x0000000000007141                dhcpopt_fetch
 .text.dhcpopt_update_used_len
                0x0000000000007177       0x50 bin/blib.a(dhcpopts.o)
                0x0000000000007177                dhcpopt_update_used_len
 .text.dhcpopt_init
                0x00000000000071c7       0x14 bin/blib.a(dhcpopts.o)
                0x00000000000071c7                dhcpopt_init
 .text.eth_push
                0x00000000000071db       0x38 bin/blib.a(ethernet.o)
                0x00000000000071db                eth_push
 .text.eth_init_addr
                0x0000000000007213        0xc bin/blib.a(ethernet.o)
                0x0000000000007213                eth_init_addr
 .text.eth_eth_addr
                0x000000000000721f        0xe bin/blib.a(ethernet.o)
                0x000000000000721f                eth_eth_addr
 .text.eth_eui64
                0x000000000000722d       0x21 bin/blib.a(ethernet.o)
                0x000000000000722d                eth_eui64
 .text.eth_ntoa
                0x000000000000724e       0x37 bin/blib.a(ethernet.o)
                0x000000000000724e                eth_ntoa
 .text.eth_pull
                0x0000000000007285       0x5e bin/blib.a(ethernet.o)
                0x0000000000007285                eth_pull
 .text.eth_mc_hash
                0x00000000000072e3       0x44 bin/blib.a(ethernet.o)
                0x00000000000072e3                eth_mc_hash
 .text.alloc_etherdev
                0x0000000000007327       0x1f bin/blib.a(ethernet.o)
                0x0000000000007327                alloc_etherdev
 .text.eth_slow_rx
                0x0000000000007346      0x111 bin/blib.a(eth_slow.o)
 .text.copy_encap_settings
                0x0000000000007457       0xc6 bin/blib.a(fakedhcp.o)
 .text.create_fakedhcpdiscover
                0x000000000000751d       0x21 bin/blib.a(fakedhcp.o)
                0x000000000000751d                create_fakedhcpdiscover
 .text.create_fakedhcpack
                0x000000000000753e       0x49 bin/blib.a(fakedhcp.o)
                0x000000000000753e                create_fakedhcpack
 .text.create_fakepxebsack
                0x0000000000007587       0x92 bin/blib.a(fakedhcp.o)
                0x0000000000007587                create_fakepxebsack
 .text.iob_pad  0x0000000000007619       0x42 bin/blib.a(iobpad.o)
                0x0000000000007619                iob_pad
 .text.ipv4_is_fragment
                0x000000000000765b       0x24 bin/blib.a(ipv4.o)
 .text.ipv4_more_fragments
                0x000000000000767f        0xb bin/blib.a(ipv4.o)
 .text.ipv4_fragment_offset
                0x000000000000768a       0x12 bin/blib.a(ipv4.o)
 .text.ipv4_create_routes
                0x000000000000769c      0x15c bin/blib.a(ipv4.o)
 .text.ipv4_pshdr_chksum
                0x00000000000077f8       0x53 bin/blib.a(ipv4.o)
 .text.ipv4_tx  0x000000000000784b      0x1c1 bin/blib.a(ipv4.o)
 .text.ipv4_arp_check
                0x0000000000007a0c       0x29 bin/blib.a(ipv4.o)
 .text.ipv4_sock_aton
                0x0000000000007a35       0x21 bin/blib.a(ipv4.o)
 .text.ipv4_has_any_addr
                0x0000000000007a56       0x20 bin/blib.a(ipv4.o)
                0x0000000000007a56                ipv4_has_any_addr
 .text.ipv4_rx  0x0000000000007a76      0x155 bin/blib.a(ipv4.o)
 .text.inet_ntoa
                0x0000000000007bcb       0x31 bin/blib.a(ipv4.o)
                0x0000000000007bcb                inet_ntoa
 .text.ipv4_sock_ntoa
                0x0000000000007bfc        0x8 bin/blib.a(ipv4.o)
 .text.ipv4_ntoa
                0x0000000000007c04        0x7 bin/blib.a(ipv4.o)
 .text.neighbour_probe
                0x0000000000007c0b        0x3 bin/blib.a(neighbour.o)
 .text.neighbour_destroy
                0x0000000000007c0e       0x48 bin/blib.a(neighbour.o)
 .text.neighbour_discard
                0x0000000000007c56       0x2b bin/blib.a(neighbour.o)
 .text.neighbour_find
                0x0000000000007c81       0x65 bin/blib.a(neighbour.o)
 .text.neighbour_create
                0x0000000000007ce6       0x71 bin/blib.a(neighbour.o)
 .text.neighbour_expired
                0x0000000000007d57       0x3c bin/blib.a(neighbour.o)
 .text.neighbour_free
                0x0000000000007d93       0x13 bin/blib.a(neighbour.o)
 .text.neighbour_discovered
                0x0000000000007da6       0x70 bin/blib.a(neighbour.o)
 .text.neighbour_flush
                0x0000000000007e16       0x32 bin/blib.a(neighbour.o)
 .text.neighbour_tx
                0x0000000000007e48       0x8c bin/blib.a(neighbour.o)
                0x0000000000007e48                neighbour_tx
 .text.neighbour_update
                0x0000000000007ed4       0x1f bin/blib.a(neighbour.o)
                0x0000000000007ed4                neighbour_update
 .text.netdev_notify
                0x0000000000007ef3       0x1e bin/blib.a(netdevice.o)
 .text.net_discard
                0x0000000000007f11       0x40 bin/blib.a(netdevice.o)
 .text.netdev_record_stat
                0x0000000000007f51       0x40 bin/blib.a(netdevice.o)
 .text.netdev_link_err
                0x0000000000007f91        0x8 bin/blib.a(netdevice.o)
                0x0000000000007f91                netdev_link_err
 .text.netdev_link_down
                0x0000000000007f99       0x1c bin/blib.a(netdevice.o)
                0x0000000000007f99                netdev_link_down
 .text.netdev_tx_err
                0x0000000000007fb5       0x15 bin/blib.a(netdevice.o)
                0x0000000000007fb5                netdev_tx_err
 .text.netdev_tx_defer
                0x0000000000007fca       0x26 bin/blib.a(netdevice.o)
                0x0000000000007fca                netdev_tx_defer
 .text.netdev_tx_complete_err
                0x0000000000007ff0       0x39 bin/blib.a(netdevice.o)
                0x0000000000007ff0                netdev_tx_complete_err
 .text.netdev_tx
                0x0000000000008029       0x3f bin/blib.a(netdevice.o)
                0x0000000000008029                netdev_tx
 .text.netdev_tx_complete_next_err
                0x0000000000008068       0x1b bin/blib.a(netdevice.o)
                0x0000000000008068                netdev_tx_complete_next_err
 .text.netdev_tx_flush
                0x0000000000008083       0x1d bin/blib.a(netdevice.o)
 .text.netdev_rx
                0x00000000000080a0       0x1b bin/blib.a(netdevice.o)
                0x00000000000080a0                netdev_rx
 .text.netdev_rx_err
                0x00000000000080bb       0x1c bin/blib.a(netdevice.o)
                0x00000000000080bb                netdev_rx_err
 .text.netdev_poll
                0x00000000000080d7        0xd bin/blib.a(netdevice.o)
                0x00000000000080d7                netdev_poll
 .text.netdev_rx_dequeue
                0x00000000000080e4       0x1f bin/blib.a(netdevice.o)
                0x00000000000080e4                netdev_rx_dequeue
 .text.netdev_rx_flush
                0x0000000000008103       0x20 bin/blib.a(netdevice.o)
 .text.free_netdev
                0x0000000000008123       0x22 bin/blib.a(netdevice.o)
 .text.alloc_netdev
                0x0000000000008145       0x98 bin/blib.a(netdevice.o)
                0x0000000000008145                alloc_netdev
 .text.register_netdev
                0x00000000000081dd       0xee bin/blib.a(netdevice.o)
                0x00000000000081dd                register_netdev
 .text.netdev_open
                0x00000000000082cb       0x34 bin/blib.a(netdevice.o)
                0x00000000000082cb                netdev_open
 .text.netdev_close
                0x00000000000082ff       0x3b bin/blib.a(netdevice.o)
                0x00000000000082ff                netdev_close
 .text.unregister_netdev
                0x000000000000833a       0x48 bin/blib.a(netdevice.o)
                0x000000000000833a                unregister_netdev
 .text.netdev_irq
                0x0000000000008382       0x2a bin/blib.a(netdevice.o)
                0x0000000000008382                netdev_irq
 .text.find_netdev_by_location
                0x00000000000083ac       0x28 bin/blib.a(netdevice.o)
                0x00000000000083ac                find_netdev_by_location
 .text.last_opened_netdev
                0x00000000000083d4       0x14 bin/blib.a(netdevice.o)
                0x00000000000083d4                last_opened_netdev
 .text.find_netdev
                0x00000000000083e8       0x42 bin/blib.a(netdevice.o)
                0x00000000000083e8                find_netdev
 .text.net_tx   0x000000000000842a       0x44 bin/blib.a(netdevice.o)
                0x000000000000842a                net_tx
 .text.net_rx   0x000000000000846e       0x38 bin/blib.a(netdevice.o)
                0x000000000000846e                net_rx
 .text.net_poll
                0x00000000000084a6       0x97 bin/blib.a(netdevice.o)
                0x00000000000084a6                net_poll
 .text.net_step
                0x000000000000853d        0x5 bin/blib.a(netdevice.o)
 .text.vlan_tag
                0x0000000000008542        0x3 bin/blib.a(netdevice.o)
                0x0000000000008542                vlan_tag
 .text.netdev_redirect_settings_init
                0x0000000000008545       0x11 bin/blib.a(netdev_settings.o)
 .text.netdev_redirect
                0x0000000000008556       0x16 bin/blib.a(netdev_settings.o)
 .text.netdev_clear
                0x000000000000856c        0x5 bin/blib.a(netdev_settings.o)
 .text.netdev_fetch
                0x0000000000008571       0x6c bin/blib.a(netdev_settings.o)
 .text.netdev_fetch_chip
                0x00000000000085dd       0x1c bin/blib.a(netdev_settings.o)
 .text.netdev_fetch_bustype
                0x00000000000085f9       0x23 bin/blib.a(netdev_settings.o)
 .text.netdev_store_mac
                0x000000000000861c       0x2e bin/blib.a(netdev_settings.o)
 .text.netdev_fetch_mac
                0x000000000000864a       0x23 bin/blib.a(netdev_settings.o)
 .text.netdev_fetch_busid
                0x000000000000866d       0x43 bin/blib.a(netdev_settings.o)
 .text.netdev_fetch_busloc
                0x00000000000086b0       0x2a bin/blib.a(netdev_settings.o)
 .text.netdev_store
                0x00000000000086da       0x7b bin/blib.a(netdev_settings.o)
 .text.null_open
                0x0000000000008755        0x6 bin/blib.a(nullnet.o)
 .text.null_close
                0x000000000000875b        0x1 bin/blib.a(nullnet.o)
 .text.null_transmit
                0x000000000000875c        0x6 bin/blib.a(nullnet.o)
 .text.null_poll
                0x0000000000008762        0x1 bin/blib.a(nullnet.o)
 .text.null_irq
                0x0000000000008763        0x1 bin/blib.a(nullnet.o)
 .text.rarp_ntoa
                0x0000000000008764        0x6 bin/blib.a(rarp.o)
 .text.rarp_rx  0x000000000000876a        0xa bin/blib.a(rarp.o)
 .text.start_timer
                0x0000000000008774       0x51 bin/blib.a(retry.o)
                0x0000000000008774                start_timer
 .text.start_timer_fixed
                0x00000000000087c5       0x11 bin/blib.a(retry.o)
                0x00000000000087c5                start_timer_fixed
 .text.stop_timer
                0x00000000000087d6       0x50 bin/blib.a(retry.o)
                0x00000000000087d6                stop_timer
 .text.retry_poll
                0x0000000000008826       0x6f bin/blib.a(retry.o)
                0x0000000000008826                retry_poll
 .text.retry_step
                0x0000000000008895        0x5 bin/blib.a(retry.o)
 .text.tcpip_rx
                0x000000000000889a       0x3d bin/blib.a(tcpip.o)
                0x000000000000889a                tcpip_rx
 .text.tcpip_tx
                0x00000000000088d7       0x40 bin/blib.a(tcpip.o)
                0x00000000000088d7                tcpip_tx
 .text.tcpip_chksum
                0x0000000000008917        0xe bin/blib.a(tcpip.o)
                0x0000000000008917                tcpip_chksum
 .text.tcpip_bind
                0x0000000000008925       0x6e bin/blib.a(tcpip.o)
                0x0000000000008925                tcpip_bind
 .text.udp_rx   0x0000000000008993      0x13e bin/blib.a(udp.o)
 .text.udp_close
                0x0000000000008ad1       0x1e bin/blib.a(udp.o)
 .text.udp_xfer_alloc_iob
                0x0000000000008aef       0x15 bin/blib.a(udp.o)
 .text.udp_xfer_deliver
                0x0000000000008b04       0x9f bin/blib.a(udp.o)
 .text.udp_open_common
                0x0000000000008ba3       0xa4 bin/blib.a(udp.o)
 .text.udp_open
                0x0000000000008c47        0x8 bin/blib.a(udp.o)
                0x0000000000008c47                udp_open
 .text.udp_open_uri
                0x0000000000008c4f       0x50 bin/blib.a(udp.o)
 .text.udp_port_available
                0x0000000000008c9f       0x2a bin/blib.a(udp.o)
 .text.udp_open_promisc
                0x0000000000008cc9        0xc bin/blib.a(udp.o)
                0x0000000000008cc9                udp_open_promisc
 .text.http_open
                0x0000000000008cd5        0xd bin/blib.a(http.o)
 .text.http_socket_window
                0x0000000000008ce2        0x4 bin/blib.a(httpcore.o)
 .text.http_xfer_window
                0x0000000000008ce6        0xb bin/blib.a(httpcore.o)
 .text.http_acpi_describe
                0x0000000000008cf1        0x3 bin/blib.a(httpcore.o)
 .text.http_rx_connection
                0x0000000000008cf4       0x1b bin/blib.a(httpcore.o)
 .text.http_rx_transfer_encoding
                0x0000000000008d0f       0x1e bin/blib.a(httpcore.o)
 .text.http_free
                0x0000000000008d2d       0x39 bin/blib.a(httpcore.o)
 .text.http_digest_param
                0x0000000000008d66       0x3a bin/blib.a(httpcore.o)
 .text.http_rx_content_length
                0x0000000000008da0       0x9b bin/blib.a(httpcore.o)
 .text.http_rx_location
                0x0000000000008e3b       0x10 bin/blib.a(httpcore.o)
 .text.http_rx_response
                0x0000000000008e4b       0x5c bin/blib.a(httpcore.o)
 .text.http_digest_auth
                0x0000000000008ea7      0x255 bin/blib.a(httpcore.o)
 .text.http_socket_open
                0x00000000000090fc       0x62 bin/blib.a(httpcore.o)
 .text.http_close
                0x000000000000915e       0x39 bin/blib.a(httpcore.o)
 .text.http_rx_basic_auth
                0x0000000000009197       0x23 bin/blib.a(httpcore.o)
 .text.http_partial_read.part.7
                0x00000000000091ba        0x6 bin/blib.a(httpcore.o)
 .text.http_block_read_capacity
                0x00000000000091c0       0x4f bin/blib.a(httpcore.o)
 .text.http_block_read
                0x000000000000920f       0x60 bin/blib.a(httpcore.o)
 .text.http_rx_chunk_len
                0x000000000000926f       0x6e bin/blib.a(httpcore.o)
 .text.http_rx_www_authenticate
                0x00000000000092dd       0x50 bin/blib.a(httpcore.o)
 .text.http_rx_digest_auth
                0x000000000000932d       0x8d bin/blib.a(httpcore.o)
 .text.http_basic_auth.isra.13
                0x00000000000093ba       0xaa bin/blib.a(httpcore.o)
 .text.http_post_params.isra.14
                0x0000000000009464       0x8b bin/blib.a(httpcore.o)
 .text.http_done
                0x00000000000094ef       0x95 bin/blib.a(httpcore.o)
 .text.http_socket_close
                0x0000000000009584        0xe bin/blib.a(httpcore.o)
 .text.http_rx_header
                0x0000000000009592       0xf4 bin/blib.a(httpcore.o)
 .text.http_socket_deliver
                0x0000000000009686      0x13a bin/blib.a(httpcore.o)
 .text.http_step
                0x00000000000097c0      0x2a1 bin/blib.a(httpcore.o)
 .text.http_open_filter
                0x0000000000009a61       0xd3 bin/blib.a(httpcore.o)
                0x0000000000009a61                http_open_filter
 .text.iscsi_tx_nothing
                0x0000000000009b34        0x3 bin/blib.a(iscsi.o)
 .text.iscsi_rx_discard
                0x0000000000009b37        0x5 bin/blib.a(iscsi.o)
 .text.iscsi_scsi_window
                0x0000000000009b3c       0x1c bin/blib.a(iscsi.o)
 .text.iscsi_rx_bhs
                0x0000000000009b58       0x19 bin/blib.a(iscsi.o)
 .text.iscsi_vredirect
                0x0000000000009b71       0x30 bin/blib.a(iscsi.o)
 .text.iscsi_tx_resume
                0x0000000000009ba1        0xa bin/blib.a(iscsi.o)
 .text.iscsi_start_data_out
                0x0000000000009bab       0xcb bin/blib.a(iscsi.o)
 .text.iscsi_rx_buffered_data
                0x0000000000009c76       0x51 bin/blib.a(iscsi.o)
 .text.iscsi_handle_authmethod_value
                0x0000000000009cc7       0x1e bin/blib.a(iscsi.o)
 .text.iscsi_large_binary_decode
                0x0000000000009ce5       0x38 bin/blib.a(iscsi.o)
 .text.iscsi_handle_chap_r_value
                0x0000000000009d1d       0xd7 bin/blib.a(iscsi.o)
 .text.iscsi_handle_chap_c_value
                0x0000000000009df4       0x76 bin/blib.a(iscsi.o)
 .text.iscsi_handle_chap_i_value
                0x0000000000009e6a       0x7a bin/blib.a(iscsi.o)
 .text.iscsi_free
                0x0000000000009ee4       0x6b bin/blib.a(iscsi.o)
 .text.iscsi_build_login_request_strings
                0x0000000000009f4f      0x150 bin/blib.a(iscsi.o)
 .text.iscsi_start_login
                0x000000000000a09f       0x92 bin/blib.a(iscsi.o)
 .text.iscsi_scsi_command
                0x000000000000a131      0x117 bin/blib.a(iscsi.o)
 .text.iscsi_tx_data
                0x000000000000a248       0xed bin/blib.a(iscsi.o)
 .text.iscsi_tx_bhs
                0x000000000000a335       0x13 bin/blib.a(iscsi.o)
 .text.iscsi_parse_root_path
                0x000000000000a348       0xb3 bin/blib.a(iscsi.o)
 .text.iscsi_close
                0x000000000000a3fb       0x3a bin/blib.a(iscsi.o)
 .text.iscsi_socket_deliver
                0x000000000000a435      0x10b bin/blib.a(iscsi.o)
 .text.iscsi_command_close
                0x000000000000a540       0x2e bin/blib.a(iscsi.o)
 .text.iscsi_tx_step
                0x000000000000a56e       0xee bin/blib.a(iscsi.o)
 .text.iscsi_handle_chap_n_value
                0x000000000000a65c       0x1c bin/blib.a(iscsi.o)
 .text.iscsi_handle_chap_a_value
                0x000000000000a678       0x1a bin/blib.a(iscsi.o)
 .text.iscsi_handle_targetaddress_value
                0x000000000000a692       0x4f bin/blib.a(iscsi.o)
 .text.iscsi_open_connection
                0x000000000000a6e1       0x7e bin/blib.a(iscsi.o)
 .text.iscsi_open
                0x000000000000a75f      0x23f bin/blib.a(iscsi.o)
 .text.iscsi_scsi_done.constprop.11
                0x000000000000a99e       0x45 bin/blib.a(iscsi.o)
 .text.iscsi_rx_data
                0x000000000000a9e3      0x3d2 bin/blib.a(iscsi.o)
 .text.dhcp_discovery_tx
                0x000000000000adb5       0x10 bin/blib.a(dhcp.o)
 .text.dhcp_deliver
                0x000000000000adc5       0xca bin/blib.a(dhcp.o)
 .text.dhcp_pxebs_tx
                0x000000000000ae8f       0x42 bin/blib.a(dhcp.o)
 .text.dhcp_proxy_tx
                0x000000000000aed1       0x2a bin/blib.a(dhcp.o)
 .text.dhcp_set_state
                0x000000000000aefb       0x46 bin/blib.a(dhcp.o)
 .text.dhcp_finished
                0x000000000000af41       0x24 bin/blib.a(dhcp.o)
 .text.dhcp_pxebs_rx
                0x000000000000af65       0x9e bin/blib.a(dhcp.o)
 .text.dhcp_timer_expired
                0x000000000000b003       0x1a bin/blib.a(dhcp.o)
 .text.dhcp_proxy_rx
                0x000000000000b01d       0x4e bin/blib.a(dhcp.o)
 .text.dhcp_free
                0x000000000000b06b       0x1b bin/blib.a(dhcp.o)
 .text.dhcp_discovery_rx
                0x000000000000b086      0x12d bin/blib.a(dhcp.o)
 .text.dhcp_request_tx
                0x000000000000b1b3       0x44 bin/blib.a(dhcp.o)
 .text.dhcp_request_rx
                0x000000000000b1f7       0xc9 bin/blib.a(dhcp.o)
 .text.dhcp_create_packet
                0x000000000000b2c0       0xdb bin/blib.a(dhcp.o)
                0x000000000000b2c0                dhcp_create_packet
 .text.dhcp_create_request
                0x000000000000b39b      0x15a bin/blib.a(dhcp.o)
                0x000000000000b39b                dhcp_create_request
 .text.dhcp_tx  0x000000000000b4f5       0xf3 bin/blib.a(dhcp.o)
 .text.dhcp_pxebs_expired
                0x000000000000b5e8       0x44 bin/blib.a(dhcp.o)
 .text.dhcp_discovery_expired
                0x000000000000b62c       0x30 bin/blib.a(dhcp.o)
 .text.dhcp_request_expired
                0x000000000000b65c        0x5 bin/blib.a(dhcp.o)
 .text.dhcp_proxy_expired
                0x000000000000b661       0x25 bin/blib.a(dhcp.o)
 .text.get_cached_dhcpack
                0x000000000000b686        0x1 bin/blib.a(dhcp.o)
                0x000000000000b686                get_cached_dhcpack
 .text.start_dhcp
                0x000000000000b687       0xe5 bin/blib.a(dhcp.o)
                0x000000000000b687                start_dhcp
 .text.start_pxebs
                0x000000000000b76c      0x21c bin/blib.a(dhcp.o)
                0x000000000000b76c                start_pxebs
 .text.dns_skip_name
                0x000000000000b988       0x1a bin/blib.a(dns.o)
 .text.apply_dns_settings
                0x000000000000b9a2       0x45 bin/blib.a(dns.o)
 .text.dns_done
                0x000000000000b9e7       0x24 bin/blib.a(dns.o)
 .text.dns_xfer_close
                0x000000000000ba0b        0xe bin/blib.a(dns.o)
 .text.dns_send_packet
                0x000000000000ba19       0x33 bin/blib.a(dns.o)
 .text.dns_resolv
                0x000000000000ba4c      0x14e bin/blib.a(dns.o)
 .text.dns_xfer_deliver
                0x000000000000bb9a      0x211 bin/blib.a(dns.o)
 .text.dns_timer_expired
                0x000000000000bdab       0x16 bin/blib.a(dns.o)
 .text.tftp_xfer_window
                0x000000000000bdc1        0x4 bin/blib.a(tftp.o)
 .text.tftp_reopen
                0x000000000000bdc5       0x57 bin/blib.a(tftp.o)
 .text.tftp_reopen_mc
                0x000000000000be1c       0x23 bin/blib.a(tftp.o)
 .text.tftp_process_multicast
                0x000000000000be3f       0xec bin/blib.a(tftp.o)
 .text.tftp_send_packet
                0x000000000000bf2b      0x162 bin/blib.a(tftp.o)
 .text.tftp_done
                0x000000000000c08d       0x2e bin/blib.a(tftp.o)
 .text.tftp_core_open
                0x000000000000c0bb      0x101 bin/blib.a(tftp.o)
 .text.mtftp_open
                0x000000000000c1bc       0x12 bin/blib.a(tftp.o)
 .text.tftm_open
                0x000000000000c1ce        0xf bin/blib.a(tftp.o)
 .text.tftpsize_open
                0x000000000000c1dd        0xf bin/blib.a(tftp.o)
 .text.tftp_open
                0x000000000000c1ec        0xf bin/blib.a(tftp.o)
 .text.tftp_timer_expired
                0x000000000000c1fb       0x84 bin/blib.a(tftp.o)
 .text.tftp_free
                0x000000000000c27f       0x1b bin/blib.a(tftp.o)
 .text.tftp_apply_settings
                0x000000000000c29a       0x71 bin/blib.a(tftp.o)
 .text.tftp_process_tsize
                0x000000000000c30b       0x27 bin/blib.a(tftp.o)
 .text.tftp_process_blksize
                0x000000000000c332       0x27 bin/blib.a(tftp.o)
 .text.tftp_presize.part.7
                0x000000000000c359       0x32 bin/blib.a(tftp.o)
 .text.tftp_send_error.constprop.9
                0x000000000000c38b       0x72 bin/blib.a(tftp.o)
 .text.tftp_rx  0x000000000000c3fd      0x293 bin/blib.a(tftp.o)
 .text.tftp_socket_deliver
                0x000000000000c690        0x9 bin/blib.a(tftp.o)
 .text.elf_load
                0x000000000000c699      0x141 bin/blib.a(elf.o)
                0x000000000000c699                elf_load
 .text.embedded_init
                0x000000000000c7da       0x19 bin/blib.a(embedded.o)
 .text.terminate_on_label_found
                0x000000000000c7f3        0x9 bin/blib.a(script.o)
 .text.prompt_exec
                0x000000000000c7fc       0x54 bin/blib.a(script.o)
 .text.process_script
                0x000000000000c850      0x15d bin/blib.a(script.o)
 .text.script_exec
                0x000000000000c9ad       0x3c bin/blib.a(script.o)
 .text.terminate_on_exit_or_failure
                0x000000000000c9e9       0x21 bin/blib.a(script.o)
 .text.script_exec_line
                0x000000000000ca0a        0xc bin/blib.a(script.o)
 .text.script_probe
                0x000000000000ca16       0x63 bin/blib.a(script.o)
 .text.goto_exec
                0x000000000000ca79       0x85 bin/blib.a(script.o)
 .text.goto_find_label
                0x000000000000cafe       0x2c bin/blib.a(script.o)
 .text.prep_segment
                0x000000000000cb2a       0x81 bin/blib.a(segment.o)
                0x000000000000cb2a                prep_segment
 .text.pci_bar  0x000000000000cbab       0x4a bin/blib.a(pci.o)
 .text.adjust_pci_device
                0x000000000000cbf5       0x54 bin/blib.a(pci.o)
                0x000000000000cbf5                adjust_pci_device
 .text.pci_read_config
                0x000000000000cc49      0x140 bin/blib.a(pci.o)
                0x000000000000cc49                pci_read_config
 .text.pci_find_next
                0x000000000000cd89       0x55 bin/blib.a(pci.o)
                0x000000000000cd89                pci_find_next
 .text.pci_find_driver
                0x000000000000cdde       0x5d bin/blib.a(pci.o)
                0x000000000000cdde                pci_find_driver
 .text.pci_probe
                0x000000000000ce3b        0x7 bin/blib.a(pci.o)
                0x000000000000ce3b                pci_probe
 .text.pci_remove
                0x000000000000ce42        0x7 bin/blib.a(pci.o)
                0x000000000000ce42                pci_remove
 .text.pcibus_remove
                0x000000000000ce49       0x3f bin/blib.a(pci.o)
 .text.pcibus_probe
                0x000000000000ce88       0x86 bin/blib.a(pci.o)
 .text.pci_settings_applies
                0x000000000000cf0e        0xd bin/blib.a(pci_settings.o)
 .text.pci_settings_init
                0x000000000000cf1b       0x11 bin/blib.a(pci_settings.o)
 .text.pci_settings_fetch
                0x000000000000cf2c       0x7e bin/blib.a(pci_settings.o)
 .text.mii_restart
                0x000000000000cfaa       0x1f bin/blib.a(mii.o)
                0x000000000000cfaa                mii_restart
 .text.mii_reset
                0x000000000000cfc9       0x4a bin/blib.a(mii.o)
                0x000000000000cfc9                mii_reset
 .text.ibft_set_ipaddr_setting
                0x000000000000d013       0x66 bin/blib.a(ibft.o)
 .text.ibft_set_string
                0x000000000000d079       0x49 bin/blib.a(ibft.o)
 .text.ibft_describe
                0x000000000000d0c2      0x2cb bin/blib.a(ibft.o)
                0x000000000000d0c2                ibft_describe
 .text.scsicmd_read_capacity_cmd
                0x000000000000d38d       0x32 bin/blib.a(scsi.o)
 .text.scsicmd_test_unit_ready_cmd
                0x000000000000d3bf        0x5 bin/blib.a(scsi.o)
 .text.scsicmd_close
                0x000000000000d3c4       0x1a bin/blib.a(scsi.o)
 .text.scsidev_close
                0x000000000000d3de       0x69 bin/blib.a(scsi.o)
 .text.scsicmd_write_cmd
                0x000000000000d447       0x54 bin/blib.a(scsi.o)
 .text.scsicmd_read_cmd
                0x000000000000d49b       0x54 bin/blib.a(scsi.o)
 .text.scsicmd_free
                0x000000000000d4ef       0x1e bin/blib.a(scsi.o)
 .text.scsi_response
                0x000000000000d50d       0x2f bin/blib.a(scsi.o)
                0x000000000000d50d                scsi_response
 .text.scsi_command
                0x000000000000d53c       0x40 bin/blib.a(scsi.o)
                0x000000000000d53c                scsi_command
 .text.scsicmd_command
                0x000000000000d57c       0x4b bin/blib.a(scsi.o)
 .text.scsicmd_read_capacity_done
                0x000000000000d5c7       0x91 bin/blib.a(scsi.o)
 .text.scsidev_command
                0x000000000000d658       0xbb bin/blib.a(scsi.o)
 .text.scsidev_read_capacity
                0x000000000000d713       0x15 bin/blib.a(scsi.o)
 .text.scsidev_write
                0x000000000000d728        0xc bin/blib.a(scsi.o)
 .text.scsidev_read
                0x000000000000d734        0xc bin/blib.a(scsi.o)
 .text.scsicmd_done
                0x000000000000d740       0x3a bin/blib.a(scsi.o)
 .text.scsidev_window
                0x000000000000d77a       0x11 bin/blib.a(scsi.o)
 .text.scsidev_ready
                0x000000000000d78b       0x2b bin/blib.a(scsi.o)
 .text.scsidev_step
                0x000000000000d7b6       0x42 bin/blib.a(scsi.o)
 .text.scsicmd_response
                0x000000000000d7f8       0x20 bin/blib.a(scsi.o)
 .text.scsi_parse_lun
                0x000000000000d818       0x5f bin/blib.a(scsi.o)
                0x000000000000d818                scsi_parse_lun
 .text.scsi_open
                0x000000000000d877       0xa3 bin/blib.a(scsi.o)
                0x000000000000d877                scsi_open
 .text.write_bit
                0x000000000000d91a        0xf bin/blib.a(bitbash.o)
                0x000000000000d91a                write_bit
 .text.read_bit
                0x000000000000d929        0xd bin/blib.a(bitbash.o)
                0x000000000000d929                read_bit
 .text.smbios_applies
                0x000000000000d936        0xd bin/blib.a(smbios_settings.o)
 .text.smbios_init
                0x000000000000d943       0x11 bin/blib.a(smbios_settings.o)
 .text.smbios_fetch
                0x000000000000d954      0x102 bin/blib.a(smbios_settings.o)
 .text.chap_init
                0x000000000000da56       0x37 bin/blib.a(chap.o)
                0x000000000000da56                chap_init
 .text.chap_update
                0x000000000000da8d        0xf bin/blib.a(chap.o)
                0x000000000000da8d                chap_update
 .text.chap_respond
                0x000000000000da9c       0x10 bin/blib.a(chap.o)
                0x000000000000da9c                chap_respond
 .text.chap_finish
                0x000000000000daac       0x16 bin/blib.a(chap.o)
                0x000000000000daac                chap_finish
 .text.md5_f_0_15
                0x000000000000dac2       0x10 bin/blib.a(md5.o)
 .text.md5_f_16_31
                0x000000000000dad2       0x10 bin/blib.a(md5.o)
 .text.md5_f_32_47
                0x000000000000dae2        0xc bin/blib.a(md5.o)
 .text.md5_f_48_63
                0x000000000000daee        0xe bin/blib.a(md5.o)
 .text.md5_init
                0x000000000000dafc       0x23 bin/blib.a(md5.o)
 .text.md5_update
                0x000000000000db1f       0xc6 bin/blib.a(md5.o)
 .text.md5_final
                0x000000000000dbe5       0x5a bin/blib.a(md5.o)
 .text.strerror
                0x000000000000dc3f       0x6c bin/blib.a(strerror.o)
                0x000000000000dc3f                strerror
 .text.autoboot_exec
                0x000000000000dcab       0x12 bin/blib.a(autoboot_cmd.o)
 .text.config_exec
                0x000000000000dcbd       0x69 bin/blib.a(config_cmd.o)
 .text.dhcp_exec
                0x000000000000dd26       0x12 bin/blib.a(dhcp_cmd.o)
 .text.dhcp_payload
                0x000000000000dd38       0x32 bin/blib.a(dhcp_cmd.o)
 .text.pxebs_exec
                0x000000000000dd6a       0x80 bin/blib.a(dhcp_cmd.o)
 .text.ifstat_payload
                0x000000000000ddea        0x8 bin/blib.a(ifmgmt_cmd.o)
 .text.ifclose_payload
                0x000000000000ddf2        0x8 bin/blib.a(ifmgmt_cmd.o)
 .text.ifopen_payload
                0x000000000000ddfa        0x5 bin/blib.a(ifmgmt_cmd.o)
 .text.ifcommon_exec
                0x000000000000ddff       0x90 bin/blib.a(ifmgmt_cmd.o)
                0x000000000000ddff                ifcommon_exec
 .text.ifstat_exec
                0x000000000000de8f       0x12 bin/blib.a(ifmgmt_cmd.o)
 .text.ifclose_exec
                0x000000000000dea1       0x12 bin/blib.a(ifmgmt_cmd.o)
 .text.ifopen_exec
                0x000000000000deb3       0x12 bin/blib.a(ifmgmt_cmd.o)
 .text.image_clear_cmdline
                0x000000000000dec5        0x7 bin/blib.a(image_cmd.o)
 .text.imgsingle_exec
                0x000000000000decc      0x13f bin/blib.a(image_cmd.o)
 .text.imgargs_exec
                0x000000000000e00b        0xa bin/blib.a(image_cmd.o)
 .text.imgexec_exec
                0x000000000000e015        0xa bin/blib.a(image_cmd.o)
 .text.imgselect_exec
                0x000000000000e01f        0xa bin/blib.a(image_cmd.o)
 .text.imgfetch_exec
                0x000000000000e029        0xa bin/blib.a(image_cmd.o)
 .text.imgselect
                0x000000000000e033        0x5 bin/blib.a(image_cmd.o)
 .text.imgmulti_exec
                0x000000000000e038       0x94 bin/blib.a(image_cmd.o)
 .text.imgfree_exec
                0x000000000000e0cc        0xa bin/blib.a(image_cmd.o)
 .text.imgstat_exec
                0x000000000000e0d6        0xa bin/blib.a(image_cmd.o)
 .text.imgexec  0x000000000000e0e0       0x28 bin/blib.a(image_cmd.o)
 .text.login_exec
                0x000000000000e108       0x39 bin/blib.a(login_cmd.o)
 .text.choose_exec
                0x000000000000e141       0xbd bin/blib.a(menu_cmd.o)
 .text.item_exec
                0x000000000000e1fe       0xb4 bin/blib.a(menu_cmd.o)
 .text.menu_exec
                0x000000000000e2b2       0x67 bin/blib.a(menu_cmd.o)
 .text.clear_value
                0x000000000000e319        0x9 bin/blib.a(nvo_cmd.o)
 .text.inc_exec
                0x000000000000e322       0xc7 bin/blib.a(nvo_cmd.o)
 .text.read_value
                0x000000000000e3e9       0x2d bin/blib.a(nvo_cmd.o)
 .text.set_core_exec
                0x000000000000e416       0x96 bin/blib.a(nvo_cmd.o)
 .text.read_exec
                0x000000000000e4ac       0x10 bin/blib.a(nvo_cmd.o)
 .text.clear_exec
                0x000000000000e4bc       0x10 bin/blib.a(nvo_cmd.o)
 .text.set_exec
                0x000000000000e4cc       0x10 bin/blib.a(nvo_cmd.o)
 .text.set_value
                0x000000000000e4dc       0x1b bin/blib.a(nvo_cmd.o)
 .text.show_exec
                0x000000000000e4f7       0xaa bin/blib.a(nvo_cmd.o)
 .text.reboot_exec
                0x000000000000e5a1       0x23 bin/blib.a(reboot_cmd.o)
 .text.route_exec
                0x000000000000e5c4       0x25 bin/blib.a(route_cmd.o)
 .text.sanboot_core_exec
                0x000000000000e5e9       0x9a bin/blib.a(sanboot_cmd.o)
 .text.sanunhook_exec
                0x000000000000e683        0xf bin/blib.a(sanboot_cmd.o)
 .text.sanboot_exec
                0x000000000000e692        0xf bin/blib.a(sanboot_cmd.o)
 .text.sanhook_exec
                0x000000000000e6a1        0xf bin/blib.a(sanboot_cmd.o)
 .text.sync_exec
                0x000000000000e6b0       0x45 bin/blib.a(sync_cmd.o)
 .text.login_ui
                0x000000000000e6f5      0x22c bin/blib.a(login_ui.o)
                0x000000000000e6f5                login_ui
 .text.draw_menu_item
                0x000000000000e921      0x163 bin/blib.a(menu_ui.o)
 .text.draw_menu_items
                0x000000000000ea84       0xd1 bin/blib.a(menu_ui.o)
 .text.show_menu
                0x000000000000eb55      0x3a6 bin/blib.a(menu_ui.o)
                0x000000000000eb55                show_menu
 .text.clearmsg
                0x000000000000eefb       0x18 bin/blib.a(settings_ui.o)
 .text.vmsg     0x000000000000ef13       0x61 bin/blib.a(settings_ui.o)
 .text.msg      0x000000000000ef74       0x12 bin/blib.a(settings_ui.o)
 .text.string_copy
                0x000000000000ef86       0x2d bin/blib.a(settings_ui.o)
 .text.draw_setting_row
                0x000000000000efb3       0xe7 bin/blib.a(settings_ui.o)
 .text.select_setting_row
                0x000000000000f09a      0x126 bin/blib.a(settings_ui.o)
 .text.reveal_setting_row.part.1
                0x000000000000f1c0       0xc0 bin/blib.a(settings_ui.o)
 .text.init_widget
                0x000000000000f280       0x8f bin/blib.a(settings_ui.o)
 .text.colour_set.constprop.2
                0x000000000000f30f        0xe bin/blib.a(settings_ui.o)
 .text.alert    0x000000000000f31d       0x45 bin/blib.a(settings_ui.o)
 .text.main_loop
                0x000000000000f362      0x31c bin/blib.a(settings_ui.o)
 .text.settings_ui
                0x000000000000f67e       0x8f bin/blib.a(settings_ui.o)
                0x000000000000f67e                settings_ui
 .text.ansiscr_peek
                0x000000000000f70d        0x5 bin/blib.a(ansi_screen.o)
 .text.ansiscr_getc
                0x000000000000f712        0x5 bin/blib.a(ansi_screen.o)
 .text.ansiscr_movetoyx
                0x000000000000f717       0x30 bin/blib.a(ansi_screen.o)
 .text.ansiscr_exit
                0x000000000000f747       0x2a bin/blib.a(ansi_screen.o)
 .text.ansiscr_init
                0x000000000000f771       0x36 bin/blib.a(ansi_screen.o)
 .text.ansiscr_putc
                0x000000000000f7a7       0x77 bin/blib.a(ansi_screen.o)
 .text.wclrtobot
                0x000000000000f81e       0x34 bin/blib.a(clear.o)
                0x000000000000f81e                wclrtobot
 .text.wclrtoeol
                0x000000000000f852       0x31 bin/blib.a(clear.o)
                0x000000000000f852                wclrtoeol
 .text.werase   0x000000000000f883       0x17 bin/blib.a(clear.o)
                0x000000000000f883                werase
 .text.init_pair
                0x000000000000f89a       0x28 bin/blib.a(colour.o)
                0x000000000000f89a                init_pair
 .text.pair_content
                0x000000000000f8c2       0x28 bin/blib.a(colour.o)
                0x000000000000f8c2                pair_content
 .text._wupdcurs
                0x000000000000f8ea       0x16 bin/blib.a(mucurses.o)
 .text._wputch  0x000000000000f900       0x4e bin/blib.a(mucurses.o)
                0x000000000000f900                _wputch
 .text._wputc   0x000000000000f94e        0xb bin/blib.a(mucurses.o)
                0x000000000000f94e                _wputc
 .text._wputstr
                0x000000000000f959       0x2f bin/blib.a(mucurses.o)
                0x000000000000f959                _wputstr
 .text.wmove    0x000000000000f988       0x1f bin/blib.a(mucurses.o)
                0x000000000000f988                wmove
 .text._printw_handler
                0x000000000000f9a7        0xd bin/blib.a(print.o)
 .text.waddnstr
                0x000000000000f9b4        0xb bin/blib.a(print.o)
                0x000000000000f9b4                waddnstr
 .text.vw_printw
                0x000000000000f9bf       0x1b bin/blib.a(print.o)
                0x000000000000f9bf                vw_printw
 .text.wprintw  0x000000000000f9da       0x12 bin/blib.a(print.o)
                0x000000000000f9da                wprintw
 .text.wattroff
                0x000000000000f9ec        0x8 bin/blib.a(winattrs.o)
                0x000000000000f9ec                wattroff
 .text.wattron  0x000000000000f9f4        0x6 bin/blib.a(winattrs.o)
                0x000000000000f9f4                wattron
 .text.wattrset
                0x000000000000f9fa       0x11 bin/blib.a(winattrs.o)
                0x000000000000f9fa                wattrset
 .text.wcolour_set
                0x000000000000fa0b       0x1f bin/blib.a(winattrs.o)
                0x000000000000fa0b                wcolour_set
 .text.initscr  0x000000000000fa2a       0x37 bin/blib.a(wininit.o)
                0x000000000000fa2a                initscr
 .text.endwin   0x000000000000fa61       0x51 bin/blib.a(wininit.o)
                0x000000000000fa61                endwin
 .text.init_editbox
                0x000000000000fab2       0x55 bin/blib.a(editbox.o)
                0x000000000000fab2                init_editbox
 .text.draw_editbox
                0x000000000000fb07       0xef bin/blib.a(editbox.o)
                0x000000000000fb07                draw_editbox
 .text.shell_banner
                0x000000000000fbf6       0x28 bin/blib.a(autoboot.o)
 .text.parse_next_server_and_filename
                0x000000000000fc1e       0x6f bin/blib.a(autoboot.o)
 .text.uriboot  0x000000000000fc8d      0x153 bin/blib.a(autoboot.o)
                0x000000000000fc8d                uriboot
 .text.fetch_next_server_and_filename
                0x000000000000fde0       0xb1 bin/blib.a(autoboot.o)
                0x000000000000fde0                fetch_next_server_and_filename
 .text.netboot.part.2
                0x000000000000fe91      0x201 bin/blib.a(autoboot.o)
 .text.netboot  0x0000000000010092       0x38 bin/blib.a(autoboot.o)
                0x0000000000010092                netboot
 .text.autoboot
                0x00000000000100ca       0x3d bin/blib.a(autoboot.o)
                0x00000000000100ca                autoboot
 .text.ipxe     0x0000000000010107       0x93 bin/blib.a(autoboot.o)
                0x0000000000010107                ipxe
 .text.dhcp     0x000000000001019a       0x6f bin/blib.a(dhcpmgmt.o)
                0x000000000001019a                dhcp
 .text.pxebs    0x0000000000010209       0x39 bin/blib.a(dhcpmgmt.o)
                0x0000000000010209                pxebs
 .text.ifstat_errors
                0x0000000000010242       0x36 bin/blib.a(ifmgmt.o)
 .text.ifopen   0x0000000000010278       0x2b bin/blib.a(ifmgmt.o)
                0x0000000000010278                ifopen
 .text.ifclose  0x00000000000102a3        0x5 bin/blib.a(ifmgmt.o)
                0x00000000000102a3                ifclose