Archive member included because of file (symbol)

bin/blib.a(realtek.o)         (obj_realtek)
bin/blib.a(nvs.o)             bin/blib.a(realtek.o) (nvs_read)
bin/blib.a(threewire.o)       bin/blib.a(realtek.o) (threewire_read)
bin/blib.a(spi_bit.o)         bin/blib.a(realtek.o) (init_spi_bit_basher)
bin/blib.a(config.o)          (obj_config)
bin/blib.a(timer2.o)          bin/blib.a(realtek.o) (timer2_udelay)
bin/blib.a(bios_console.o)    bin/blib.a(config.o) (obj_bios_console)
bin/blib.a(bzimage.o)         bin/blib.a(config.o) (obj_bzimage)
bin/blib.a(elfboot.o)         bin/blib.a(config.o) (obj_elfboot)
bin/blib.a(initrd.o)          bin/blib.a(bzimage.o) (initrd_reshuffle)
bin/blib.a(multiboot.o)       bin/blib.a(config.o) (obj_multiboot)
bin/blib.a(pxe_image.o)       bin/blib.a(config.o) (obj_pxe_image)
bin/blib.a(pxe_call.o)        bin/blib.a(pxe_image.o) (pxe_activate)
bin/blib.a(pxe_file.o)        bin/blib.a(pxe_call.o) (obj_pxe_file)
bin/blib.a(pxe_loader.o)      bin/blib.a(pxe_call.o) (undi_loader)
bin/blib.a(pxe_preboot.o)     bin/blib.a(pxe_call.o) (obj_pxe_preboot)
bin/blib.a(pxe_tftp.o)        bin/blib.a(pxe_preboot.o) (pxenv_tftp_read_file)
bin/blib.a(pxe_udp.o)         bin/blib.a(pxe_call.o) (obj_pxe_udp)
bin/blib.a(pxe_undi.o)        bin/blib.a(pxe_preboot.o) (pxe_netdev)
bin/blib.a(x86_string.o)      bin/blib.a(realtek.o) (__memcpy)
bin/blib.a(cpuid_cmd.o)       bin/blib.a(config.o) (obj_cpuid_cmd)
bin/blib.a(setjmp.o)          bin/blib.a(pxe_call.o) (setjmp)
bin/blib.a(virtaddr.o)        bin/blib.a(elfboot.o) (_virt_to_phys)
bin/blib.a(librm.o)           bin/blib.a(pxe_call.o) (rm_cs)
bin/blib.a(libprefix.o)       bin/blib.a(pxe_preboot.o) (hooked_bios_interrupts)
bin/blib.a(romprefix.o)       (_rom_start)
bin/blib.a(unnrv2b16.o)       bin/blib.a(libprefix.o) (decompress16)
bin/blib.a(pxe_entry.o)       bin/blib.a(pxe_call.o) (ppxe)
bin/blib.a(ansiesc.o)         bin/blib.a(bios_console.o) (ansiesc_process)
bin/blib.a(cpio.o)            bin/blib.a(bzimage.o) (cpio_set_field)
bin/blib.a(device.o)          bin/blib.a(pxe_call.o) (device_keep_count)
bin/blib.a(exec.o)            bin/blib.a(pxe_file.o) (system)
bin/blib.a(getopt.o)          bin/blib.a(cpuid_cmd.o) (optind)
bin/blib.a(image.o)           bin/blib.a(bzimage.o) (unregister_image)
bin/blib.a(init.o)            bin/blib.a(pxe_loader.o) (initialise)
bin/blib.a(interface.o)       bin/blib.a(pxe_tftp.o) (null_intf)
bin/blib.a(iobuf.o)           bin/blib.a(realtek.o) (alloc_iob)
bin/blib.a(list.o)            bin/blib.a(device.o) (extern_list_add)
bin/blib.a(main.o)            bin/blib.a(romprefix.o) (main)
bin/blib.a(malloc.o)          bin/blib.a(realtek.o) (alloc_memblock)
bin/blib.a(memblock.o)        bin/blib.a(initrd.o) (largest_memblock)
bin/blib.a(misc.o)            bin/blib.a(bzimage.o) (strtoul)
bin/blib.a(nvo.o)             bin/blib.a(realtek.o) (nvo_init)
bin/blib.a(open.o)            bin/blib.a(pxe_tftp.o) (xfer_open_uri_string)
bin/blib.a(parseopt.o)        bin/blib.a(cpuid_cmd.o) (parse_integer)
bin/blib.a(posix_io.o)        bin/blib.a(pxe_file.o) (open)
bin/blib.a(process.o)         bin/blib.a(pxe_tftp.o) (step)
bin/blib.a(refcnt.o)          bin/blib.a(bzimage.o) (ref_increment)
bin/blib.a(settings.o)        bin/blib.a(nvo.o) (unregister_settings)
bin/blib.a(string.o)          bin/blib.a(settings.o) (strcpy)
bin/blib.a(timer.o)           bin/blib.a(realtek.o) (mdelay)
bin/blib.a(uri.o)             bin/blib.a(settings.o) (uri_encode)
bin/blib.a(uuid.o)            bin/blib.a(settings.o) (uuid_ntoa)
bin/blib.a(version.o)         bin/blib.a(multiboot.o) (product_version)
bin/blib.a(vsprintf.o)        bin/blib.a(multiboot.o) (snprintf)
bin/blib.a(xfer.o)            bin/blib.a(pxe_tftp.o) (xfer_deliver)
bin/blib.a(arp.o)             bin/blib.a(pxe_undi.o) (arp_protocol)
bin/blib.a(dhcpopts.o)        bin/blib.a(nvo.o) (dhcpopt_no_realloc)
bin/blib.a(ethernet.o)        bin/blib.a(realtek.o) (alloc_etherdev)
bin/blib.a(eth_slow.o)        bin/blib.a(ethernet.o) (obj_eth_slow)
bin/blib.a(fakedhcp.o)        bin/blib.a(pxe_preboot.o) (create_fakedhcpdiscover)
bin/blib.a(iobpad.o)          bin/blib.a(realtek.o) (iob_pad)
bin/blib.a(ipv4.o)            bin/blib.a(pxe_undi.o) (ipv4_protocol)
bin/blib.a(netdevice.o)       bin/blib.a(ipv4.o) (net_devices)
bin/blib.a(netdev_settings.o)
                              bin/blib.a(netdevice.o) (netdev_settings_operations)
bin/blib.a(nullnet.o)         bin/blib.a(realtek.o) (null_netdev_operations)
bin/blib.a(rarp.o)            bin/blib.a(pxe_undi.o) (rarp_protocol)
bin/blib.a(retry.o)           bin/blib.a(arp.o) (start_timer)
bin/blib.a(tcpip.o)           bin/blib.a(ipv4.o) (tcpip_rx)
bin/blib.a(udp.o)             bin/blib.a(pxe_udp.o) (udp_open_promisc)
bin/blib.a(http.o)            bin/blib.a(config.o) (obj_http)
bin/blib.a(httpcore.o)        bin/blib.a(http.o) (http_open_filter)
bin/blib.a(iscsi.o)           bin/blib.a(config.o) (obj_iscsi)
[...]
Memory Configuration

Name             Origin             Length             Attributes
*default*        0x0000000000000000 0xffffffffffffffff

Linker script and memory map

                0x0000000000000010                PROVIDE (_max_align, 0x10)

.prefix         0x0000000000000000      0x880
                0x0000000000000000                _prefix = .
 *(.prefix)
 .prefix        0x0000000000000000      0x482 bin/blib.a(romprefix.o)
                0x0000000000000000                _rom_start
                0x0000000000000083                undiheader
                0x0000000000000359                image_source
                0x000000000000035f                decompress_to
 .prefix        0x0000000000000482       0x4b bin/blib.a(undiloader.o)
                0x0000000000000482                undiloader
 *(.prefix.*)
 .prefix.lib    0x00000000000004cd      0x2c2 bin/blib.a(libprefix.o)
                0x00000000000004cd                print_character
                0x00000000000004ec                print_message
                0x00000000000004f9                print_hex_dword
                0x0000000000000504                print_hex_word
                0x000000000000050b                print_hex_byte
                0x0000000000000514                print_hex_nibble
                0x0000000000000521                print_pci_busdevfn
                0x0000000000000542                print_kill_line
                0x000000000000062b                alloc_basemem
                0x000000000000064c                install
                0x0000000000000669                install_prealloc
 .prefix.data   0x000000000000078f       0x56 bin/blib.a(libprefix.o)
 .prefix.lib    0x00000000000007e5       0x9b bin/blib.a(unnrv2b16.o)
                0x00000000000007e5                decompress16
                0x0000000000000880                _mprefix = .

.bss.prefix     0x0000000000000880        0x0 load address 0x0000000000019040
                0x0000000000000880                _eprefix = .
                0x0000000000000880                _prefix_filesz = (ABSOLUTE (_mprefix) - ABSOLUTE (_prefix))
                0x0000000000000880                _prefix_memsz = (ABSOLUTE (_eprefix) - ABSOLUTE (_prefix))

.text16.early   0x0000000000000000       0xee load address 0x0000000000000880
                0x0000000000000000                _text16 = .
 *(.text16.null)
 .text16.null   0x0000000000000000        0x3 bin/blib.a(pxe_entry.o)
 *(.text16.null.*)
                0x0000000000000004                . = (. + 0x1)
 *fill*         0x0000000000000003        0x1 00
 *(.text16.early)
 .text16.early  0x0000000000000004       0xe5 bin/blib.a(liba20.o)
                0x000000000000009b                enable_a20
                0x00000000000000e5                access_highmem
 *(.text16.early.*)
 .text16.early.data
                0x00000000000000e9        0x2 bin/blib.a(libprefix.o)
                0x00000000000000e9                close_payload
                0x00000000000000e9                open_payload
 *fill*         0x00000000000000eb        0x1 00
 .text16.early.data
                0x00000000000000ec        0x2 bin/blib.a(liba20.o)
                0x00000000000000ee                _etext16_early = .

.text16.late    0x00000000000000f0      0x66c load address 0x0000000000000970
                0x00000000000000f0                _text16_late = .
 *(.text16)
 .text16        0x00000000000000f0       0x36 bin/blib.a(bios_console.o)
 .text16        0x0000000000000126       0x11 bin/blib.a(bzimage.o)
 .text16        0x0000000000000137        0xe bin/blib.a(pxe_call.o)
 .text16        0x0000000000000145      0x15d bin/blib.a(librm.o)
                0x0000000000000145                init_librm
                0x00000000000001c2                idt_init
                0x000000000000023c                prot_call
 .text16        0x00000000000002a2       0x34 bin/blib.a(libprefix.o)
                0x00000000000002a2                free_basemem
                0x00000000000002d2                uninstall
 .text16        0x00000000000002d6       0x20 bin/blib.a(romprefix.o)
 .text16        0x00000000000002f6       0x65 bin/blib.a(pxe_entry.o)
                0x000000000000032d                pxe_int_1a
 .text16        0x000000000000035b       0x13 bin/blib.a(memmap.o)
 .text16        0x000000000000036e        0x4 bin/blib.a(bios_nap.o)
 .text16        0x0000000000000372        0x6 bin/blib.a(bios_reboot.o)
 .text16        0x0000000000000378        0x5 bin/blib.a(bios_timer.o)
 .text16        0x000000000000037d       0x6a bin/blib.a(int13.o)
 .text16        0x00000000000003e7       0x1e bin/blib.a(pcibios.o)
 .text16        0x0000000000000405       0x45 bin/blib.a(bootsector.o)
 .text16        0x000000000000044a      0x25d bin/blib.a(e820mangler.o)
                0x000000000000067f                int15
 .text16        0x00000000000006a7        0x9 bin/blib.a(patch_cf.o)
                0x00000000000006a7                patch_cf
 *(.text16.*)
 .text16.data   0x00000000000006b0        0x2 bin/blib.a(librm.o)
                0x00000000000006b0                rm_ds
 .text16.data   0x00000000000006b2        0x2 bin/blib.a(libprefix.o)
                0x00000000000006b2                hooked_bios_interrupts
 *fill*         0x00000000000006b4        0xc 00
 .text16.data   0x00000000000006c0       0x90 bin/blib.a(pxe_entry.o)
                0x00000000000006c0                ppxe
                0x0000000000000720                pxenv
                0x000000000000074c                pxe_int_1a_vector
 .text16.data   0x0000000000000750        0x8 bin/blib.a(int13.o)
 .text16.data   0x0000000000000758        0x4 bin/blib.a(e820mangler.o)
                0x0000000000000758                int15_vector
                0x000000000000075c                _mtext16 = .

.bss.text16     0x000000000000075c        0x0 load address 0x0000000000019040
                0x000000000000075c                _etext16 = .
                0x00000000000000ee                _text16_early_filesz = (ABSOLUTE (_etext16_early) - ABSOLUTE (_text16))
                0x00000000000000ee                _text16_early_memsz = (ABSOLUTE (_etext16_early) - ABSOLUTE (_text16))
                0x000000000000066c                _text16_late_filesz = (ABSOLUTE (_mtext16) - ABSOLUTE (_text16_late))
                0x000000000000066c                _text16_late_memsz = (ABSOLUTE (_etext16) - ABSOLUTE (_text16_late))
                0x000000000000075c                _text16_memsz = (ABSOLUTE (_etext16) - ABSOLUTE (_text16))

.data16         0x0000000000000000       0xd2 load address 0x0000000000000fe0
                0x0000000000000000                _data16 = .
                0x0000000000000001                . = (. + 0x1)
 *fill*         0x0000000000000000        0x1 00
 *(.rodata16)
 *(.rodata16.*)
 *(.data16)
 *fill*         0x0000000000000001        0xf 00
 .data16        0x0000000000000010       0x52 bin/blib.a(librm.o)
                0x0000000000000048                idtr
                0x0000000000000050                rm_cs
 .data16        0x0000000000000062        0xc bin/blib.a(libprefix.o)
 *fill*         0x000000000000006e        0x2 00
 .data16        0x0000000000000070       0x14 bin/blib.a(int13.o)
 *fill*         0x0000000000000084        0xc 00
 .data16        0x0000000000000090       0x42 bin/blib.a(e820mangler.o)
                0x0000000000000098                hidemem_base
                0x00000000000000a8                hidemem_umalloc
                0x00000000000000b8                hidemem_textdata
 *(.data16.*)
                0x00000000000000d2                _mdata16 = .

.bss.data16     0x00000000000000e0     0x2bf8 load address 0x0000000000019040
 *(.bss16)
 .bss16         0x00000000000000e0      0x3b8 bin/blib.a(multiboot.o)
 .bss16         0x0000000000000498      0xec4 bin/blib.a(pxe_preboot.o)
 .bss16         0x000000000000135c      0x5ea bin/blib.a(basemem_packet.o)
                0x000000000000135c                basemem_packet
 *fill*         0x0000000000001946        0x2 00
 .bss16         0x0000000000001948       0x1c bin/blib.a(memmap.o)
                0x0000000000001948                memmap_post
 *fill*         0x0000000000001964        0xc 00
 .bss16         0x0000000000001970      0x320 bin/blib.a(int13.o)
 .bss16         0x0000000000001c90       0x48 bin/blib.a(e820mangler.o)
 *(.bss16.*)
 *(.stack16)
 .stack16       0x0000000000001cd8     0x1000 bin/blib.a(stack16.o)
                0x0000000000001cd8                _stack16
                0x0000000000002cd8                _estack16
 *(.stack16.*)
                0x0000000000002cd8                _edata16 = .
                0x00000000000000d2                _data16_filesz = (ABSOLUTE (_mdata16) - ABSOLUTE (_data16))
                0x0000000000002cd8                _data16_memsz = (ABSOLUTE (_edata16) - ABSOLUTE (_data16))

.textdata       0x0000000000000000    0x17ec4 load address 0x00000000000010c0
                0x0000000000000000                _textdata = .
 *(.text.null_trap)
 *(.text.null_trap.*)
                0x0000000000000001                . = (. + 0x1)
 *fill*         0x0000000000000000        0x1 00
 *(.text)
 *fill*         0x0000000000000001        0x3 00
 .text          0x0000000000000004       0x45 bin/blib.a(setjmp.o)
                0x0000000000000004                setjmp
                0x0000000000000022                longjmp
 *fill*         0x0000000000000049        0x3 00
 .text          0x000000000000004c       0x55 bin/blib.a(virtaddr.o)
                0x000000000000004c                _virt_to_phys
                0x0000000000000078                _phys_to_virt
 *fill*         0x00000000000000a1        0x3 00
 .text          0x00000000000000a4       0xa6 bin/blib.a(librm.o)
                0x0000000000000137                real_call
 *(.text.*)
 .text.realtek_spi_open_bit
                0x000000000000014a        0xe bin/blib.a(realtek.o)
 .text.realtek_spi_close_bit
                0x0000000000000158        0xe bin/blib.a(realtek.o)
 .text.realtek_spi_read_bit
                0x0000000000000166       0x10 bin/blib.a(realtek.o)
 .text.realtek_spi_write_bit
                0x0000000000000176       0x28 bin/blib.a(realtek.o)
 .text.realtek_irq
                0x000000000000019e       0x15 bin/blib.a(realtek.o)
 .text.realtek_transmit
                0x00000000000001b3       0xc8 bin/blib.a(realtek.o)
 .text.realtek_check_link
                0x000000000000027b       0x35 bin/blib.a(realtek.o)
 .text.realtek_mii_read
                0x00000000000002b0       0x4d bin/blib.a(realtek.o)
 .text.realtek_mii_write
                0x00000000000002fd       0x50 bin/blib.a(realtek.o)
 .text.realtek_reset.isra.10
                0x000000000000034d       0x31 bin/blib.a(realtek.o)
 .text.realtek_remove
                0x000000000000037e       0x37 bin/blib.a(realtek.o)
 .text.realtek_probe
                0x00000000000003b5      0x281 bin/blib.a(realtek.o)
 .text.realtek_refill_rx.part.12
                0x0000000000000636       0x81 bin/blib.a(realtek.o)
 .text.realtek_poll
                0x00000000000006b7      0x1d9 bin/blib.a(realtek.o)
 .text.realtek_destroy_ring.part.13
                0x0000000000000890       0x3d bin/blib.a(realtek.o)
 .text.realtek_close
                0x00000000000008cd       0x98 bin/blib.a(realtek.o)
 .text.realtek_create_ring
                0x0000000000000965       0x5b bin/blib.a(realtek.o)
 .text.realtek_open
                0x00000000000009c0       0xea bin/blib.a(realtek.o)
 .text.nvs_read
                0x0000000000000aaa       0x59 bin/blib.a(nvs.o)
                0x0000000000000aaa                nvs_read
 .text.nvs_verify
                0x0000000000000b03       0x4b bin/blib.a(nvs.o)
 .text.nvs_write
                0x0000000000000b4e       0x6b bin/blib.a(nvs.o)
                0x0000000000000b4e                nvs_write
 .text.threewire_read
                0x0000000000000bb9       0x1c bin/blib.a(threewire.o)
                0x0000000000000bb9                threewire_read
 .text.threewire_write
                0x0000000000000bd5       0x5f bin/blib.a(threewire.o)
                0x0000000000000bd5                threewire_write
 .text.spi_bit_set_slave_select
                0x0000000000000c34       0x36 bin/blib.a(spi_bit.o)
 .text.spi_bit_transfer
                0x0000000000000c6a       0xde bin/blib.a(spi_bit.o)
 .text.spi_bit_rw
                0x0000000000000d48       0xe3 bin/blib.a(spi_bit.o)
 .text.init_spi_bit_basher
                0x0000000000000e2b        0x8 bin/blib.a(spi_bit.o)
                0x0000000000000e2b                init_spi_bit_basher
 .text.timer2_udelay
                0x0000000000000e33       0x33 bin/blib.a(timer2.o)
                0x0000000000000e33                timer2_udelay
 .text.bios_handle_cup
                0x0000000000000e66       0x38 bin/blib.a(bios_console.o)
 .text.bios_handle_ed
                0x0000000000000e9e       0x25 bin/blib.a(bios_console.o)
 .text.bios_handle_sgr
                0x0000000000000ec3       0x6a bin/blib.a(bios_console.o)
 .text.bios_putchar
                0x0000000000000f2d       0x28 bin/blib.a(bios_console.o)
 .text.bios_iskey
                0x0000000000000f55       0x2a bin/blib.a(bios_console.o)
 .text.bios_getchar
                0x0000000000000f7f       0x8f bin/blib.a(bios_console.o)
 .text.bzimage_load_initrd
                0x000000000000100e      0x154 bin/blib.a(bzimage.o)
 .text.bzimage_parse_header.isra.0
                0x0000000000001162      0x13b bin/blib.a(bzimage.o)
 .text.bzimage_probe
                0x000000000000129d       0x1a bin/blib.a(bzimage.o)
                0x000000000000129d                bzimage_probe
 .text.bzimage_exec
                0x00000000000012b7      0x413 bin/blib.a(bzimage.o)
 .text.elfboot_exec
                0x00000000000016ca       0x39 bin/blib.a(elfboot.o)
 .text.elfboot_probe
                0x0000000000001703       0x34 bin/blib.a(elfboot.o)
 .text.initrd_startup
                0x0000000000001737       0x16 bin/blib.a(initrd.o)
 .text.initrd_reshuffle
                0x000000000000174d      0x15f bin/blib.a(initrd.o)
                0x000000000000174d                initrd_reshuffle
 .text.initrd_reshuffle_check
                0x00000000000018ac       0x30 bin/blib.a(initrd.o)
                0x00000000000018ac                initrd_reshuffle_check
 .text.multiboot_add_cmdline
                0x00000000000018dc       0x89 bin/blib.a(multiboot.o)
 .text.multiboot_find_header
                0x0000000000001965       0x79 bin/blib.a(multiboot.o)
 .text.multiboot_probe
                0x00000000000019de        0xe bin/blib.a(multiboot.o)
 .text.multiboot_exec
                0x00000000000019ec      0x326 bin/blib.a(multiboot.o)
 .text.pxe_exec
                0x0000000000001d12       0x7f bin/blib.a(pxe_image.o)
 .text.pxe_probe
                0x0000000000001d91       0x1d bin/blib.a(pxe_image.o)
                0x0000000000001d91                pxe_probe
 .text.pxenv_unknown
                0x0000000000001dae        0xb bin/blib.a(pxe_call.o)
 .text.pxe_init_structures
                0x0000000000001db9       0xea bin/blib.a(pxe_call.o)
 .text.pxe_api_call
                0x0000000000001ea3       0x87 bin/blib.a(pxe_call.o)
                0x0000000000001ea3                pxe_api_call
 .text.pxe_loader_call
                0x0000000000001f2a       0x5d bin/blib.a(pxe_call.o)
                0x0000000000001f2a                pxe_loader_call
 .text.pxe_activate
                0x0000000000001f87       0x3f bin/blib.a(pxe_call.o)
                0x0000000000001f87                pxe_activate
 .text.pxe_deactivate
                0x0000000000001fc6       0x3f bin/blib.a(pxe_call.o)
                0x0000000000001fc6                pxe_deactivate
 .text.pxe_start_nbp
                0x0000000000002005       0x73 bin/blib.a(pxe_call.o)
                0x0000000000002005                pxe_start_nbp
 .text.pxenv_file_cmdline
                0x0000000000002078       0x5c bin/blib.a(pxe_file.o)
 .text.pxenv_file_exec
                0x00000000000020d4       0x72 bin/blib.a(pxe_file.o)
 .text.pxenv_get_file_size
                0x0000000000002146       0x2c bin/blib.a(pxe_file.o)
 .text.pxenv_file_read
                0x0000000000002172       0x47 bin/blib.a(pxe_file.o)
 .text.pxenv_file_select
                0x00000000000021b9       0x44 bin/blib.a(pxe_file.o)
 .text.pxenv_file_close
                0x00000000000021fd       0x15 bin/blib.a(pxe_file.o)
 .text.pxenv_file_open
                0x0000000000002212       0x72 bin/blib.a(pxe_file.o)
 .text.pxenv_file_api_check
                0x0000000000002284       0x7d bin/blib.a(pxe_file.o)
 .text.undi_loader
                0x0000000000002301       0x3e bin/blib.a(pxe_loader.o)
                0x0000000000002301                undi_loader
 .text.pxenv_unload_stack
                0x000000000000233f        0x8 bin/blib.a(pxe_preboot.o)
 .text.pxenv_start_base
                0x0000000000002347        0xb bin/blib.a(pxe_preboot.o)
 .text.pxenv_stop_base
                0x0000000000002352        0x8 bin/blib.a(pxe_preboot.o)
 .text.pxenv_stop_undi
                0x000000000000235a       0x36 bin/blib.a(pxe_preboot.o)
 .text.pxenv_start_undi
                0x0000000000002390       0x69 bin/blib.a(pxe_preboot.o)
 .text.pxenv_get_cached_info
                0x00000000000023f9       0xbf bin/blib.a(pxe_preboot.o)
 .text.pxenv_restart_tftp
                0x00000000000024b8       0x42 bin/blib.a(pxe_preboot.o)
 .text.pxe_tftp_xfer_window
                0x00000000000024fa        0x4 bin/blib.a(pxe_tftp.o)
 .text.pxenv_tftp_read
                0x00000000000024fe       0x9d bin/blib.a(pxe_tftp.o)
 .text.pxe_tftp_open
                0x000000000000259b       0xca bin/blib.a(pxe_tftp.o)
 .text.pxe_tftp_close
                0x0000000000002665       0x11 bin/blib.a(pxe_tftp.o)
 .text.pxe_tftp_xfer_deliver
                0x0000000000002676       0x8d bin/blib.a(pxe_tftp.o)
 .text.pxenv_tftp_close
                0x0000000000002703       0x18 bin/blib.a(pxe_tftp.o)
 .text.pxenv_tftp_get_fsize
                0x000000000000271b       0x82 bin/blib.a(pxe_tftp.o)
 .text.pxenv_tftp_open
                0x000000000000279d       0x98 bin/blib.a(pxe_tftp.o)
 .text.pxenv_tftp_read_file
                0x0000000000002835       0x93 bin/blib.a(pxe_tftp.o)
                0x0000000000002835                pxenv_tftp_read_file
 .text.pxenv_udp_read
                0x00000000000028c8       0x5b bin/blib.a(pxe_udp.o)
 .text.pxe_udp_deliver
                0x0000000000002923       0x87 bin/blib.a(pxe_udp.o)
 .text.pxenv_udp_write
                0x00000000000029aa       0xd5 bin/blib.a(pxe_udp.o)
 .text.pxenv_udp_close
                0x0000000000002a7f       0x18 bin/blib.a(pxe_udp.o)
 .text.pxenv_udp_open
                0x0000000000002a97       0x3e bin/blib.a(pxe_udp.o)
 .text.pxenv_undi_startup
                0x0000000000002ad5       0x1c bin/blib.a(pxe_undi.o)
 .text.pxenv_undi_initialize
                0x0000000000002af1       0x1c bin/blib.a(pxe_undi.o)
 .text.pxenv_undi_set_mcast_address
                0x0000000000002b0d       0x1c bin/blib.a(pxe_undi.o)
 .text.pxenv_undi_set_packet_filter
                0x0000000000002b29       0x1c bin/blib.a(pxe_undi.o)
 .text.pxenv_undi_get_statistics
                0x0000000000002b45       0x38 bin/blib.a(pxe_undi.o)
 .text.pxenv_undi_clear_statistics
                0x0000000000002b7d       0x40 bin/blib.a(pxe_undi.o)
 .text.pxenv_undi_initiate_diags
                0x0000000000002bbd       0x1b bin/blib.a(pxe_undi.o)
 .text.pxenv_undi_force_interrupt
                0x0000000000002bd8       0x1b bin/blib.a(pxe_undi.o)
 .text.pxenv_undi_get_mcast_address
                0x0000000000002bf3       0x4c bin/blib.a(pxe_undi.o)
 .text.pxenv_undi_get_nic_type
                0x0000000000002c3f       0x95 bin/blib.a(pxe_undi.o)
 .text.pxenv_undi_get_information
                0x0000000000002cd4       0x86 bin/blib.a(pxe_undi.o)
 .text.pxenv_undi_set_station_address
                0x0000000000002d5a       0x42 bin/blib.a(pxe_undi.o)
 .text.pxenv_undi_isr
                0x0000000000002d9c      0x1bc bin/blib.a(pxe_undi.o)
 .text.pxenv_undi_get_iface_info
                0x0000000000002f58       0x63 bin/blib.a(pxe_undi.o)
 .text.pxenv_undi_transmit
                0x0000000000002fbb      0x1e4 bin/blib.a(pxe_undi.o)
 .text.pxe_netdev_close
                0x000000000000319f       0x25 bin/blib.a(pxe_undi.o)
 .text.pxenv_undi_close
                0x00000000000031c4       0x26 bin/blib.a(pxe_undi.o)
 .text.pxenv_undi_shutdown
                0x00000000000031ea       0x26 bin/blib.a(pxe_undi.o)
 .text.pxenv_undi_cleanup
                0x0000000000003210       0x26 bin/blib.a(pxe_undi.o)
 .text.pxe_netdev_open
                0x0000000000003236       0x28 bin/blib.a(pxe_undi.o)
 .text.pxenv_undi_open
                0x000000000000325e       0x35 bin/blib.a(pxe_undi.o)
 .text.pxenv_undi_reset_adapter
                0x0000000000003293       0x3a bin/blib.a(pxe_undi.o)
 .text.pxe_set_netdev
                0x00000000000032cd       0x32 bin/blib.a(pxe_undi.o)
                0x00000000000032cd                pxe_set_netdev
 .text.__memcpy
                0x00000000000032ff       0x1d bin/blib.a(x86_string.o)
                0x00000000000032ff                __memcpy
 .text.__memcpy_reverse
                0x000000000000331c       0x11 bin/blib.a(x86_string.o)
                0x000000000000331c                __memcpy_reverse
 .text.__memmove
                0x000000000000332d        0xe bin/blib.a(x86_string.o)
                0x000000000000332d                __memmove
 .text.memswap  0x000000000000333b       0x11 bin/blib.a(x86_string.o)
                0x000000000000333b                memswap
 .text.strlen   0x000000000000334c       0x11 bin/blib.a(x86_string.o)
                0x000000000000334c                strlen
 .text.strncmp  0x000000000000335d       0x1c bin/blib.a(x86_string.o)
                0x000000000000335d                strncmp
 .text.cpuid_exec
                0x0000000000003379       0x6d bin/blib.a(cpuid_cmd.o)
 .text.ansiesc_process
                0x00000000000033e6       0xbe bin/blib.a(ansiesc.o)
                0x00000000000033e6                ansiesc_process
 .text.cpio_set_field
                0x00000000000034a4       0x2a bin/blib.a(cpio.o)
                0x00000000000034a4                cpio_set_field
 .text.probe_devices
                0x00000000000034ce       0x52 bin/blib.a(device.o)
 .text.identify_device
                0x0000000000003520       0x31 bin/blib.a(device.o)
                0x0000000000003520                identify_device
 .text.remove_devices
                0x0000000000003551       0x40 bin/blib.a(device.o)
 .text.process_on_success
                0x0000000000003591        0x9 bin/blib.a(exec.o)
 .text.process_on_failure
                0x000000000000359a        0x9 bin/blib.a(exec.o)
 .text.process_always
                0x00000000000035a3        0x6 bin/blib.a(exec.o)
 .text.exit_exec
                0x00000000000035a9       0x4f bin/blib.a(exec.o)
 .text.split_command
                0x00000000000035f8       0x49 bin/blib.a(exec.o)
 .text.isset_exec
                0x0000000000003641       0x2f bin/blib.a(exec.o)
 .text.sleep_exec
                0x0000000000003670       0x79 bin/blib.a(exec.o)
 .text.iseq_exec
                0x00000000000036e9       0x3c bin/blib.a(exec.o)
 .text.execv    0x0000000000003725       0x8f bin/blib.a(exec.o)
                0x0000000000003725                execv
 .text.shell_stop
                0x00000000000037b4        0x6 bin/blib.a(exec.o)
                0x00000000000037b4                shell_stop
 .text.shell_stopped
                0x00000000000037ba       0x1c bin/blib.a(exec.o)
                0x00000000000037ba                shell_stopped
 .text.system   0x00000000000037d6      0x192 bin/blib.a(exec.o)
                0x00000000000037d6                system
 .text.concat_args
                0x0000000000003968       0x66 bin/blib.a(exec.o)
                0x0000000000003968                concat_args
 .text.echo_exec
                0x00000000000039ce       0x61 bin/blib.a(exec.o)
 .text.get_argv_argument
                0x0000000000003a2f       0x24 bin/blib.a(getopt.o)
 .text.getopt_long
                0x0000000000003a53      0x223 bin/blib.a(getopt.o)
                0x0000000000003a53                getopt_long
 .text.free_image
                0x0000000000003c76       0x35 bin/blib.a(image.o)
 .text.image_set_name
                0x0000000000003cab       0x28 bin/blib.a(image.o)
                0x0000000000003cab                image_set_name
 .text.alloc_image
                0x0000000000003cd3       0x50 bin/blib.a(image.o)
                0x0000000000003cd3                alloc_image
 .text.image_set_cmdline
                0x0000000000003d23       0x35 bin/blib.a(image.o)
                0x0000000000003d23                image_set_cmdline
 .text.unregister_image
                0x0000000000003d58       0x22 bin/blib.a(image.o)
                0x0000000000003d58                unregister_image
 .text.find_image
                0x0000000000003d7a       0x2f bin/blib.a(image.o)
                0x0000000000003d7a                find_image
 .text.image_probe
                0x0000000000003da9       0x34 bin/blib.a(image.o)
                0x0000000000003da9                image_probe
 .text.image_replace
                0x0000000000003ddd       0x39 bin/blib.a(image.o)
                0x0000000000003ddd                image_replace
 .text.image_select
                0x0000000000003e16       0x2c bin/blib.a(image.o)
                0x0000000000003e16                image_select
 .text.image_exec
                0x0000000000003e42       0xa1 bin/blib.a(image.o)
                0x0000000000003e42                image_exec
 .text.image_find_selected
                0x0000000000003ee3       0x1d bin/blib.a(image.o)
                0x0000000000003ee3                image_find_selected
 .text.register_image
                0x0000000000003f00       0x6a bin/blib.a(image.o)
                0x0000000000003f00                register_image
 .text.initialise
                0x0000000000003f6a       0x17 bin/blib.a(init.o)
                0x0000000000003f6a                initialise
 .text.startup  0x0000000000003f81       0x30 bin/blib.a(init.o)
                0x0000000000003f81                startup
 .text.shutdown
                0x0000000000003fb1       0x37 bin/blib.a(init.o)
                0x0000000000003fb1                shutdown
 .text.intf_plug
                0x0000000000003fe8       0x1d bin/blib.a(interface.o)
                0x0000000000003fe8                intf_plug
 .text.intf_plug_plug
                0x0000000000004005       0x16 bin/blib.a(interface.o)
                0x0000000000004005                intf_plug_plug
 .text.intf_unplug
                0x000000000000401b        0xa bin/blib.a(interface.o)
                0x000000000000401b                intf_unplug
 .text.intf_nullify
                0x0000000000004025        0x8 bin/blib.a(interface.o)
                0x0000000000004025                intf_nullify
 .text.intf_put
                0x000000000000402d        0x8 bin/blib.a(interface.o)
                0x000000000000402d                intf_put
 .text.intf_object
                0x0000000000004035        0x6 bin/blib.a(interface.o)
                0x0000000000004035                intf_object
 .text.intf_get_dest_op_no_passthru_untyped
                0x000000000000403b       0x35 bin/blib.a(interface.o)
                0x000000000000403b                intf_get_dest_op_no_passthru_untyped
 .text.intf_get_dest_op_untyped
                0x0000000000004070       0x34 bin/blib.a(interface.o)
                0x0000000000004070                intf_get_dest_op_untyped
 .text.intf_close
                0x00000000000040a4       0x32 bin/blib.a(interface.o)
                0x00000000000040a4                intf_close
 .text.intf_shutdown
                0x00000000000040d6       0x17 bin/blib.a(interface.o)
                0x00000000000040d6                intf_shutdown
 .text.intf_restart
                0x00000000000040ed       0x12 bin/blib.a(interface.o)
                0x00000000000040ed                intf_restart
 .text.alloc_iob_raw
                0x00000000000040ff       0x79 bin/blib.a(iobuf.o)
                0x00000000000040ff                alloc_iob_raw
 .text.alloc_iob
                0x0000000000004178       0x13 bin/blib.a(iobuf.o)
                0x0000000000004178                alloc_iob
 .text.free_iob
                0x000000000000418b       0x2d bin/blib.a(iobuf.o)
                0x000000000000418b                free_iob
 .text.iob_ensure_headroom
                0x00000000000041b8       0x12 bin/blib.a(iobuf.o)
                0x00000000000041b8                iob_ensure_headroom
 .text.extern_list_add
                0x00000000000041ca        0xd bin/blib.a(list.o)
                0x00000000000041ca                extern_list_add
 .text.extern_list_add_tail
                0x00000000000041d7        0xe bin/blib.a(list.o)
                0x00000000000041d7                extern_list_add_tail
 .text.startup.main
                0x00000000000041e5       0x31 bin/blib.a(main.o)
                0x00000000000041e5                main
 .text.discard_cache
                0x0000000000004216       0x1d bin/blib.a(malloc.o)
 .text.shutdown_cache
                0x0000000000004233        0xa bin/blib.a(malloc.o)
 .text.alloc_memblock
                0x000000000000423d       0x8b bin/blib.a(malloc.o)
                0x000000000000423d                alloc_memblock
 .text.free_memblock
                0x00000000000042c8       0x98 bin/blib.a(malloc.o)
                0x00000000000042c8                free_memblock
 .text.realloc  0x0000000000004360       0x5b bin/blib.a(malloc.o)
                0x0000000000004360                realloc
 .text.malloc   0x00000000000043bb        0x9 bin/blib.a(malloc.o)
                0x00000000000043bb                malloc
 .text.free     0x00000000000043c4        0x7 bin/blib.a(malloc.o)
                0x00000000000043c4                free
 .text.zalloc   0x00000000000043cb       0x1c bin/blib.a(malloc.o)
                0x00000000000043cb                zalloc
 .text.mpopulate
                0x00000000000043e7        0x8 bin/blib.a(malloc.o)
                0x00000000000043e7                mpopulate
 .text.init_heap
                0x00000000000043ef        0xf bin/blib.a(malloc.o)
 .text.largest_memblock
                0x00000000000043fe       0x6e bin/blib.a(memblock.o)
                0x00000000000043fe                largest_memblock
 .text.strtoul  0x000000000000446c       0x85 bin/blib.a(misc.o)
                0x000000000000446c                strtoul
 .text.inet_aton
                0x00000000000044f1       0x63 bin/blib.a(misc.o)
                0x00000000000044f1                inet_aton
 .text.nvo_fetch
                0x0000000000004554        0xb bin/blib.a(nvo.o)
 .text.nvo_applies
                0x000000000000455f       0x19 bin/blib.a(nvo.o)
                0x000000000000455f                nvo_applies
 .text.nvo_realloc
                0x0000000000004578       0x47 bin/blib.a(nvo.o)
 .text.nvo_realloc_dhcpopt
                0x00000000000045bf       0x33 bin/blib.a(nvo.o)
 .text.nvo_store
                0x00000000000045f2       0x5a bin/blib.a(nvo.o)
 .text.nvo_init
                0x000000000000464c       0x52 bin/blib.a(nvo.o)
                0x000000000000464c                nvo_init
 .text.register_nvo
                0x000000000000469e       0x82 bin/blib.a(nvo.o)
                0x000000000000469e                register_nvo
 .text.unregister_nvo
                0x0000000000004720       0x12 bin/blib.a(nvo.o)
                0x0000000000004720                unregister_nvo
 .text.xfer_uri_opener
                0x0000000000004732       0x2a bin/blib.a(open.o)
                0x0000000000004732                xfer_uri_opener
 .text.xfer_open_uri
                0x000000000000475c       0x45 bin/blib.a(open.o)
                0x000000000000475c                xfer_open_uri
 .text.xfer_open_uri_string
                0x00000000000047a1       0x2f bin/blib.a(open.o)
                0x00000000000047a1                xfer_open_uri_string
 .text.xfer_open_socket
                0x00000000000047d0       0x37 bin/blib.a(open.o)
                0x00000000000047d0                xfer_open_socket
 .text.xfer_vopen
                0x0000000000004807       0x38 bin/blib.a(open.o)
                0x0000000000004807                xfer_vopen
 .text.xfer_vreopen
                0x000000000000483f       0x20 bin/blib.a(open.o)
                0x000000000000483f                xfer_vreopen
 .text.parse_string
                0x000000000000485f        0x5 bin/blib.a(parseopt.o)
                0x000000000000485f                parse_string
 .text.parse_integer
                0x0000000000004864       0x32 bin/blib.a(parseopt.o)
                0x0000000000004864                parse_integer
 .text.parse_netdev
                0x0000000000004896       0x2a bin/blib.a(parseopt.o)
                0x0000000000004896                parse_netdev
 .text.parse_menu
                0x00000000000048c0       0x3b bin/blib.a(parseopt.o)
                0x00000000000048c0                parse_menu
 .text.parse_flag
                0x00000000000048fb        0x9 bin/blib.a(parseopt.o)
                0x00000000000048fb                parse_flag
 .text.parse_key
                0x0000000000004904       0x19 bin/blib.a(parseopt.o)
                0x0000000000004904                parse_key
 .text.print_usage
                0x000000000000491d       0x15 bin/blib.a(parseopt.o)
                0x000000000000491d                print_usage
 .text.reparse_options
                0x0000000000004932      0x19f bin/blib.a(parseopt.o)
                0x0000000000004932                reparse_options
 .text.parse_options
                0x0000000000004ad1       0x2b bin/blib.a(parseopt.o)
                0x0000000000004ad1                parse_options
 .text.posix_fd_to_file
                0x0000000000004afc       0x20 bin/blib.a(posix_io.o)
 .text.posix_file_finished
                0x0000000000004b1c       0x14 bin/blib.a(posix_io.o)
 .text.posix_file_xfer_deliver
                0x0000000000004b30       0x3d bin/blib.a(posix_io.o)
 .text.posix_file_free
                0x0000000000004b6d       0x30 bin/blib.a(posix_io.o)
 .text.open     0x0000000000004b9d       0xb9 bin/blib.a(posix_io.o)
                0x0000000000004b9d                open
 .text.select   0x0000000000004c56       0x66 bin/blib.a(posix_io.o)
                0x0000000000004c56                select
 .text.read_user
                0x0000000000004cbc       0x8a bin/blib.a(posix_io.o)
                0x0000000000004cbc                read_user
 .text.fsize    0x0000000000004d46       0x13 bin/blib.a(posix_io.o)
                0x0000000000004d46                fsize
 .text.close    0x0000000000004d59       0x30 bin/blib.a(posix_io.o)
                0x0000000000004d59                close
 .text.process_add
                0x0000000000004d89       0x1e bin/blib.a(process.o)
                0x0000000000004d89                process_add
 .text.init_processes
                0x0000000000004da7       0x1c bin/blib.a(process.o)
 .text.process_del
                0x0000000000004dc3       0x1c bin/blib.a(process.o)
                0x0000000000004dc3                process_del
 .text.step     0x0000000000004ddf       0x5d bin/blib.a(process.o)
                0x0000000000004ddf                step
 .text.ref_increment
                0x0000000000004e3c        0x7 bin/blib.a(refcnt.o)
                0x0000000000004e3c                ref_increment
 .text.ref_decrement
                0x0000000000004e43       0x1c bin/blib.a(refcnt.o)
                0x0000000000004e43                ref_decrement
 .text.apply_settings
                0x0000000000004e5f       0x1d bin/blib.a(settings.o)
 .text.parse_uuid_setting
                0x0000000000004e7c        0x6 bin/blib.a(settings.o)
 .text.builtin_applies
                0x0000000000004e82        0xd bin/blib.a(settings.o)
 .text.platform_fetch
                0x0000000000004e8f       0x12 bin/blib.a(settings.o)
 .text.buildarch_fetch
                0x0000000000004ea1       0x12 bin/blib.a(settings.o)
 .text.format_string_setting
                0x0000000000004eb3       0x30 bin/blib.a(settings.o)
 .text.errno_fetch
                0x0000000000004ee3       0x28 bin/blib.a(settings.o)
 .text.format_hex_setting
                0x0000000000004f0b       0x5a bin/blib.a(settings.o)
 .text.format_hex_hyphen_setting
                0x0000000000004f65       0x11 bin/blib.a(settings.o)
 .text.format_hex_colon_setting
                0x0000000000004f76       0x11 bin/blib.a(settings.o)
 .text.parse_int_setting
                0x0000000000004f87       0x51 bin/blib.a(settings.o)
 .text.parse_int32_setting
                0x0000000000004fd8        0x8 bin/blib.a(settings.o)
 .text.parse_int16_setting
                0x0000000000004fe0        0x8 bin/blib.a(settings.o)
 .text.parse_int8_setting
                0x0000000000004fe8        0x8 bin/blib.a(settings.o)
 .text.parse_ipv4_setting
                0x0000000000004ff0       0x37 bin/blib.a(settings.o)
 .text.format_uristring_setting
                0x0000000000005027       0x40 bin/blib.a(settings.o)
 .text.parse_uristring_setting
                0x0000000000005067       0x43 bin/blib.a(settings.o)
 .text.parse_string_setting
                0x00000000000050aa       0x29 bin/blib.a(settings.o)
 .text.generic_settings_clear
                0x00000000000050d3       0x28 bin/blib.a(settings.o)
                0x00000000000050d3                generic_settings_clear
 .text.autovivified_settings_free
                0x00000000000050fb       0x13 bin/blib.a(settings.o)
 .text.parse_settings_name
                0x000000000000510e       0x8e bin/blib.a(settings.o)
 .text.numeric_setting_value
                0x000000000000519c       0x50 bin/blib.a(settings.o)
 .text.format_uint_setting
                0x00000000000051ec       0x35 bin/blib.a(settings.o)
 .text.format_int_setting
                0x0000000000005221       0x34 bin/blib.a(settings.o)
 .text.format_uuid_setting
                0x0000000000005255       0x2b bin/blib.a(settings.o)
 .text.parse_hex_setting
                0x0000000000005280       0x4f bin/blib.a(settings.o)
 .text.format_ipv4_setting
                0x00000000000052cf       0x2d bin/blib.a(settings.o)
 .text.find_child_settings
                0x00000000000052fc       0x38 bin/blib.a(settings.o)
                0x00000000000052fc                find_child_settings
 .text.settings_name
                0x0000000000005334       0x56 bin/blib.a(settings.o)
                0x0000000000005334                settings_name
 .text.find_settings
                0x000000000000538a        0xa bin/blib.a(settings.o)
                0x000000000000538a                find_settings
 .text.unregister_settings
                0x0000000000005394       0x54 bin/blib.a(settings.o)
                0x0000000000005394                unregister_settings
 .text.setting_applies
                0x00000000000053e8       0x17 bin/blib.a(settings.o)
                0x00000000000053e8                setting_applies
 .text.fetch_setting_and_origin
                0x00000000000053ff       0xb9 bin/blib.a(settings.o)
 .text.fetch_setting
                0x00000000000054b8        0xf bin/blib.a(settings.o)
                0x00000000000054b8                fetch_setting
 .text.fetch_setting_origin
                0x00000000000054c7       0x13 bin/blib.a(settings.o)
                0x00000000000054c7                fetch_setting_origin
 .text.fetch_setting_len
                0x00000000000054da        0xa bin/blib.a(settings.o)
                0x00000000000054da                fetch_setting_len
 .text.fetch_string_setting
                0x00000000000054e4       0x30 bin/blib.a(settings.o)
                0x00000000000054e4                fetch_string_setting
 .text.fetch_string_setting_copy
                0x0000000000005514       0x51 bin/blib.a(settings.o)
                0x0000000000005514                fetch_string_setting_copy
 .text.fetch_ipv4_array_setting
                0x0000000000005565       0x1f bin/blib.a(settings.o)
                0x0000000000005565                fetch_ipv4_array_setting
 .text.fetch_ipv4_setting
                0x0000000000005584        0x8 bin/blib.a(settings.o)
                0x0000000000005584                fetch_ipv4_setting
 .text.fetch_int_setting
                0x000000000000558c       0x31 bin/blib.a(settings.o)
                0x000000000000558c                fetch_int_setting
 .text.fetch_uint_setting
                0x00000000000055bd       0x30 bin/blib.a(settings.o)
                0x00000000000055bd                fetch_uint_setting
 .text.fetch_intz_setting
                0x00000000000055ed        0xd bin/blib.a(settings.o)
                0x00000000000055ed                fetch_intz_setting
 .text.reprioritise_settings
                0x00000000000055fa       0x6f bin/blib.a(settings.o)
 .text.register_settings
                0x0000000000005669       0x51 bin/blib.a(settings.o)
                0x0000000000005669                register_settings
 .text.builtin_init
                0x00000000000056ba       0x11 bin/blib.a(settings.o)
 .text.autovivify_child_settings
                0x00000000000056cb       0x96 bin/blib.a(settings.o)
 .text.fetch_uintz_setting
                0x0000000000005761        0xd bin/blib.a(settings.o)
                0x0000000000005761                fetch_uintz_setting
 .text.fetch_uuid_setting
                0x000000000000576e       0x16 bin/blib.a(settings.o)
                0x000000000000576e                fetch_uuid_setting
 .text.clear_settings
                0x0000000000005784        0xd bin/blib.a(settings.o)
                0x0000000000005784                clear_settings
 .text.setting_cmp
                0x0000000000005791       0x39 bin/blib.a(settings.o)
                0x0000000000005791                setting_cmp
 .text.builtin_fetch
                0x00000000000057ca       0x40 bin/blib.a(settings.o)
 .text.parse_setting_name
                0x000000000000580a      0x146 bin/blib.a(settings.o)
 .text.store_setting
                0x0000000000005950       0x86 bin/blib.a(settings.o)
                0x0000000000005950                store_setting
 .text.generic_settings_fetch
                0x00000000000059d6       0x62 bin/blib.a(settings.o)
                0x00000000000059d6                generic_settings_fetch
 .text.generic_settings_store
                0x0000000000005a38       0xdb bin/blib.a(settings.o)
                0x0000000000005a38                generic_settings_store
 .text.fetchf_setting
                0x0000000000005b13       0x5e bin/blib.a(settings.o)
                0x0000000000005b13                fetchf_setting
 .text.storef_setting
                0x0000000000005b71       0x7e bin/blib.a(settings.o)
                0x0000000000005b71                storef_setting
 .text.setting_name
                0x0000000000005bef       0x47 bin/blib.a(settings.o)
                0x0000000000005bef                setting_name
 .text.storef_named_setting
                0x0000000000005c36       0x50 bin/blib.a(settings.o)
                0x0000000000005c36                storef_named_setting
 .text.fetchf_named_setting
                0x0000000000005c86       0x77 bin/blib.a(settings.o)
                0x0000000000005c86                fetchf_named_setting
 .text.fetchf_named_setting_copy
                0x0000000000005cfd       0x50 bin/blib.a(settings.o)
                0x0000000000005cfd                fetchf_named_setting_copy
 .text.expand_settings
                0x0000000000005d4d       0xe4 bin/blib.a(settings.o)
                0x0000000000005d4d                expand_settings
 .text.strcpy   0x0000000000005e31       0x10 bin/blib.a(string.o)
                0x0000000000005e31                strcpy
 .text.strncpy  0x0000000000005e41       0x18 bin/blib.a(string.o)
                0x0000000000005e41                strncpy
 .text.strcmp   0x0000000000005e59       0x24 bin/blib.a(string.o)
                0x0000000000005e59                strcmp
 .text.strcasecmp
                0x0000000000005e7d       0x2a bin/blib.a(string.o)
                0x0000000000005e7d                strcasecmp
 .text.strchr   0x0000000000005ea7       0x11 bin/blib.a(string.o)
                0x0000000000005ea7                strchr
 .text.strrchr  0x0000000000005eb8       0x1f bin/blib.a(string.o)
                0x0000000000005eb8                strrchr
 .text.strnlen  0x0000000000005ed7       0x14 bin/blib.a(string.o)
                0x0000000000005ed7                strnlen
 .text.memcmp   0x0000000000005eeb       0x21 bin/blib.a(string.o)
                0x0000000000005eeb                memcmp
 .text.strstr   0x0000000000005f0c       0x3e bin/blib.a(string.o)
                0x0000000000005f0c                strstr
 .text.memchr   0x0000000000005f4a       0x15 bin/blib.a(string.o)
                0x0000000000005f4a                memchr
 .text.strndup  0x0000000000005f5f       0x35 bin/blib.a(string.o)
                0x0000000000005f5f                strndup
 .text.strdup   0x0000000000005f94        0x8 bin/blib.a(string.o)
                0x0000000000005f94                strdup
 .text.mdelay   0x0000000000005f9c       0x16 bin/blib.a(timer.o)
                0x0000000000005f9c                mdelay
 .text.sleep    0x0000000000005fb2       0x18 bin/blib.a(timer.o)
                0x0000000000005fb2                sleep
 .text.uri_port
                0x0000000000005fca       0x17 bin/blib.a(uri.o)
                0x0000000000005fca                uri_port
 .text.resolve_path
                0x0000000000005fe1       0xc2 bin/blib.a(uri.o)
                0x0000000000005fe1                resolve_path
 .text.uri_encode
                0x00000000000060a3       0xc4 bin/blib.a(uri.o)
                0x00000000000060a3                uri_encode
 .text.unparse_uri
                0x0000000000006167      0x111 bin/blib.a(uri.o)
                0x0000000000006167                unparse_uri
 .text.uri_decode
                0x0000000000006278       0x71 bin/blib.a(uri.o)
                0x0000000000006278                uri_decode
 .text.parse_uri
                0x00000000000062e9      0x164 bin/blib.a(uri.o)
                0x00000000000062e9                parse_uri
 .text.uri_dup  0x000000000000644d       0x45 bin/blib.a(uri.o)
                0x000000000000644d                uri_dup
 .text.resolve_uri
                0x0000000000006492       0x8c bin/blib.a(uri.o)
                0x0000000000006492                resolve_uri
 .text.uuid_ntoa
                0x000000000000651e       0x63 bin/blib.a(uuid.o)
                0x000000000000651e                uuid_ntoa
 .text.format_hex
                0x0000000000006581       0x6e bin/blib.a(vsprintf.o)
 .text.printf_sputc
                0x00000000000065ef        0xf bin/blib.a(vsprintf.o)
 .text.printf_putchar
                0x00000000000065fe        0x7 bin/blib.a(vsprintf.o)
 .text.vcprintf
                0x0000000000006605      0x267 bin/blib.a(vsprintf.o)
                0x0000000000006605                vcprintf
 .text.vsnprintf
                0x000000000000686c       0x3e bin/blib.a(vsprintf.o)
                0x000000000000686c                vsnprintf
 .text.snprintf
                0x00000000000068aa       0x17 bin/blib.a(vsprintf.o)
                0x00000000000068aa                snprintf
 .text.vssnprintf
                0x00000000000068c1       0x12 bin/blib.a(vsprintf.o)
                0x00000000000068c1                vssnprintf
 .text.ssnprintf
                0x00000000000068d3       0x17 bin/blib.a(vsprintf.o)
                0x00000000000068d3                ssnprintf
 .text.vprintf  0x00000000000068ea       0x19 bin/blib.a(vsprintf.o)
                0x00000000000068ea                vprintf
 .text.printf   0x0000000000006903        0xe bin/blib.a(vsprintf.o)
                0x0000000000006903                printf
 .text.xfer_deliver
                0x0000000000006911       0x47 bin/blib.a(xfer.o)
                0x0000000000006911                xfer_deliver
 .text.xfer_window_changed
                0x0000000000006958       0x29 bin/blib.a(xfer.o)
                0x0000000000006958                xfer_window_changed
 .text.xfer_window
                0x0000000000006981       0x32 bin/blib.a(xfer.o)
                0x0000000000006981                xfer_window
 .text.xfer_alloc_iob
                0x00000000000069b3       0x3c bin/blib.a(xfer.o)
                0x00000000000069b3                xfer_alloc_iob
 .text.xfer_vredirect
                0x00000000000069ef       0x88 bin/blib.a(xfer.o)
                0x00000000000069ef                xfer_vredirect
 .text.xfer_redirect
                0x0000000000006a77       0x12 bin/blib.a(xfer.o)
                0x0000000000006a77                xfer_redirect
 .text.xfer_deliver_iob
                0x0000000000006a89        0xa bin/blib.a(xfer.o)
                0x0000000000006a89                xfer_deliver_iob
 .text.xfer_deliver_raw_meta
                0x0000000000006a93       0x46 bin/blib.a(xfer.o)
                0x0000000000006a93                xfer_deliver_raw_meta
 .text.xfer_deliver_raw
                0x0000000000006ad9        0xb bin/blib.a(xfer.o)
                0x0000000000006ad9                xfer_deliver_raw
 .text.xfer_vprintf
                0x0000000000006ae4       0x2e bin/blib.a(xfer.o)
                0x0000000000006ae4                xfer_vprintf
 .text.xfer_printf
                0x0000000000006b12       0x12 bin/blib.a(xfer.o)
                0x0000000000006b12                xfer_printf
 .text.xfer_seek
                0x0000000000006b24       0x42 bin/blib.a(xfer.o)
                0x0000000000006b24                xfer_seek
 .text.arp_ntoa
                0x0000000000006b66        0x6 bin/blib.a(arp.o)
 .text.arp_probe
                0x0000000000006b6c        0x3 bin/blib.a(arp.o)
 .text.arp_destroy
                0x0000000000006b6f       0x48 bin/blib.a(arp.o)
 .text.arp_discard
                0x0000000000006bb7       0x2b bin/blib.a(arp.o)
 .text.arp_find
                0x0000000000006be2       0x65 bin/blib.a(arp.o)
 .text.arp_rx   0x0000000000006c47      0x17f bin/blib.a(arp.o)
 .text.arp_expired
                0x0000000000006dc6      0x104 bin/blib.a(arp.o)
 .text.arp_free
                0x0000000000006eca       0x13 bin/blib.a(arp.o)
 .text.arp_flush
                0x0000000000006edd       0x32 bin/blib.a(arp.o)
 .text.arp_tx   0x0000000000006f0f       0xd7 bin/blib.a(arp.o)
                0x0000000000006f0f                arp_tx
 .text.find_dhcp_option_with_encap
                0x0000000000006fe6       0x8b bin/blib.a(dhcpopts.o)
 .text.set_dhcp_option
                0x0000000000007071      0x1d4 bin/blib.a(dhcpopts.o)
 .text.dhcpopt_no_realloc
                0x0000000000007245        0xf bin/blib.a(dhcpopts.o)
                0x0000000000007245                dhcpopt_no_realloc
 .text.dhcpopt_applies
                0x0000000000007254        0xd bin/blib.a(dhcpopts.o)
                0x0000000000007254                dhcpopt_applies
 .text.dhcpopt_store
                0x0000000000007261       0x17 bin/blib.a(dhcpopts.o)
                0x0000000000007261                dhcpopt_store
 .text.dhcpopt_fetch
                0x0000000000007278       0x36 bin/blib.a(dhcpopts.o)
                0x0000000000007278                dhcpopt_fetch
 .text.dhcpopt_update_used_len
                0x00000000000072ae       0x50 bin/blib.a(dhcpopts.o)
                0x00000000000072ae                dhcpopt_update_used_len
 .text.dhcpopt_init
                0x00000000000072fe       0x14 bin/blib.a(dhcpopts.o)
                0x00000000000072fe                dhcpopt_init
 .text.eth_push
                0x0000000000007312       0x38 bin/blib.a(ethernet.o)
                0x0000000000007312                eth_push
 .text.eth_init_addr
                0x000000000000734a        0xc bin/blib.a(ethernet.o)
                0x000000000000734a                eth_init_addr
 .text.eth_eth_addr
                0x0000000000007356        0xe bin/blib.a(ethernet.o)
                0x0000000000007356                eth_eth_addr
 .text.eth_ntoa
                0x0000000000007364       0x37 bin/blib.a(ethernet.o)
                0x0000000000007364                eth_ntoa
 .text.eth_pull
                0x000000000000739b       0x5e bin/blib.a(ethernet.o)
                0x000000000000739b                eth_pull
 .text.eth_mc_hash
                0x00000000000073f9       0x2c bin/blib.a(ethernet.o)
                0x00000000000073f9                eth_mc_hash
 .text.alloc_etherdev
                0x0000000000007425       0x1f bin/blib.a(ethernet.o)
                0x0000000000007425                alloc_etherdev
 .text.eth_slow_rx
                0x0000000000007444      0x111 bin/blib.a(eth_slow.o)
 .text.copy_encap_settings
                0x0000000000007555       0xc6 bin/blib.a(fakedhcp.o)
 .text.create_fakedhcpdiscover
                0x000000000000761b       0x21 bin/blib.a(fakedhcp.o)
                0x000000000000761b                create_fakedhcpdiscover
 .text.create_fakedhcpack
                0x000000000000763c       0x49 bin/blib.a(fakedhcp.o)
                0x000000000000763c                create_fakedhcpack
 .text.create_fakepxebsack
                0x0000000000007685       0x92 bin/blib.a(fakedhcp.o)
                0x0000000000007685                create_fakepxebsack
 .text.iob_pad  0x0000000000007717       0x42 bin/blib.a(iobpad.o)
                0x0000000000007717                iob_pad
 .text.ipv4_create_routes
                0x0000000000007759      0x15c bin/blib.a(ipv4.o)
 .text.ipv4_fragment_expired
                0x00000000000078b5       0x1f bin/blib.a(ipv4.o)
 .text.ipv4_pshdr_chksum
                0x00000000000078d4       0x53 bin/blib.a(ipv4.o)
 .text.ipv4_tx  0x0000000000007927      0x1b4 bin/blib.a(ipv4.o)
 .text.ipv4_arp_check
                0x0000000000007adb       0x29 bin/blib.a(ipv4.o)
 .text.ipv4_has_any_addr
                0x0000000000007b04       0x20 bin/blib.a(ipv4.o)
                0x0000000000007b04                ipv4_has_any_addr
 .text.ipv4_rx  0x0000000000007b24      0x2bf bin/blib.a(ipv4.o)
 .text.inet_ntoa
                0x0000000000007de3       0x31 bin/blib.a(ipv4.o)
                0x0000000000007de3                inet_ntoa
 .text.ipv4_ntoa
                0x0000000000007e14        0x7 bin/blib.a(ipv4.o)
 .text.netdev_notify
                0x0000000000007e1b       0x1e bin/blib.a(netdevice.o)
 .text.net_discard
                0x0000000000007e39       0x40 bin/blib.a(netdevice.o)
 .text.netdev_record_stat
                0x0000000000007e79       0x40 bin/blib.a(netdevice.o)
 .text.netdev_link_err
                0x0000000000007eb9        0x8 bin/blib.a(netdevice.o)
                0x0000000000007eb9                netdev_link_err
 .text.netdev_link_down
                0x0000000000007ec1       0x1c bin/blib.a(netdevice.o)
                0x0000000000007ec1                netdev_link_down
 .text.netdev_tx_err
                0x0000000000007edd       0x15 bin/blib.a(netdevice.o)
                0x0000000000007edd                netdev_tx_err
 .text.netdev_tx_defer
                0x0000000000007ef2       0x26 bin/blib.a(netdevice.o)
                0x0000000000007ef2                netdev_tx_defer
 .text.netdev_tx_complete_err
                0x0000000000007f18       0x39 bin/blib.a(netdevice.o)
                0x0000000000007f18                netdev_tx_complete_err
 .text.netdev_tx
                0x0000000000007f51       0x3f bin/blib.a(netdevice.o)
                0x0000000000007f51                netdev_tx
 .text.netdev_tx_complete_next_err
                0x0000000000007f90       0x1b bin/blib.a(netdevice.o)
                0x0000000000007f90                netdev_tx_complete_next_err
 .text.netdev_tx_flush
                0x0000000000007fab       0x1d bin/blib.a(netdevice.o)
 .text.netdev_rx
                0x0000000000007fc8       0x1b bin/blib.a(netdevice.o)
                0x0000000000007fc8                netdev_rx
 .text.netdev_rx_err
                0x0000000000007fe3       0x1c bin/blib.a(netdevice.o)
                0x0000000000007fe3                netdev_rx_err
 .text.netdev_poll
                0x0000000000007fff        0xd bin/blib.a(netdevice.o)
                0x0000000000007fff                netdev_poll
 .text.netdev_rx_dequeue
                0x000000000000800c       0x1f bin/blib.a(netdevice.o)
                0x000000000000800c                netdev_rx_dequeue
 .text.netdev_rx_flush
                0x000000000000802b       0x20 bin/blib.a(netdevice.o)
 .text.free_netdev
                0x000000000000804b       0x22 bin/blib.a(netdevice.o)
 .text.alloc_netdev
                0x000000000000806d       0x98 bin/blib.a(netdevice.o)
                0x000000000000806d                alloc_netdev
 .text.register_netdev
                0x0000000000008105       0xeb bin/blib.a(netdevice.o)
                0x0000000000008105                register_netdev
 .text.netdev_open
                0x00000000000081f0       0x34 bin/blib.a(netdevice.o)
                0x00000000000081f0                netdev_open
 .text.netdev_close
                0x0000000000008224       0x3b bin/blib.a(netdevice.o)
                0x0000000000008224                netdev_close
 .text.unregister_netdev
                0x000000000000825f       0x48 bin/blib.a(netdevice.o)
                0x000000000000825f                unregister_netdev
 .text.netdev_irq
                0x00000000000082a7       0x2a bin/blib.a(netdevice.o)
                0x00000000000082a7                netdev_irq
 .text.find_netdev
                0x00000000000082d1       0x2f bin/blib.a(netdevice.o)
                0x00000000000082d1                find_netdev
 .text.find_netdev_by_location
                0x0000000000008300       0x28 bin/blib.a(netdevice.o)
                0x0000000000008300                find_netdev_by_location
 .text.last_opened_netdev
                0x0000000000008328       0x14 bin/blib.a(netdevice.o)
                0x0000000000008328                last_opened_netdev
 .text.net_tx   0x000000000000833c       0x44 bin/blib.a(netdevice.o)
                0x000000000000833c                net_tx
 .text.net_rx   0x0000000000008380       0x38 bin/blib.a(netdevice.o)
                0x0000000000008380                net_rx
 .text.net_poll
                0x00000000000083b8       0x97 bin/blib.a(netdevice.o)
                0x00000000000083b8                net_poll
 .text.net_step
                0x000000000000844f        0x5 bin/blib.a(netdevice.o)
 .text.vlan_tag
                0x0000000000008454        0x3 bin/blib.a(netdevice.o)
                0x0000000000008454                vlan_tag
 .text.netdev_clear
                0x0000000000008457        0x5 bin/blib.a(netdev_settings.o)
 .text.netdev_fetch
                0x000000000000845c       0x6c bin/blib.a(netdev_settings.o)
 .text.netdev_fetch_chip
                0x00000000000084c8       0x1c bin/blib.a(netdev_settings.o)
 .text.netdev_store_mac
                0x00000000000084e4       0x2e bin/blib.a(netdev_settings.o)
 .text.netdev_fetch_mac
                0x0000000000008512       0x23 bin/blib.a(netdev_settings.o)
 .text.netdev_fetch_busid
                0x0000000000008535       0x43 bin/blib.a(netdev_settings.o)
 .text.netdev_store
                0x0000000000008578       0x7b bin/blib.a(netdev_settings.o)
 .text.null_open
                0x00000000000085f3        0x6 bin/blib.a(nullnet.o)
 .text.null_close
                0x00000000000085f9        0x1 bin/blib.a(nullnet.o)
 .text.null_transmit
                0x00000000000085fa        0x6 bin/blib.a(nullnet.o)
 .text.null_poll
                0x0000000000008600        0x1 bin/blib.a(nullnet.o)
 .text.null_irq
                0x0000000000008601        0x1 bin/blib.a(nullnet.o)
 .text.rarp_ntoa
                0x0000000000008602        0x6 bin/blib.a(rarp.o)
 .text.rarp_rx  0x0000000000008608        0xa bin/blib.a(rarp.o)
 .text.start_timer
                0x0000000000008612       0x51 bin/blib.a(retry.o)
                0x0000000000008612                start_timer
 .text.start_timer_fixed
                0x0000000000008663       0x11 bin/blib.a(retry.o)
                0x0000000000008663                start_timer_fixed
 .text.stop_timer
                0x0000000000008674       0x50 bin/blib.a(retry.o)
                0x0000000000008674                stop_timer
 .text.retry_poll
                0x00000000000086c4       0x6f bin/blib.a(retry.o)
                0x00000000000086c4                retry_poll
 .text.retry_step
                0x0000000000008733        0x5 bin/blib.a(retry.o)
 .text.tcpip_rx
                0x0000000000008738       0x3d bin/blib.a(tcpip.o)
                0x0000000000008738                tcpip_rx
 .text.tcpip_tx
                0x0000000000008775       0x40 bin/blib.a(tcpip.o)
                0x0000000000008775                tcpip_tx
 .text.tcpip_chksum
                0x00000000000087b5        0xe bin/blib.a(tcpip.o)
                0x00000000000087b5                tcpip_chksum
 .text.udp_bind
                0x00000000000087c3       0x67 bin/blib.a(udp.o)
 .text.udp_rx   0x000000000000882a      0x13d bin/blib.a(udp.o)
 .text.udp_close
                0x0000000000008967       0x1e bin/blib.a(udp.o)
 .text.udp_xfer_alloc_iob
                0x0000000000008985       0x15 bin/blib.a(udp.o)
 .text.udp_xfer_deliver
                0x000000000000899a       0x9f bin/blib.a(udp.o)
 .text.udp_open_common
                0x0000000000008a39       0x99 bin/blib.a(udp.o)
 .text.udp_open
                0x0000000000008ad2        0x8 bin/blib.a(udp.o)
                0x0000000000008ad2                udp_open
 .text.udp_open_uri
                0x0000000000008ada       0x50 bin/blib.a(udp.o)
 .text.udp_open_promisc
                0x0000000000008b2a        0xc bin/blib.a(udp.o)
                0x0000000000008b2a                udp_open_promisc
 .text.http_open
                0x0000000000008b36        0xd bin/blib.a(http.o)
 .text.http_socket_window
                0x0000000000008b43        0x4 bin/blib.a(httpcore.o)
 .text.http_xfer_window
                0x0000000000008b47        0xb bin/blib.a(httpcore.o)
 .text.http_acpi_describe
                0x0000000000008b52        0x3 bin/blib.a(httpcore.o)
 .text.http_rx_connection
                0x0000000000008b55       0x1b bin/blib.a(httpcore.o)
 .text.http_rx_transfer_encoding
                0x0000000000008b70       0x1e bin/blib.a(httpcore.o)
 .text.http_free
                0x0000000000008b8e       0x39 bin/blib.a(httpcore.o)
 .text.http_digest_param
                0x0000000000008bc7       0x3a bin/blib.a(httpcore.o)
 .text.http_rx_content_length
                0x0000000000008c01       0x9b bin/blib.a(httpcore.o)
 .text.http_rx_location
                0x0000000000008c9c       0x10 bin/blib.a(httpcore.o)
 .text.http_rx_response
                0x0000000000008cac       0x5c bin/blib.a(httpcore.o)
 .text.http_digest_auth
                0x0000000000008d08      0x255 bin/blib.a(httpcore.o)
 .text.http_socket_open
                0x0000000000008f5d       0x62 bin/blib.a(httpcore.o)
 .text.http_close
                0x0000000000008fbf       0x39 bin/blib.a(httpcore.o)
 .text.http_rx_basic_auth
                0x0000000000008ff8       0x23 bin/blib.a(httpcore.o)
 .text.http_partial_read.part.6
                0x000000000000901b        0x6 bin/blib.a(httpcore.o)
 .text.http_block_read_capacity
                0x0000000000009021       0x4f bin/blib.a(httpcore.o)
 .text.http_block_read
                0x0000000000009070       0x60 bin/blib.a(httpcore.o)
 .text.http_rx_chunk_len
                0x00000000000090d0       0x6e bin/blib.a(httpcore.o)
 .text.http_rx_www_authenticate
                0x000000000000913e       0x50 bin/blib.a(httpcore.o)
 .text.http_rx_digest_auth
                0x000000000000918e       0x8d bin/blib.a(httpcore.o)
 .text.http_basic_auth.isra.12
                0x000000000000921b       0xaa bin/blib.a(httpcore.o)
 .text.http_done
                0x00000000000092c5       0x95 bin/blib.a(httpcore.o)
 .text.http_socket_close
                0x000000000000935a        0xe bin/blib.a(httpcore.o)
 .text.http_rx_header
                0x0000000000009368       0xf4 bin/blib.a(httpcore.o)
 .text.http_socket_deliver
                0x000000000000945c      0x13a bin/blib.a(httpcore.o)
 .text.http_step
                0x0000000000009596      0x1ad bin/blib.a(httpcore.o)
 .text.http_open_filter
                0x0000000000009743       0xd3 bin/blib.a(httpcore.o)
                0x0000000000009743                http_open_filter
 .text.iscsi_tx_nothing
                0x0000000000009816        0x3 bin/blib.a(iscsi.o)
 .text.iscsi_rx_discard
                0x0000000000009819        0x5 bin/blib.a(iscsi.o)
 .text.iscsi_scsi_window
                0x000000000000981e       0x1c bin/blib.a(iscsi.o)
 .text.iscsi_rx_bhs
                0x000000000000983a       0x19 bin/blib.a(iscsi.o)
 .text.iscsi_vredirect
                0x0000000000009853       0x30 bin/blib.a(iscsi.o)
 .text.iscsi_tx_resume
                0x0000000000009883        0xa bin/blib.a(iscsi.o)
 .text.iscsi_start_data_out
                0x000000000000988d       0xcb bin/blib.a(iscsi.o)
 .text.iscsi_rx_buffered_data
                0x0000000000009958       0x51 bin/blib.a(iscsi.o)
 .text.iscsi_handle_authmethod_value
                0x00000000000099a9       0x1e bin/blib.a(iscsi.o)
 .text.iscsi_large_binary_decode
                0x00000000000099c7       0x38 bin/blib.a(iscsi.o)
 .text.iscsi_handle_chap_r_value
                0x00000000000099ff       0xd7 bin/blib.a(iscsi.o)
 .text.iscsi_handle_chap_c_value
                0x0000000000009ad6       0x76 bin/blib.a(iscsi.o)
 .text.iscsi_handle_chap_i_value
                0x0000000000009b4c       0x7a bin/blib.a(iscsi.o)
 .text.iscsi_free
                0x0000000000009bc6       0x6b bin/blib.a(iscsi.o)
 .text.iscsi_build_login_request_strings
                0x0000000000009c31      0x150 bin/blib.a(iscsi.o)
 .text.iscsi_start_login
                0x0000000000009d81       0x92 bin/blib.a(iscsi.o)
 .text.iscsi_scsi_command
                0x0000000000009e13      0x117 bin/blib.a(iscsi.o)
 .text.iscsi_tx_data
                0x0000000000009f2a       0xed bin/blib.a(iscsi.o)
 .text.iscsi_tx_bhs
                0x000000000000a017       0x13 bin/blib.a(iscsi.o)
 .text.iscsi_parse_root_path
                0x000000000000a02a       0xb3 bin/blib.a(iscsi.o)
 .text.iscsi_close
                0x000000000000a0dd       0x3a bin/blib.a(iscsi.o)
 .text.iscsi_socket_deliver
                0x000000000000a117      0x10b bin/blib.a(iscsi.o)
 .text.iscsi_command_close
                0x000000000000a222       0x2e bin/blib.a(iscsi.o)
 .text.iscsi_tx_step
                0x000000000000a250       0xee bin/blib.a(iscsi.o)
 .text.iscsi_handle_chap_n_value
                0x000000000000a33e       0x1c bin/blib.a(iscsi.o)
 .text.iscsi_handle_chap_a_value
                0x000000000000a35a       0x1a bin/blib.a(iscsi.o)
 .text.iscsi_handle_targetaddress_value
                0x000000000000a374       0x4f bin/blib.a(iscsi.o)
 .text.iscsi_open_connection
                0x000000000000a3c3       0x7e bin/blib.a(iscsi.o)
 .text.iscsi_open
                0x000000000000a441      0x23f bin/blib.a(iscsi.o)
 .text.iscsi_scsi_done.constprop.11
                0x000000000000a680       0x45 bin/blib.a(iscsi.o)
 .text.iscsi_rx_data
                0x000000000000a6c5      0x3d2 bin/blib.a(iscsi.o)
 .text.dhcp_discovery_tx
                0x000000000000aa97       0x10 bin/blib.a(dhcp.o)
 .text.dhcp_deliver
                0x000000000000aaa7       0xca bin/blib.a(dhcp.o)
 .text.dhcp_pxebs_tx
                0x000000000000ab71       0x42 bin/blib.a(dhcp.o)
 .text.dhcp_proxy_tx
                0x000000000000abb3       0x2a bin/blib.a(dhcp.o)
 .text.dhcp_set_state
                0x000000000000abdd       0x46 bin/blib.a(dhcp.o)
 .text.dhcp_finished
                0x000000000000ac23       0x24 bin/blib.a(dhcp.o)
 .text.dhcp_pxebs_rx
                0x000000000000ac47       0x9f bin/blib.a(dhcp.o)
 .text.dhcp_timer_expired
                0x000000000000ace6       0x1a bin/blib.a(dhcp.o)
 .text.dhcp_proxy_rx
                0x000000000000ad00       0x4e bin/blib.a(dhcp.o)
 .text.dhcp_free
                0x000000000000ad4e       0x1b bin/blib.a(dhcp.o)
 .text.dhcp_discovery_rx
                0x000000000000ad69      0x12d bin/blib.a(dhcp.o)
 .text.dhcp_request_tx
                0x000000000000ae96       0x44 bin/blib.a(dhcp.o)
 .text.dhcp_request_rx
                0x000000000000aeda       0xc9 bin/blib.a(dhcp.o)
 .text.dhcp_create_packet
                0x000000000000afa3       0xdb bin/blib.a(dhcp.o)
                0x000000000000afa3                dhcp_create_packet
 .text.dhcp_create_request
                0x000000000000b07e      0x15a bin/blib.a(dhcp.o)
                0x000000000000b07e                dhcp_create_request
 .text.dhcp_tx  0x000000000000b1d8       0xf3 bin/blib.a(dhcp.o)
 .text.dhcp_pxebs_expired
                0x000000000000b2cb       0x44 bin/blib.a(dhcp.o)
 .text.dhcp_discovery_expired
                0x000000000000b30f       0x30 bin/blib.a(dhcp.o)
 .text.dhcp_request_expired
                0x000000000000b33f        0x5 bin/blib.a(dhcp.o)
 .text.dhcp_proxy_expired
                0x000000000000b344       0x25 bin/blib.a(dhcp.o)
 .text.get_cached_dhcpack
                0x000000000000b369        0x1 bin/blib.a(dhcp.o)
                0x000000000000b369                get_cached_dhcpack
 .text.start_dhcp
                0x000000000000b36a       0xe5 bin/blib.a(dhcp.o)
                0x000000000000b36a                start_dhcp
 .text.start_pxebs
                0x000000000000b44f      0x21c bin/blib.a(dhcp.o)
                0x000000000000b44f                start_pxebs
 .text.dns_skip_name
                0x000000000000b66b       0x1a bin/blib.a(dns.o)
 .text.apply_dns_settings
                0x000000000000b685       0x45 bin/blib.a(dns.o)
 .text.dns_done
                0x000000000000b6ca       0x24 bin/blib.a(dns.o)
 .text.dns_xfer_close
                0x000000000000b6ee        0xe bin/blib.a(dns.o)
 .text.dns_send_packet
                0x000000000000b6fc       0x33 bin/blib.a(dns.o)
 .text.dns_resolv
                0x000000000000b72f      0x14e bin/blib.a(dns.o)
 .text.dns_xfer_deliver
                0x000000000000b87d      0x211 bin/blib.a(dns.o)
 .text.dns_timer_expired
                0x000000000000ba8e       0x16 bin/blib.a(dns.o)
 .text.tftp_xfer_window
                0x000000000000baa4        0x4 bin/blib.a(tftp.o)
 .text.tftp_reopen
                0x000000000000baa8       0x57 bin/blib.a(tftp.o)
 .text.tftp_reopen_mc
                0x000000000000baff       0x23 bin/blib.a(tftp.o)
 .text.tftp_process_multicast
                0x000000000000bb22       0xec bin/blib.a(tftp.o)
 .text.tftp_send_packet
                0x000000000000bc0e      0x162 bin/blib.a(tftp.o)
 .text.tftp_done
                0x000000000000bd70       0x2e bin/blib.a(tftp.o)
 .text.tftp_core_open
                0x000000000000bd9e      0x101 bin/blib.a(tftp.o)
 .text.mtftp_open
                0x000000000000be9f       0x12 bin/blib.a(tftp.o)
 .text.tftm_open
                0x000000000000beb1        0xf bin/blib.a(tftp.o)
 .text.tftpsize_open
                0x000000000000bec0        0xf bin/blib.a(tftp.o)
 .text.tftp_open
                0x000000000000becf        0xf bin/blib.a(tftp.o)
 .text.tftp_timer_expired
                0x000000000000bede       0x84 bin/blib.a(tftp.o)
 .text.tftp_free
                0x000000000000bf62       0x1b bin/blib.a(tftp.o)
 .text.tftp_apply_settings
                0x000000000000bf7d       0x71 bin/blib.a(tftp.o)
 .text.tftp_process_tsize
                0x000000000000bfee       0x27 bin/blib.a(tftp.o)
 .text.tftp_process_blksize
                0x000000000000c015       0x27 bin/blib.a(tftp.o)
 .text.tftp_presize.part.7
                0x000000000000c03c       0x32 bin/blib.a(tftp.o)
 .text.tftp_send_error.constprop.9
                0x000000000000c06e       0x72 bin/blib.a(tftp.o)
 .text.tftp_rx  0x000000000000c0e0      0x293 bin/blib.a(tftp.o)
 .text.tftp_socket_deliver
                0x000000000000c373        0x9 bin/blib.a(tftp.o)
 .text.elf_load
                0x000000000000c37c      0x141 bin/blib.a(elf.o)
                0x000000000000c37c                elf_load
 .text.embedded_init
                0x000000000000c4bd        0x1 bin/blib.a(embedded.o)
 .text.terminate_on_label_found
                0x000000000000c4be        0x9 bin/blib.a(script.o)
 .text.prompt_exec
                0x000000000000c4c7       0x54 bin/blib.a(script.o)
 .text.process_script
                0x000000000000c51b       0xaa bin/blib.a(script.o)
 .text.goto_find_label
                0x000000000000c5c5       0x4e bin/blib.a(script.o)
 .text.script_exec
                0x000000000000c613       0x3c bin/blib.a(script.o)
 .text.terminate_on_exit_or_failure
                0x000000000000c64f       0x21 bin/blib.a(script.o)
 .text.script_probe
                0x000000000000c670       0x63 bin/blib.a(script.o)
 .text.goto_exec
                0x000000000000c6d3       0x85 bin/blib.a(script.o)
 .text.script_exec_line
                0x000000000000c758        0xd bin/blib.a(script.o)
 .text.prep_segment
                0x000000000000c765       0x81 bin/blib.a(segment.o)
                0x000000000000c765                prep_segment
 .text.pci_bar  0x000000000000c7e6       0x4a bin/blib.a(pci.o)
 .text.adjust_pci_device
                0x000000000000c830       0x54 bin/blib.a(pci.o)
                0x000000000000c830                adjust_pci_device
 .text.pci_read_config
                0x000000000000c884      0x10f bin/blib.a(pci.o)
                0x000000000000c884                pci_read_config
 .text.pci_find_driver
                0x000000000000c993       0x5d bin/blib.a(pci.o)
                0x000000000000c993                pci_find_driver
 .text.pci_probe
                0x000000000000c9f0        0x7 bin/blib.a(pci.o)
                0x000000000000c9f0                pci_probe
 .text.pci_remove
                0x000000000000c9f7        0x7 bin/blib.a(pci.o)
                0x000000000000c9f7                pci_remove
 .text.pcibus_remove
                0x000000000000c9fe       0x3f bin/blib.a(pci.o)
 .text.pcibus_probe
                0x000000000000ca3d       0xe7 bin/blib.a(pci.o)
 .text.mii_restart
                0x000000000000cb24       0x1f bin/blib.a(mii.o)
                0x000000000000cb24                mii_restart
 .text.mii_reset
                0x000000000000cb43       0x4a bin/blib.a(mii.o)
                0x000000000000cb43                mii_reset
 .text.ibft_set_ipaddr_setting
                0x000000000000cb8d       0x66 bin/blib.a(ibft.o)
 .text.ibft_set_string
                0x000000000000cbf3       0x49 bin/blib.a(ibft.o)
 .text.ibft_describe
                0x000000000000cc3c      0x2cc bin/blib.a(ibft.o)
                0x000000000000cc3c                ibft_describe
 .text.scsicmd_read_capacity_cmd
                0x000000000000cf08       0x32 bin/blib.a(scsi.o)
 .text.scsicmd_test_unit_ready_cmd
                0x000000000000cf3a        0x5 bin/blib.a(scsi.o)
 .text.scsicmd_close
                0x000000000000cf3f       0x1a bin/blib.a(scsi.o)
 .text.scsidev_close
                0x000000000000cf59       0x69 bin/blib.a(scsi.o)
 .text.scsicmd_write_cmd
                0x000000000000cfc2       0x54 bin/blib.a(scsi.o)
 .text.scsicmd_read_cmd
                0x000000000000d016       0x54 bin/blib.a(scsi.o)
 .text.scsicmd_free
                0x000000000000d06a       0x1e bin/blib.a(scsi.o)
 .text.scsi_response
                0x000000000000d088       0x2f bin/blib.a(scsi.o)
                0x000000000000d088                scsi_response
 .text.scsi_command
                0x000000000000d0b7       0x40 bin/blib.a(scsi.o)
                0x000000000000d0b7                scsi_command
 .text.scsicmd_command
                0x000000000000d0f7       0x4b bin/blib.a(scsi.o)
 .text.scsicmd_read_capacity_done
                0x000000000000d142       0x91 bin/blib.a(scsi.o)
 .text.scsidev_command
                0x000000000000d1d3       0xbb bin/blib.a(scsi.o)
 .text.scsidev_read_capacity
                0x000000000000d28e       0x15 bin/blib.a(scsi.o)
 .text.scsidev_write
                0x000000000000d2a3        0xc bin/blib.a(scsi.o)
 .text.scsidev_read
                0x000000000000d2af        0xc bin/blib.a(scsi.o)
 .text.scsicmd_done
                0x000000000000d2bb       0x3a bin/blib.a(scsi.o)
 .text.scsidev_window
                0x000000000000d2f5       0x11 bin/blib.a(scsi.o)
 .text.scsidev_ready
                0x000000000000d306       0x2b bin/blib.a(scsi.o)
 .text.scsidev_step
                0x000000000000d331       0x42 bin/blib.a(scsi.o)
 .text.scsicmd_response
                0x000000000000d373       0x20 bin/blib.a(scsi.o)
 .text.scsi_parse_lun
                0x000000000000d393       0x5f bin/blib.a(scsi.o)
                0x000000000000d393                scsi_parse_lun
 .text.scsi_open
                0x000000000000d3f2       0xa3 bin/blib.a(scsi.o)
                0x000000000000d3f2                scsi_open
 .text.write_bit
                0x000000000000d495        0xf bin/blib.a(bitbash.o)
                0x000000000000d495                write_bit
 .text.read_bit
                0x000000000000d4a4        0xd bin/blib.a(bitbash.o)
                0x000000000000d4a4                read_bit
 .text.smbios_applies
                0x000000000000d4b1        0xd bin/blib.a(smbios_settings.o)
 .text.smbios_init
                0x000000000000d4be       0x11 bin/blib.a(smbios_settings.o)
 .text.smbios_fetch
                0x000000000000d4cf      0x102 bin/blib.a(smbios_settings.o)
 .text.chap_init
                0x000000000000d5d1       0x37 bin/blib.a(chap.o)
                0x000000000000d5d1                chap_init
 .text.chap_update
                0x000000000000d608        0xf bin/blib.a(chap.o)
                0x000000000000d608                chap_update
 .text.chap_respond
                0x000000000000d617       0x10 bin/blib.a(chap.o)
                0x000000000000d617                chap_respond
 .text.chap_finish
                0x000000000000d627       0x16 bin/blib.a(chap.o)
                0x000000000000d627                chap_finish
 .text.md5_f_0_15
                0x000000000000d63d       0x10 bin/blib.a(md5.o)
 .text.md5_f_16_31
                0x000000000000d64d       0x10 bin/blib.a(md5.o)
 .text.md5_f_32_47
                0x000000000000d65d        0xc bin/blib.a(md5.o)
 .text.md5_f_48_63
                0x000000000000d669        0xe bin/blib.a(md5.o)
 .text.md5_init
                0x000000000000d677       0x23 bin/blib.a(md5.o)
 .text.md5_update
                0x000000000000d69a       0xc6 bin/blib.a(md5.o)
 .text.md5_final
                0x000000000000d760       0x5a bin/blib.a(md5.o)
 .text.strerror
                0x000000000000d7ba       0x6c bin/blib.a(strerror.o)
                0x000000000000d7ba                strerror
 .text.autoboot_exec
                0x000000000000d826       0x12 bin/blib.a(autoboot_cmd.o)
 .text.config_exec
                0x000000000000d838       0x73 bin/blib.a(config_cmd.o)
 .text.dhcp_exec
                0x000000000000d8ab       0x12 bin/blib.a(dhcp_cmd.o)
 .text.dhcp_payload
                0x000000000000d8bd       0x32 bin/blib.a(dhcp_cmd.o)
 .text.pxebs_exec
                0x000000000000d8ef       0x80 bin/blib.a(dhcp_cmd.o)
 .text.ifstat_payload
                0x000000000000d96f        0x8 bin/blib.a(ifmgmt_cmd.o)
 .text.ifclose_payload
                0x000000000000d977        0x8 bin/blib.a(ifmgmt_cmd.o)
 .text.ifopen_payload
                0x000000000000d97f        0x5 bin/blib.a(ifmgmt_cmd.o)
 .text.ifcommon_exec
                0x000000000000d984       0x9a bin/blib.a(ifmgmt_cmd.o)
                0x000000000000d984                ifcommon_exec
 .text.ifstat_exec
                0x000000000000da1e       0x12 bin/blib.a(ifmgmt_cmd.o)
 .text.ifclose_exec
                0x000000000000da30       0x12 bin/blib.a(ifmgmt_cmd.o)
 .text.ifopen_exec
                0x000000000000da42       0x12 bin/blib.a(ifmgmt_cmd.o)
 .text.image_clear_cmdline
                0x000000000000da54        0x7 bin/blib.a(image_cmd.o)
 .text.imgsingle_exec
                0x000000000000da5b      0x13f bin/blib.a(image_cmd.o)
 .text.imgargs_exec
                0x000000000000db9a        0xa bin/blib.a(image_cmd.o)
 .text.imgexec_exec
                0x000000000000dba4        0xa bin/blib.a(image_cmd.o)
 .text.imgselect_exec
                0x000000000000dbae        0xa bin/blib.a(image_cmd.o)
 .text.imgfetch_exec
                0x000000000000dbb8        0xa bin/blib.a(image_cmd.o)
 .text.imgselect
                0x000000000000dbc2        0x5 bin/blib.a(image_cmd.o)
 .text.imgmulti_exec
                0x000000000000dbc7       0x94 bin/blib.a(image_cmd.o)
 .text.imgfree_exec
                0x000000000000dc5b        0xa bin/blib.a(image_cmd.o)
 .text.imgstat_exec
                0x000000000000dc65        0xa bin/blib.a(image_cmd.o)
 .text.imgexec  0x000000000000dc6f       0x28 bin/blib.a(image_cmd.o)
 .text.login_exec
                0x000000000000dc97       0x39 bin/blib.a(login_cmd.o)
 .text.choose_exec
                0x000000000000dcd0       0x98 bin/blib.a(menu_cmd.o)
 .text.item_exec
                0x000000000000dd68       0xb4 bin/blib.a(menu_cmd.o)
 .text.menu_exec
                0x000000000000de1c       0x67 bin/blib.a(menu_cmd.o)
 .text.clear_value
                0x000000000000de83        0x9 bin/blib.a(nvo_cmd.o)
 .text.set_core_exec
                0x000000000000de8c       0x72 bin/blib.a(nvo_cmd.o)
 .text.read_exec
                0x000000000000defe       0x10 bin/blib.a(nvo_cmd.o)
 .text.clear_exec
                0x000000000000df0e       0x10 bin/blib.a(nvo_cmd.o)
 .text.set_exec
                0x000000000000df1e       0x10 bin/blib.a(nvo_cmd.o)
 .text.read_value
                0x000000000000df2e       0x30 bin/blib.a(nvo_cmd.o)
 .text.set_value
                0x000000000000df5e       0x1b bin/blib.a(nvo_cmd.o)
 .text.show_exec.part.1
                0x000000000000df79       0x6c bin/blib.a(nvo_cmd.o)
 .text.show_exec
                0x000000000000dfe5       0x23 bin/blib.a(nvo_cmd.o)
 .text.reboot_exec
                0x000000000000e008       0x23 bin/blib.a(reboot_cmd.o)
 .text.route_exec
                0x000000000000e02b       0x25 bin/blib.a(route_cmd.o)
 .text.sanboot_core_exec
                0x000000000000e050       0x9a bin/blib.a(sanboot_cmd.o)
 .text.sanunhook_exec
                0x000000000000e0ea        0xf bin/blib.a(sanboot_cmd.o)
 .text.sanboot_exec
                0x000000000000e0f9        0xf bin/blib.a(sanboot_cmd.o)
 .text.sanhook_exec
                0x000000000000e108        0xf bin/blib.a(sanboot_cmd.o)
 .text.sync_exec
                0x000000000000e117       0x45 bin/blib.a(sync_cmd.o)
 .text.login_ui
                0x000000000000e15c      0x22c bin/blib.a(login_ui.o)
                0x000000000000e15c                login_ui
 .text.draw_menu_item
                0x000000000000e388      0x163 bin/blib.a(menu_ui.o)
 .text.draw_menu_items
                0x000000000000e4eb       0xd1 bin/blib.a(menu_ui.o)
 .text.show_menu
                0x000000000000e5bc      0x3a6 bin/blib.a(menu_ui.o)
                0x000000000000e5bc                show_menu
 .text.clearmsg
                0x000000000000e962       0x18 bin/blib.a(settings_ui.o)
 .text.vmsg     0x000000000000e97a       0x61 bin/blib.a(settings_ui.o)
 .text.msg      0x000000000000e9db       0x12 bin/blib.a(settings_ui.o)
 .text.string_copy
                0x000000000000e9ed       0x2d bin/blib.a(settings_ui.o)
 .text.draw_setting_row
                0x000000000000ea1a       0xe7 bin/blib.a(settings_ui.o)
 .text.select_setting_row
                0x000000000000eb01      0x126 bin/blib.a(settings_ui.o)
 .text.reveal_setting_row.part.1
                0x000000000000ec27       0xc0 bin/blib.a(settings_ui.o)
 .text.init_widget
                0x000000000000ece7       0x86 bin/blib.a(settings_ui.o)
 .text.colour_set.constprop.2
                0x000000000000ed6d        0xe bin/blib.a(settings_ui.o)
 .text.alert    0x000000000000ed7b       0x45 bin/blib.a(settings_ui.o)
 .text.main_loop
                0x000000000000edc0      0x2a8 bin/blib.a(settings_ui.o)
 .text.settings_ui
                0x000000000000f068       0x8f bin/blib.a(settings_ui.o)
                0x000000000000f068                settings_ui
 .text.ansiscr_peek
                0x000000000000f0f7        0x5 bin/blib.a(ansi_screen.o)
 .text.ansiscr_getc
                0x000000000000f0fc        0x5 bin/blib.a(ansi_screen.o)
 .text.ansiscr_movetoyx
                0x000000000000f101       0x30 bin/blib.a(ansi_screen.o)
 .text.ansiscr_exit
                0x000000000000f131       0x2a bin/blib.a(ansi_screen.o)
 .text.ansiscr_init
                0x000000000000f15b       0x36 bin/blib.a(ansi_screen.o)
 .text.ansiscr_putc
                0x000000000000f191       0x77 bin/blib.a(ansi_screen.o)
 .text.wclrtobot
                0x000000000000f208       0x34 bin/blib.a(clear.o)
                0x000000000000f208                wclrtobot
 .text.wclrtoeol
                0x000000000000f23c       0x31 bin/blib.a(clear.o)
                0x000000000000f23c                wclrtoeol
 .text.werase   0x000000000000f26d       0x17 bin/blib.a(clear.o)
                0x000000000000f26d                werase
 .text.init_pair
                0x000000000000f284       0x28 bin/blib.a(colour.o)
                0x000000000000f284                init_pair
 .text.pair_content
                0x000000000000f2ac       0x28 bin/blib.a(colour.o)
                0x000000000000f2ac                pair_content
 .text._wupdcurs
                0x000000000000f2d4       0x16 bin/blib.a(mucurses.o)
 .text._wputch  0x000000000000f2ea       0x4e bin/blib.a(mucurses.o)
                0x000000000000f2ea                _wputch
 .text._wputc   0x000000000000f338        0xb bin/blib.a(mucurses.o)
                0x000000000000f338                _wputc
 .text._wputstr
                0x000000000000f343       0x2f bin/blib.a(mucurses.o)
                0x000000000000f343                _wputstr
 .text.wmove    0x000000000000f372       0x1f bin/blib.a(mucurses.o)
                0x000000000000f372                wmove
 .text._printw_handler
                0x000000000000f391        0xd bin/blib.a(print.o)
 .text.waddnstr
                0x000000000000f39e        0xb bin/blib.a(print.o)
                0x000000000000f39e                waddnstr
 .text.vw_printw
                0x000000000000f3a9       0x1b bin/blib.a(print.o)
                0x000000000000f3a9                vw_printw
 .text.wprintw  0x000000000000f3c4       0x12 bin/blib.a(print.o)
                0x000000000000f3c4                wprintw
 .text.wattroff
                0x000000000000f3d6        0x8 bin/blib.a(winattrs.o)
                0x000000000000f3d6                wattroff
 .text.wattron  0x000000000000f3de        0x6 bin/blib.a(winattrs.o)
                0x000000000000f3de                wattron
 .text.wattrset
                0x000000000000f3e4       0x11 bin/blib.a(winattrs.o)
                0x000000000000f3e4                wattrset
 .text.wcolour_set
                0x000000000000f3f5       0x1f bin/blib.a(winattrs.o)
                0x000000000000f3f5                wcolour_set
 .text.initscr  0x000000000000f414       0x37 bin/blib.a(wininit.o)
                0x000000000000f414                initscr
 .text.endwin   0x000000000000f44b       0x51 bin/blib.a(wininit.o)
                0x000000000000f44b                endwin
 .text.init_editbox
                0x000000000000f49c       0x55 bin/blib.a(editbox.o)
                0x000000000000f49c                init_editbox
 .text.draw_editbox
                0x000000000000f4f1       0xef bin/blib.a(editbox.o)
                0x000000000000f4f1                draw_editbox
 .text.shell_banner
                0x000000000000f5e0       0x28 bin/blib.a(autoboot.o)
 .text.parse_next_server_and_filename
                0x000000000000f608       0x6f bin/blib.a(autoboot.o)
 .text.uriboot  0x000000000000f677      0x153 bin/blib.a(autoboot.o)
                0x000000000000f677                uriboot
 .text.fetch_next_server_and_filename
                0x000000000000f7ca       0x9a bin/blib.a(autoboot.o)
                0x000000000000f7ca                fetch_next_server_and_filename
 .text.netboot.part.2
                0x000000000000f864      0x201 bin/blib.a(autoboot.o)
 .text.netboot  0x000000000000fa65       0x38 bin/blib.a(autoboot.o)
                0x000000000000fa65                netboot
 .text.autoboot
                0x000000000000fa9d       0x3d bin/blib.a(autoboot.o)
                0x000000000000fa9d                autoboot
 .text.ipxe     0x000000000000fada       0xab bin/blib.a(autoboot.o)
                0x000000000000fada                ipxe
 .text.dhcp     0x000000000000fb85       0x6f bin/blib.a(dhcpmgmt.o)
                0x000000000000fb85                dhcp
 .text.pxebs    0x000000000000fbf4       0x39 bin/blib.a(dhcpmgmt.o)
                0x000000000000fbf4                pxebs
 .text.ifstat_errors
                0x000000000000fc2d       0x36 bin/blib.a(ifmgmt.o)
 .text.ifopen   0x000000000000fc63       0x2b bin/blib.a(ifmgmt.o)
                0x000000000000fc63                ifopen
 .text.ifclose  0x000000000000fc8e        0x5 bin/blib.a(ifmgmt.o)
                0x000000000000fc8e                ifclose
 .text.ifstat   0x000000000000fc93       0xc3 bin/blib.a(ifmgmt.o)
                0x000000000000fc93                ifstat
 .text.iflinkwait
                0x000000000000fd56       0x82 bin/blib.a(ifmgmt.o)
                0x000000000000fd56                iflinkwait
 .text.imgdownload
                0x000000000000fdd8       0xcf bin/blib.a(imgmgmt.o)
                0x000000000000fdd8                imgdownload
 .text.imgdownload_string
                0x000000000000fea7       0x2f bin/blib.a(imgmgmt.o)
                0x000000000000fea7                imgdownload_string
 .text.imgacquire
                0x000000000000fed6       0x23 bin/blib.a(imgmgmt.o)
                0x000000000000fed6                imgacquire
 .text.imgstat  0x000000000000fef9       0x7f bin/blib.a(imgmgmt.o)
                0x000000000000fef9                imgstat
 .text.prompt   0x000000000000ff78       0x5d bin/blib.a(prompt.o)
                0x000000000000ff78                prompt
 .text.pxe_menu_parse
                0x000000000000ffd5      0x15c bin/blib.a(pxemenu.o)
 .text.pxe_menu_draw_item
                0x0000000000010131       0xba bin/blib.a(pxemenu.o)
 .text.pxe_menu_select
                0x00000000000101eb      0x117 bin/blib.a(pxemenu.o)
 .text.pxe_menu_boot
                0x0000000000010302      0x161 bin/blib.a(pxemenu.o)
                0x0000000000010302                pxe_menu_boot
 .text.route    0x0000000000010463       0x7f bin/blib.a(route.o)
                0x0000000000010463                route
 .text.relocate
                0x00000000000104e2       0xd0 bin/blib.a(relocate.o)
                0x00000000000104e2                relocate
 .text.extmemsize
                0x00000000000105b2       0x70 bin/blib.a(memmap.o)
                0x00000000000105b2                extmemsize
 .text.x86_get_memmap
                0x0000000000010622      0x1d6 bin/blib.a(memmap.o)
                0x0000000000010622                get_memmap
                0x0000000000010622                x86_get_memmap
 .text.hook_bios_interrupt
                0x00000000000107f8       0x48 bin/blib.a(biosint.o)
                0x00000000000107f8                hook_bios_interrupt
 .text.unhook_bios_interrupt
                0x0000000000010840       0x51 bin/blib.a(biosint.o)
                0x0000000000010840                unhook_bios_interrupt
 .text.bios_cpu_nap
                0x0000000000010891        0xe bin/blib.a(bios_nap.o)
                0x0000000000010891                cpu_nap
 .text.bios_reboot
                0x000000000001089f       0x27 bin/blib.a(bios_reboot.o)
                0x000000000001089f                reboot
 .text.bios_currticks
                0x00000000000108c6       0x47 bin/blib.a(bios_timer.o)
                0x00000000000108c6                currticks
 .text.int13_command_capacity
                0x000000000001090d       0x11 bin/blib.a(int13.o)
 .text.int13_sync_num_drives
                0x000000000001091e       0xf1 bin/blib.a(int13.o)
 .text.int13_block_window
                0x0000000000010a0f        0x3 bin/blib.a(int13.o)
 .text.int13_find
                0x0000000000010a12       0x20 bin/blib.a(int13.o)
 .text.int13_block_close
                0x0000000000010a32       0x14 bin/blib.a(int13.o)
 .text.int13_reopen_block
                0x0000000000010a46       0x23 bin/blib.a(int13.o)
 .text.int13_free
                0x0000000000010a69       0x13 bin/blib.a(int13.o)
 .text.int13_command_close
                0x0000000000010a7c       0x1b bin/blib.a(int13.o)
 .text.int13_command_expired
                0x0000000000010a97        0xd bin/blib.a(int13.o)
 .text.int13_command_wait.isra.6.constprop.10
                0x0000000000010aa4       0x14 bin/blib.a(int13.o)
 .text.int13_command_start.constprop.11
                0x0000000000010ab8       0x65 bin/blib.a(int13.o)
 .text.int13_rw
                0x0000000000010b1d       0xd7 bin/blib.a(int13.o)
 .text.int13_rw_sectors
                0x0000000000010bf4       0xb6 bin/blib.a(int13.o)
 .text.int13_extended_rw
                0x0000000000010caa      0x103 bin/blib.a(int13.o)
 .text.int13_read_capacity
                0x0000000000010dad       0x42 bin/blib.a(int13.o)
 .text.int13    0x0000000000010def      0x4d4 bin/blib.a(int13.o)
 .text.int13_hook
                0x00000000000112c3      0x2f9 bin/blib.a(int13.o)
                0x00000000000112c3                san_hook
 .text.int13_unhook