Archive member included because of file (symbol)

bin/blib.a(realtek.o)         (obj_realtek)
bin/blib.a(nvs.o)             bin/blib.a(realtek.o) (nvs_read)
bin/blib.a(threewire.o)       bin/blib.a(realtek.o) (threewire_read)
bin/blib.a(spi_bit.o)         bin/blib.a(realtek.o) (init_spi_bit_basher)
bin/blib.a(config.o)          (obj_config)
bin/blib.a(timer2.o)          bin/blib.a(realtek.o) (timer2_udelay)
bin/blib.a(bios_console.o)    bin/blib.a(config.o) (obj_bios_console)
bin/blib.a(bzimage.o)         bin/blib.a(config.o) (obj_bzimage)
bin/blib.a(elfboot.o)         bin/blib.a(config.o) (obj_elfboot)
bin/blib.a(initrd.o)          bin/blib.a(bzimage.o) (initrd_reshuffle)
bin/blib.a(multiboot.o)       bin/blib.a(config.o) (obj_multiboot)
bin/blib.a(pxe_image.o)       bin/blib.a(config.o) (obj_pxe_image)
bin/blib.a(pxe_call.o)        bin/blib.a(pxe_image.o) (pxe_activate)
bin/blib.a(pxe_file.o)        bin/blib.a(pxe_call.o) (obj_pxe_file)
bin/blib.a(pxe_loader.o)      bin/blib.a(pxe_call.o) (undi_loader)
bin/blib.a(pxe_preboot.o)     bin/blib.a(pxe_call.o) (obj_pxe_preboot)
bin/blib.a(pxe_tftp.o)        bin/blib.a(pxe_preboot.o) (pxenv_tftp_read_file)
bin/blib.a(pxe_udp.o)         bin/blib.a(pxe_call.o) (obj_pxe_udp)
bin/blib.a(pxe_undi.o)        bin/blib.a(pxe_preboot.o) (pxe_netdev)
bin/blib.a(x86_string.o)      bin/blib.a(realtek.o) (__memcpy)
bin/blib.a(cpuid_cmd.o)       bin/blib.a(config.o) (obj_cpuid_cmd)
bin/blib.a(setjmp.o)          bin/blib.a(pxe_call.o) (setjmp)
bin/blib.a(virtaddr.o)        bin/blib.a(elfboot.o) (_virt_to_phys)
bin/blib.a(librm.o)           bin/blib.a(pxe_call.o) (rm_cs)
bin/blib.a(libprefix.o)       bin/blib.a(pxe_preboot.o) (hooked_bios_interrupts)
bin/blib.a(romprefix.o)       (_rom_start)
bin/blib.a(unnrv2b16.o)       bin/blib.a(libprefix.o) (decompress16)
bin/blib.a(pxe_entry.o)       bin/blib.a(pxe_call.o) (ppxe)
bin/blib.a(ansiesc.o)         bin/blib.a(bios_console.o) (ansiesc_process)
bin/blib.a(cpio.o)            bin/blib.a(bzimage.o) (cpio_set_field)
bin/blib.a(device.o)          bin/blib.a(pxe_call.o) (device_keep_count)
bin/blib.a(exec.o)            bin/blib.a(pxe_file.o) (system)
bin/blib.a(getopt.o)          bin/blib.a(cpuid_cmd.o) (optind)
bin/blib.a(image.o)           bin/blib.a(bzimage.o) (unregister_image)
bin/blib.a(init.o)            bin/blib.a(pxe_loader.o) (initialise)
bin/blib.a(interface.o)       bin/blib.a(pxe_tftp.o) (null_intf)
bin/blib.a(iobuf.o)           bin/blib.a(realtek.o) (alloc_iob)
bin/blib.a(list.o)            bin/blib.a(device.o) (extern_list_add)
bin/blib.a(main.o)            bin/blib.a(romprefix.o) (main)
bin/blib.a(malloc.o)          bin/blib.a(realtek.o) (alloc_memblock)
bin/blib.a(memblock.o)        bin/blib.a(initrd.o) (largest_memblock)
bin/blib.a(misc.o)            bin/blib.a(bzimage.o) (strtoul)
bin/blib.a(nvo.o)             bin/blib.a(realtek.o) (nvo_init)
bin/blib.a(open.o)            bin/blib.a(pxe_tftp.o) (xfer_open_uri_string)
bin/blib.a(parseopt.o)        bin/blib.a(cpuid_cmd.o) (parse_integer)
bin/blib.a(posix_io.o)        bin/blib.a(pxe_file.o) (open)
bin/blib.a(process.o)         bin/blib.a(pxe_tftp.o) (step)
bin/blib.a(refcnt.o)          bin/blib.a(bzimage.o) (ref_increment)
bin/blib.a(settings.o)        bin/blib.a(parseopt.o) (find_settings)
bin/blib.a(string.o)          bin/blib.a(settings.o) (strncpy)
bin/blib.a(timer.o)           bin/blib.a(realtek.o) (mdelay)
bin/blib.a(uri.o)             bin/blib.a(settings.o) (uri_encode)
bin/blib.a(uuid.o)            bin/blib.a(settings.o) (uuid_ntoa)
bin/blib.a(version.o)         bin/blib.a(multiboot.o) (product_version)
bin/blib.a(vsprintf.o)        bin/blib.a(multiboot.o) (snprintf)
bin/blib.a(xfer.o)            bin/blib.a(pxe_tftp.o) (xfer_deliver)
bin/blib.a(arp.o)             bin/blib.a(pxe_undi.o) (arp_protocol)
bin/blib.a(dhcpopts.o)        bin/blib.a(nvo.o) (dhcpopt_no_realloc)
bin/blib.a(ethernet.o)        bin/blib.a(realtek.o) (alloc_etherdev)
bin/blib.a(eth_slow.o)        bin/blib.a(ethernet.o) (obj_eth_slow)
bin/blib.a(fakedhcp.o)        bin/blib.a(pxe_preboot.o) (create_fakedhcpdiscover)
bin/blib.a(iobpad.o)          bin/blib.a(realtek.o) (iob_pad)
bin/blib.a(ipv4.o)            bin/blib.a(pxe_undi.o) (ipv4_protocol)
bin/blib.a(netdevice.o)       bin/blib.a(ipv4.o) (net_devices)
bin/blib.a(netdev_settings.o)
                              bin/blib.a(netdevice.o) (netdev_settings_operations)
bin/blib.a(nullnet.o)         bin/blib.a(realtek.o) (null_netdev_operations)
bin/blib.a(rarp.o)            bin/blib.a(pxe_undi.o) (rarp_protocol)
bin/blib.a(retry.o)           bin/blib.a(arp.o) (start_timer)
bin/blib.a(tcpip.o)           bin/blib.a(ipv4.o) (tcpip_rx)
bin/blib.a(udp.o)             bin/blib.a(pxe_udp.o) (udp_open_promisc)
bin/blib.a(http.o)            bin/blib.a(config.o) (obj_http)
bin/blib.a(httpcore.o)        bin/blib.a(http.o) (http_open_filter)
bin/blib.a(iscsi.o)           bin/blib.a(config.o) (obj_iscsi)
[...]
Memory Configuration

Name             Origin             Length             Attributes
*default*        0x0000000000000000 0xffffffffffffffff

Linker script and memory map

                0x0000000000000010                PROVIDE (_max_align, 0x10)

.prefix         0x0000000000000000      0x880
                0x0000000000000000                _prefix = .
 *(.prefix)
 .prefix        0x0000000000000000      0x482 bin/blib.a(romprefix.o)
                0x0000000000000000                _rom_start
                0x0000000000000083                undiheader
                0x0000000000000359                image_source
                0x000000000000035f                decompress_to
 .prefix        0x0000000000000482       0x4b bin/blib.a(undiloader.o)
                0x0000000000000482                undiloader
 *(.prefix.*)
 .prefix.lib    0x00000000000004cd      0x2c2 bin/blib.a(libprefix.o)
                0x00000000000004cd                print_character
                0x00000000000004ec                print_message
                0x00000000000004f9                print_hex_dword
                0x0000000000000504                print_hex_word
                0x000000000000050b                print_hex_byte
                0x0000000000000514                print_hex_nibble
                0x0000000000000521                print_pci_busdevfn
                0x0000000000000542                print_kill_line
                0x000000000000062b                alloc_basemem
                0x000000000000064c                install
                0x0000000000000669                install_prealloc
 .prefix.data   0x000000000000078f       0x56 bin/blib.a(libprefix.o)
 .prefix.lib    0x00000000000007e5       0x9b bin/blib.a(unnrv2b16.o)
                0x00000000000007e5                decompress16
                0x0000000000000880                _mprefix = .

.bss.prefix     0x0000000000000880        0x0 load address 0x0000000000019a40
                0x0000000000000880                _eprefix = .
                0x0000000000000880                _prefix_filesz = (ABSOLUTE (_mprefix) - ABSOLUTE (_prefix))
                0x0000000000000880                _prefix_memsz = (ABSOLUTE (_eprefix) - ABSOLUTE (_prefix))

.text16.early   0x0000000000000000       0xee load address 0x0000000000000880
                0x0000000000000000                _text16 = .
 *(.text16.null)
 .text16.null   0x0000000000000000        0x3 bin/blib.a(pxe_entry.o)
 *(.text16.null.*)
                0x0000000000000004                . = (. + 0x1)
 *fill*         0x0000000000000003        0x1 00
 *(.text16.early)
 .text16.early  0x0000000000000004       0xe5 bin/blib.a(liba20.o)
                0x000000000000009b                enable_a20
                0x00000000000000e5                access_highmem
 *(.text16.early.*)
 .text16.early.data
                0x00000000000000e9        0x2 bin/blib.a(libprefix.o)
                0x00000000000000e9                close_payload
                0x00000000000000e9                open_payload
 *fill*         0x00000000000000eb        0x1 00
 .text16.early.data
                0x00000000000000ec        0x2 bin/blib.a(liba20.o)
                0x00000000000000ee                _etext16_early = .

.text16.late    0x00000000000000f0      0x66c load address 0x0000000000000970
                0x00000000000000f0                _text16_late = .
 *(.text16)
 .text16        0x00000000000000f0       0x36 bin/blib.a(bios_console.o)
 .text16        0x0000000000000126       0x11 bin/blib.a(bzimage.o)
 .text16        0x0000000000000137       0x11 bin/blib.a(pxe_call.o)
 .text16        0x0000000000000148      0x15d bin/blib.a(librm.o)
                0x0000000000000148                init_librm
                0x00000000000001c5                idt_init
                0x000000000000023f                prot_call
 .text16        0x00000000000002a5       0x34 bin/blib.a(libprefix.o)
                0x00000000000002a5                free_basemem
                0x00000000000002d5                uninstall
 .text16        0x00000000000002d9       0x20 bin/blib.a(romprefix.o)
 .text16        0x00000000000002f9       0x65 bin/blib.a(pxe_entry.o)
                0x0000000000000330                pxe_int_1a
 .text16        0x000000000000035e       0x13 bin/blib.a(memmap.o)
 .text16        0x0000000000000371        0x4 bin/blib.a(bios_nap.o)
 .text16        0x0000000000000375        0x6 bin/blib.a(bios_reboot.o)
 .text16        0x000000000000037b        0x5 bin/blib.a(bios_timer.o)
 .text16        0x0000000000000380       0x6a bin/blib.a(int13.o)
 .text16        0x00000000000003ea       0x1e bin/blib.a(pcibios.o)
 .text16        0x0000000000000408       0x45 bin/blib.a(bootsector.o)
 .text16        0x000000000000044d      0x25d bin/blib.a(e820mangler.o)
                0x0000000000000682                int15
 .text16        0x00000000000006aa        0x9 bin/blib.a(patch_cf.o)
                0x00000000000006aa                patch_cf
 *(.text16.*)
 .text16.data   0x00000000000006b3        0x2 bin/blib.a(librm.o)
                0x00000000000006b3                rm_ds
 .text16.data   0x00000000000006b5        0x2 bin/blib.a(libprefix.o)
                0x00000000000006b5                hooked_bios_interrupts
 *fill*         0x00000000000006b7        0x9 00
 .text16.data   0x00000000000006c0       0x90 bin/blib.a(pxe_entry.o)
                0x00000000000006c0                ppxe
                0x0000000000000720                pxenv
                0x000000000000074c                pxe_int_1a_vector
 .text16.data   0x0000000000000750        0x8 bin/blib.a(int13.o)
 .text16.data   0x0000000000000758        0x4 bin/blib.a(e820mangler.o)
                0x0000000000000758                int15_vector
                0x000000000000075c                _mtext16 = .

.bss.text16     0x000000000000075c        0x0 load address 0x0000000000019a40
                0x000000000000075c                _etext16 = .
                0x00000000000000ee                _text16_early_filesz = (ABSOLUTE (_etext16_early) - ABSOLUTE (_text16))
                0x00000000000000ee                _text16_early_memsz = (ABSOLUTE (_etext16_early) - ABSOLUTE (_text16))
                0x000000000000066c                _text16_late_filesz = (ABSOLUTE (_mtext16) - ABSOLUTE (_text16_late))
                0x000000000000066c                _text16_late_memsz = (ABSOLUTE (_etext16) - ABSOLUTE (_text16_late))
                0x000000000000075c                _text16_memsz = (ABSOLUTE (_etext16) - ABSOLUTE (_text16))

.data16         0x0000000000000000       0xd2 load address 0x0000000000000fe0
                0x0000000000000000                _data16 = .
                0x0000000000000001                . = (. + 0x1)
 *fill*         0x0000000000000000        0x1 00
 *(.rodata16)
 *(.rodata16.*)
 *(.data16)
 *fill*         0x0000000000000001        0xf 00
 .data16        0x0000000000000010       0x52 bin/blib.a(librm.o)
                0x0000000000000048                idtr
                0x0000000000000050                rm_cs
 .data16        0x0000000000000062        0xc bin/blib.a(libprefix.o)
 *fill*         0x000000000000006e        0x2 00
 .data16        0x0000000000000070       0x14 bin/blib.a(int13.o)
 *fill*         0x0000000000000084        0xc 00
 .data16        0x0000000000000090       0x42 bin/blib.a(e820mangler.o)
                0x0000000000000098                hidemem_base
                0x00000000000000a8                hidemem_umalloc
                0x00000000000000b8                hidemem_textdata
 *(.data16.*)
                0x00000000000000d2                _mdata16 = .

.bss.data16     0x00000000000000e0     0x2bf8 load address 0x0000000000019a40
 *(.bss16)
 .bss16         0x00000000000000e0      0x3b8 bin/blib.a(multiboot.o)
 .bss16         0x0000000000000498      0xec4 bin/blib.a(pxe_preboot.o)
 .bss16         0x000000000000135c      0x5ea bin/blib.a(basemem_packet.o)
                0x000000000000135c                basemem_packet
 *fill*         0x0000000000001946        0x2 00
 .bss16         0x0000000000001948       0x1c bin/blib.a(memmap.o)
                0x0000000000001948                memmap_post
 *fill*         0x0000000000001964        0xc 00
 .bss16         0x0000000000001970      0x320 bin/blib.a(int13.o)
 .bss16         0x0000000000001c90       0x48 bin/blib.a(e820mangler.o)
 *(.bss16.*)
 *(.stack16)
 .stack16       0x0000000000001cd8     0x1000 bin/blib.a(stack16.o)
                0x0000000000001cd8                _stack16
                0x0000000000002cd8                _estack16
 *(.stack16.*)
                0x0000000000002cd8                _edata16 = .
                0x00000000000000d2                _data16_filesz = (ABSOLUTE (_mdata16) - ABSOLUTE (_data16))
                0x0000000000002cd8                _data16_memsz = (ABSOLUTE (_edata16) - ABSOLUTE (_data16))

.textdata       0x0000000000000000    0x188d0 load address 0x00000000000010c0
                0x0000000000000000                _textdata = .
 *(.text.null_trap)
 *(.text.null_trap.*)
                0x0000000000000001                . = (. + 0x1)
 *fill*         0x0000000000000000        0x1 00
 *(.text)
 *fill*         0x0000000000000001        0x3 00
 .text          0x0000000000000004       0x45 bin/blib.a(setjmp.o)
                0x0000000000000004                setjmp
                0x0000000000000022                longjmp
 *fill*         0x0000000000000049        0x3 00
 .text          0x000000000000004c       0x55 bin/blib.a(virtaddr.o)
                0x000000000000004c                _virt_to_phys
                0x0000000000000078                _phys_to_virt
 *fill*         0x00000000000000a1        0x3 00
 .text          0x00000000000000a4       0xa6 bin/blib.a(librm.o)
                0x0000000000000137                real_call
 *(.text.*)
 .text.realtek_spi_open_bit
                0x000000000000014a        0xe bin/blib.a(realtek.o)
 .text.realtek_spi_close_bit
                0x0000000000000158        0xe bin/blib.a(realtek.o)
 .text.realtek_spi_read_bit
                0x0000000000000166       0x10 bin/blib.a(realtek.o)
 .text.realtek_spi_write_bit
                0x0000000000000176       0x28 bin/blib.a(realtek.o)
 .text.realtek_irq
                0x000000000000019e       0x15 bin/blib.a(realtek.o)
 .text.realtek_transmit
                0x00000000000001b3       0xc8 bin/blib.a(realtek.o)
 .text.realtek_check_link
                0x000000000000027b       0x35 bin/blib.a(realtek.o)
 .text.realtek_mii_read
                0x00000000000002b0       0x4d bin/blib.a(realtek.o)
 .text.realtek_mii_write
                0x00000000000002fd       0x50 bin/blib.a(realtek.o)
 .text.realtek_reset.isra.10
                0x000000000000034d       0x31 bin/blib.a(realtek.o)
 .text.realtek_remove
                0x000000000000037e       0x37 bin/blib.a(realtek.o)
 .text.realtek_probe
                0x00000000000003b5      0x281 bin/blib.a(realtek.o)
 .text.realtek_refill_rx.part.12
                0x0000000000000636       0x81 bin/blib.a(realtek.o)
 .text.realtek_poll
                0x00000000000006b7      0x1d9 bin/blib.a(realtek.o)
 .text.realtek_destroy_ring
                0x0000000000000890       0x46 bin/blib.a(realtek.o)
 .text.realtek_close
                0x00000000000008d6       0x83 bin/blib.a(realtek.o)
 .text.realtek_create_ring
                0x0000000000000959       0x5b bin/blib.a(realtek.o)
 .text.realtek_open
                0x00000000000009b4       0xd8 bin/blib.a(realtek.o)
 .text.nvs_read
                0x0000000000000a8c       0x59 bin/blib.a(nvs.o)
                0x0000000000000a8c                nvs_read
 .text.nvs_verify
                0x0000000000000ae5       0x4b bin/blib.a(nvs.o)
 .text.nvs_write
                0x0000000000000b30       0x6b bin/blib.a(nvs.o)
                0x0000000000000b30                nvs_write
 .text.threewire_read
                0x0000000000000b9b       0x1c bin/blib.a(threewire.o)
                0x0000000000000b9b                threewire_read
 .text.threewire_write
                0x0000000000000bb7       0x5f bin/blib.a(threewire.o)
                0x0000000000000bb7                threewire_write
 .text.spi_bit_set_slave_select
                0x0000000000000c16       0x36 bin/blib.a(spi_bit.o)
 .text.spi_bit_transfer
                0x0000000000000c4c       0xde bin/blib.a(spi_bit.o)
 .text.spi_bit_rw
                0x0000000000000d2a       0xe3 bin/blib.a(spi_bit.o)
 .text.init_spi_bit_basher
                0x0000000000000e0d        0x8 bin/blib.a(spi_bit.o)
                0x0000000000000e0d                init_spi_bit_basher
 .text.timer2_udelay
                0x0000000000000e15       0x33 bin/blib.a(timer2.o)
                0x0000000000000e15                timer2_udelay
 .text.bios_handle_cup
                0x0000000000000e48       0x38 bin/blib.a(bios_console.o)
 .text.bios_handle_ed
                0x0000000000000e80       0x25 bin/blib.a(bios_console.o)
 .text.bios_handle_sgr
                0x0000000000000ea5       0x6a bin/blib.a(bios_console.o)
 .text.bios_putchar
                0x0000000000000f0f       0x28 bin/blib.a(bios_console.o)
 .text.bios_iskey
                0x0000000000000f37       0x2a bin/blib.a(bios_console.o)
 .text.bios_getchar
                0x0000000000000f61       0x8f bin/blib.a(bios_console.o)
 .text.bzimage_load_initrd
                0x0000000000000ff0      0x15e bin/blib.a(bzimage.o)
 .text.bzimage_parse_header.isra.0
                0x000000000000114e      0x13b bin/blib.a(bzimage.o)
 .text.bzimage_probe
                0x0000000000001289       0x1a bin/blib.a(bzimage.o)
                0x0000000000001289                bzimage_probe
 .text.bzimage_exec
                0x00000000000012a3      0x419 bin/blib.a(bzimage.o)
 .text.elfboot_exec
                0x00000000000016bc       0x39 bin/blib.a(elfboot.o)
 .text.elfboot_probe
                0x00000000000016f5       0x34 bin/blib.a(elfboot.o)
 .text.initrd_startup
                0x0000000000001729       0x16 bin/blib.a(initrd.o)
 .text.initrd_reshuffle
                0x000000000000173f      0x175 bin/blib.a(initrd.o)
                0x000000000000173f                initrd_reshuffle
 .text.initrd_reshuffle_check
                0x00000000000018b4       0x30 bin/blib.a(initrd.o)
                0x00000000000018b4                initrd_reshuffle_check
 .text.multiboot_add_cmdline
                0x00000000000018e4       0x89 bin/blib.a(multiboot.o)
 .text.multiboot_find_header
                0x000000000000196d       0x79 bin/blib.a(multiboot.o)
 .text.multiboot_probe
                0x00000000000019e6        0xe bin/blib.a(multiboot.o)
 .text.multiboot_exec
                0x00000000000019f4      0x326 bin/blib.a(multiboot.o)
 .text.pxe_exec
                0x0000000000001d1a       0x7f bin/blib.a(pxe_image.o)
 .text.pxe_probe
                0x0000000000001d99       0x1d bin/blib.a(pxe_image.o)
                0x0000000000001d99                pxe_probe
 .text.pxenv_unknown
                0x0000000000001db6        0xb bin/blib.a(pxe_call.o)
 .text.pxe_init_structures
                0x0000000000001dc1       0xea bin/blib.a(pxe_call.o)
 .text.pxe_api_call
                0x0000000000001eab       0x87 bin/blib.a(pxe_call.o)
                0x0000000000001eab                pxe_api_call
 .text.pxe_loader_call
                0x0000000000001f32       0x5d bin/blib.a(pxe_call.o)
                0x0000000000001f32                pxe_loader_call
 .text.pxe_activate
                0x0000000000001f8f       0x3f bin/blib.a(pxe_call.o)
                0x0000000000001f8f                pxe_activate
 .text.pxe_deactivate
                0x0000000000001fce       0x3f bin/blib.a(pxe_call.o)
                0x0000000000001fce                pxe_deactivate
 .text.pxe_start_nbp
                0x000000000000200d       0x76 bin/blib.a(pxe_call.o)
                0x000000000000200d                pxe_start_nbp
 .text.pxenv_file_cmdline
                0x0000000000002083       0x5c bin/blib.a(pxe_file.o)
 .text.pxenv_file_exec
                0x00000000000020df       0x72 bin/blib.a(pxe_file.o)
 .text.pxenv_get_file_size
                0x0000000000002151       0x2c bin/blib.a(pxe_file.o)
 .text.pxenv_file_read
                0x000000000000217d       0x47 bin/blib.a(pxe_file.o)
 .text.pxenv_file_select
                0x00000000000021c4       0x44 bin/blib.a(pxe_file.o)
 .text.pxenv_file_close
                0x0000000000002208       0x15 bin/blib.a(pxe_file.o)
 .text.pxenv_file_open
                0x000000000000221d       0x72 bin/blib.a(pxe_file.o)
 .text.pxenv_file_api_check
                0x000000000000228f       0x7d bin/blib.a(pxe_file.o)
 .text.undi_loader
                0x000000000000230c       0x3e bin/blib.a(pxe_loader.o)
                0x000000000000230c                undi_loader
 .text.pxenv_unload_stack
                0x000000000000234a        0x8 bin/blib.a(pxe_preboot.o)
 .text.pxenv_start_base
                0x0000000000002352        0xb bin/blib.a(pxe_preboot.o)
 .text.pxenv_stop_base
                0x000000000000235d        0x8 bin/blib.a(pxe_preboot.o)
 .text.pxenv_stop_undi
                0x0000000000002365       0x36 bin/blib.a(pxe_preboot.o)
 .text.pxenv_start_undi
                0x000000000000239b       0x69 bin/blib.a(pxe_preboot.o)
 .text.pxenv_get_cached_info
                0x0000000000002404       0xbf bin/blib.a(pxe_preboot.o)
 .text.pxenv_restart_tftp
                0x00000000000024c3       0x42 bin/blib.a(pxe_preboot.o)
 .text.pxe_tftp_xfer_window
                0x0000000000002505        0x4 bin/blib.a(pxe_tftp.o)
 .text.pxenv_tftp_read
                0x0000000000002509       0x9d bin/blib.a(pxe_tftp.o)
 .text.pxe_tftp_open
                0x00000000000025a6       0xca bin/blib.a(pxe_tftp.o)
 .text.pxe_tftp_close
                0x0000000000002670       0x11 bin/blib.a(pxe_tftp.o)
 .text.pxe_tftp_xfer_deliver
                0x0000000000002681       0x8d bin/blib.a(pxe_tftp.o)
 .text.pxenv_tftp_close
                0x000000000000270e       0x18 bin/blib.a(pxe_tftp.o)
 .text.pxenv_tftp_get_fsize
                0x0000000000002726       0x82 bin/blib.a(pxe_tftp.o)
 .text.pxenv_tftp_open
                0x00000000000027a8       0x98 bin/blib.a(pxe_tftp.o)
 .text.pxenv_tftp_read_file
                0x0000000000002840       0x93 bin/blib.a(pxe_tftp.o)
                0x0000000000002840                pxenv_tftp_read_file
 .text.pxenv_udp_read
                0x00000000000028d3       0x5b bin/blib.a(pxe_udp.o)
 .text.pxe_udp_deliver
                0x000000000000292e       0x85 bin/blib.a(pxe_udp.o)
 .text.pxenv_udp_write
                0x00000000000029b3       0xd5 bin/blib.a(pxe_udp.o)
 .text.pxenv_udp_close
                0x0000000000002a88       0x18 bin/blib.a(pxe_udp.o)
 .text.pxenv_udp_open
                0x0000000000002aa0       0x3e bin/blib.a(pxe_udp.o)
 .text.pxenv_undi_startup
                0x0000000000002ade       0x1c bin/blib.a(pxe_undi.o)
 .text.pxenv_undi_initialize
                0x0000000000002afa       0x1c bin/blib.a(pxe_undi.o)
 .text.pxenv_undi_set_mcast_address
                0x0000000000002b16       0x1c bin/blib.a(pxe_undi.o)
 .text.pxenv_undi_set_packet_filter
                0x0000000000002b32       0x1c bin/blib.a(pxe_undi.o)
 .text.pxenv_undi_get_statistics
                0x0000000000002b4e       0x38 bin/blib.a(pxe_undi.o)
 .text.pxenv_undi_clear_statistics
                0x0000000000002b86       0x40 bin/blib.a(pxe_undi.o)
 .text.pxenv_undi_initiate_diags
                0x0000000000002bc6       0x1b bin/blib.a(pxe_undi.o)
 .text.pxenv_undi_force_interrupt
                0x0000000000002be1       0x1b bin/blib.a(pxe_undi.o)
 .text.pxenv_undi_get_mcast_address
                0x0000000000002bfc       0x4c bin/blib.a(pxe_undi.o)
 .text.pxenv_undi_get_nic_type
                0x0000000000002c48       0x95 bin/blib.a(pxe_undi.o)
 .text.pxenv_undi_get_information
                0x0000000000002cdd       0x86 bin/blib.a(pxe_undi.o)
 .text.pxenv_undi_set_station_address
                0x0000000000002d63       0x42 bin/blib.a(pxe_undi.o)
 .text.pxenv_undi_isr
                0x0000000000002da5      0x1bc bin/blib.a(pxe_undi.o)
 .text.pxenv_undi_get_iface_info
                0x0000000000002f61       0x63 bin/blib.a(pxe_undi.o)
 .text.pxenv_undi_transmit
                0x0000000000002fc4      0x1e4 bin/blib.a(pxe_undi.o)
 .text.pxe_netdev_close
                0x00000000000031a8       0x25 bin/blib.a(pxe_undi.o)
 .text.pxenv_undi_close
                0x00000000000031cd       0x26 bin/blib.a(pxe_undi.o)
 .text.pxenv_undi_shutdown
                0x00000000000031f3       0x26 bin/blib.a(pxe_undi.o)
 .text.pxenv_undi_cleanup
                0x0000000000003219       0x26 bin/blib.a(pxe_undi.o)
 .text.pxe_netdev_open
                0x000000000000323f       0x28 bin/blib.a(pxe_undi.o)
 .text.pxenv_undi_open
                0x0000000000003267       0x35 bin/blib.a(pxe_undi.o)
 .text.pxenv_undi_reset_adapter
                0x000000000000329c       0x3a bin/blib.a(pxe_undi.o)
 .text.pxe_set_netdev
                0x00000000000032d6       0x32 bin/blib.a(pxe_undi.o)
                0x00000000000032d6                pxe_set_netdev
 .text.__memcpy
                0x0000000000003308       0x1d bin/blib.a(x86_string.o)
                0x0000000000003308                __memcpy
 .text.__memcpy_reverse
                0x0000000000003325       0x11 bin/blib.a(x86_string.o)
                0x0000000000003325                __memcpy_reverse
 .text.__memmove
                0x0000000000003336        0xe bin/blib.a(x86_string.o)
                0x0000000000003336                __memmove
 .text.memswap  0x0000000000003344       0x11 bin/blib.a(x86_string.o)
                0x0000000000003344                memswap
 .text.strlen   0x0000000000003355       0x11 bin/blib.a(x86_string.o)
                0x0000000000003355                strlen
 .text.strncmp  0x0000000000003366       0x1c bin/blib.a(x86_string.o)
                0x0000000000003366                strncmp
 .text.cpuid_exec
                0x0000000000003382       0x6d bin/blib.a(cpuid_cmd.o)
 .text.ansiesc_process
                0x00000000000033ef       0xbe bin/blib.a(ansiesc.o)
                0x00000000000033ef                ansiesc_process
 .text.cpio_set_field
                0x00000000000034ad       0x2a bin/blib.a(cpio.o)
                0x00000000000034ad                cpio_set_field
 .text.probe_devices
                0x00000000000034d7       0x52 bin/blib.a(device.o)
 .text.identify_device
                0x0000000000003529       0x31 bin/blib.a(device.o)
                0x0000000000003529                identify_device
 .text.remove_devices
                0x000000000000355a       0x40 bin/blib.a(device.o)
 .text.process_on_success
                0x000000000000359a        0x9 bin/blib.a(exec.o)
 .text.process_on_failure
                0x00000000000035a3        0x9 bin/blib.a(exec.o)
 .text.process_always
                0x00000000000035ac        0x6 bin/blib.a(exec.o)
 .text.exit_exec
                0x00000000000035b2       0x4f bin/blib.a(exec.o)
 .text.split_command
                0x0000000000003601       0x49 bin/blib.a(exec.o)
 .text.isset_exec
                0x000000000000364a       0x2f bin/blib.a(exec.o)
 .text.sleep_exec
                0x0000000000003679       0x79 bin/blib.a(exec.o)
 .text.iseq_exec
                0x00000000000036f2       0x3c bin/blib.a(exec.o)
 .text.execv    0x000000000000372e       0x8f bin/blib.a(exec.o)
                0x000000000000372e                execv
 .text.shell_stop
                0x00000000000037bd        0x6 bin/blib.a(exec.o)
                0x00000000000037bd                shell_stop
 .text.shell_stopped
                0x00000000000037c3       0x1c bin/blib.a(exec.o)
                0x00000000000037c3                shell_stopped
 .text.system   0x00000000000037df      0x192 bin/blib.a(exec.o)
                0x00000000000037df                system
 .text.concat_args
                0x0000000000003971       0x66 bin/blib.a(exec.o)
                0x0000000000003971                concat_args
 .text.echo_exec
                0x00000000000039d7       0x61 bin/blib.a(exec.o)
 .text.get_argv_argument
                0x0000000000003a38       0x24 bin/blib.a(getopt.o)
 .text.getopt_long
                0x0000000000003a5c      0x223 bin/blib.a(getopt.o)
                0x0000000000003a5c                getopt_long
 .text.free_image
                0x0000000000003c7f       0x35 bin/blib.a(image.o)
 .text.image_set_name
                0x0000000000003cb4       0x28 bin/blib.a(image.o)
                0x0000000000003cb4                image_set_name
 .text.alloc_image
                0x0000000000003cdc       0x50 bin/blib.a(image.o)
                0x0000000000003cdc                alloc_image
 .text.image_set_cmdline
                0x0000000000003d2c       0x35 bin/blib.a(image.o)
                0x0000000000003d2c                image_set_cmdline
 .text.unregister_image
                0x0000000000003d61       0x22 bin/blib.a(image.o)
                0x0000000000003d61                unregister_image
 .text.find_image
                0x0000000000003d83       0x2f bin/blib.a(image.o)
                0x0000000000003d83                find_image
 .text.image_probe
                0x0000000000003db2       0x34 bin/blib.a(image.o)
                0x0000000000003db2                image_probe
 .text.image_replace
                0x0000000000003de6       0x39 bin/blib.a(image.o)
                0x0000000000003de6                image_replace
 .text.image_select
                0x0000000000003e1f       0x2c bin/blib.a(image.o)
                0x0000000000003e1f                image_select
 .text.image_exec
                0x0000000000003e4b       0xa1 bin/blib.a(image.o)
                0x0000000000003e4b                image_exec
 .text.image_find_selected
                0x0000000000003eec       0x1d bin/blib.a(image.o)
                0x0000000000003eec                image_find_selected
 .text.register_image
                0x0000000000003f09       0x6a bin/blib.a(image.o)
                0x0000000000003f09                register_image
 .text.initialise
                0x0000000000003f73       0x17 bin/blib.a(init.o)
                0x0000000000003f73                initialise
 .text.startup  0x0000000000003f8a       0x30 bin/blib.a(init.o)
                0x0000000000003f8a                startup
 .text.shutdown
                0x0000000000003fba       0x37 bin/blib.a(init.o)
                0x0000000000003fba                shutdown
 .text.intf_plug
                0x0000000000003ff1       0x1d bin/blib.a(interface.o)
                0x0000000000003ff1                intf_plug
 .text.intf_plug_plug
                0x000000000000400e       0x16 bin/blib.a(interface.o)
                0x000000000000400e                intf_plug_plug
 .text.intf_unplug
                0x0000000000004024        0xa bin/blib.a(interface.o)
                0x0000000000004024                intf_unplug
 .text.intf_nullify
                0x000000000000402e        0x8 bin/blib.a(interface.o)
                0x000000000000402e                intf_nullify
 .text.intf_put
                0x0000000000004036        0x8 bin/blib.a(interface.o)
                0x0000000000004036                intf_put
 .text.intf_object
                0x000000000000403e        0x6 bin/blib.a(interface.o)
                0x000000000000403e                intf_object
 .text.intf_get_dest_op_no_passthru_untyped
                0x0000000000004044       0x35 bin/blib.a(interface.o)
                0x0000000000004044                intf_get_dest_op_no_passthru_untyped
 .text.intf_get_dest_op_untyped
                0x0000000000004079       0x34 bin/blib.a(interface.o)
                0x0000000000004079                intf_get_dest_op_untyped
 .text.intf_close
                0x00000000000040ad       0x32 bin/blib.a(interface.o)
                0x00000000000040ad                intf_close
 .text.intf_shutdown
                0x00000000000040df       0x17 bin/blib.a(interface.o)
                0x00000000000040df                intf_shutdown
 .text.intf_restart
                0x00000000000040f6       0x12 bin/blib.a(interface.o)
                0x00000000000040f6                intf_restart
 .text.alloc_iob_raw
                0x0000000000004108       0x79 bin/blib.a(iobuf.o)
                0x0000000000004108                alloc_iob_raw
 .text.alloc_iob
                0x0000000000004181       0x13 bin/blib.a(iobuf.o)
                0x0000000000004181                alloc_iob
 .text.free_iob
                0x0000000000004194       0x2d bin/blib.a(iobuf.o)
                0x0000000000004194                free_iob
 .text.iob_ensure_headroom
                0x00000000000041c1       0x12 bin/blib.a(iobuf.o)
                0x00000000000041c1                iob_ensure_headroom
 .text.extern_list_add
                0x00000000000041d3        0xd bin/blib.a(list.o)
                0x00000000000041d3                extern_list_add
 .text.extern_list_add_tail
                0x00000000000041e0        0xe bin/blib.a(list.o)
                0x00000000000041e0                extern_list_add_tail
 .text.startup.main
                0x00000000000041ee       0x31 bin/blib.a(main.o)
                0x00000000000041ee                main
 .text.discard_cache
                0x000000000000421f       0x1d bin/blib.a(malloc.o)
 .text.shutdown_cache
                0x000000000000423c        0xa bin/blib.a(malloc.o)
 .text.alloc_memblock
                0x0000000000004246       0x8b bin/blib.a(malloc.o)
                0x0000000000004246                alloc_memblock
 .text.free_memblock
                0x00000000000042d1       0x98 bin/blib.a(malloc.o)
                0x00000000000042d1                free_memblock
 .text.realloc  0x0000000000004369       0x5b bin/blib.a(malloc.o)
                0x0000000000004369                realloc
 .text.malloc   0x00000000000043c4        0x9 bin/blib.a(malloc.o)
                0x00000000000043c4                malloc
 .text.free     0x00000000000043cd        0x7 bin/blib.a(malloc.o)
                0x00000000000043cd                free
 .text.zalloc   0x00000000000043d4       0x1c bin/blib.a(malloc.o)
                0x00000000000043d4                zalloc
 .text.mpopulate
                0x00000000000043f0        0x8 bin/blib.a(malloc.o)
                0x00000000000043f0                mpopulate
 .text.init_heap
                0x00000000000043f8        0xf bin/blib.a(malloc.o)
 .text.largest_memblock
                0x0000000000004407       0x6e bin/blib.a(memblock.o)
                0x0000000000004407                largest_memblock
 .text.strtoul_charval
                0x0000000000004475       0x1b bin/blib.a(misc.o)
                0x0000000000004475                strtoul_charval
 .text.strtoul  0x0000000000004490       0x7a bin/blib.a(misc.o)
                0x0000000000004490                strtoul
 .text.inet_aton
                0x000000000000450a       0x63 bin/blib.a(misc.o)
                0x000000000000450a                inet_aton
 .text.nvo_fetch
                0x000000000000456d        0xb bin/blib.a(nvo.o)
 .text.nvo_applies
                0x0000000000004578       0x19 bin/blib.a(nvo.o)
                0x0000000000004578                nvo_applies
 .text.nvo_realloc
                0x0000000000004591       0x47 bin/blib.a(nvo.o)
 .text.nvo_realloc_dhcpopt
                0x00000000000045d8       0x33 bin/blib.a(nvo.o)
 .text.nvo_store
                0x000000000000460b       0x5a bin/blib.a(nvo.o)
 .text.nvo_init
                0x0000000000004665       0x52 bin/blib.a(nvo.o)
                0x0000000000004665                nvo_init
 .text.register_nvo
                0x00000000000046b7       0x82 bin/blib.a(nvo.o)
                0x00000000000046b7                register_nvo
 .text.unregister_nvo
                0x0000000000004739       0x12 bin/blib.a(nvo.o)
                0x0000000000004739                unregister_nvo
 .text.xfer_uri_opener
                0x000000000000474b       0x2a bin/blib.a(open.o)
                0x000000000000474b                xfer_uri_opener
 .text.xfer_open_uri
                0x0000000000004775       0x45 bin/blib.a(open.o)
                0x0000000000004775                xfer_open_uri
 .text.xfer_open_uri_string
                0x00000000000047ba       0x2f bin/blib.a(open.o)
                0x00000000000047ba                xfer_open_uri_string
 .text.xfer_open_socket
                0x00000000000047e9       0x37 bin/blib.a(open.o)
                0x00000000000047e9                xfer_open_socket
 .text.xfer_vopen
                0x0000000000004820       0x38 bin/blib.a(open.o)
                0x0000000000004820                xfer_vopen
 .text.xfer_vreopen
                0x0000000000004858       0x20 bin/blib.a(open.o)
                0x0000000000004858                xfer_vreopen
 .text.parse_string
                0x0000000000004878        0x5 bin/blib.a(parseopt.o)
                0x0000000000004878                parse_string
 .text.parse_integer
                0x000000000000487d       0x32 bin/blib.a(parseopt.o)
                0x000000000000487d                parse_integer
 .text.parse_netdev
                0x00000000000048af       0x2a bin/blib.a(parseopt.o)
                0x00000000000048af                parse_netdev
 .text.parse_menu
                0x00000000000048d9       0x3b bin/blib.a(parseopt.o)
                0x00000000000048d9                parse_menu
 .text.parse_flag
                0x0000000000004914        0x9 bin/blib.a(parseopt.o)
                0x0000000000004914                parse_flag
 .text.parse_key
                0x000000000000491d       0x19 bin/blib.a(parseopt.o)
                0x000000000000491d                parse_key
 .text.parse_settings
                0x0000000000004936       0x2a bin/blib.a(parseopt.o)
                0x0000000000004936                parse_settings
 .text.parse_setting
                0x0000000000004960       0x2d bin/blib.a(parseopt.o)
                0x0000000000004960                parse_setting
 .text.parse_existing_setting
                0x000000000000498d        0xa bin/blib.a(parseopt.o)
                0x000000000000498d                parse_existing_setting
 .text.parse_autovivified_setting
                0x0000000000004997        0xa bin/blib.a(parseopt.o)
                0x0000000000004997                parse_autovivified_setting
 .text.print_usage
                0x00000000000049a1       0x15 bin/blib.a(parseopt.o)
                0x00000000000049a1                print_usage
 .text.reparse_options
                0x00000000000049b6      0x19f bin/blib.a(parseopt.o)
                0x00000000000049b6                reparse_options
 .text.parse_options
                0x0000000000004b55       0x2b bin/blib.a(parseopt.o)
                0x0000000000004b55                parse_options
 .text.posix_fd_to_file
                0x0000000000004b80       0x20 bin/blib.a(posix_io.o)
 .text.posix_file_finished
                0x0000000000004ba0       0x14 bin/blib.a(posix_io.o)
 .text.posix_file_xfer_deliver
                0x0000000000004bb4       0x3d bin/blib.a(posix_io.o)
 .text.posix_file_free
                0x0000000000004bf1       0x30 bin/blib.a(posix_io.o)
 .text.open     0x0000000000004c21       0xb9 bin/blib.a(posix_io.o)
                0x0000000000004c21                open
 .text.select   0x0000000000004cda       0x66 bin/blib.a(posix_io.o)
                0x0000000000004cda                select
 .text.read_user
                0x0000000000004d40       0x8a bin/blib.a(posix_io.o)
                0x0000000000004d40                read_user
 .text.fsize    0x0000000000004dca       0x13 bin/blib.a(posix_io.o)
                0x0000000000004dca                fsize
 .text.close    0x0000000000004ddd       0x30 bin/blib.a(posix_io.o)
                0x0000000000004ddd                close
 .text.process_add
                0x0000000000004e0d       0x1e bin/blib.a(process.o)
                0x0000000000004e0d                process_add
 .text.init_processes
                0x0000000000004e2b       0x1c bin/blib.a(process.o)
 .text.process_del
                0x0000000000004e47       0x1c bin/blib.a(process.o)
                0x0000000000004e47                process_del
 .text.step     0x0000000000004e63       0x5d bin/blib.a(process.o)
                0x0000000000004e63                step
 .text.ref_increment
                0x0000000000004ec0        0x7 bin/blib.a(refcnt.o)
                0x0000000000004ec0                ref_increment
 .text.ref_decrement
                0x0000000000004ec7       0x1c bin/blib.a(refcnt.o)
                0x0000000000004ec7                ref_decrement
 .text.apply_settings
                0x0000000000004ee3       0x1d bin/blib.a(settings.o)
 .text.builtin_applies
                0x0000000000004f00        0xd bin/blib.a(settings.o)
 .text.platform_fetch
                0x0000000000004f0d       0x12 bin/blib.a(settings.o)
 .text.buildarch_fetch
                0x0000000000004f1f       0x12 bin/blib.a(settings.o)
 .text.version_fetch
                0x0000000000004f31       0x17 bin/blib.a(settings.o)
 .text.format_string_setting
                0x0000000000004f48       0x2e bin/blib.a(settings.o)
 .text.parse_string_setting
                0x0000000000004f76       0x31 bin/blib.a(settings.o)
 .text.errno_fetch
                0x0000000000004fa7       0x28 bin/blib.a(settings.o)
 .text.denumerate_int_setting
                0x0000000000004fcf       0x3f bin/blib.a(settings.o)
 .text.format_uint_setting
                0x000000000000500e       0x2e bin/blib.a(settings.o)
 .text.format_int_setting
                0x000000000000503c       0x2e bin/blib.a(settings.o)
 .text.format_hex_setting
                0x000000000000506a       0x68 bin/blib.a(settings.o)
 .text.format_hex_raw_setting
                0x00000000000050d2        0xa bin/blib.a(settings.o)
 .text.format_hex_hyphen_setting
                0x00000000000050dc        0xa bin/blib.a(settings.o)
 .text.format_hex_colon_setting
                0x00000000000050e6        0xa bin/blib.a(settings.o)
 .text.parse_hex_raw_setting
                0x00000000000050f0        0x9 bin/blib.a(settings.o)
 .text.parse_hex_hyphen_setting
                0x00000000000050f9        0xc bin/blib.a(settings.o)
 .text.parse_hex_setting
                0x0000000000005105        0xc bin/blib.a(settings.o)
 .text.parse_ipv4_setting
                0x0000000000005111       0x39 bin/blib.a(settings.o)
 .text.format_uristring_setting
                0x000000000000514a       0x39 bin/blib.a(settings.o)
 .text.parse_uristring_setting
                0x0000000000005183       0x48 bin/blib.a(settings.o)
 .text.generic_settings_clear
                0x00000000000051cb       0x28 bin/blib.a(settings.o)
                0x00000000000051cb                generic_settings_clear
 .text.autovivified_settings_free
                0x00000000000051f3       0x13 bin/blib.a(settings.o)
 .text.parse_settings_name
                0x0000000000005206       0x66 bin/blib.a(settings.o)
 .text.numeric_setting_value
                0x000000000000526c       0x68 bin/blib.a(settings.o)
 .text.numerate_int_setting
                0x00000000000052d4       0x21 bin/blib.a(settings.o)
 .text.format_busdevfn_setting
                0x00000000000052f5       0x3f bin/blib.a(settings.o)
 .text.format_uuid_setting
                0x0000000000005334       0x2d bin/blib.a(settings.o)
 .text.parse_int_setting
                0x0000000000005361       0x34 bin/blib.a(settings.o)
 .text.format_ipv4_setting
                0x0000000000005395       0x2d bin/blib.a(settings.o)
 .text.find_settings
                0x00000000000053c2        0xa bin/blib.a(settings.o)
                0x00000000000053c2                find_settings
 .text.unregister_settings
                0x00000000000053cc       0x54 bin/blib.a(settings.o)
                0x00000000000053cc                unregister_settings
 .text.settings_target
                0x0000000000005420       0x15 bin/blib.a(settings.o)
                0x0000000000005420                settings_target
 .text.settings_name
                0x0000000000005435       0x5b bin/blib.a(settings.o)
                0x0000000000005435                settings_name
 .text.find_child_settings
                0x0000000000005490       0x45 bin/blib.a(settings.o)
                0x0000000000005490                find_child_settings
 .text.setting_applies
                0x00000000000054d5       0x25 bin/blib.a(settings.o)
                0x00000000000054d5                setting_applies
 .text.fetch_setting_and_origin
                0x00000000000054fa       0xb9 bin/blib.a(settings.o)
 .text.fetch_setting
                0x00000000000055b3        0xf bin/blib.a(settings.o)
                0x00000000000055b3                fetch_setting
 .text.fetch_setting_origin
                0x00000000000055c2       0x13 bin/blib.a(settings.o)
                0x00000000000055c2                fetch_setting_origin
 .text.fetch_setting_len
                0x00000000000055d5        0xa bin/blib.a(settings.o)
                0x00000000000055d5                fetch_setting_len
 .text.fetch_setting_copy
                0x00000000000055df       0x40 bin/blib.a(settings.o)
                0x00000000000055df                fetch_setting_copy
 .text.fetch_string_setting
                0x000000000000561f       0x30 bin/blib.a(settings.o)
                0x000000000000561f                fetch_string_setting
 .text.fetch_string_setting_copy
                0x000000000000564f       0x51 bin/blib.a(settings.o)
                0x000000000000564f                fetch_string_setting_copy
 .text.fetch_ipv4_array_setting
                0x00000000000056a0       0x1f bin/blib.a(settings.o)
                0x00000000000056a0                fetch_ipv4_array_setting
 .text.fetch_ipv4_setting
                0x00000000000056bf        0x8 bin/blib.a(settings.o)
                0x00000000000056bf                fetch_ipv4_setting
 .text.fetch_numeric_setting
                0x00000000000056c7       0x2e bin/blib.a(settings.o)
                0x00000000000056c7                fetch_numeric_setting
 .text.fetch_intz_setting
                0x00000000000056f5       0x11 bin/blib.a(settings.o)
                0x00000000000056f5                fetch_intz_setting
 .text.reprioritise_settings
                0x0000000000005706       0x6f bin/blib.a(settings.o)
 .text.register_settings
                0x0000000000005775       0x51 bin/blib.a(settings.o)
                0x0000000000005775                register_settings
 .text.builtin_init
                0x00000000000057c6       0x11 bin/blib.a(settings.o)
 .text.autovivify_child_settings
                0x00000000000057d7       0x9b bin/blib.a(settings.o)
                0x00000000000057d7                autovivify_child_settings
 .text.fetch_uintz_setting
                0x0000000000005872       0x11 bin/blib.a(settings.o)
                0x0000000000005872                fetch_uintz_setting
 .text.fetch_uuid_setting
                0x0000000000005883       0x16 bin/blib.a(settings.o)
                0x0000000000005883                fetch_uuid_setting
 .text.clear_settings
                0x0000000000005899       0x12 bin/blib.a(settings.o)
                0x0000000000005899                clear_settings
 .text.setting_cmp
                0x00000000000058ab       0x39 bin/blib.a(settings.o)
                0x00000000000058ab                setting_cmp
 .text.builtin_fetch
                0x00000000000058e4       0x3c bin/blib.a(settings.o)
 .text.store_setting
                0x0000000000005920       0x80 bin/blib.a(settings.o)
                0x0000000000005920                store_setting
 .text.generic_settings_fetch
                0x00000000000059a0       0x62 bin/blib.a(settings.o)
                0x00000000000059a0                generic_settings_fetch
 .text.generic_settings_store
                0x0000000000005a02       0xdb bin/blib.a(settings.o)
                0x0000000000005a02                generic_settings_store
 .text.setting_format
                0x0000000000005add       0x1d bin/blib.a(settings.o)
                0x0000000000005add                setting_format
 .text.setting_parse
                0x0000000000005afa       0x19 bin/blib.a(settings.o)
                0x0000000000005afa                setting_parse
 .text.setting_numerate
                0x0000000000005b13       0x19 bin/blib.a(settings.o)
                0x0000000000005b13                setting_numerate
 .text.setting_denumerate
                0x0000000000005b2c       0x19 bin/blib.a(settings.o)
                0x0000000000005b2c                setting_denumerate
 .text.fetchf_setting
                0x0000000000005b45       0x3d bin/blib.a(settings.o)
                0x0000000000005b45                fetchf_setting
 .text.fetchf_setting_copy
                0x0000000000005b82       0x51 bin/blib.a(settings.o)
                0x0000000000005b82                fetchf_setting_copy
 .text.storef_setting
                0x0000000000005bd3       0x7a bin/blib.a(settings.o)
                0x0000000000005bd3                storef_setting
 .text.fetchn_setting
                0x0000000000005c4d       0x37 bin/blib.a(settings.o)
                0x0000000000005c4d                fetchn_setting
 .text.storen_setting
                0x0000000000005c84       0x5e bin/blib.a(settings.o)
                0x0000000000005c84                storen_setting
 .text.parse_setting_name
                0x0000000000005ce2      0x153 bin/blib.a(settings.o)
                0x0000000000005ce2                parse_setting_name
 .text.setting_name
                0x0000000000005e35       0x43 bin/blib.a(settings.o)
                0x0000000000005e35                setting_name
 .text.expand_settings
                0x0000000000005e78       0xca bin/blib.a(settings.o)
                0x0000000000005e78                expand_settings
 .text.strcpy   0x0000000000005f42       0x10 bin/blib.a(string.o)
                0x0000000000005f42                strcpy
 .text.strncpy  0x0000000000005f52       0x18 bin/blib.a(string.o)
                0x0000000000005f52                strncpy
 .text.strcmp   0x0000000000005f6a       0x24 bin/blib.a(string.o)
                0x0000000000005f6a                strcmp
 .text.strcasecmp
                0x0000000000005f8e       0x2a bin/blib.a(string.o)
                0x0000000000005f8e                strcasecmp
 .text.strchr   0x0000000000005fb8       0x11 bin/blib.a(string.o)
                0x0000000000005fb8                strchr
 .text.strrchr  0x0000000000005fc9       0x1f bin/blib.a(string.o)
                0x0000000000005fc9                strrchr
 .text.strnlen  0x0000000000005fe8       0x14 bin/blib.a(string.o)
                0x0000000000005fe8                strnlen
 .text.memcmp   0x0000000000005ffc       0x21 bin/blib.a(string.o)
                0x0000000000005ffc                memcmp
 .text.strstr   0x000000000000601d       0x3e bin/blib.a(string.o)
                0x000000000000601d                strstr
 .text.memchr   0x000000000000605b       0x15 bin/blib.a(string.o)
                0x000000000000605b                memchr
 .text.strndup  0x0000000000006070       0x35 bin/blib.a(string.o)
                0x0000000000006070                strndup
 .text.strdup   0x00000000000060a5        0x8 bin/blib.a(string.o)
                0x00000000000060a5                strdup
 .text.mdelay   0x00000000000060ad       0x16 bin/blib.a(timer.o)
                0x00000000000060ad                mdelay
 .text.sleep    0x00000000000060c3       0x18 bin/blib.a(timer.o)
                0x00000000000060c3                sleep
 .text.free_uri
                0x00000000000060db       0x17 bin/blib.a(uri.o)
 .text.uri_port
                0x00000000000060f2       0x17 bin/blib.a(uri.o)
                0x00000000000060f2                uri_port
 .text.resolve_path
                0x0000000000006109       0xc2 bin/blib.a(uri.o)
                0x0000000000006109                resolve_path
 .text.uri_encode
                0x00000000000061cb       0xc4 bin/blib.a(uri.o)
                0x00000000000061cb                uri_encode
 .text.unparse_uri
                0x000000000000628f      0x111 bin/blib.a(uri.o)
                0x000000000000628f                unparse_uri
 .text.uri_decode
                0x00000000000063a0       0x71 bin/blib.a(uri.o)
                0x00000000000063a0                uri_decode
 .text.parse_uri
                0x0000000000006411      0x19c bin/blib.a(uri.o)
                0x0000000000006411                parse_uri
 .text.uri_dup  0x00000000000065ad       0x45 bin/blib.a(uri.o)
                0x00000000000065ad                uri_dup
 .text.resolve_uri
                0x00000000000065f2       0x8c bin/blib.a(uri.o)
                0x00000000000065f2                resolve_uri
 .text.uuid_ntoa
                0x000000000000667e       0x63 bin/blib.a(uuid.o)
                0x000000000000667e                uuid_ntoa
 .text.format_hex
                0x00000000000066e1       0x6e bin/blib.a(vsprintf.o)
 .text.printf_sputc
                0x000000000000674f        0xf bin/blib.a(vsprintf.o)
 .text.printf_putchar
                0x000000000000675e        0x7 bin/blib.a(vsprintf.o)
 .text.vcprintf
                0x0000000000006765      0x267 bin/blib.a(vsprintf.o)
                0x0000000000006765                vcprintf
 .text.vsnprintf
                0x00000000000069cc       0x3e bin/blib.a(vsprintf.o)
                0x00000000000069cc                vsnprintf
 .text.snprintf
                0x0000000000006a0a       0x17 bin/blib.a(vsprintf.o)
                0x0000000000006a0a                snprintf
 .text.vssnprintf
                0x0000000000006a21       0x12 bin/blib.a(vsprintf.o)
                0x0000000000006a21                vssnprintf
 .text.ssnprintf
                0x0000000000006a33       0x17 bin/blib.a(vsprintf.o)
                0x0000000000006a33                ssnprintf
 .text.vprintf  0x0000000000006a4a       0x19 bin/blib.a(vsprintf.o)
                0x0000000000006a4a                vprintf
 .text.printf   0x0000000000006a63        0xe bin/blib.a(vsprintf.o)
                0x0000000000006a63                printf
 .text.xfer_deliver
                0x0000000000006a71       0x47 bin/blib.a(xfer.o)
                0x0000000000006a71                xfer_deliver
 .text.xfer_window_changed
                0x0000000000006ab8       0x29 bin/blib.a(xfer.o)
                0x0000000000006ab8                xfer_window_changed
 .text.xfer_window
                0x0000000000006ae1       0x32 bin/blib.a(xfer.o)
                0x0000000000006ae1                xfer_window
 .text.xfer_alloc_iob
                0x0000000000006b13       0x3c bin/blib.a(xfer.o)
                0x0000000000006b13                xfer_alloc_iob
 .text.xfer_vredirect
                0x0000000000006b4f       0x88 bin/blib.a(xfer.o)
                0x0000000000006b4f                xfer_vredirect
 .text.xfer_redirect
                0x0000000000006bd7       0x12 bin/blib.a(xfer.o)
                0x0000000000006bd7                xfer_redirect
 .text.xfer_deliver_iob
                0x0000000000006be9        0xa bin/blib.a(xfer.o)
                0x0000000000006be9                xfer_deliver_iob
 .text.xfer_deliver_raw_meta
                0x0000000000006bf3       0x46 bin/blib.a(xfer.o)
                0x0000000000006bf3                xfer_deliver_raw_meta
 .text.xfer_deliver_raw
                0x0000000000006c39        0xb bin/blib.a(xfer.o)
                0x0000000000006c39                xfer_deliver_raw
 .text.xfer_vprintf
                0x0000000000006c44       0x2e bin/blib.a(xfer.o)
                0x0000000000006c44                xfer_vprintf
 .text.xfer_printf
                0x0000000000006c72       0x12 bin/blib.a(xfer.o)
                0x0000000000006c72                xfer_printf
 .text.xfer_seek
                0x0000000000006c84       0x42 bin/blib.a(xfer.o)
                0x0000000000006c84                xfer_seek
 .text.arp_ntoa
                0x0000000000006cc6        0x6 bin/blib.a(arp.o)
 .text.arp_probe
                0x0000000000006ccc        0x3 bin/blib.a(arp.o)
 .text.arp_destroy
                0x0000000000006ccf       0x48 bin/blib.a(arp.o)
 .text.arp_discard
                0x0000000000006d17       0x2b bin/blib.a(arp.o)
 .text.arp_find
                0x0000000000006d42       0x65 bin/blib.a(arp.o)
 .text.arp_rx   0x0000000000006da7      0x17f bin/blib.a(arp.o)
 .text.arp_expired
                0x0000000000006f26      0x104 bin/blib.a(arp.o)
 .text.arp_free
                0x000000000000702a       0x13 bin/blib.a(arp.o)
 .text.arp_flush
                0x000000000000703d       0x32 bin/blib.a(arp.o)
 .text.arp_tx   0x000000000000706f       0xd7 bin/blib.a(arp.o)
                0x000000000000706f                arp_tx
 .text.find_dhcp_option_with_encap
                0x0000000000007146       0x8b bin/blib.a(dhcpopts.o)
 .text.set_dhcp_option
                0x00000000000071d1      0x1d4 bin/blib.a(dhcpopts.o)
 .text.dhcpopt_no_realloc
                0x00000000000073a5        0xf bin/blib.a(dhcpopts.o)
                0x00000000000073a5                dhcpopt_no_realloc
 .text.dhcpopt_applies
                0x00000000000073b4        0xd bin/blib.a(dhcpopts.o)
                0x00000000000073b4                dhcpopt_applies
 .text.dhcpopt_store
                0x00000000000073c1       0x17 bin/blib.a(dhcpopts.o)
                0x00000000000073c1                dhcpopt_store
 .text.dhcpopt_fetch
                0x00000000000073d8       0x36 bin/blib.a(dhcpopts.o)
                0x00000000000073d8                dhcpopt_fetch
 .text.dhcpopt_update_used_len
                0x000000000000740e       0x50 bin/blib.a(dhcpopts.o)
                0x000000000000740e                dhcpopt_update_used_len
 .text.dhcpopt_init
                0x000000000000745e       0x14 bin/blib.a(dhcpopts.o)
                0x000000000000745e                dhcpopt_init
 .text.eth_push
                0x0000000000007472       0x38 bin/blib.a(ethernet.o)
                0x0000000000007472                eth_push
 .text.eth_init_addr
                0x00000000000074aa        0xc bin/blib.a(ethernet.o)
                0x00000000000074aa                eth_init_addr
 .text.eth_eth_addr
                0x00000000000074b6        0xe bin/blib.a(ethernet.o)
                0x00000000000074b6                eth_eth_addr
 .text.eth_ntoa
                0x00000000000074c4       0x37 bin/blib.a(ethernet.o)
                0x00000000000074c4                eth_ntoa
 .text.eth_pull
                0x00000000000074fb       0x5e bin/blib.a(ethernet.o)
                0x00000000000074fb                eth_pull
 .text.eth_mc_hash
                0x0000000000007559       0x2c bin/blib.a(ethernet.o)
                0x0000000000007559                eth_mc_hash
 .text.alloc_etherdev
                0x0000000000007585       0x1f bin/blib.a(ethernet.o)
                0x0000000000007585                alloc_etherdev
 .text.eth_slow_rx
                0x00000000000075a4      0x111 bin/blib.a(eth_slow.o)
 .text.copy_encap_settings
                0x00000000000076b5       0xc6 bin/blib.a(fakedhcp.o)
 .text.create_fakedhcpdiscover
                0x000000000000777b       0x21 bin/blib.a(fakedhcp.o)
                0x000000000000777b                create_fakedhcpdiscover
 .text.create_fakedhcpack
                0x000000000000779c       0x49 bin/blib.a(fakedhcp.o)
                0x000000000000779c                create_fakedhcpack
 .text.create_fakepxebsack
                0x00000000000077e5       0x92 bin/blib.a(fakedhcp.o)
                0x00000000000077e5                create_fakepxebsack
 .text.iob_pad  0x0000000000007877       0x42 bin/blib.a(iobpad.o)
                0x0000000000007877                iob_pad
 .text.ipv4_is_fragment
                0x00000000000078b9       0x24 bin/blib.a(ipv4.o)
 .text.ipv4_more_fragments
                0x00000000000078dd        0xb bin/blib.a(ipv4.o)
 .text.ipv4_fragment_offset
                0x00000000000078e8       0x12 bin/blib.a(ipv4.o)
 .text.ipv4_create_routes
                0x00000000000078fa      0x15c bin/blib.a(ipv4.o)
 .text.ipv4_pshdr_chksum
                0x0000000000007a56       0x53 bin/blib.a(ipv4.o)
 .text.ipv4_tx  0x0000000000007aa9      0x1b4 bin/blib.a(ipv4.o)
 .text.ipv4_arp_check
                0x0000000000007c5d       0x29 bin/blib.a(ipv4.o)
 .text.ipv4_has_any_addr
                0x0000000000007c86       0x20 bin/blib.a(ipv4.o)
                0x0000000000007c86                ipv4_has_any_addr
 .text.ipv4_rx  0x0000000000007ca6      0x150 bin/blib.a(ipv4.o)
 .text.inet_ntoa
                0x0000000000007df6       0x31 bin/blib.a(ipv4.o)
                0x0000000000007df6                inet_ntoa
 .text.ipv4_ntoa
                0x0000000000007e27        0x7 bin/blib.a(ipv4.o)
 .text.netdev_notify
                0x0000000000007e2e       0x1e bin/blib.a(netdevice.o)
 .text.net_discard
                0x0000000000007e4c       0x40 bin/blib.a(netdevice.o)
 .text.netdev_record_stat
                0x0000000000007e8c       0x40 bin/blib.a(netdevice.o)
 .text.netdev_link_err
                0x0000000000007ecc        0x8 bin/blib.a(netdevice.o)
                0x0000000000007ecc                netdev_link_err
 .text.netdev_link_down
                0x0000000000007ed4       0x1c bin/blib.a(netdevice.o)
                0x0000000000007ed4                netdev_link_down
 .text.netdev_tx_err
                0x0000000000007ef0       0x15 bin/blib.a(netdevice.o)
                0x0000000000007ef0                netdev_tx_err
 .text.netdev_tx_defer
                0x0000000000007f05       0x26 bin/blib.a(netdevice.o)
                0x0000000000007f05                netdev_tx_defer
 .text.netdev_tx_complete_err
                0x0000000000007f2b       0x39 bin/blib.a(netdevice.o)
                0x0000000000007f2b                netdev_tx_complete_err
 .text.netdev_tx
                0x0000000000007f64       0x3f bin/blib.a(netdevice.o)
                0x0000000000007f64                netdev_tx
 .text.netdev_tx_complete_next_err
                0x0000000000007fa3       0x1b bin/blib.a(netdevice.o)
                0x0000000000007fa3                netdev_tx_complete_next_err
 .text.netdev_tx_flush
                0x0000000000007fbe       0x1d bin/blib.a(netdevice.o)
 .text.netdev_rx
                0x0000000000007fdb       0x1b bin/blib.a(netdevice.o)
                0x0000000000007fdb                netdev_rx
 .text.netdev_rx_err
                0x0000000000007ff6       0x1c bin/blib.a(netdevice.o)
                0x0000000000007ff6                netdev_rx_err
 .text.netdev_poll
                0x0000000000008012        0xd bin/blib.a(netdevice.o)
                0x0000000000008012                netdev_poll
 .text.netdev_rx_dequeue
                0x000000000000801f       0x1f bin/blib.a(netdevice.o)
                0x000000000000801f                netdev_rx_dequeue
 .text.netdev_rx_flush
                0x000000000000803e       0x20 bin/blib.a(netdevice.o)
 .text.free_netdev
                0x000000000000805e       0x22 bin/blib.a(netdevice.o)
 .text.alloc_netdev
                0x0000000000008080       0x98 bin/blib.a(netdevice.o)
                0x0000000000008080                alloc_netdev
 .text.register_netdev
                0x0000000000008118       0xeb bin/blib.a(netdevice.o)
                0x0000000000008118                register_netdev
 .text.netdev_open
                0x0000000000008203       0x34 bin/blib.a(netdevice.o)
                0x0000000000008203                netdev_open
 .text.netdev_close
                0x0000000000008237       0x3b bin/blib.a(netdevice.o)
                0x0000000000008237                netdev_close
 .text.unregister_netdev
                0x0000000000008272       0x48 bin/blib.a(netdevice.o)
                0x0000000000008272                unregister_netdev
 .text.netdev_irq
                0x00000000000082ba       0x2a bin/blib.a(netdevice.o)
                0x00000000000082ba                netdev_irq
 .text.find_netdev_by_location
                0x00000000000082e4       0x28 bin/blib.a(netdevice.o)
                0x00000000000082e4                find_netdev_by_location
 .text.last_opened_netdev
                0x000000000000830c       0x14 bin/blib.a(netdevice.o)
                0x000000000000830c                last_opened_netdev
 .text.find_netdev
                0x0000000000008320       0x42 bin/blib.a(netdevice.o)
                0x0000000000008320                find_netdev
 .text.net_tx   0x0000000000008362       0x44 bin/blib.a(netdevice.o)
                0x0000000000008362                net_tx
 .text.net_rx   0x00000000000083a6       0x38 bin/blib.a(netdevice.o)
                0x00000000000083a6                net_rx
 .text.net_poll
                0x00000000000083de       0x97 bin/blib.a(netdevice.o)
                0x00000000000083de                net_poll
 .text.net_step
                0x0000000000008475        0x5 bin/blib.a(netdevice.o)
 .text.vlan_tag
                0x000000000000847a        0x3 bin/blib.a(netdevice.o)
                0x000000000000847a                vlan_tag
 .text.netdev_redirect_settings_init
                0x000000000000847d       0x11 bin/blib.a(netdev_settings.o)
 .text.netdev_redirect
                0x000000000000848e       0x16 bin/blib.a(netdev_settings.o)
 .text.netdev_clear
                0x00000000000084a4        0x5 bin/blib.a(netdev_settings.o)
 .text.netdev_fetch
                0x00000000000084a9       0x6c bin/blib.a(netdev_settings.o)
 .text.netdev_fetch_chip
                0x0000000000008515       0x1c bin/blib.a(netdev_settings.o)
 .text.netdev_fetch_bustype
                0x0000000000008531       0x23 bin/blib.a(netdev_settings.o)
 .text.netdev_store_mac
                0x0000000000008554       0x2e bin/blib.a(netdev_settings.o)
 .text.netdev_fetch_mac
                0x0000000000008582       0x23 bin/blib.a(netdev_settings.o)
 .text.netdev_fetch_busid
                0x00000000000085a5       0x43 bin/blib.a(netdev_settings.o)
 .text.netdev_fetch_busloc
                0x00000000000085e8       0x2a bin/blib.a(netdev_settings.o)
 .text.netdev_store
                0x0000000000008612       0x7b bin/blib.a(netdev_settings.o)
 .text.null_open
                0x000000000000868d        0x6 bin/blib.a(nullnet.o)
 .text.null_close
                0x0000000000008693        0x1 bin/blib.a(nullnet.o)
 .text.null_transmit
                0x0000000000008694        0x6 bin/blib.a(nullnet.o)
 .text.null_poll
                0x000000000000869a        0x1 bin/blib.a(nullnet.o)
 .text.null_irq
                0x000000000000869b        0x1 bin/blib.a(nullnet.o)
 .text.rarp_ntoa
                0x000000000000869c        0x6 bin/blib.a(rarp.o)
 .text.rarp_rx  0x00000000000086a2        0xa bin/blib.a(rarp.o)
 .text.start_timer
                0x00000000000086ac       0x51 bin/blib.a(retry.o)
                0x00000000000086ac                start_timer
 .text.start_timer_fixed
                0x00000000000086fd       0x11 bin/blib.a(retry.o)
                0x00000000000086fd                start_timer_fixed
 .text.stop_timer
                0x000000000000870e       0x50 bin/blib.a(retry.o)
                0x000000000000870e                stop_timer
 .text.retry_poll
                0x000000000000875e       0x6f bin/blib.a(retry.o)
                0x000000000000875e                retry_poll
 .text.retry_step
                0x00000000000087cd        0x5 bin/blib.a(retry.o)
 .text.tcpip_rx
                0x00000000000087d2       0x3d bin/blib.a(tcpip.o)
                0x00000000000087d2                tcpip_rx
 .text.tcpip_tx
                0x000000000000880f       0x40 bin/blib.a(tcpip.o)
                0x000000000000880f                tcpip_tx
 .text.tcpip_chksum
                0x000000000000884f        0xe bin/blib.a(tcpip.o)
                0x000000000000884f                tcpip_chksum
 .text.tcpip_bind
                0x000000000000885d       0x6e bin/blib.a(tcpip.o)
                0x000000000000885d                tcpip_bind
 .text.udp_rx   0x00000000000088cb      0x13c bin/blib.a(udp.o)
 .text.udp_close
                0x0000000000008a07       0x1e bin/blib.a(udp.o)
 .text.udp_xfer_alloc_iob
                0x0000000000008a25       0x15 bin/blib.a(udp.o)
 .text.udp_xfer_deliver
                0x0000000000008a3a       0x9f bin/blib.a(udp.o)
 .text.udp_open_common
                0x0000000000008ad9       0xa4 bin/blib.a(udp.o)
 .text.udp_open
                0x0000000000008b7d        0x8 bin/blib.a(udp.o)
                0x0000000000008b7d                udp_open
 .text.udp_open_uri
                0x0000000000008b85       0x50 bin/blib.a(udp.o)
 .text.udp_port_available
                0x0000000000008bd5       0x2a bin/blib.a(udp.o)
 .text.udp_open_promisc
                0x0000000000008bff        0xc bin/blib.a(udp.o)
                0x0000000000008bff                udp_open_promisc
 .text.http_open
                0x0000000000008c0b        0xd bin/blib.a(http.o)
 .text.http_socket_window
                0x0000000000008c18        0x4 bin/blib.a(httpcore.o)
 .text.http_xfer_window
                0x0000000000008c1c        0xb bin/blib.a(httpcore.o)
 .text.http_acpi_describe
                0x0000000000008c27        0x3 bin/blib.a(httpcore.o)
 .text.http_rx_connection
                0x0000000000008c2a       0x1b bin/blib.a(httpcore.o)
 .text.http_rx_transfer_encoding
                0x0000000000008c45       0x1e bin/blib.a(httpcore.o)
 .text.http_free
                0x0000000000008c63       0x39 bin/blib.a(httpcore.o)
 .text.http_digest_param
                0x0000000000008c9c       0x3a bin/blib.a(httpcore.o)
 .text.http_rx_content_length
                0x0000000000008cd6       0x9b bin/blib.a(httpcore.o)
 .text.http_rx_location
                0x0000000000008d71       0x10 bin/blib.a(httpcore.o)
 .text.http_rx_response
                0x0000000000008d81       0x5c bin/blib.a(httpcore.o)
 .text.http_digest_auth
                0x0000000000008ddd      0x255 bin/blib.a(httpcore.o)
 .text.http_socket_open
                0x0000000000009032       0x62 bin/blib.a(httpcore.o)
 .text.http_close
                0x0000000000009094       0x39 bin/blib.a(httpcore.o)
 .text.http_rx_basic_auth
                0x00000000000090cd       0x23 bin/blib.a(httpcore.o)
 .text.http_partial_read.part.7
                0x00000000000090f0        0x6 bin/blib.a(httpcore.o)
 .text.http_block_read_capacity
                0x00000000000090f6       0x4f bin/blib.a(httpcore.o)
 .text.http_block_read
                0x0000000000009145       0x60 bin/blib.a(httpcore.o)
 .text.http_rx_chunk_len
                0x00000000000091a5       0x6e bin/blib.a(httpcore.o)
 .text.http_rx_www_authenticate
                0x0000000000009213       0x50 bin/blib.a(httpcore.o)
 .text.http_rx_digest_auth
                0x0000000000009263       0x8d bin/blib.a(httpcore.o)
 .text.http_basic_auth.isra.13
                0x00000000000092f0       0xaa bin/blib.a(httpcore.o)
 .text.http_post_params.isra.14
                0x000000000000939a       0x8b bin/blib.a(httpcore.o)
 .text.http_done
                0x0000000000009425       0x95 bin/blib.a(httpcore.o)
 .text.http_socket_close
                0x00000000000094ba        0xe bin/blib.a(httpcore.o)
 .text.http_rx_header
                0x00000000000094c8       0xf4 bin/blib.a(httpcore.o)
 .text.http_socket_deliver
                0x00000000000095bc      0x13a bin/blib.a(httpcore.o)
 .text.http_step
                0x00000000000096f6      0x2a1 bin/blib.a(httpcore.o)
 .text.http_open_filter
                0x0000000000009997       0xd3 bin/blib.a(httpcore.o)
                0x0000000000009997                http_open_filter
 .text.iscsi_tx_nothing
                0x0000000000009a6a        0x3 bin/blib.a(iscsi.o)
 .text.iscsi_rx_discard
                0x0000000000009a6d        0x5 bin/blib.a(iscsi.o)
 .text.iscsi_scsi_window
                0x0000000000009a72       0x1c bin/blib.a(iscsi.o)
 .text.iscsi_rx_bhs
                0x0000000000009a8e       0x19 bin/blib.a(iscsi.o)
 .text.iscsi_vredirect
                0x0000000000009aa7       0x30 bin/blib.a(iscsi.o)
 .text.iscsi_tx_resume
                0x0000000000009ad7        0xa bin/blib.a(iscsi.o)
 .text.iscsi_start_data_out
                0x0000000000009ae1       0xcb bin/blib.a(iscsi.o)
 .text.iscsi_rx_buffered_data
                0x0000000000009bac       0x51 bin/blib.a(iscsi.o)
 .text.iscsi_handle_authmethod_value
                0x0000000000009bfd       0x1e bin/blib.a(iscsi.o)
 .text.iscsi_large_binary_decode
                0x0000000000009c1b       0x38 bin/blib.a(iscsi.o)
 .text.iscsi_handle_chap_r_value
                0x0000000000009c53       0xd7 bin/blib.a(iscsi.o)
 .text.iscsi_handle_chap_c_value
                0x0000000000009d2a       0x76 bin/blib.a(iscsi.o)
 .text.iscsi_handle_chap_i_value
                0x0000000000009da0       0x7a bin/blib.a(iscsi.o)
 .text.iscsi_free
                0x0000000000009e1a       0x6b bin/blib.a(iscsi.o)
 .text.iscsi_build_login_request_strings
                0x0000000000009e85      0x150 bin/blib.a(iscsi.o)
 .text.iscsi_start_login
                0x0000000000009fd5       0x92 bin/blib.a(iscsi.o)
 .text.iscsi_scsi_command
                0x000000000000a067      0x117 bin/blib.a(iscsi.o)
 .text.iscsi_tx_data
                0x000000000000a17e       0xed bin/blib.a(iscsi.o)
 .text.iscsi_tx_bhs
                0x000000000000a26b       0x13 bin/blib.a(iscsi.o)
 .text.iscsi_parse_root_path
                0x000000000000a27e       0xb3 bin/blib.a(iscsi.o)
 .text.iscsi_close
                0x000000000000a331       0x3a bin/blib.a(iscsi.o)
 .text.iscsi_socket_deliver
                0x000000000000a36b      0x10b bin/blib.a(iscsi.o)
 .text.iscsi_command_close
                0x000000000000a476       0x2e bin/blib.a(iscsi.o)
 .text.iscsi_tx_step
                0x000000000000a4a4       0xee bin/blib.a(iscsi.o)
 .text.iscsi_handle_chap_n_value
                0x000000000000a592       0x1c bin/blib.a(iscsi.o)
 .text.iscsi_handle_chap_a_value
                0x000000000000a5ae       0x1a bin/blib.a(iscsi.o)
 .text.iscsi_handle_targetaddress_value
                0x000000000000a5c8       0x4f bin/blib.a(iscsi.o)
 .text.iscsi_open_connection
                0x000000000000a617       0x7e bin/blib.a(iscsi.o)
 .text.iscsi_open
                0x000000000000a695      0x23f bin/blib.a(iscsi.o)
 .text.iscsi_scsi_done.constprop.11
                0x000000000000a8d4       0x45 bin/blib.a(iscsi.o)
 .text.iscsi_rx_data
                0x000000000000a919      0x3d2 bin/blib.a(iscsi.o)
 .text.dhcp_discovery_tx
                0x000000000000aceb       0x10 bin/blib.a(dhcp.o)
 .text.dhcp_deliver
                0x000000000000acfb       0xca bin/blib.a(dhcp.o)
 .text.dhcp_pxebs_tx
                0x000000000000adc5       0x42 bin/blib.a(dhcp.o)
 .text.dhcp_proxy_tx
                0x000000000000ae07       0x2a bin/blib.a(dhcp.o)
 .text.dhcp_set_state
                0x000000000000ae31       0x46 bin/blib.a(dhcp.o)
 .text.dhcp_finished
                0x000000000000ae77       0x24 bin/blib.a(dhcp.o)
 .text.dhcp_pxebs_rx
                0x000000000000ae9b       0x9e bin/blib.a(dhcp.o)
 .text.dhcp_timer_expired
                0x000000000000af39       0x1a bin/blib.a(dhcp.o)
 .text.dhcp_proxy_rx
                0x000000000000af53       0x4e bin/blib.a(dhcp.o)
 .text.dhcp_free
                0x000000000000afa1       0x1b bin/blib.a(dhcp.o)
 .text.dhcp_discovery_rx
                0x000000000000afbc      0x12d bin/blib.a(dhcp.o)
 .text.dhcp_request_tx
                0x000000000000b0e9       0x44 bin/blib.a(dhcp.o)
 .text.dhcp_request_rx
                0x000000000000b12d       0xc9 bin/blib.a(dhcp.o)
 .text.dhcp_create_packet
                0x000000000000b1f6       0xdb bin/blib.a(dhcp.o)
                0x000000000000b1f6                dhcp_create_packet
 .text.dhcp_create_request
                0x000000000000b2d1      0x15a bin/blib.a(dhcp.o)
                0x000000000000b2d1                dhcp_create_request
 .text.dhcp_tx  0x000000000000b42b       0xf3 bin/blib.a(dhcp.o)
 .text.dhcp_pxebs_expired
                0x000000000000b51e       0x44 bin/blib.a(dhcp.o)
 .text.dhcp_discovery_expired
                0x000000000000b562       0x30 bin/blib.a(dhcp.o)
 .text.dhcp_request_expired
                0x000000000000b592        0x5 bin/blib.a(dhcp.o)
 .text.dhcp_proxy_expired
                0x000000000000b597       0x25 bin/blib.a(dhcp.o)
 .text.get_cached_dhcpack
                0x000000000000b5bc        0x1 bin/blib.a(dhcp.o)
                0x000000000000b5bc                get_cached_dhcpack
 .text.start_dhcp
                0x000000000000b5bd       0xe5 bin/blib.a(dhcp.o)
                0x000000000000b5bd                start_dhcp
 .text.start_pxebs
                0x000000000000b6a2      0x21c bin/blib.a(dhcp.o)
                0x000000000000b6a2                start_pxebs
 .text.dns_skip_name
                0x000000000000b8be       0x1a bin/blib.a(dns.o)
 .text.apply_dns_settings
                0x000000000000b8d8       0x45 bin/blib.a(dns.o)
 .text.dns_done
                0x000000000000b91d       0x24 bin/blib.a(dns.o)
 .text.dns_xfer_close
                0x000000000000b941        0xe bin/blib.a(dns.o)
 .text.dns_send_packet
                0x000000000000b94f       0x33 bin/blib.a(dns.o)
 .text.dns_resolv
                0x000000000000b982      0x14e bin/blib.a(dns.o)
 .text.dns_xfer_deliver
                0x000000000000bad0      0x211 bin/blib.a(dns.o)
 .text.dns_timer_expired
                0x000000000000bce1       0x16 bin/blib.a(dns.o)
 .text.tftp_xfer_window
                0x000000000000bcf7        0x4 bin/blib.a(tftp.o)
 .text.tftp_reopen
                0x000000000000bcfb       0x57 bin/blib.a(tftp.o)
 .text.tftp_reopen_mc
                0x000000000000bd52       0x23 bin/blib.a(tftp.o)
 .text.tftp_process_multicast
                0x000000000000bd75       0xec bin/blib.a(tftp.o)
 .text.tftp_send_packet
                0x000000000000be61      0x162 bin/blib.a(tftp.o)
 .text.tftp_done
                0x000000000000bfc3       0x2e bin/blib.a(tftp.o)
 .text.tftp_core_open
                0x000000000000bff1      0x101 bin/blib.a(tftp.o)
 .text.mtftp_open
                0x000000000000c0f2       0x12 bin/blib.a(tftp.o)
 .text.tftm_open
                0x000000000000c104        0xf bin/blib.a(tftp.o)
 .text.tftpsize_open
                0x000000000000c113        0xf bin/blib.a(tftp.o)
 .text.tftp_open
                0x000000000000c122        0xf bin/blib.a(tftp.o)
 .text.tftp_timer_expired
                0x000000000000c131       0x84 bin/blib.a(tftp.o)
 .text.tftp_free
                0x000000000000c1b5       0x1b bin/blib.a(tftp.o)
 .text.tftp_apply_settings
                0x000000000000c1d0       0x71 bin/blib.a(tftp.o)
 .text.tftp_process_tsize
                0x000000000000c241       0x27 bin/blib.a(tftp.o)
 .text.tftp_process_blksize
                0x000000000000c268       0x27 bin/blib.a(tftp.o)
 .text.tftp_presize.part.7
                0x000000000000c28f       0x32 bin/blib.a(tftp.o)
 .text.tftp_send_error.constprop.9
                0x000000000000c2c1       0x72 bin/blib.a(tftp.o)
 .text.tftp_rx  0x000000000000c333      0x293 bin/blib.a(tftp.o)
 .text.tftp_socket_deliver
                0x000000000000c5c6        0x9 bin/blib.a(tftp.o)
 .text.elf_load
                0x000000000000c5cf      0x141 bin/blib.a(elf.o)
                0x000000000000c5cf                elf_load
 .text.embedded_init
                0x000000000000c710        0x1 bin/blib.a(embedded.o)
 .text.terminate_on_label_found
                0x000000000000c711        0x9 bin/blib.a(script.o)
 .text.prompt_exec
                0x000000000000c71a       0x54 bin/blib.a(script.o)
 .text.process_script
                0x000000000000c76e      0x15d bin/blib.a(script.o)
 .text.script_exec
                0x000000000000c8cb       0x3c bin/blib.a(script.o)
 .text.terminate_on_exit_or_failure
                0x000000000000c907       0x21 bin/blib.a(script.o)
 .text.script_exec_line
                0x000000000000c928        0xc bin/blib.a(script.o)
 .text.script_probe
                0x000000000000c934       0x63 bin/blib.a(script.o)
 .text.goto_exec
                0x000000000000c997       0x85 bin/blib.a(script.o)
 .text.goto_find_label
                0x000000000000ca1c       0x2c bin/blib.a(script.o)
 .text.prep_segment
                0x000000000000ca48       0x81 bin/blib.a(segment.o)
                0x000000000000ca48                prep_segment
 .text.pci_bar  0x000000000000cac9       0x4a bin/blib.a(pci.o)
 .text.adjust_pci_device
                0x000000000000cb13       0x54 bin/blib.a(pci.o)
                0x000000000000cb13                adjust_pci_device
 .text.pci_read_config
                0x000000000000cb67      0x140 bin/blib.a(pci.o)
                0x000000000000cb67                pci_read_config
 .text.pci_find_next
                0x000000000000cca7       0x55 bin/blib.a(pci.o)
                0x000000000000cca7                pci_find_next
 .text.pci_find_driver
                0x000000000000ccfc       0x5d bin/blib.a(pci.o)
                0x000000000000ccfc                pci_find_driver
 .text.pci_probe
                0x000000000000cd59        0x7 bin/blib.a(pci.o)
                0x000000000000cd59                pci_probe
 .text.pci_remove
                0x000000000000cd60        0x7 bin/blib.a(pci.o)
                0x000000000000cd60                pci_remove
 .text.pcibus_remove
                0x000000000000cd67       0x3f bin/blib.a(pci.o)
 .text.pcibus_probe
                0x000000000000cda6       0x86 bin/blib.a(pci.o)
 .text.pci_settings_applies
                0x000000000000ce2c        0xd bin/blib.a(pci_settings.o)
 .text.pci_settings_init
                0x000000000000ce39       0x11 bin/blib.a(pci_settings.o)
 .text.pci_settings_fetch
                0x000000000000ce4a       0x7e bin/blib.a(pci_settings.o)
 .text.mii_restart
                0x000000000000cec8       0x1f bin/blib.a(mii.o)
                0x000000000000cec8                mii_restart
 .text.mii_reset
                0x000000000000cee7       0x4a bin/blib.a(mii.o)
                0x000000000000cee7                mii_reset
 .text.ibft_set_ipaddr_setting
                0x000000000000cf31       0x66 bin/blib.a(ibft.o)
 .text.ibft_set_string
                0x000000000000cf97       0x49 bin/blib.a(ibft.o)
 .text.ibft_describe
                0x000000000000cfe0      0x2cb bin/blib.a(ibft.o)
                0x000000000000cfe0                ibft_describe
 .text.scsicmd_read_capacity_cmd
                0x000000000000d2ab       0x32 bin/blib.a(scsi.o)
 .text.scsicmd_test_unit_ready_cmd
                0x000000000000d2dd        0x5 bin/blib.a(scsi.o)
 .text.scsicmd_close
                0x000000000000d2e2       0x1a bin/blib.a(scsi.o)
 .text.scsidev_close
                0x000000000000d2fc       0x69 bin/blib.a(scsi.o)
 .text.scsicmd_write_cmd
                0x000000000000d365       0x54 bin/blib.a(scsi.o)
 .text.scsicmd_read_cmd
                0x000000000000d3b9       0x54 bin/blib.a(scsi.o)
 .text.scsicmd_free
                0x000000000000d40d       0x1e bin/blib.a(scsi.o)
 .text.scsi_response
                0x000000000000d42b       0x2f bin/blib.a(scsi.o)
                0x000000000000d42b                scsi_response
 .text.scsi_command
                0x000000000000d45a       0x40 bin/blib.a(scsi.o)
                0x000000000000d45a                scsi_command
 .text.scsicmd_command
                0x000000000000d49a       0x4b bin/blib.a(scsi.o)
 .text.scsicmd_read_capacity_done
                0x000000000000d4e5       0x91 bin/blib.a(scsi.o)
 .text.scsidev_command
                0x000000000000d576       0xbb bin/blib.a(scsi.o)
 .text.scsidev_read_capacity
                0x000000000000d631       0x15 bin/blib.a(scsi.o)
 .text.scsidev_write
                0x000000000000d646        0xc bin/blib.a(scsi.o)
 .text.scsidev_read
                0x000000000000d652        0xc bin/blib.a(scsi.o)
 .text.scsicmd_done
                0x000000000000d65e       0x3a bin/blib.a(scsi.o)
 .text.scsidev_window
                0x000000000000d698       0x11 bin/blib.a(scsi.o)
 .text.scsidev_ready
                0x000000000000d6a9       0x2b bin/blib.a(scsi.o)
 .text.scsidev_step
                0x000000000000d6d4       0x42 bin/blib.a(scsi.o)
 .text.scsicmd_response
                0x000000000000d716       0x20 bin/blib.a(scsi.o)
 .text.scsi_parse_lun
                0x000000000000d736       0x5f bin/blib.a(scsi.o)
                0x000000000000d736                scsi_parse_lun
 .text.scsi_open
                0x000000000000d795       0xa3 bin/blib.a(scsi.o)
                0x000000000000d795                scsi_open
 .text.write_bit
                0x000000000000d838        0xf bin/blib.a(bitbash.o)
                0x000000000000d838                write_bit
 .text.read_bit
                0x000000000000d847        0xd bin/blib.a(bitbash.o)
                0x000000000000d847                read_bit
 .text.smbios_applies
                0x000000000000d854        0xd bin/blib.a(smbios_settings.o)
 .text.smbios_init
                0x000000000000d861       0x11 bin/blib.a(smbios_settings.o)
 .text.smbios_fetch
                0x000000000000d872      0x102 bin/blib.a(smbios_settings.o)
 .text.chap_init
                0x000000000000d974       0x37 bin/blib.a(chap.o)
                0x000000000000d974                chap_init
 .text.chap_update
                0x000000000000d9ab        0xf bin/blib.a(chap.o)
                0x000000000000d9ab                chap_update
 .text.chap_respond
                0x000000000000d9ba       0x10 bin/blib.a(chap.o)
                0x000000000000d9ba                chap_respond
 .text.chap_finish
                0x000000000000d9ca       0x16 bin/blib.a(chap.o)
                0x000000000000d9ca                chap_finish
 .text.md5_f_0_15
                0x000000000000d9e0       0x10 bin/blib.a(md5.o)
 .text.md5_f_16_31
                0x000000000000d9f0       0x10 bin/blib.a(md5.o)
 .text.md5_f_32_47
                0x000000000000da00        0xc bin/blib.a(md5.o)
 .text.md5_f_48_63
                0x000000000000da0c        0xe bin/blib.a(md5.o)
 .text.md5_init
                0x000000000000da1a       0x23 bin/blib.a(md5.o)
 .text.md5_update
                0x000000000000da3d       0xc6 bin/blib.a(md5.o)
 .text.md5_final
                0x000000000000db03       0x5a bin/blib.a(md5.o)
 .text.strerror
                0x000000000000db5d       0x6c bin/blib.a(strerror.o)
                0x000000000000db5d                strerror
 .text.autoboot_exec
                0x000000000000dbc9       0x12 bin/blib.a(autoboot_cmd.o)
 .text.config_exec
                0x000000000000dbdb       0x69 bin/blib.a(config_cmd.o)
 .text.dhcp_exec
                0x000000000000dc44       0x12 bin/blib.a(dhcp_cmd.o)
 .text.dhcp_payload
                0x000000000000dc56       0x32 bin/blib.a(dhcp_cmd.o)
 .text.pxebs_exec
                0x000000000000dc88       0x80 bin/blib.a(dhcp_cmd.o)
 .text.ifstat_payload
                0x000000000000dd08        0x8 bin/blib.a(ifmgmt_cmd.o)
 .text.ifclose_payload
                0x000000000000dd10        0x8 bin/blib.a(ifmgmt_cmd.o)
 .text.ifopen_payload
                0x000000000000dd18        0x5 bin/blib.a(ifmgmt_cmd.o)
 .text.ifcommon_exec
                0x000000000000dd1d       0x90 bin/blib.a(ifmgmt_cmd.o)
                0x000000000000dd1d                ifcommon_exec
 .text.ifstat_exec
                0x000000000000ddad       0x12 bin/blib.a(ifmgmt_cmd.o)
 .text.ifclose_exec
                0x000000000000ddbf       0x12 bin/blib.a(ifmgmt_cmd.o)
 .text.ifopen_exec
                0x000000000000ddd1       0x12 bin/blib.a(ifmgmt_cmd.o)
 .text.image_clear_cmdline
                0x000000000000dde3        0x7 bin/blib.a(image_cmd.o)
 .text.imgsingle_exec
                0x000000000000ddea      0x13f bin/blib.a(image_cmd.o)
 .text.imgargs_exec
                0x000000000000df29        0xa bin/blib.a(image_cmd.o)
 .text.imgexec_exec
                0x000000000000df33        0xa bin/blib.a(image_cmd.o)
 .text.imgselect_exec
                0x000000000000df3d        0xa bin/blib.a(image_cmd.o)
 .text.imgfetch_exec
                0x000000000000df47        0xa bin/blib.a(image_cmd.o)
 .text.imgselect
                0x000000000000df51        0x5 bin/blib.a(image_cmd.o)
 .text.imgmulti_exec
                0x000000000000df56       0x94 bin/blib.a(image_cmd.o)
 .text.imgfree_exec
                0x000000000000dfea        0xa bin/blib.a(image_cmd.o)
 .text.imgstat_exec
                0x000000000000dff4        0xa bin/blib.a(image_cmd.o)
 .text.imgexec  0x000000000000dffe       0x28 bin/blib.a(image_cmd.o)
 .text.login_exec
                0x000000000000e026       0x39 bin/blib.a(login_cmd.o)
 .text.choose_exec
                0x000000000000e05f       0xbd bin/blib.a(menu_cmd.o)
 .text.item_exec
                0x000000000000e11c       0xb4 bin/blib.a(menu_cmd.o)
 .text.menu_exec
                0x000000000000e1d0       0x67 bin/blib.a(menu_cmd.o)
 .text.clear_value
                0x000000000000e237        0x9 bin/blib.a(nvo_cmd.o)
 .text.inc_exec
                0x000000000000e240       0xc7 bin/blib.a(nvo_cmd.o)
 .text.read_value
                0x000000000000e307       0x2d bin/blib.a(nvo_cmd.o)
 .text.set_core_exec
                0x000000000000e334       0x96 bin/blib.a(nvo_cmd.o)
 .text.read_exec
                0x000000000000e3ca       0x10 bin/blib.a(nvo_cmd.o)
 .text.clear_exec
                0x000000000000e3da       0x10 bin/blib.a(nvo_cmd.o)
 .text.set_exec
                0x000000000000e3ea       0x10 bin/blib.a(nvo_cmd.o)
 .text.set_value
                0x000000000000e3fa       0x1b bin/blib.a(nvo_cmd.o)
 .text.show_exec
                0x000000000000e415       0xaa bin/blib.a(nvo_cmd.o)
 .text.reboot_exec
                0x000000000000e4bf       0x23 bin/blib.a(reboot_cmd.o)
 .text.route_exec
                0x000000000000e4e2       0x25 bin/blib.a(route_cmd.o)
 .text.sanboot_core_exec
                0x000000000000e507       0x9a bin/blib.a(sanboot_cmd.o)
 .text.sanunhook_exec
                0x000000000000e5a1        0xf bin/blib.a(sanboot_cmd.o)
 .text.sanboot_exec
                0x000000000000e5b0        0xf bin/blib.a(sanboot_cmd.o)
 .text.sanhook_exec
                0x000000000000e5bf        0xf bin/blib.a(sanboot_cmd.o)
 .text.sync_exec
                0x000000000000e5ce       0x45 bin/blib.a(sync_cmd.o)
 .text.login_ui
                0x000000000000e613      0x22c bin/blib.a(login_ui.o)
                0x000000000000e613                login_ui
 .text.draw_menu_item
                0x000000000000e83f      0x163 bin/blib.a(menu_ui.o)
 .text.draw_menu_items
                0x000000000000e9a2       0xd1 bin/blib.a(menu_ui.o)
 .text.show_menu
                0x000000000000ea73      0x3a6 bin/blib.a(menu_ui.o)
                0x000000000000ea73                show_menu
 .text.clearmsg
                0x000000000000ee19       0x18 bin/blib.a(settings_ui.o)
 .text.vmsg     0x000000000000ee31       0x61 bin/blib.a(settings_ui.o)
 .text.msg      0x000000000000ee92       0x12 bin/blib.a(settings_ui.o)
 .text.string_copy
                0x000000000000eea4       0x2d bin/blib.a(settings_ui.o)
 .text.draw_setting_row
                0x000000000000eed1       0xe7 bin/blib.a(settings_ui.o)
 .text.select_setting_row
                0x000000000000efb8      0x126 bin/blib.a(settings_ui.o)
 .text.reveal_setting_row.part.1
                0x000000000000f0de       0xc0 bin/blib.a(settings_ui.o)
 .text.init_widget
                0x000000000000f19e       0x8f bin/blib.a(settings_ui.o)
 .text.colour_set.constprop.2
                0x000000000000f22d        0xe bin/blib.a(settings_ui.o)
 .text.alert    0x000000000000f23b       0x45 bin/blib.a(settings_ui.o)
 .text.main_loop
                0x000000000000f280      0x31c bin/blib.a(settings_ui.o)
 .text.settings_ui
                0x000000000000f59c       0x8f bin/blib.a(settings_ui.o)
                0x000000000000f59c                settings_ui
 .text.ansiscr_peek
                0x000000000000f62b        0x5 bin/blib.a(ansi_screen.o)
 .text.ansiscr_getc
                0x000000000000f630        0x5 bin/blib.a(ansi_screen.o)
 .text.ansiscr_movetoyx
                0x000000000000f635       0x30 bin/blib.a(ansi_screen.o)
 .text.ansiscr_exit
                0x000000000000f665       0x2a bin/blib.a(ansi_screen.o)
 .text.ansiscr_init
                0x000000000000f68f       0x36 bin/blib.a(ansi_screen.o)
 .text.ansiscr_putc
                0x000000000000f6c5       0x77 bin/blib.a(ansi_screen.o)
 .text.wclrtobot
                0x000000000000f73c       0x34 bin/blib.a(clear.o)
                0x000000000000f73c                wclrtobot
 .text.wclrtoeol
                0x000000000000f770       0x31 bin/blib.a(clear.o)
                0x000000000000f770                wclrtoeol
 .text.werase   0x000000000000f7a1       0x17 bin/blib.a(clear.o)
                0x000000000000f7a1                werase
 .text.init_pair
                0x000000000000f7b8       0x28 bin/blib.a(colour.o)
                0x000000000000f7b8                init_pair
 .text.pair_content
                0x000000000000f7e0       0x28 bin/blib.a(colour.o)
                0x000000000000f7e0                pair_content
 .text._wupdcurs
                0x000000000000f808       0x16 bin/blib.a(mucurses.o)
 .text._wputch  0x000000000000f81e       0x4e bin/blib.a(mucurses.o)
                0x000000000000f81e                _wputch
 .text._wputc   0x000000000000f86c        0xb bin/blib.a(mucurses.o)
                0x000000000000f86c                _wputc
 .text._wputstr
                0x000000000000f877       0x2f bin/blib.a(mucurses.o)
                0x000000000000f877                _wputstr
 .text.wmove    0x000000000000f8a6       0x1f bin/blib.a(mucurses.o)
                0x000000000000f8a6                wmove
 .text._printw_handler
                0x000000000000f8c5        0xd bin/blib.a(print.o)
 .text.waddnstr
                0x000000000000f8d2        0xb bin/blib.a(print.o)
                0x000000000000f8d2                waddnstr
 .text.vw_printw
                0x000000000000f8dd       0x1b bin/blib.a(print.o)
                0x000000000000f8dd                vw_printw
 .text.wprintw  0x000000000000f8f8       0x12 bin/blib.a(print.o)
                0x000000000000f8f8                wprintw
 .text.wattroff
                0x000000000000f90a        0x8 bin/blib.a(winattrs.o)
                0x000000000000f90a                wattroff
 .text.wattron  0x000000000000f912        0x6 bin/blib.a(winattrs.o)
                0x000000000000f912                wattron
 .text.wattrset
                0x000000000000f918       0x11 bin/blib.a(winattrs.o)
                0x000000000000f918                wattrset
 .text.wcolour_set
                0x000000000000f929       0x1f bin/blib.a(winattrs.o)
                0x000000000000f929                wcolour_set
 .text.initscr  0x000000000000f948       0x37 bin/blib.a(wininit.o)
                0x000000000000f948                initscr
 .text.endwin   0x000000000000f97f       0x51 bin/blib.a(wininit.o)
                0x000000000000f97f                endwin
 .text.init_editbox
                0x000000000000f9d0       0x55 bin/blib.a(editbox.o)
                0x000000000000f9d0                init_editbox
 .text.draw_editbox
                0x000000000000fa25       0xef bin/blib.a(editbox.o)
                0x000000000000fa25                draw_editbox
 .text.shell_banner
                0x000000000000fb14       0x28 bin/blib.a(autoboot.o)
 .text.parse_next_server_and_filename
                0x000000000000fb3c       0x6f bin/blib.a(autoboot.o)
 .text.uriboot  0x000000000000fbab      0x153 bin/blib.a(autoboot.o)
                0x000000000000fbab                uriboot
 .text.fetch_next_server_and_filename
                0x000000000000fcfe       0xb1 bin/blib.a(autoboot.o)
                0x000000000000fcfe                fetch_next_server_and_filename
 .text.netboot.part.2
                0x000000000000fdaf      0x201 bin/blib.a(autoboot.o)
 .text.netboot  0x000000000000ffb0       0x38 bin/blib.a(autoboot.o)
                0x000000000000ffb0                netboot
 .text.autoboot
                0x000000000000ffe8       0x3d bin/blib.a(autoboot.o)
                0x000000000000ffe8                autoboot
 .text.ipxe     0x0000000000010025       0xab bin/blib.a(autoboot.o)
                0x0000000000010025                ipxe
 .text.dhcp     0x00000000000100d0       0x6f bin/blib.a(dhcpmgmt.o)
                0x00000000000100d0                dhcp
 .text.pxebs    0x000000000001013f       0x39 bin/blib.a(dhcpmgmt.o)
                0x000000000001013f                pxebs
 .text.ifstat_errors
                0x0000000000010178       0x36 bin/blib.a(ifmgmt.o)
 .text.ifopen   0x00000000000101ae       0x2b bin/blib.a(ifmgmt.o)
                0x00000000000101ae                ifopen
 .text.ifclose  0x00000000000101d9        0x5 bin/blib.a(ifmgmt.o)
                0x00000000000101d9                ifclose
 .text.ifstat   0x00000000000101de       0xc3 bin/blib.a(ifmgmt.o)
                0x00000000000101de                ifstat
 .text.iflinkwait
                0x00000000000102a1       0x82 bin/blib.a(ifmgmt.o)
                0x00000000000102a1                iflinkwait
 .text.imgdownload
                0x0000000000010323       0xcf bin/blib.a(imgmgmt.o)
                0x0000000000010323                imgdownload
 .text.imgdownload_string
                0x00000000000103f2       0x2f bin/blib.a(imgmgmt.o)
                0x00000000000103f2                imgdownload_string
 .text.imgacquire
                0x0000000000010421       0x23 bin/blib.a(imgmgmt.o)
                0x0000000000010421                imgacquire
 .text.imgstat  0x0000000000010444       0x7f bin/blib.a(imgmgmt.o)
                0x0000000000010444                imgstat
 .text.prompt   0x00000000000104c3       0x5d bin/blib.a(prompt.o)
                0x00000000000104c3                prompt
 .text.pxe_menu_parse