Archive member included because of file (symbol)

bin/blib.a(realtek.o)         (obj_realtek)
bin/blib.a(nvs.o)             bin/blib.a(realtek.o) (nvs_read)
bin/blib.a(threewire.o)       bin/blib.a(realtek.o) (threewire_read)
bin/blib.a(spi_bit.o)         bin/blib.a(realtek.o) (init_spi_bit_basher)
bin/blib.a(config.o)          (obj_config)
bin/blib.a(timer2.o)          bin/blib.a(realtek.o) (timer2_udelay)
bin/blib.a(bios_console.o)    bin/blib.a(config.o) (obj_bios_console)
bin/blib.a(bzimage.o)         bin/blib.a(config.o) (obj_bzimage)
bin/blib.a(elfboot.o)         bin/blib.a(config.o) (obj_elfboot)
bin/blib.a(initrd.o)          bin/blib.a(bzimage.o) (initrd_reshuffle)
bin/blib.a(multiboot.o)       bin/blib.a(config.o) (obj_multiboot)
bin/blib.a(pxe_image.o)       bin/blib.a(config.o) (obj_pxe_image)
bin/blib.a(pxe_call.o)        bin/blib.a(pxe_image.o) (pxe_activate)
bin/blib.a(pxe_file.o)        bin/blib.a(pxe_call.o) (obj_pxe_file)
bin/blib.a(pxe_loader.o)      bin/blib.a(pxe_call.o) (undi_loader)
bin/blib.a(pxe_preboot.o)     bin/blib.a(pxe_call.o) (obj_pxe_preboot)
bin/blib.a(pxe_tftp.o)        bin/blib.a(pxe_preboot.o) (pxenv_tftp_read_file)
bin/blib.a(pxe_udp.o)         bin/blib.a(pxe_call.o) (obj_pxe_udp)
bin/blib.a(pxe_undi.o)        bin/blib.a(pxe_preboot.o) (pxe_netdev)
bin/blib.a(x86_string.o)      bin/blib.a(realtek.o) (__memcpy)
bin/blib.a(cpuid_cmd.o)       bin/blib.a(config.o) (obj_cpuid_cmd)
bin/blib.a(setjmp.o)          bin/blib.a(pxe_call.o) (setjmp)
bin/blib.a(virtaddr.o)        bin/blib.a(elfboot.o) (_virt_to_phys)
bin/blib.a(librm.o)           bin/blib.a(pxe_call.o) (rm_cs)
bin/blib.a(libprefix.o)       bin/blib.a(pxe_preboot.o) (hooked_bios_interrupts)
bin/blib.a(romprefix.o)       (_rom_start)
bin/blib.a(unnrv2b16.o)       bin/blib.a(libprefix.o) (decompress16)
bin/blib.a(pxe_entry.o)       bin/blib.a(pxe_call.o) (ppxe)
bin/blib.a(ansiesc.o)         bin/blib.a(bios_console.o) (ansiesc_process)
bin/blib.a(cpio.o)            bin/blib.a(bzimage.o) (cpio_set_field)
bin/blib.a(device.o)          bin/blib.a(pxe_call.o) (device_keep_count)
bin/blib.a(exec.o)            bin/blib.a(pxe_file.o) (system)
bin/blib.a(getopt.o)          bin/blib.a(cpuid_cmd.o) (optind)
bin/blib.a(image.o)           bin/blib.a(bzimage.o) (unregister_image)
bin/blib.a(init.o)            bin/blib.a(pxe_loader.o) (initialise)
bin/blib.a(interface.o)       bin/blib.a(pxe_tftp.o) (null_intf)
bin/blib.a(iobuf.o)           bin/blib.a(realtek.o) (alloc_iob)
bin/blib.a(list.o)            bin/blib.a(device.o) (extern_list_add)
bin/blib.a(main.o)            bin/blib.a(romprefix.o) (main)
bin/blib.a(malloc.o)          bin/blib.a(realtek.o) (alloc_memblock)
bin/blib.a(memblock.o)        bin/blib.a(initrd.o) (largest_memblock)
bin/blib.a(misc.o)            bin/blib.a(bzimage.o) (strtoul)
bin/blib.a(nvo.o)             bin/blib.a(realtek.o) (nvo_init)
bin/blib.a(open.o)            bin/blib.a(pxe_tftp.o) (xfer_open_uri_string)
bin/blib.a(parseopt.o)        bin/blib.a(cpuid_cmd.o) (parse_integer)
bin/blib.a(posix_io.o)        bin/blib.a(pxe_file.o) (open)
bin/blib.a(process.o)         bin/blib.a(pxe_tftp.o) (step)
bin/blib.a(refcnt.o)          bin/blib.a(bzimage.o) (ref_increment)
bin/blib.a(settings.o)        bin/blib.a(parseopt.o) (find_settings)
bin/blib.a(string.o)          bin/blib.a(settings.o) (strncpy)
bin/blib.a(timer.o)           bin/blib.a(realtek.o) (mdelay)
bin/blib.a(uri.o)             bin/blib.a(settings.o) (uri_encode)
bin/blib.a(uuid.o)            bin/blib.a(settings.o) (uuid_ntoa)
bin/blib.a(version.o)         bin/blib.a(multiboot.o) (product_version)
bin/blib.a(vsprintf.o)        bin/blib.a(multiboot.o) (snprintf)
bin/blib.a(xfer.o)            bin/blib.a(pxe_tftp.o) (xfer_deliver)
bin/blib.a(arp.o)             bin/blib.a(pxe_undi.o) (arp_protocol)
bin/blib.a(dhcpopts.o)        bin/blib.a(nvo.o) (dhcpopt_no_realloc)
bin/blib.a(ethernet.o)        bin/blib.a(realtek.o) (alloc_etherdev)
bin/blib.a(eth_slow.o)        bin/blib.a(ethernet.o) (obj_eth_slow)
bin/blib.a(fakedhcp.o)        bin/blib.a(pxe_preboot.o) (create_fakedhcpdiscover)
bin/blib.a(iobpad.o)          bin/blib.a(realtek.o) (iob_pad)
bin/blib.a(ipv4.o)            bin/blib.a(pxe_undi.o) (ipv4_protocol)
bin/blib.a(neighbour.o)       bin/blib.a(ipv4.o) (neighbour_tx)
bin/blib.a(netdevice.o)       bin/blib.a(ipv4.o) (net_devices)
bin/blib.a(netdev_settings.o)
                              bin/blib.a(netdevice.o) (netdev_settings_operations)
bin/blib.a(nullnet.o)         bin/blib.a(realtek.o) (null_netdev_operations)
bin/blib.a(rarp.o)            bin/blib.a(pxe_undi.o) (rarp_protocol)
bin/blib.a(retry.o)           bin/blib.a(neighbour.o) (start_timer)
bin/blib.a(tcpip.o)           bin/blib.a(ipv4.o) (tcpip_rx)
bin/blib.a(udp.o)             bin/blib.a(pxe_udp.o) (udp_open_promisc)
bin/blib.a(http.o)            bin/blib.a(config.o) (obj_http)
bin/blib.a(httpcore.o)        bin/blib.a(http.o) (http_open_filter)
[...]
Memory Configuration

Name             Origin             Length             Attributes
*default*        0x0000000000000000 0xffffffffffffffff

Linker script and memory map

                0x0000000000000010                PROVIDE (_max_align, 0x10)

.prefix         0x0000000000000000      0x894
                0x0000000000000000                _prefix = .
 *(.prefix)
 .prefix        0x0000000000000000      0x496 bin/blib.a(romprefix.o)
                0x0000000000000000                _rom_start
                0x0000000000000083                undiheader
                0x000000000000036d                image_source
                0x0000000000000373                decompress_to
 .prefix        0x0000000000000496       0x4b bin/blib.a(undiloader.o)
                0x0000000000000496                undiloader
 *(.prefix.*)
 .prefix.lib    0x00000000000004e1      0x2c2 bin/blib.a(libprefix.o)
                0x00000000000004e1                print_character
                0x0000000000000500                print_message
                0x000000000000050d                print_hex_dword
                0x0000000000000518                print_hex_word
                0x000000000000051f                print_hex_byte
                0x0000000000000528                print_hex_nibble
                0x0000000000000535                print_pci_busdevfn
                0x0000000000000556                print_kill_line
                0x000000000000063f                alloc_basemem
                0x0000000000000660                install
                0x000000000000067d                install_prealloc
 .prefix.data   0x00000000000007a3       0x56 bin/blib.a(libprefix.o)
 .prefix.lib    0x00000000000007f9       0x9b bin/blib.a(unnrv2b16.o)
                0x00000000000007f9                decompress16
                0x0000000000000894                _mprefix = .

.bss.prefix     0x0000000000000894        0x0 load address 0x000000000001a270
                0x0000000000000894                _eprefix = .
                0x0000000000000894                _prefix_filesz = (ABSOLUTE (_mprefix) - ABSOLUTE (_prefix))
                0x0000000000000894                _prefix_memsz = (ABSOLUTE (_eprefix) - ABSOLUTE (_prefix))

.text16.early   0x0000000000000000       0xee load address 0x00000000000008a0
                0x0000000000000000                _text16 = .
 *(.text16.null)
 .text16.null   0x0000000000000000        0x3 bin/blib.a(pxe_entry.o)
 *(.text16.null.*)
                0x0000000000000004                . = (. + 0x1)
 *fill*         0x0000000000000003        0x1 00
 *(.text16.early)
 .text16.early  0x0000000000000004       0xe5 bin/blib.a(liba20.o)
                0x000000000000009b                enable_a20
                0x00000000000000e5                access_highmem
 *(.text16.early.*)
 .text16.early.data
                0x00000000000000e9        0x2 bin/blib.a(libprefix.o)
                0x00000000000000e9                close_payload
                0x00000000000000e9                open_payload
 *fill*         0x00000000000000eb        0x1 00
 .text16.early.data
                0x00000000000000ec        0x2 bin/blib.a(liba20.o)
                0x00000000000000ee                _etext16_early = .

.text16.late    0x00000000000000f0      0x67c load address 0x0000000000000990
                0x00000000000000f0                _text16_late = .
 *(.text16)
 .text16        0x00000000000000f0       0x3a bin/blib.a(bios_console.o)
 .text16        0x000000000000012a       0x11 bin/blib.a(bzimage.o)
 .text16        0x000000000000013b       0x11 bin/blib.a(pxe_call.o)
 .text16        0x000000000000014c      0x15d bin/blib.a(librm.o)
                0x000000000000014c                init_librm
                0x00000000000001c9                idt_init
                0x0000000000000243                prot_call
 .text16        0x00000000000002a9       0x34 bin/blib.a(libprefix.o)
                0x00000000000002a9                free_basemem
                0x00000000000002d9                uninstall
 .text16        0x00000000000002dd       0x20 bin/blib.a(romprefix.o)
 .text16        0x00000000000002fd       0x65 bin/blib.a(pxe_entry.o)
                0x0000000000000334                pxe_int_1a
 .text16        0x0000000000000362       0x13 bin/blib.a(memmap.o)
 .text16        0x0000000000000375        0x4 bin/blib.a(bios_nap.o)
 .text16        0x0000000000000379        0x6 bin/blib.a(bios_reboot.o)
 .text16        0x000000000000037f        0x5 bin/blib.a(bios_timer.o)
 .text16        0x0000000000000384       0x6a bin/blib.a(int13.o)
 .text16        0x00000000000003ee       0x1e bin/blib.a(pcibios.o)
 .text16        0x000000000000040c       0x55 bin/blib.a(bootsector.o)
 .text16        0x0000000000000461      0x25d bin/blib.a(e820mangler.o)
                0x0000000000000696                int15
 .text16        0x00000000000006be        0x9 bin/blib.a(patch_cf.o)
                0x00000000000006be                patch_cf
 *(.text16.*)
 .text16.data   0x00000000000006c7        0x2 bin/blib.a(librm.o)
                0x00000000000006c7                rm_ds
 .text16.data   0x00000000000006c9        0x2 bin/blib.a(libprefix.o)
                0x00000000000006c9                hooked_bios_interrupts
 *fill*         0x00000000000006cb        0x5 00
 .text16.data   0x00000000000006d0       0x90 bin/blib.a(pxe_entry.o)
                0x00000000000006d0                ppxe
                0x0000000000000730                pxenv
                0x000000000000075c                pxe_int_1a_vector
 .text16.data   0x0000000000000760        0x8 bin/blib.a(int13.o)
 .text16.data   0x0000000000000768        0x4 bin/blib.a(e820mangler.o)
                0x0000000000000768                int15_vector
                0x000000000000076c                _mtext16 = .

.bss.text16     0x000000000000076c        0x0 load address 0x000000000001a270
                0x000000000000076c                _etext16 = .
                0x00000000000000ee                _text16_early_filesz = (ABSOLUTE (_etext16_early) - ABSOLUTE (_text16))
                0x00000000000000ee                _text16_early_memsz = (ABSOLUTE (_etext16_early) - ABSOLUTE (_text16))
                0x000000000000067c                _text16_late_filesz = (ABSOLUTE (_mtext16) - ABSOLUTE (_text16_late))
                0x000000000000067c                _text16_late_memsz = (ABSOLUTE (_etext16) - ABSOLUTE (_text16_late))
                0x000000000000076c                _text16_memsz = (ABSOLUTE (_etext16) - ABSOLUTE (_text16))

.data16         0x0000000000000000       0xd2 load address 0x0000000000001010
                0x0000000000000000                _data16 = .
                0x0000000000000001                . = (. + 0x1)
 *fill*         0x0000000000000000        0x1 00
 *(.rodata16)
 *(.rodata16.*)
 *(.data16)
 *fill*         0x0000000000000001        0xf 00
 .data16        0x0000000000000010       0x52 bin/blib.a(librm.o)
                0x0000000000000048                idtr
                0x0000000000000050                rm_cs
 .data16        0x0000000000000062        0xc bin/blib.a(libprefix.o)
 *fill*         0x000000000000006e        0x2 00
 .data16        0x0000000000000070       0x14 bin/blib.a(int13.o)
 *fill*         0x0000000000000084        0xc 00
 .data16        0x0000000000000090       0x42 bin/blib.a(e820mangler.o)
                0x0000000000000098                hidemem_base
                0x00000000000000a8                hidemem_umalloc
                0x00000000000000b8                hidemem_textdata
 *(.data16.*)
                0x00000000000000d2                _mdata16 = .

.bss.data16     0x00000000000000e0     0x2bf8 load address 0x000000000001a270
 *(.bss16)
 .bss16         0x00000000000000e0      0x3b8 bin/blib.a(multiboot.o)
 .bss16         0x0000000000000498      0xec4 bin/blib.a(pxe_preboot.o)
 .bss16         0x000000000000135c      0x5ea bin/blib.a(basemem_packet.o)
                0x000000000000135c                basemem_packet
 *fill*         0x0000000000001946        0x2 00
 .bss16         0x0000000000001948       0x1c bin/blib.a(memmap.o)
                0x0000000000001948                memmap_post
 *fill*         0x0000000000001964        0xc 00
 .bss16         0x0000000000001970      0x320 bin/blib.a(int13.o)
 .bss16         0x0000000000001c90       0x48 bin/blib.a(e820mangler.o)
 *(.bss16.*)
 *(.stack16)
 .stack16       0x0000000000001cd8     0x1000 bin/blib.a(stack16.o)
                0x0000000000001cd8                _stack16
                0x0000000000002cd8                _estack16
 *(.stack16.*)
                0x0000000000002cd8                _edata16 = .
                0x00000000000000d2                _data16_filesz = (ABSOLUTE (_mdata16) - ABSOLUTE (_data16))
                0x0000000000002cd8                _data16_memsz = (ABSOLUTE (_edata16) - ABSOLUTE (_data16))

.textdata       0x0000000000000000    0x190cc load address 0x00000000000010f0
                0x0000000000000000                _textdata = .
 *(.text.null_trap)
 *(.text.null_trap.*)
                0x0000000000000001                . = (. + 0x1)
 *fill*         0x0000000000000000        0x1 00
 *(.text)
 *fill*         0x0000000000000001        0x3 00
 .text          0x0000000000000004       0x45 bin/blib.a(setjmp.o)
                0x0000000000000004                setjmp
                0x0000000000000022                longjmp
 *fill*         0x0000000000000049        0x3 00
 .text          0x000000000000004c       0x55 bin/blib.a(virtaddr.o)
                0x000000000000004c                _virt_to_phys
                0x0000000000000078                _phys_to_virt
 *fill*         0x00000000000000a1        0x3 00
 .text          0x00000000000000a4       0xa6 bin/blib.a(librm.o)
                0x0000000000000137                real_call
 *(.text.*)
 .text.realtek_spi_open_bit
                0x000000000000014a        0xe bin/blib.a(realtek.o)
 .text.realtek_spi_close_bit
                0x0000000000000158        0xe bin/blib.a(realtek.o)
 .text.realtek_spi_read_bit
                0x0000000000000166       0x10 bin/blib.a(realtek.o)
 .text.realtek_spi_write_bit
                0x0000000000000176       0x28 bin/blib.a(realtek.o)
 .text.realtek_irq
                0x000000000000019e       0x15 bin/blib.a(realtek.o)
 .text.realtek_transmit
                0x00000000000001b3       0xc8 bin/blib.a(realtek.o)
 .text.realtek_check_link
                0x000000000000027b       0x35 bin/blib.a(realtek.o)
 .text.realtek_mii_read
                0x00000000000002b0       0x4d bin/blib.a(realtek.o)
 .text.realtek_mii_write
                0x00000000000002fd       0x50 bin/blib.a(realtek.o)
 .text.realtek_reset.isra.10
                0x000000000000034d       0x31 bin/blib.a(realtek.o)
 .text.realtek_remove
                0x000000000000037e       0x37 bin/blib.a(realtek.o)
 .text.realtek_probe
                0x00000000000003b5      0x281 bin/blib.a(realtek.o)
 .text.realtek_refill_rx.part.12
                0x0000000000000636       0x81 bin/blib.a(realtek.o)
 .text.realtek_poll
                0x00000000000006b7      0x1d9 bin/blib.a(realtek.o)
 .text.realtek_destroy_ring
                0x0000000000000890       0x46 bin/blib.a(realtek.o)
 .text.realtek_close
                0x00000000000008d6       0x83 bin/blib.a(realtek.o)
 .text.realtek_create_ring
                0x0000000000000959       0x5b bin/blib.a(realtek.o)
 .text.realtek_open
                0x00000000000009b4       0xd8 bin/blib.a(realtek.o)
 .text.nvs_read
                0x0000000000000a8c       0x59 bin/blib.a(nvs.o)
                0x0000000000000a8c                nvs_read
 .text.nvs_verify
                0x0000000000000ae5       0x4b bin/blib.a(nvs.o)
 .text.nvs_write
                0x0000000000000b30       0x6b bin/blib.a(nvs.o)
                0x0000000000000b30                nvs_write
 .text.threewire_read
                0x0000000000000b9b       0x1c bin/blib.a(threewire.o)
                0x0000000000000b9b                threewire_read
 .text.threewire_write
                0x0000000000000bb7       0x5f bin/blib.a(threewire.o)
                0x0000000000000bb7                threewire_write
 .text.spi_bit_set_slave_select
                0x0000000000000c16       0x36 bin/blib.a(spi_bit.o)
 .text.spi_bit_transfer
                0x0000000000000c4c       0xde bin/blib.a(spi_bit.o)
 .text.spi_bit_rw
                0x0000000000000d2a       0xe3 bin/blib.a(spi_bit.o)
 .text.init_spi_bit_basher
                0x0000000000000e0d        0x8 bin/blib.a(spi_bit.o)
                0x0000000000000e0d                init_spi_bit_basher
 .text.timer2_udelay
                0x0000000000000e15       0x33 bin/blib.a(timer2.o)
                0x0000000000000e15                timer2_udelay
 .text.bios_handle_cup
                0x0000000000000e48       0x38 bin/blib.a(bios_console.o)
 .text.bios_handle_ed
                0x0000000000000e80       0x25 bin/blib.a(bios_console.o)
 .text.bios_handle_sgr
                0x0000000000000ea5       0x6a bin/blib.a(bios_console.o)
 .text.bios_putchar
                0x0000000000000f0f       0x26 bin/blib.a(bios_console.o)
 .text.bios_iskey
                0x0000000000000f35       0x2a bin/blib.a(bios_console.o)
 .text.bios_getchar
                0x0000000000000f5f       0x8f bin/blib.a(bios_console.o)
 .text.bzimage_load_initrd
                0x0000000000000fee      0x15e bin/blib.a(bzimage.o)
 .text.bzimage_parse_header.isra.0
                0x000000000000114c      0x13b bin/blib.a(bzimage.o)
 .text.bzimage_probe
                0x0000000000001287       0x1a bin/blib.a(bzimage.o)
                0x0000000000001287                bzimage_probe
 .text.bzimage_exec
                0x00000000000012a1      0x419 bin/blib.a(bzimage.o)
 .text.elfboot_exec
                0x00000000000016ba       0x39 bin/blib.a(elfboot.o)
 .text.elfboot_probe
                0x00000000000016f3       0x34 bin/blib.a(elfboot.o)
 .text.initrd_startup
                0x0000000000001727       0x16 bin/blib.a(initrd.o)
 .text.initrd_reshuffle
                0x000000000000173d      0x175 bin/blib.a(initrd.o)
                0x000000000000173d                initrd_reshuffle
 .text.initrd_reshuffle_check
                0x00000000000018b2       0x30 bin/blib.a(initrd.o)
                0x00000000000018b2                initrd_reshuffle_check
 .text.multiboot_add_cmdline
                0x00000000000018e2       0x89 bin/blib.a(multiboot.o)
 .text.multiboot_find_header
                0x000000000000196b       0x79 bin/blib.a(multiboot.o)
 .text.multiboot_probe
                0x00000000000019e4        0xe bin/blib.a(multiboot.o)
 .text.multiboot_exec
                0x00000000000019f2      0x326 bin/blib.a(multiboot.o)
 .text.pxe_exec
                0x0000000000001d18       0x7f bin/blib.a(pxe_image.o)
 .text.pxe_probe
                0x0000000000001d97       0x1d bin/blib.a(pxe_image.o)
                0x0000000000001d97                pxe_probe
 .text.pxenv_unknown
                0x0000000000001db4        0xb bin/blib.a(pxe_call.o)
 .text.pxe_init_structures
                0x0000000000001dbf       0xea bin/blib.a(pxe_call.o)
 .text.pxe_api_call
                0x0000000000001ea9       0x87 bin/blib.a(pxe_call.o)
                0x0000000000001ea9                pxe_api_call
 .text.pxe_loader_call
                0x0000000000001f30       0x5d bin/blib.a(pxe_call.o)
                0x0000000000001f30                pxe_loader_call
 .text.pxe_activate
                0x0000000000001f8d       0x3f bin/blib.a(pxe_call.o)
                0x0000000000001f8d                pxe_activate
 .text.pxe_deactivate
                0x0000000000001fcc       0x3f bin/blib.a(pxe_call.o)
                0x0000000000001fcc                pxe_deactivate
 .text.pxe_start_nbp
                0x000000000000200b       0x76 bin/blib.a(pxe_call.o)
                0x000000000000200b                pxe_start_nbp
 .text.pxenv_file_cmdline
                0x0000000000002081       0x5c bin/blib.a(pxe_file.o)
 .text.pxenv_file_exec
                0x00000000000020dd       0x72 bin/blib.a(pxe_file.o)
 .text.pxenv_get_file_size
                0x000000000000214f       0x2c bin/blib.a(pxe_file.o)
 .text.pxenv_file_read
                0x000000000000217b       0x47 bin/blib.a(pxe_file.o)
 .text.pxenv_file_select
                0x00000000000021c2       0x44 bin/blib.a(pxe_file.o)
 .text.pxenv_file_close
                0x0000000000002206       0x15 bin/blib.a(pxe_file.o)
 .text.pxenv_file_open
                0x000000000000221b       0x72 bin/blib.a(pxe_file.o)
 .text.pxenv_file_api_check
                0x000000000000228d       0x7d bin/blib.a(pxe_file.o)
 .text.undi_loader
                0x000000000000230a       0x3e bin/blib.a(pxe_loader.o)
                0x000000000000230a                undi_loader
 .text.pxenv_unload_stack
                0x0000000000002348        0x8 bin/blib.a(pxe_preboot.o)
 .text.pxenv_start_base
                0x0000000000002350        0xb bin/blib.a(pxe_preboot.o)
 .text.pxenv_stop_base
                0x000000000000235b        0x8 bin/blib.a(pxe_preboot.o)
 .text.pxenv_stop_undi
                0x0000000000002363       0x36 bin/blib.a(pxe_preboot.o)
 .text.pxenv_start_undi
                0x0000000000002399       0x69 bin/blib.a(pxe_preboot.o)
 .text.pxenv_get_cached_info
                0x0000000000002402       0xbf bin/blib.a(pxe_preboot.o)
 .text.pxenv_restart_tftp
                0x00000000000024c1       0x42 bin/blib.a(pxe_preboot.o)
 .text.pxe_tftp_xfer_window
                0x0000000000002503        0x4 bin/blib.a(pxe_tftp.o)
 .text.pxenv_tftp_read
                0x0000000000002507       0x9d bin/blib.a(pxe_tftp.o)
 .text.pxe_tftp_open
                0x00000000000025a4       0xca bin/blib.a(pxe_tftp.o)
 .text.pxe_tftp_close
                0x000000000000266e       0x11 bin/blib.a(pxe_tftp.o)
 .text.pxe_tftp_xfer_deliver
                0x000000000000267f       0x8d bin/blib.a(pxe_tftp.o)
 .text.pxenv_tftp_close
                0x000000000000270c       0x18 bin/blib.a(pxe_tftp.o)
 .text.pxenv_tftp_get_fsize
                0x0000000000002724       0x82 bin/blib.a(pxe_tftp.o)
 .text.pxenv_tftp_open
                0x00000000000027a6       0x98 bin/blib.a(pxe_tftp.o)
 .text.pxenv_tftp_read_file
                0x000000000000283e       0x93 bin/blib.a(pxe_tftp.o)
                0x000000000000283e                pxenv_tftp_read_file
 .text.pxenv_udp_read
                0x00000000000028d1       0x5b bin/blib.a(pxe_udp.o)
 .text.pxe_udp_deliver
                0x000000000000292c       0x85 bin/blib.a(pxe_udp.o)
 .text.pxenv_udp_write
                0x00000000000029b1       0xd5 bin/blib.a(pxe_udp.o)
 .text.pxenv_udp_close
                0x0000000000002a86       0x18 bin/blib.a(pxe_udp.o)
 .text.pxenv_udp_open
                0x0000000000002a9e       0x3e bin/blib.a(pxe_udp.o)
 .text.pxenv_undi_startup
                0x0000000000002adc       0x1c bin/blib.a(pxe_undi.o)
 .text.pxenv_undi_initialize
                0x0000000000002af8       0x1c bin/blib.a(pxe_undi.o)
 .text.pxenv_undi_set_mcast_address
                0x0000000000002b14       0x1c bin/blib.a(pxe_undi.o)
 .text.pxenv_undi_set_packet_filter
                0x0000000000002b30       0x1c bin/blib.a(pxe_undi.o)
 .text.pxenv_undi_get_statistics
                0x0000000000002b4c       0x38 bin/blib.a(pxe_undi.o)
 .text.pxenv_undi_clear_statistics
                0x0000000000002b84       0x40 bin/blib.a(pxe_undi.o)
 .text.pxenv_undi_initiate_diags
                0x0000000000002bc4       0x1b bin/blib.a(pxe_undi.o)
 .text.pxenv_undi_force_interrupt
                0x0000000000002bdf       0x1b bin/blib.a(pxe_undi.o)
 .text.pxenv_undi_get_mcast_address
                0x0000000000002bfa       0x4c bin/blib.a(pxe_undi.o)
 .text.pxenv_undi_get_nic_type
                0x0000000000002c46       0x95 bin/blib.a(pxe_undi.o)
 .text.pxenv_undi_get_information
                0x0000000000002cdb       0x86 bin/blib.a(pxe_undi.o)
 .text.pxenv_undi_set_station_address
                0x0000000000002d61       0x42 bin/blib.a(pxe_undi.o)
 .text.pxenv_undi_isr
                0x0000000000002da3      0x1bc bin/blib.a(pxe_undi.o)
 .text.pxenv_undi_get_iface_info
                0x0000000000002f5f       0x63 bin/blib.a(pxe_undi.o)
 .text.pxenv_undi_transmit
                0x0000000000002fc2      0x1e4 bin/blib.a(pxe_undi.o)
 .text.pxe_netdev_close
                0x00000000000031a6       0x25 bin/blib.a(pxe_undi.o)
 .text.pxenv_undi_close
                0x00000000000031cb       0x26 bin/blib.a(pxe_undi.o)
 .text.pxenv_undi_shutdown
                0x00000000000031f1       0x26 bin/blib.a(pxe_undi.o)
 .text.pxenv_undi_cleanup
                0x0000000000003217       0x26 bin/blib.a(pxe_undi.o)
 .text.pxe_netdev_open
                0x000000000000323d       0x28 bin/blib.a(pxe_undi.o)
 .text.pxenv_undi_open
                0x0000000000003265       0x35 bin/blib.a(pxe_undi.o)
 .text.pxenv_undi_reset_adapter
                0x000000000000329a       0x3a bin/blib.a(pxe_undi.o)
 .text.pxe_set_netdev
                0x00000000000032d4       0x32 bin/blib.a(pxe_undi.o)
                0x00000000000032d4                pxe_set_netdev
 .text.__memcpy
                0x0000000000003306       0x1d bin/blib.a(x86_string.o)
                0x0000000000003306                __memcpy
 .text.__memcpy_reverse
                0x0000000000003323       0x11 bin/blib.a(x86_string.o)
                0x0000000000003323                __memcpy_reverse
 .text.__memmove
                0x0000000000003334        0xe bin/blib.a(x86_string.o)
                0x0000000000003334                __memmove
 .text.memswap  0x0000000000003342       0x11 bin/blib.a(x86_string.o)
                0x0000000000003342                memswap
 .text.strlen   0x0000000000003353       0x11 bin/blib.a(x86_string.o)
                0x0000000000003353                strlen
 .text.strncmp  0x0000000000003364       0x1c bin/blib.a(x86_string.o)
                0x0000000000003364                strncmp
 .text.cpuid_exec
                0x0000000000003380       0x6d bin/blib.a(cpuid_cmd.o)
 .text.ansiesc_process
                0x00000000000033ed       0xbe bin/blib.a(ansiesc.o)
                0x00000000000033ed                ansiesc_process
 .text.cpio_set_field
                0x00000000000034ab       0x2a bin/blib.a(cpio.o)
                0x00000000000034ab                cpio_set_field
 .text.probe_devices
                0x00000000000034d5       0x52 bin/blib.a(device.o)
 .text.identify_device
                0x0000000000003527       0x31 bin/blib.a(device.o)
                0x0000000000003527                identify_device
 .text.remove_devices
                0x0000000000003558       0x40 bin/blib.a(device.o)
 .text.process_on_success
                0x0000000000003598        0x9 bin/blib.a(exec.o)
 .text.process_on_failure
                0x00000000000035a1        0x9 bin/blib.a(exec.o)
 .text.process_always
                0x00000000000035aa        0x6 bin/blib.a(exec.o)
 .text.exit_exec
                0x00000000000035b0       0x4f bin/blib.a(exec.o)
 .text.split_command
                0x00000000000035ff       0x49 bin/blib.a(exec.o)
 .text.isset_exec
                0x0000000000003648       0x2f bin/blib.a(exec.o)
 .text.sleep_exec
                0x0000000000003677       0x79 bin/blib.a(exec.o)
 .text.iseq_exec
                0x00000000000036f0       0x3c bin/blib.a(exec.o)
 .text.execv    0x000000000000372c       0x8f bin/blib.a(exec.o)
                0x000000000000372c                execv
 .text.shell_stop
                0x00000000000037bb        0x6 bin/blib.a(exec.o)
                0x00000000000037bb                shell_stop
 .text.shell_stopped
                0x00000000000037c1       0x1c bin/blib.a(exec.o)
                0x00000000000037c1                shell_stopped
 .text.system   0x00000000000037dd      0x192 bin/blib.a(exec.o)
                0x00000000000037dd                system
 .text.concat_args
                0x000000000000396f       0x66 bin/blib.a(exec.o)
                0x000000000000396f                concat_args
 .text.echo_exec
                0x00000000000039d5       0x61 bin/blib.a(exec.o)
 .text.get_argv_argument
                0x0000000000003a36       0x24 bin/blib.a(getopt.o)
 .text.getopt_long
                0x0000000000003a5a      0x223 bin/blib.a(getopt.o)
                0x0000000000003a5a                getopt_long
 .text.free_image
                0x0000000000003c7d       0x35 bin/blib.a(image.o)
 .text.image_set_name
                0x0000000000003cb2       0x28 bin/blib.a(image.o)
                0x0000000000003cb2                image_set_name
 .text.alloc_image
                0x0000000000003cda       0x50 bin/blib.a(image.o)
                0x0000000000003cda                alloc_image
 .text.image_set_cmdline
                0x0000000000003d2a       0x35 bin/blib.a(image.o)
                0x0000000000003d2a                image_set_cmdline
 .text.unregister_image
                0x0000000000003d5f       0x22 bin/blib.a(image.o)
                0x0000000000003d5f                unregister_image
 .text.find_image
                0x0000000000003d81       0x2f bin/blib.a(image.o)
                0x0000000000003d81                find_image
 .text.image_probe
                0x0000000000003db0       0x34 bin/blib.a(image.o)
                0x0000000000003db0                image_probe
 .text.image_replace
                0x0000000000003de4       0x39 bin/blib.a(image.o)
                0x0000000000003de4                image_replace
 .text.image_select
                0x0000000000003e1d       0x2c bin/blib.a(image.o)
                0x0000000000003e1d                image_select
 .text.image_exec
                0x0000000000003e49       0xa1 bin/blib.a(image.o)
                0x0000000000003e49                image_exec
 .text.image_find_selected
                0x0000000000003eea       0x1d bin/blib.a(image.o)
                0x0000000000003eea                image_find_selected
 .text.register_image
                0x0000000000003f07       0x6a bin/blib.a(image.o)
                0x0000000000003f07                register_image
 .text.initialise
                0x0000000000003f71       0x17 bin/blib.a(init.o)
                0x0000000000003f71                initialise
 .text.startup  0x0000000000003f88       0x30 bin/blib.a(init.o)
                0x0000000000003f88                startup
 .text.shutdown
                0x0000000000003fb8       0x37 bin/blib.a(init.o)
                0x0000000000003fb8                shutdown
 .text.null_intf_close
                0x0000000000003fef        0x1 bin/blib.a(interface.o)
 .text.intf_plug
                0x0000000000003ff0       0x1d bin/blib.a(interface.o)
                0x0000000000003ff0                intf_plug
 .text.intf_plug_plug
                0x000000000000400d       0x16 bin/blib.a(interface.o)
                0x000000000000400d                intf_plug_plug
 .text.intf_unplug
                0x0000000000004023        0xa bin/blib.a(interface.o)
                0x0000000000004023                intf_unplug
 .text.intf_nullify
                0x000000000000402d        0x8 bin/blib.a(interface.o)
                0x000000000000402d                intf_nullify
 .text.intf_put
                0x0000000000004035        0x8 bin/blib.a(interface.o)
                0x0000000000004035                intf_put
 .text.intf_object
                0x000000000000403d        0x6 bin/blib.a(interface.o)
                0x000000000000403d                intf_object
 .text.intf_get_dest_op_no_passthru_untyped
                0x0000000000004043       0x35 bin/blib.a(interface.o)
                0x0000000000004043                intf_get_dest_op_no_passthru_untyped
 .text.intf_get_dest_op_untyped
                0x0000000000004078       0x34 bin/blib.a(interface.o)
                0x0000000000004078                intf_get_dest_op_untyped
 .text.intf_restart
                0x00000000000040ac       0x12 bin/blib.a(interface.o)
                0x00000000000040ac                intf_restart
 .text.intf_close
                0x00000000000040be       0x3b bin/blib.a(interface.o)
                0x00000000000040be                intf_close
 .text.intf_shutdown
                0x00000000000040f9       0x17 bin/blib.a(interface.o)
                0x00000000000040f9                intf_shutdown
 .text.alloc_iob_raw
                0x0000000000004110       0x79 bin/blib.a(iobuf.o)
                0x0000000000004110                alloc_iob_raw
 .text.alloc_iob
                0x0000000000004189       0x13 bin/blib.a(iobuf.o)
                0x0000000000004189                alloc_iob
 .text.free_iob
                0x000000000000419c       0x2d bin/blib.a(iobuf.o)
                0x000000000000419c                free_iob
 .text.iob_ensure_headroom
                0x00000000000041c9       0x12 bin/blib.a(iobuf.o)
                0x00000000000041c9                iob_ensure_headroom
 .text.extern_list_add
                0x00000000000041db        0xd bin/blib.a(list.o)
                0x00000000000041db                extern_list_add
 .text.extern_list_add_tail
                0x00000000000041e8        0xe bin/blib.a(list.o)
                0x00000000000041e8                extern_list_add_tail
 .text.startup.main
                0x00000000000041f6       0x31 bin/blib.a(main.o)
                0x00000000000041f6                main
 .text.discard_cache
                0x0000000000004227       0x1d bin/blib.a(malloc.o)
 .text.shutdown_cache
                0x0000000000004244        0xa bin/blib.a(malloc.o)
 .text.alloc_memblock
                0x000000000000424e       0x8b bin/blib.a(malloc.o)
                0x000000000000424e                alloc_memblock
 .text.free_memblock
                0x00000000000042d9       0x98 bin/blib.a(malloc.o)
                0x00000000000042d9                free_memblock
 .text.realloc  0x0000000000004371       0x5b bin/blib.a(malloc.o)
                0x0000000000004371                realloc
 .text.malloc   0x00000000000043cc        0x9 bin/blib.a(malloc.o)
                0x00000000000043cc                malloc
 .text.free     0x00000000000043d5        0x7 bin/blib.a(malloc.o)
                0x00000000000043d5                free
 .text.zalloc   0x00000000000043dc       0x1c bin/blib.a(malloc.o)
                0x00000000000043dc                zalloc
 .text.mpopulate
                0x00000000000043f8        0x8 bin/blib.a(malloc.o)
                0x00000000000043f8                mpopulate
 .text.init_heap
                0x0000000000004400        0xf bin/blib.a(malloc.o)
 .text.largest_memblock
                0x000000000000440f       0x6e bin/blib.a(memblock.o)
                0x000000000000440f                largest_memblock
 .text.strtoul_charval
                0x000000000000447d       0x1b bin/blib.a(misc.o)
                0x000000000000447d                strtoul_charval
 .text.strtoul  0x0000000000004498       0x7a bin/blib.a(misc.o)
                0x0000000000004498                strtoul
 .text.inet_aton
                0x0000000000004512       0x63 bin/blib.a(misc.o)
                0x0000000000004512                inet_aton
 .text.nvo_fetch
                0x0000000000004575        0xb bin/blib.a(nvo.o)
 .text.nvo_applies
                0x0000000000004580       0x19 bin/blib.a(nvo.o)
                0x0000000000004580                nvo_applies
 .text.nvo_realloc
                0x0000000000004599       0x47 bin/blib.a(nvo.o)
 .text.nvo_realloc_dhcpopt
                0x00000000000045e0       0x33 bin/blib.a(nvo.o)
 .text.nvo_store
                0x0000000000004613       0x5a bin/blib.a(nvo.o)
 .text.nvo_init
                0x000000000000466d       0x52 bin/blib.a(nvo.o)
                0x000000000000466d                nvo_init
 .text.register_nvo
                0x00000000000046bf       0x82 bin/blib.a(nvo.o)
                0x00000000000046bf                register_nvo
 .text.unregister_nvo
                0x0000000000004741       0x12 bin/blib.a(nvo.o)
                0x0000000000004741                unregister_nvo
 .text.xfer_uri_opener
                0x0000000000004753       0x2a bin/blib.a(open.o)
                0x0000000000004753                xfer_uri_opener
 .text.xfer_open_uri
                0x000000000000477d       0x45 bin/blib.a(open.o)
                0x000000000000477d                xfer_open_uri
 .text.xfer_open_uri_string
                0x00000000000047c2       0x2f bin/blib.a(open.o)
                0x00000000000047c2                xfer_open_uri_string
 .text.xfer_open_socket
                0x00000000000047f1       0x37 bin/blib.a(open.o)
                0x00000000000047f1                xfer_open_socket
 .text.xfer_vopen
                0x0000000000004828       0x38 bin/blib.a(open.o)
                0x0000000000004828                xfer_vopen
 .text.xfer_vreopen
                0x0000000000004860       0x20 bin/blib.a(open.o)
                0x0000000000004860                xfer_vreopen
 .text.parse_string
                0x0000000000004880        0x5 bin/blib.a(parseopt.o)
                0x0000000000004880                parse_string
 .text.parse_integer
                0x0000000000004885       0x32 bin/blib.a(parseopt.o)
                0x0000000000004885                parse_integer
 .text.parse_timeout
                0x00000000000048b7       0x27 bin/blib.a(parseopt.o)
                0x00000000000048b7                parse_timeout
 .text.parse_netdev
                0x00000000000048de       0x2a bin/blib.a(parseopt.o)
                0x00000000000048de                parse_netdev
 .text.parse_netdev_configurator
                0x0000000000004908       0x2a bin/blib.a(parseopt.o)
                0x0000000000004908                parse_netdev_configurator
 .text.parse_menu
                0x0000000000004932       0x3b bin/blib.a(parseopt.o)
                0x0000000000004932                parse_menu
 .text.parse_flag
                0x000000000000496d        0x9 bin/blib.a(parseopt.o)
                0x000000000000496d                parse_flag
 .text.parse_key
                0x0000000000004976       0x19 bin/blib.a(parseopt.o)
                0x0000000000004976                parse_key
 .text.parse_settings
                0x000000000000498f       0x2a bin/blib.a(parseopt.o)
                0x000000000000498f                parse_settings
 .text.parse_setting
                0x00000000000049b9       0x2d bin/blib.a(parseopt.o)
                0x00000000000049b9                parse_setting
 .text.parse_existing_setting
                0x00000000000049e6        0xa bin/blib.a(parseopt.o)
                0x00000000000049e6                parse_existing_setting
 .text.parse_autovivified_setting
                0x00000000000049f0        0xa bin/blib.a(parseopt.o)
                0x00000000000049f0                parse_autovivified_setting
 .text.print_usage
                0x00000000000049fa       0xab bin/blib.a(parseopt.o)
                0x00000000000049fa                print_usage
 .text.reparse_options
                0x0000000000004aa5      0x19f bin/blib.a(parseopt.o)
                0x0000000000004aa5                reparse_options
 .text.parse_options
                0x0000000000004c44       0x2b bin/blib.a(parseopt.o)
                0x0000000000004c44                parse_options
 .text.posix_fd_to_file
                0x0000000000004c6f       0x20 bin/blib.a(posix_io.o)
 .text.posix_file_finished
                0x0000000000004c8f       0x14 bin/blib.a(posix_io.o)
 .text.posix_file_xfer_deliver
                0x0000000000004ca3       0x3d bin/blib.a(posix_io.o)
 .text.posix_file_free
                0x0000000000004ce0       0x30 bin/blib.a(posix_io.o)
 .text.open     0x0000000000004d10       0xb9 bin/blib.a(posix_io.o)
                0x0000000000004d10                open
 .text.select   0x0000000000004dc9       0x66 bin/blib.a(posix_io.o)
                0x0000000000004dc9                select
 .text.read_user
                0x0000000000004e2f       0x8a bin/blib.a(posix_io.o)
                0x0000000000004e2f                read_user
 .text.fsize    0x0000000000004eb9       0x13 bin/blib.a(posix_io.o)
                0x0000000000004eb9                fsize
 .text.close    0x0000000000004ecc       0x30 bin/blib.a(posix_io.o)
                0x0000000000004ecc                close
 .text.process_add
                0x0000000000004efc       0x1e bin/blib.a(process.o)
                0x0000000000004efc                process_add
 .text.init_processes
                0x0000000000004f1a       0x1c bin/blib.a(process.o)
 .text.process_del
                0x0000000000004f36       0x1c bin/blib.a(process.o)
                0x0000000000004f36                process_del
 .text.step     0x0000000000004f52       0x5d bin/blib.a(process.o)
                0x0000000000004f52                step
 .text.ref_increment
                0x0000000000004faf        0x7 bin/blib.a(refcnt.o)
                0x0000000000004faf                ref_increment
 .text.ref_decrement
                0x0000000000004fb6       0x1c bin/blib.a(refcnt.o)
                0x0000000000004fb6                ref_decrement
 .text.ref_no_free
                0x0000000000004fd2        0x1 bin/blib.a(refcnt.o)
                0x0000000000004fd2                ref_no_free
 .text.apply_settings
                0x0000000000004fd3       0x1d bin/blib.a(settings.o)
 .text.builtin_applies
                0x0000000000004ff0        0xd bin/blib.a(settings.o)
 .text.platform_fetch
                0x0000000000004ffd       0x12 bin/blib.a(settings.o)
 .text.buildarch_fetch
                0x000000000000500f       0x12 bin/blib.a(settings.o)
 .text.version_fetch
                0x0000000000005021       0x17 bin/blib.a(settings.o)
 .text.format_string_setting
                0x0000000000005038       0x2e bin/blib.a(settings.o)
 .text.parse_string_setting
                0x0000000000005066       0x31 bin/blib.a(settings.o)
 .text.errno_fetch
                0x0000000000005097       0x28 bin/blib.a(settings.o)
 .text.denumerate_int_setting
                0x00000000000050bf       0x3f bin/blib.a(settings.o)
 .text.format_uint_setting
                0x00000000000050fe       0x2e bin/blib.a(settings.o)
 .text.format_int_setting
                0x000000000000512c       0x2e bin/blib.a(settings.o)
 .text.format_hex_setting
                0x000000000000515a       0x68 bin/blib.a(settings.o)
 .text.format_hex_raw_setting
                0x00000000000051c2        0xa bin/blib.a(settings.o)
 .text.format_hex_hyphen_setting
                0x00000000000051cc        0xa bin/blib.a(settings.o)
 .text.format_hex_colon_setting
                0x00000000000051d6        0xa bin/blib.a(settings.o)
 .text.parse_hex_raw_setting
                0x00000000000051e0        0x9 bin/blib.a(settings.o)
 .text.parse_hex_hyphen_setting
                0x00000000000051e9        0xc bin/blib.a(settings.o)
 .text.parse_hex_setting
                0x00000000000051f5        0xc bin/blib.a(settings.o)
 .text.parse_ipv4_setting
                0x0000000000005201       0x39 bin/blib.a(settings.o)
 .text.format_uristring_setting
                0x000000000000523a       0x39 bin/blib.a(settings.o)
 .text.parse_uristring_setting
                0x0000000000005273       0x48 bin/blib.a(settings.o)
 .text.generic_settings_clear
                0x00000000000052bb       0x28 bin/blib.a(settings.o)
                0x00000000000052bb                generic_settings_clear
 .text.autovivified_settings_free
                0x00000000000052e3       0x13 bin/blib.a(settings.o)
 .text.parse_settings_name
                0x00000000000052f6       0x66 bin/blib.a(settings.o)
 .text.numeric_setting_value
                0x000000000000535c       0x68 bin/blib.a(settings.o)
 .text.numerate_int_setting
                0x00000000000053c4       0x21 bin/blib.a(settings.o)
 .text.format_busdevfn_setting
                0x00000000000053e5       0x3f bin/blib.a(settings.o)
 .text.format_uuid_setting
                0x0000000000005424       0x2d bin/blib.a(settings.o)
 .text.parse_int_setting
                0x0000000000005451       0x34 bin/blib.a(settings.o)
 .text.format_ipv4_setting
                0x0000000000005485       0x2d bin/blib.a(settings.o)
 .text.find_settings
                0x00000000000054b2        0xa bin/blib.a(settings.o)
                0x00000000000054b2                find_settings
 .text.unregister_settings
                0x00000000000054bc       0x54 bin/blib.a(settings.o)
                0x00000000000054bc                unregister_settings
 .text.settings_target
                0x0000000000005510       0x15 bin/blib.a(settings.o)
                0x0000000000005510                settings_target
 .text.settings_name
                0x0000000000005525       0x5b bin/blib.a(settings.o)
                0x0000000000005525                settings_name
 .text.find_child_settings
                0x0000000000005580       0x45 bin/blib.a(settings.o)
                0x0000000000005580                find_child_settings
 .text.setting_applies
                0x00000000000055c5       0x25 bin/blib.a(settings.o)
                0x00000000000055c5                setting_applies
 .text.fetch_setting_and_origin
                0x00000000000055ea       0xb9 bin/blib.a(settings.o)
 .text.fetch_setting
                0x00000000000056a3        0xf bin/blib.a(settings.o)
                0x00000000000056a3                fetch_setting
 .text.fetch_setting_origin
                0x00000000000056b2       0x13 bin/blib.a(settings.o)
                0x00000000000056b2                fetch_setting_origin
 .text.fetch_setting_len
                0x00000000000056c5        0xa bin/blib.a(settings.o)
                0x00000000000056c5                fetch_setting_len
 .text.fetch_setting_copy
                0x00000000000056cf       0x40 bin/blib.a(settings.o)
                0x00000000000056cf                fetch_setting_copy
 .text.fetch_string_setting
                0x000000000000570f       0x30 bin/blib.a(settings.o)
                0x000000000000570f                fetch_string_setting
 .text.fetch_string_setting_copy
                0x000000000000573f       0x51 bin/blib.a(settings.o)
                0x000000000000573f                fetch_string_setting_copy
 .text.fetch_ipv4_array_setting
                0x0000000000005790       0x1f bin/blib.a(settings.o)
                0x0000000000005790                fetch_ipv4_array_setting
 .text.fetch_ipv4_setting
                0x00000000000057af        0x8 bin/blib.a(settings.o)
                0x00000000000057af                fetch_ipv4_setting
 .text.fetch_numeric_setting
                0x00000000000057b7       0x2e bin/blib.a(settings.o)
                0x00000000000057b7                fetch_numeric_setting
 .text.fetch_intz_setting
                0x00000000000057e5       0x11 bin/blib.a(settings.o)
                0x00000000000057e5                fetch_intz_setting
 .text.reprioritise_settings
                0x00000000000057f6       0x6f bin/blib.a(settings.o)
 .text.register_settings
                0x0000000000005865       0x51 bin/blib.a(settings.o)
                0x0000000000005865                register_settings
 .text.builtin_init
                0x00000000000058b6       0x11 bin/blib.a(settings.o)
 .text.autovivify_child_settings
                0x00000000000058c7       0x9b bin/blib.a(settings.o)
                0x00000000000058c7                autovivify_child_settings
 .text.fetch_uintz_setting
                0x0000000000005962       0x11 bin/blib.a(settings.o)
                0x0000000000005962                fetch_uintz_setting
 .text.fetch_uuid_setting
                0x0000000000005973       0x16 bin/blib.a(settings.o)
                0x0000000000005973                fetch_uuid_setting
 .text.clear_settings
                0x0000000000005989       0x12 bin/blib.a(settings.o)
                0x0000000000005989                clear_settings
 .text.setting_cmp
                0x000000000000599b       0x39 bin/blib.a(settings.o)
                0x000000000000599b                setting_cmp
 .text.builtin_fetch
                0x00000000000059d4       0x3c bin/blib.a(settings.o)
 .text.store_setting
                0x0000000000005a10       0x80 bin/blib.a(settings.o)
                0x0000000000005a10                store_setting
 .text.generic_settings_fetch
                0x0000000000005a90       0x62 bin/blib.a(settings.o)
                0x0000000000005a90                generic_settings_fetch
 .text.generic_settings_store
                0x0000000000005af2       0xdb bin/blib.a(settings.o)
                0x0000000000005af2                generic_settings_store
 .text.setting_format
                0x0000000000005bcd       0x1d bin/blib.a(settings.o)
                0x0000000000005bcd                setting_format
 .text.setting_parse
                0x0000000000005bea       0x19 bin/blib.a(settings.o)
                0x0000000000005bea                setting_parse
 .text.setting_numerate
                0x0000000000005c03       0x19 bin/blib.a(settings.o)
                0x0000000000005c03                setting_numerate
 .text.setting_denumerate
                0x0000000000005c1c       0x19 bin/blib.a(settings.o)
                0x0000000000005c1c                setting_denumerate
 .text.fetchf_setting
                0x0000000000005c35       0x3d bin/blib.a(settings.o)
                0x0000000000005c35                fetchf_setting
 .text.fetchf_setting_copy
                0x0000000000005c72       0x51 bin/blib.a(settings.o)
                0x0000000000005c72                fetchf_setting_copy
 .text.storef_setting
                0x0000000000005cc3       0x7a bin/blib.a(settings.o)
                0x0000000000005cc3                storef_setting
 .text.fetchn_setting
                0x0000000000005d3d       0x37 bin/blib.a(settings.o)
                0x0000000000005d3d                fetchn_setting
 .text.storen_setting
                0x0000000000005d74       0x5e bin/blib.a(settings.o)
                0x0000000000005d74                storen_setting
 .text.parse_setting_name
                0x0000000000005dd2      0x153 bin/blib.a(settings.o)
                0x0000000000005dd2                parse_setting_name
 .text.setting_name
                0x0000000000005f25       0x43 bin/blib.a(settings.o)
                0x0000000000005f25                setting_name
 .text.expand_settings
                0x0000000000005f68       0xca bin/blib.a(settings.o)
                0x0000000000005f68                expand_settings
 .text.strcpy   0x0000000000006032       0x10 bin/blib.a(string.o)
                0x0000000000006032                strcpy
 .text.strncpy  0x0000000000006042       0x18 bin/blib.a(string.o)
                0x0000000000006042                strncpy
 .text.strcmp   0x000000000000605a       0x24 bin/blib.a(string.o)
                0x000000000000605a                strcmp
 .text.strcasecmp
                0x000000000000607e       0x2a bin/blib.a(string.o)
                0x000000000000607e                strcasecmp
 .text.strchr   0x00000000000060a8       0x11 bin/blib.a(string.o)
                0x00000000000060a8                strchr
 .text.strrchr  0x00000000000060b9       0x1f bin/blib.a(string.o)
                0x00000000000060b9                strrchr
 .text.strnlen  0x00000000000060d8       0x14 bin/blib.a(string.o)
                0x00000000000060d8                strnlen
 .text.memcmp   0x00000000000060ec       0x21 bin/blib.a(string.o)
                0x00000000000060ec                memcmp
 .text.strstr   0x000000000000610d       0x3e bin/blib.a(string.o)
                0x000000000000610d                strstr
 .text.memchr   0x000000000000614b       0x15 bin/blib.a(string.o)
                0x000000000000614b                memchr
 .text.strndup  0x0000000000006160       0x35 bin/blib.a(string.o)
                0x0000000000006160                strndup
 .text.strdup   0x0000000000006195        0x8 bin/blib.a(string.o)
                0x0000000000006195                strdup
 .text.mdelay   0x000000000000619d       0x16 bin/blib.a(timer.o)
                0x000000000000619d                mdelay
 .text.sleep    0x00000000000061b3       0x18 bin/blib.a(timer.o)
                0x00000000000061b3                sleep
 .text.free_uri
                0x00000000000061cb       0x17 bin/blib.a(uri.o)
 .text.uri_port
                0x00000000000061e2       0x17 bin/blib.a(uri.o)
                0x00000000000061e2                uri_port
 .text.resolve_path
                0x00000000000061f9       0xc2 bin/blib.a(uri.o)
                0x00000000000061f9                resolve_path
 .text.uri_encode
                0x00000000000062bb       0xc4 bin/blib.a(uri.o)
                0x00000000000062bb                uri_encode
 .text.unparse_uri
                0x000000000000637f      0x111 bin/blib.a(uri.o)
                0x000000000000637f                unparse_uri
 .text.uri_decode
                0x0000000000006490       0x71 bin/blib.a(uri.o)
                0x0000000000006490                uri_decode
 .text.parse_uri
                0x0000000000006501      0x19c bin/blib.a(uri.o)
                0x0000000000006501                parse_uri
 .text.uri_dup  0x000000000000669d       0x45 bin/blib.a(uri.o)
                0x000000000000669d                uri_dup
 .text.resolve_uri
                0x00000000000066e2       0x8c bin/blib.a(uri.o)
                0x00000000000066e2                resolve_uri
 .text.uuid_ntoa
                0x000000000000676e       0x63 bin/blib.a(uuid.o)
                0x000000000000676e                uuid_ntoa
 .text.format_hex
                0x00000000000067d1       0x6e bin/blib.a(vsprintf.o)
 .text.printf_sputc
                0x000000000000683f        0xf bin/blib.a(vsprintf.o)
 .text.printf_putchar
                0x000000000000684e        0x7 bin/blib.a(vsprintf.o)
 .text.vcprintf
                0x0000000000006855      0x267 bin/blib.a(vsprintf.o)
                0x0000000000006855                vcprintf
 .text.vsnprintf
                0x0000000000006abc       0x3e bin/blib.a(vsprintf.o)
                0x0000000000006abc                vsnprintf
 .text.snprintf
                0x0000000000006afa       0x17 bin/blib.a(vsprintf.o)
                0x0000000000006afa                snprintf
 .text.vssnprintf
                0x0000000000006b11       0x12 bin/blib.a(vsprintf.o)
                0x0000000000006b11                vssnprintf
 .text.ssnprintf
                0x0000000000006b23       0x17 bin/blib.a(vsprintf.o)
                0x0000000000006b23                ssnprintf
 .text.vprintf  0x0000000000006b3a       0x19 bin/blib.a(vsprintf.o)
                0x0000000000006b3a                vprintf
 .text.printf   0x0000000000006b53        0xe bin/blib.a(vsprintf.o)
                0x0000000000006b53                printf
 .text.xfer_deliver
                0x0000000000006b61       0x47 bin/blib.a(xfer.o)
                0x0000000000006b61                xfer_deliver
 .text.xfer_window_changed
                0x0000000000006ba8       0x29 bin/blib.a(xfer.o)
                0x0000000000006ba8                xfer_window_changed
 .text.xfer_window
                0x0000000000006bd1       0x32 bin/blib.a(xfer.o)
                0x0000000000006bd1                xfer_window
 .text.xfer_alloc_iob
                0x0000000000006c03       0x3c bin/blib.a(xfer.o)
                0x0000000000006c03                xfer_alloc_iob
 .text.xfer_vredirect
                0x0000000000006c3f       0x88 bin/blib.a(xfer.o)
                0x0000000000006c3f                xfer_vredirect
 .text.xfer_redirect
                0x0000000000006cc7       0x12 bin/blib.a(xfer.o)
                0x0000000000006cc7                xfer_redirect
 .text.xfer_deliver_iob
                0x0000000000006cd9        0xa bin/blib.a(xfer.o)
                0x0000000000006cd9                xfer_deliver_iob
 .text.xfer_deliver_raw_meta
                0x0000000000006ce3       0x46 bin/blib.a(xfer.o)
                0x0000000000006ce3                xfer_deliver_raw_meta
 .text.xfer_deliver_raw
                0x0000000000006d29        0xb bin/blib.a(xfer.o)
                0x0000000000006d29                xfer_deliver_raw
 .text.xfer_vprintf
                0x0000000000006d34       0x2e bin/blib.a(xfer.o)
                0x0000000000006d34                xfer_vprintf
 .text.xfer_printf
                0x0000000000006d62       0x12 bin/blib.a(xfer.o)
                0x0000000000006d62                xfer_printf
 .text.xfer_seek
                0x0000000000006d74       0x42 bin/blib.a(xfer.o)
                0x0000000000006d74                xfer_seek
 .text.arp_ntoa
                0x0000000000006db6        0x6 bin/blib.a(arp.o)
 .text.arp_rx   0x0000000000006dbc      0x10a bin/blib.a(arp.o)
 .text.arp_tx_request
                0x0000000000006ec6       0xda bin/blib.a(arp.o)
 .text.find_dhcp_option_with_encap
                0x0000000000006fa0       0x8b bin/blib.a(dhcpopts.o)
 .text.set_dhcp_option
                0x000000000000702b      0x1d4 bin/blib.a(dhcpopts.o)
 .text.dhcpopt_no_realloc
                0x00000000000071ff        0xf bin/blib.a(dhcpopts.o)
                0x00000000000071ff                dhcpopt_no_realloc
 .text.dhcpopt_applies
                0x000000000000720e        0xd bin/blib.a(dhcpopts.o)
                0x000000000000720e                dhcpopt_applies
 .text.dhcpopt_store
                0x000000000000721b       0x17 bin/blib.a(dhcpopts.o)
                0x000000000000721b                dhcpopt_store
 .text.dhcpopt_fetch
                0x0000000000007232       0x36 bin/blib.a(dhcpopts.o)
                0x0000000000007232                dhcpopt_fetch
 .text.dhcpopt_update_used_len
                0x0000000000007268       0x50 bin/blib.a(dhcpopts.o)
                0x0000000000007268                dhcpopt_update_used_len
 .text.dhcpopt_init
                0x00000000000072b8       0x14 bin/blib.a(dhcpopts.o)
                0x00000000000072b8                dhcpopt_init
 .text.eth_push
                0x00000000000072cc       0x38 bin/blib.a(ethernet.o)
                0x00000000000072cc                eth_push
 .text.eth_init_addr
                0x0000000000007304        0xc bin/blib.a(ethernet.o)
                0x0000000000007304                eth_init_addr
 .text.eth_eth_addr
                0x0000000000007310        0xe bin/blib.a(ethernet.o)
                0x0000000000007310                eth_eth_addr
 .text.eth_eui64
                0x000000000000731e       0x21 bin/blib.a(ethernet.o)
                0x000000000000731e                eth_eui64
 .text.eth_ntoa
                0x000000000000733f       0x37 bin/blib.a(ethernet.o)
                0x000000000000733f                eth_ntoa
 .text.eth_pull
                0x0000000000007376       0x5e bin/blib.a(ethernet.o)
                0x0000000000007376                eth_pull
 .text.eth_mc_hash
                0x00000000000073d4       0x44 bin/blib.a(ethernet.o)
                0x00000000000073d4                eth_mc_hash
 .text.alloc_etherdev
                0x0000000000007418       0x1f bin/blib.a(ethernet.o)
                0x0000000000007418                alloc_etherdev
 .text.eth_slow_rx
                0x0000000000007437      0x111 bin/blib.a(eth_slow.o)
 .text.copy_encap_settings
                0x0000000000007548       0xc6 bin/blib.a(fakedhcp.o)
 .text.create_fakedhcpdiscover
                0x000000000000760e       0x21 bin/blib.a(fakedhcp.o)
                0x000000000000760e                create_fakedhcpdiscover
 .text.create_fakedhcpack
                0x000000000000762f       0x49 bin/blib.a(fakedhcp.o)
                0x000000000000762f                create_fakedhcpack
 .text.create_fakepxebsack
                0x0000000000007678       0x92 bin/blib.a(fakedhcp.o)
                0x0000000000007678                create_fakepxebsack
 .text.iob_pad  0x000000000000770a       0x42 bin/blib.a(iobpad.o)
                0x000000000000770a                iob_pad
 .text.ipv4_is_fragment
                0x000000000000774c       0x24 bin/blib.a(ipv4.o)
 .text.ipv4_more_fragments
                0x0000000000007770        0xb bin/blib.a(ipv4.o)
 .text.ipv4_fragment_offset
                0x000000000000777b       0x12 bin/blib.a(ipv4.o)
 .text.ipv4_create_routes
                0x000000000000778d      0x15c bin/blib.a(ipv4.o)
 .text.ipv4_pshdr_chksum
                0x00000000000078e9       0x53 bin/blib.a(ipv4.o)
 .text.ipv4_tx  0x000000000000793c      0x1c1 bin/blib.a(ipv4.o)
 .text.ipv4_arp_check
                0x0000000000007afd       0x29 bin/blib.a(ipv4.o)
 .text.ipv4_sock_aton
                0x0000000000007b26       0x21 bin/blib.a(ipv4.o)
 .text.ipv4_has_any_addr
                0x0000000000007b47       0x20 bin/blib.a(ipv4.o)
                0x0000000000007b47                ipv4_has_any_addr
 .text.ipv4_rx  0x0000000000007b67      0x155 bin/blib.a(ipv4.o)
 .text.inet_ntoa
                0x0000000000007cbc       0x31 bin/blib.a(ipv4.o)
                0x0000000000007cbc                inet_ntoa
 .text.ipv4_sock_ntoa
                0x0000000000007ced        0x8 bin/blib.a(ipv4.o)
 .text.ipv4_ntoa
                0x0000000000007cf5        0x7 bin/blib.a(ipv4.o)
 .text.neighbour_destroy
                0x0000000000007cfc       0x48 bin/blib.a(neighbour.o)
 .text.neighbour_discard
                0x0000000000007d44       0x2b bin/blib.a(neighbour.o)
 .text.neighbour_find
                0x0000000000007d6f       0x65 bin/blib.a(neighbour.o)
 .text.neighbour_create
                0x0000000000007dd4       0x71 bin/blib.a(neighbour.o)
 .text.neighbour_expired
                0x0000000000007e45       0x3c bin/blib.a(neighbour.o)
 .text.neighbour_free
                0x0000000000007e81       0x13 bin/blib.a(neighbour.o)
 .text.neighbour_discovered
                0x0000000000007e94       0x70 bin/blib.a(neighbour.o)
 .text.neighbour_flush
                0x0000000000007f04       0x32 bin/blib.a(neighbour.o)
 .text.neighbour_tx
                0x0000000000007f36       0x8c bin/blib.a(neighbour.o)
                0x0000000000007f36                neighbour_tx
 .text.neighbour_update
                0x0000000000007fc2       0x1f bin/blib.a(neighbour.o)
                0x0000000000007fc2                neighbour_update
 .text.netdev_notify
                0x0000000000007fe1       0x24 bin/blib.a(netdevice.o)
 .text.net_discard
                0x0000000000008005       0x40 bin/blib.a(netdevice.o)
 .text.netdev_config_close
                0x0000000000008045       0x14 bin/blib.a(netdevice.o)
 .text.netdev_record_stat
                0x0000000000008059       0x40 bin/blib.a(netdevice.o)
 .text.netdev_link_err
                0x0000000000008099        0x8 bin/blib.a(netdevice.o)
                0x0000000000008099                netdev_link_err
 .text.netdev_link_down
                0x00000000000080a1       0x1c bin/blib.a(netdevice.o)
                0x00000000000080a1                netdev_link_down
 .text.netdev_tx_err
                0x00000000000080bd       0x15 bin/blib.a(netdevice.o)
                0x00000000000080bd                netdev_tx_err
 .text.netdev_tx_defer
                0x00000000000080d2       0x26 bin/blib.a(netdevice.o)
                0x00000000000080d2                netdev_tx_defer
 .text.netdev_tx_complete_err
                0x00000000000080f8       0x39 bin/blib.a(netdevice.o)
                0x00000000000080f8                netdev_tx_complete_err
 .text.netdev_tx
                0x0000000000008131       0x3f bin/blib.a(netdevice.o)
                0x0000000000008131                netdev_tx
 .text.netdev_tx_complete_next_err
                0x0000000000008170       0x1b bin/blib.a(netdevice.o)
                0x0000000000008170                netdev_tx_complete_next_err
 .text.netdev_tx_flush
                0x000000000000818b       0x1d bin/blib.a(netdevice.o)
 .text.netdev_rx
                0x00000000000081a8       0x1b bin/blib.a(netdevice.o)
                0x00000000000081a8                netdev_rx
 .text.netdev_rx_err
                0x00000000000081c3       0x1c bin/blib.a(netdevice.o)
                0x00000000000081c3                netdev_rx_err
 .text.netdev_poll
                0x00000000000081df        0xd bin/blib.a(netdevice.o)
                0x00000000000081df                netdev_poll
 .text.netdev_rx_dequeue
                0x00000000000081ec       0x1f bin/blib.a(netdevice.o)
                0x00000000000081ec                netdev_rx_dequeue
 .text.netdev_rx_flush
                0x000000000000820b       0x20 bin/blib.a(netdevice.o)
 .text.free_netdev
                0x000000000000822b       0x22 bin/blib.a(netdevice.o)
 .text.alloc_netdev
                0x000000000000824d       0xf4 bin/blib.a(netdevice.o)
                0x000000000000824d                alloc_netdev
 .text.register_netdev
                0x0000000000008341       0xfa bin/blib.a(netdevice.o)
                0x0000000000008341                register_netdev
 .text.netdev_open
                0x000000000000843b       0x34 bin/blib.a(netdevice.o)
                0x000000000000843b                netdev_open
 .text.netdev_close
                0x000000000000846f       0x6f bin/blib.a(netdevice.o)
                0x000000000000846f                netdev_close
 .text.unregister_netdev
                0x00000000000084de       0x4e bin/blib.a(netdevice.o)
                0x00000000000084de                unregister_netdev
 .text.netdev_irq
                0x000000000000852c       0x2a bin/blib.a(netdevice.o)
                0x000000000000852c                netdev_irq
 .text.find_netdev_by_location
                0x0000000000008556       0x28 bin/blib.a(netdevice.o)
                0x0000000000008556                find_netdev_by_location
 .text.last_opened_netdev
                0x000000000000857e       0x14 bin/blib.a(netdevice.o)
                0x000000000000857e                last_opened_netdev
 .text.find_netdev
                0x0000000000008592       0x42 bin/blib.a(netdevice.o)
                0x0000000000008592                find_netdev
 .text.net_tx   0x00000000000085d4       0x44 bin/blib.a(netdevice.o)
                0x00000000000085d4                net_tx
 .text.net_rx   0x0000000000008618       0x38 bin/blib.a(netdevice.o)
                0x0000000000008618                net_rx
 .text.net_poll
                0x0000000000008650       0x97 bin/blib.a(netdevice.o)
                0x0000000000008650                net_poll
 .text.net_step
                0x00000000000086e7        0x5 bin/blib.a(netdevice.o)
 .text.vlan_tag
                0x00000000000086ec        0x3 bin/blib.a(netdevice.o)
                0x00000000000086ec                vlan_tag
 .text.find_netdev_configurator
                0x00000000000086ef       0x2a bin/blib.a(netdevice.o)
                0x00000000000086ef                find_netdev_configurator
 .text.netdev_configure
                0x0000000000008719       0x59 bin/blib.a(netdevice.o)
                0x0000000000008719                netdev_configure
 .text.netdev_configure_all
                0x0000000000008772       0x37 bin/blib.a(netdevice.o)
                0x0000000000008772                netdev_configure_all
 .text.netdev_configuration_in_progress
                0x00000000000087a9       0x35 bin/blib.a(netdevice.o)
                0x00000000000087a9                netdev_configuration_in_progress
 .text.netdev_configuration_ok
                0x00000000000087de       0x32 bin/blib.a(netdevice.o)
                0x00000000000087de                netdev_configuration_ok
 .text.netdev_redirect_settings_init
                0x0000000000008810       0x11 bin/blib.a(netdev_settings.o)
 .text.netdev_redirect
                0x0000000000008821       0x16 bin/blib.a(netdev_settings.o)
 .text.netdev_clear
                0x0000000000008837        0x5 bin/blib.a(netdev_settings.o)
 .text.netdev_fetch
                0x000000000000883c       0x6c bin/blib.a(netdev_settings.o)
 .text.netdev_fetch_chip
                0x00000000000088a8       0x1c bin/blib.a(netdev_settings.o)
 .text.netdev_fetch_bustype
                0x00000000000088c4       0x23 bin/blib.a(netdev_settings.o)
 .text.netdev_store_mac
                0x00000000000088e7       0x2e bin/blib.a(netdev_settings.o)
 .text.netdev_fetch_mac
                0x0000000000008915       0x23 bin/blib.a(netdev_settings.o)
 .text.netdev_fetch_busid
                0x0000000000008938       0x43 bin/blib.a(netdev_settings.o)
 .text.netdev_fetch_busloc
                0x000000000000897b       0x2a bin/blib.a(netdev_settings.o)
 .text.netdev_store
                0x00000000000089a5       0x7b bin/blib.a(netdev_settings.o)
 .text.null_open
                0x0000000000008a20        0x6 bin/blib.a(nullnet.o)
 .text.null_close
                0x0000000000008a26        0x1 bin/blib.a(nullnet.o)
 .text.null_transmit
                0x0000000000008a27        0x6 bin/blib.a(nullnet.o)
 .text.null_poll
                0x0000000000008a2d        0x1 bin/blib.a(nullnet.o)
 .text.null_irq
                0x0000000000008a2e        0x1 bin/blib.a(nullnet.o)
 .text.rarp_ntoa
                0x0000000000008a2f        0x6 bin/blib.a(rarp.o)
 .text.rarp_rx  0x0000000000008a35        0xa bin/blib.a(rarp.o)
 .text.start_timer
                0x0000000000008a3f       0x51 bin/blib.a(retry.o)
                0x0000000000008a3f                start_timer
 .text.start_timer_fixed
                0x0000000000008a90       0x11 bin/blib.a(retry.o)
                0x0000000000008a90                start_timer_fixed
 .text.stop_timer
                0x0000000000008aa1       0x50 bin/blib.a(retry.o)
                0x0000000000008aa1                stop_timer
 .text.retry_poll
                0x0000000000008af1       0x6f bin/blib.a(retry.o)
                0x0000000000008af1                retry_poll
 .text.retry_step
                0x0000000000008b60        0x5 bin/blib.a(retry.o)
 .text.tcpip_rx
                0x0000000000008b65       0x3d bin/blib.a(tcpip.o)
                0x0000000000008b65                tcpip_rx
 .text.tcpip_tx
                0x0000000000008ba2       0x40 bin/blib.a(tcpip.o)
                0x0000000000008ba2                tcpip_tx
 .text.tcpip_chksum
                0x0000000000008be2        0xe bin/blib.a(tcpip.o)
                0x0000000000008be2                tcpip_chksum
 .text.tcpip_bind
                0x0000000000008bf0       0x6e bin/blib.a(tcpip.o)
                0x0000000000008bf0                tcpip_bind
 .text.udp_rx   0x0000000000008c5e      0x13e bin/blib.a(udp.o)
 .text.udp_close
                0x0000000000008d9c       0x1e bin/blib.a(udp.o)
 .text.udp_xfer_alloc_iob
                0x0000000000008dba       0x15 bin/blib.a(udp.o)
 .text.udp_xfer_deliver
                0x0000000000008dcf       0x9f bin/blib.a(udp.o)
 .text.udp_open_common
                0x0000000000008e6e       0xa4 bin/blib.a(udp.o)
 .text.udp_open
                0x0000000000008f12        0x8 bin/blib.a(udp.o)
                0x0000000000008f12                udp_open
 .text.udp_open_uri
                0x0000000000008f1a       0x50 bin/blib.a(udp.o)
 .text.udp_port_available
                0x0000000000008f6a       0x2a bin/blib.a(udp.o)
 .text.udp_open_promisc
                0x0000000000008f94        0xc bin/blib.a(udp.o)
                0x0000000000008f94                udp_open_promisc
 .text.http_open
                0x0000000000008fa0        0xd bin/blib.a(http.o)
 .text.http_socket_window
                0x0000000000008fad        0x4 bin/blib.a(httpcore.o)
 .text.http_xfer_window
                0x0000000000008fb1        0xb bin/blib.a(httpcore.o)
 .text.http_acpi_describe
                0x0000000000008fbc        0x3 bin/blib.a(httpcore.o)
 .text.http_rx_connection
                0x0000000000008fbf       0x1b bin/blib.a(httpcore.o)
 .text.http_rx_transfer_encoding
                0x0000000000008fda       0x1e bin/blib.a(httpcore.o)
 .text.http_free
                0x0000000000008ff8       0x39 bin/blib.a(httpcore.o)
 .text.http_digest_param
                0x0000000000009031       0x3a bin/blib.a(httpcore.o)
 .text.http_rx_content_length
                0x000000000000906b       0x9b bin/blib.a(httpcore.o)
 .text.http_rx_location
                0x0000000000009106       0x10 bin/blib.a(httpcore.o)
 .text.http_rx_response
                0x0000000000009116       0x5c bin/blib.a(httpcore.o)
 .text.http_digest_auth
                0x0000000000009172      0x255 bin/blib.a(httpcore.o)
 .text.http_socket_open
                0x00000000000093c7       0x62 bin/blib.a(httpcore.o)
 .text.http_close
                0x0000000000009429       0x39 bin/blib.a(httpcore.o)
 .text.http_rx_basic_auth
                0x0000000000009462       0x23 bin/blib.a(httpcore.o)
 .text.http_partial_read.part.7
                0x0000000000009485        0x6 bin/blib.a(httpcore.o)
 .text.http_block_read_capacity
                0x000000000000948b       0x4f bin/blib.a(httpcore.o)
 .text.http_block_read
                0x00000000000094da       0x60 bin/blib.a(httpcore.o)
 .text.http_rx_chunk_len
                0x000000000000953a       0x6e bin/blib.a(httpcore.o)
 .text.http_rx_www_authenticate
                0x00000000000095a8       0x50 bin/blib.a(httpcore.o)
 .text.http_rx_digest_auth
                0x00000000000095f8       0x8d bin/blib.a(httpcore.o)
 .text.http_basic_auth.isra.13
                0x0000000000009685       0xaa bin/blib.a(httpcore.o)
 .text.http_post_params.isra.14
                0x000000000000972f       0x8b bin/blib.a(httpcore.o)
 .text.http_done
                0x00000000000097ba       0x95 bin/blib.a(httpcore.o)
 .text.http_socket_close
                0x000000000000984f        0xe bin/blib.a(httpcore.o)
 .text.http_rx_header
                0x000000000000985d       0xf4 bin/blib.a(httpcore.o)
 .text.http_socket_deliver
                0x0000000000009951      0x13a bin/blib.a(httpcore.o)
 .text.http_step
                0x0000000000009a8b      0x2a1 bin/blib.a(httpcore.o)
 .text.http_open_filter
                0x0000000000009d2c       0xd3 bin/blib.a(httpcore.o)
                0x0000000000009d2c                http_open_filter
 .text.iscsi_tx_nothing
                0x0000000000009dff        0x3 bin/blib.a(iscsi.o)
 .text.iscsi_rx_discard
                0x0000000000009e02        0x5 bin/blib.a(iscsi.o)
 .text.iscsi_scsi_window
                0x0000000000009e07       0x1c bin/blib.a(iscsi.o)
 .text.iscsi_rx_bhs
                0x0000000000009e23       0x19 bin/blib.a(iscsi.o)
 .text.iscsi_vredirect
                0x0000000000009e3c       0x30 bin/blib.a(iscsi.o)
 .text.iscsi_tx_resume
                0x0000000000009e6c        0xa bin/blib.a(iscsi.o)
 .text.iscsi_start_data_out
                0x0000000000009e76       0xcb bin/blib.a(iscsi.o)
 .text.iscsi_rx_buffered_data
                0x0000000000009f41       0x51 bin/blib.a(iscsi.o)
 .text.iscsi_handle_authmethod_value
                0x0000000000009f92       0x1e bin/blib.a(iscsi.o)
 .text.iscsi_large_binary_decode
                0x0000000000009fb0       0x38 bin/blib.a(iscsi.o)
 .text.iscsi_handle_chap_r_value
                0x0000000000009fe8       0xd7 bin/blib.a(iscsi.o)
 .text.iscsi_handle_chap_c_value
                0x000000000000a0bf       0x76 bin/blib.a(iscsi.o)
 .text.iscsi_handle_chap_i_value
                0x000000000000a135       0x7a bin/blib.a(iscsi.o)
 .text.iscsi_free
                0x000000000000a1af       0x6b bin/blib.a(iscsi.o)
 .text.iscsi_build_login_request_strings
                0x000000000000a21a      0x150 bin/blib.a(iscsi.o)
 .text.iscsi_start_login
                0x000000000000a36a       0x92 bin/blib.a(iscsi.o)
 .text.iscsi_scsi_command
                0x000000000000a3fc      0x117 bin/blib.a(iscsi.o)
 .text.iscsi_tx_data
                0x000000000000a513       0xed bin/blib.a(iscsi.o)
 .text.iscsi_tx_bhs
                0x000000000000a600       0x13 bin/blib.a(iscsi.o)
 .text.iscsi_parse_root_path
                0x000000000000a613       0xb3 bin/blib.a(iscsi.o)
 .text.iscsi_close
                0x000000000000a6c6       0x3a bin/blib.a(iscsi.o)
 .text.iscsi_socket_deliver
                0x000000000000a700      0x10b bin/blib.a(iscsi.o)
 .text.iscsi_command_close
                0x000000000000a80b       0x2e bin/blib.a(iscsi.o)
 .text.iscsi_tx_step
                0x000000000000a839       0xee bin/blib.a(iscsi.o)
 .text.iscsi_handle_chap_n_value
                0x000000000000a927       0x1c bin/blib.a(iscsi.o)
 .text.iscsi_handle_chap_a_value
                0x000000000000a943       0x1a bin/blib.a(iscsi.o)
 .text.iscsi_handle_targetaddress_value
                0x000000000000a95d       0x4f bin/blib.a(iscsi.o)
 .text.iscsi_open_connection
                0x000000000000a9ac       0x7e bin/blib.a(iscsi.o)
 .text.iscsi_open
                0x000000000000aa2a      0x23f bin/blib.a(iscsi.o)
 .text.iscsi_scsi_done.constprop.11
                0x000000000000ac69       0x45 bin/blib.a(iscsi.o)
 .text.iscsi_rx_data
                0x000000000000acae      0x3d2 bin/blib.a(iscsi.o)
 .text.dhcp_discovery_tx
                0x000000000000b080       0x10 bin/blib.a(dhcp.o)
 .text.dhcp_deliver
                0x000000000000b090       0xca bin/blib.a(dhcp.o)
 .text.dhcp_pxebs_tx
                0x000000000000b15a       0x42 bin/blib.a(dhcp.o)
 .text.dhcp_proxy_tx
                0x000000000000b19c       0x2a bin/blib.a(dhcp.o)
 .text.dhcp_set_state
                0x000000000000b1c6       0x46 bin/blib.a(dhcp.o)
 .text.dhcp_finished
                0x000000000000b20c       0x24 bin/blib.a(dhcp.o)
 .text.dhcp_pxebs_rx
                0x000000000000b230       0x9e bin/blib.a(dhcp.o)
 .text.dhcp_timer_expired
                0x000000000000b2ce       0x1a bin/blib.a(dhcp.o)
 .text.dhcp_proxy_rx
                0x000000000000b2e8       0x4e bin/blib.a(dhcp.o)
 .text.dhcp_free
                0x000000000000b336       0x1b bin/blib.a(dhcp.o)
 .text.start_dhcp
                0x000000000000b351       0xc8 bin/blib.a(dhcp.o)
                0x000000000000b351                start_dhcp
 .text.dhcp_discovery_rx
                0x000000000000b419      0x12d bin/blib.a(dhcp.o)
 .text.dhcp_request_tx
                0x000000000000b546       0x44 bin/blib.a(dhcp.o)
 .text.dhcp_request_rx
                0x000000000000b58a       0xc9 bin/blib.a(dhcp.o)
 .text.dhcp_create_packet
                0x000000000000b653       0xdb bin/blib.a(dhcp.o)
                0x000000000000b653                dhcp_create_packet
 .text.dhcp_create_request
                0x000000000000b72e      0x15a bin/blib.a(dhcp.o)
                0x000000000000b72e                dhcp_create_request
 .text.dhcp_tx  0x000000000000b888       0xf3 bin/blib.a(dhcp.o)
 .text.dhcp_pxebs_expired
                0x000000000000b97b       0x44 bin/blib.a(dhcp.o)
 .text.dhcp_discovery_expired
                0x000000000000b9bf       0x30 bin/blib.a(dhcp.o)
 .text.dhcp_request_expired
                0x000000000000b9ef        0x5 bin/blib.a(dhcp.o)
 .text.dhcp_proxy_expired
                0x000000000000b9f4       0x25 bin/blib.a(dhcp.o)
 .text.start_pxebs
                0x000000000000ba19      0x21c bin/blib.a(dhcp.o)
                0x000000000000ba19                start_pxebs
 .text.dns_skip_name
                0x000000000000bc35       0x1a bin/blib.a(dns.o)
 .text.apply_dns_settings
                0x000000000000bc4f       0x45 bin/blib.a(dns.o)
 .text.dns_done
                0x000000000000bc94       0x24 bin/blib.a(dns.o)
 .text.dns_xfer_close
                0x000000000000bcb8        0xe bin/blib.a(dns.o)
 .text.dns_send_packet
                0x000000000000bcc6       0x33 bin/blib.a(dns.o)
 .text.dns_resolv
                0x000000000000bcf9      0x14e bin/blib.a(dns.o)
 .text.dns_xfer_deliver
                0x000000000000be47      0x211 bin/blib.a(dns.o)
 .text.dns_timer_expired
                0x000000000000c058       0x16 bin/blib.a(dns.o)
 .text.tftp_xfer_window
                0x000000000000c06e        0x4 bin/blib.a(tftp.o)
 .text.tftp_reopen
                0x000000000000c072       0x57 bin/blib.a(tftp.o)
 .text.tftp_reopen_mc
                0x000000000000c0c9       0x23 bin/blib.a(tftp.o)
 .text.tftp_process_multicast
                0x000000000000c0ec       0xec bin/blib.a(tftp.o)
 .text.tftp_send_packet
                0x000000000000c1d8      0x162 bin/blib.a(tftp.o)
 .text.tftp_done
                0x000000000000c33a       0x2e bin/blib.a(tftp.o)
 .text.tftp_core_open
                0x000000000000c368      0x101 bin/blib.a(tftp.o)
 .text.mtftp_open
                0x000000000000c469       0x12 bin/blib.a(tftp.o)
 .text.tftm_open
                0x000000000000c47b        0xf bin/blib.a(tftp.o)
 .text.tftpsize_open
                0x000000000000c48a        0xf bin/blib.a(tftp.o)
 .text.tftp_open
                0x000000000000c499        0xf bin/blib.a(tftp.o)
 .text.tftp_timer_expired
                0x000000000000c4a8       0x84 bin/blib.a(tftp.o)
 .text.tftp_free
                0x000000000000c52c       0x1b bin/blib.a(tftp.o)
 .text.tftp_apply_settings
                0x000000000000c547       0x71 bin/blib.a(tftp.o)
 .text.tftp_process_tsize
                0x000000000000c5b8       0x27 bin/blib.a(tftp.o)
 .text.tftp_process_blksize
                0x000000000000c5df       0x27 bin/blib.a(tftp.o)
 .text.tftp_presize.part.7
                0x000000000000c606       0x32 bin/blib.a(tftp.o)
 .text.tftp_send_error.constprop.9
                0x000000000000c638       0x72 bin/blib.a(tftp.o)
 .text.tftp_rx  0x000000000000c6aa      0x293 bin/blib.a(tftp.o)
 .text.tftp_socket_deliver
                0x000000000000c93d        0x9 bin/blib.a(tftp.o)
 .text.elf_load
                0x000000000000c946      0x141 bin/blib.a(elf.o)
                0x000000000000c946                elf_load
 .text.embedded_init
                0x000000000000ca87       0x19 bin/blib.a(embedded.o)
 .text.terminate_on_label_found
                0x000000000000caa0        0x9 bin/blib.a(script.o)
 .text.prompt_exec
                0x000000000000caa9       0x54 bin/blib.a(script.o)
 .text.process_script
                0x000000000000cafd      0x15d bin/blib.a(script.o)
 .text.script_exec
                0x000000000000cc5a       0x3c bin/blib.a(script.o)
 .text.terminate_on_exit_or_failure
                0x000000000000cc96       0x21 bin/blib.a(script.o)
 .text.script_exec_line
                0x000000000000ccb7        0xc bin/blib.a(script.o)
 .text.script_probe
                0x000000000000ccc3       0x63 bin/blib.a(script.o)
 .text.goto_exec
                0x000000000000cd26       0x85 bin/blib.a(script.o)
 .text.goto_find_label
                0x000000000000cdab       0x2c bin/blib.a(script.o)
 .text.prep_segment
                0x000000000000cdd7       0x81 bin/blib.a(segment.o)
                0x000000000000cdd7                prep_segment
 .text.pci_bar  0x000000000000ce58       0x4a bin/blib.a(pci.o)
 .text.adjust_pci_device
                0x000000000000cea2       0x54 bin/blib.a(pci.o)
                0x000000000000cea2                adjust_pci_device
 .text.pci_read_config
                0x000000000000cef6      0x140 bin/blib.a(pci.o)
                0x000000000000cef6                pci_read_config
 .text.pci_find_next
                0x000000000000d036       0x55 bin/blib.a(pci.o)
                0x000000000000d036                pci_find_next
 .text.pci_find_driver
                0x000000000000d08b       0x5d bin/blib.a(pci.o)
                0x000000000000d08b                pci_find_driver
 .text.pci_probe
                0x000000000000d0e8        0x7 bin/blib.a(pci.o)
                0x000000000000d0e8                pci_probe
 .text.pci_remove
                0x000000000000d0ef        0x7 bin/blib.a(pci.o)
                0x000000000000d0ef                pci_remove
 .text.pcibus_remove
                0x000000000000d0f6       0x3f bin/blib.a(pci.o)
 .text.pcibus_probe
                0x000000000000d135       0x86 bin/blib.a(pci.o)
 .text.pci_settings_applies
                0x000000000000d1bb        0xd bin/blib.a(pci_settings.o)
 .text.pci_settings_init
                0x000000000000d1c8       0x11 bin/blib.a(pci_settings.o)
 .text.pci_settings_fetch
                0x000000000000d1d9       0x7e bin/blib.a(pci_settings.o)
 .text.mii_restart
                0x000000000000d257       0x1f bin/blib.a(mii.o)
                0x000000000000d257                mii_restart
 .text.mii_reset
                0x000000000000d276       0x4a bin/blib.a(mii.o)
                0x000000000000d276                mii_reset
 .text.ibft_set_ipaddr_setting
                0x000000000000d2c0       0x66 bin/blib.a(ibft.o)
 .text.ibft_set_string
                0x000000000000d326       0x49 bin/blib.a(ibft.o)
 .text.ibft_describe
                0x000000000000d36f      0x2cb bin/blib.a(ibft.o)
                0x000000000000d36f                ibft_describe
 .text.scsicmd_read_capacity_cmd
                0x000000000000d63a       0x32 bin/blib.a(scsi.o)
 .text.scsicmd_test_unit_ready_cmd
                0x000000000000d66c        0x5 bin/blib.a(scsi.o)
 .text.scsicmd_close
                0x000000000000d671       0x1a bin/blib.a(scsi.o)
 .text.scsidev_close
                0x000000000000d68b       0x69 bin/blib.a(scsi.o)
 .text.scsicmd_write_cmd
                0x000000000000d6f4       0x54 bin/blib.a(scsi.o)
 .text.scsicmd_read_cmd
                0x000000000000d748       0x54 bin/blib.a(scsi.o)
 .text.scsicmd_free
                0x000000000000d79c       0x1e bin/blib.a(scsi.o)
 .text.scsi_response
                0x000000000000d7ba       0x2f bin/blib.a(scsi.o)
                0x000000000000d7ba                scsi_response
 .text.scsi_command
                0x000000000000d7e9       0x40 bin/blib.a(scsi.o)
                0x000000000000d7e9                scsi_command
 .text.scsicmd_command
                0x000000000000d829       0x4b bin/blib.a(scsi.o)
 .text.scsicmd_read_capacity_done
                0x000000000000d874       0x91 bin/blib.a(scsi.o)
 .text.scsidev_command
                0x000000000000d905       0xbb bin/blib.a(scsi.o)
 .text.scsidev_read_capacity
                0x000000000000d9c0       0x15 bin/blib.a(scsi.o)
 .text.scsidev_write
                0x000000000000d9d5        0xc bin/blib.a(scsi.o)
 .text.scsidev_read
                0x000000000000d9e1        0xc bin/blib.a(scsi.o)
 .text.scsicmd_done
                0x000000000000d9ed       0x3a bin/blib.a(scsi.o)
 .text.scsidev_window
                0x000000000000da27       0x11 bin/blib.a(scsi.o)
 .text.scsidev_ready
                0x000000000000da38       0x2b bin/blib.a(scsi.o)
 .text.scsidev_step
                0x000000000000da63       0x42 bin/blib.a(scsi.o)
 .text.scsicmd_response
                0x000000000000daa5       0x20 bin/blib.a(scsi.o)
 .text.scsi_parse_lun
                0x000000000000dac5       0x5f bin/blib.a(scsi.o)
                0x000000000000dac5                scsi_parse_lun
 .text.scsi_open
                0x000000000000db24       0xa3 bin/blib.a(scsi.o)
                0x000000000000db24                scsi_open
 .text.write_bit
                0x000000000000dbc7        0xf bin/blib.a(bitbash.o)
                0x000000000000dbc7                write_bit
 .text.read_bit
                0x000000000000dbd6        0xd bin/blib.a(bitbash.o)
                0x000000000000dbd6                read_bit
 .text.smbios_applies
                0x000000000000dbe3        0xd bin/blib.a(smbios_settings.o)
 .text.smbios_init
                0x000000000000dbf0       0x11 bin/blib.a(smbios_settings.o)
 .text.smbios_fetch
                0x000000000000dc01      0x102 bin/blib.a(smbios_settings.o)
 .text.chap_init
                0x000000000000dd03       0x37 bin/blib.a(chap.o)
                0x000000000000dd03                chap_init
 .text.chap_update
                0x000000000000dd3a        0xf bin/blib.a(chap.o)
                0x000000000000dd3a                chap_update
 .text.chap_respond
                0x000000000000dd49       0x10 bin/blib.a(chap.o)
                0x000000000000dd49                chap_respond
 .text.chap_finish
                0x000000000000dd59       0x16 bin/blib.a(chap.o)
                0x000000000000dd59                chap_finish
 .text.md5_f_0_15
                0x000000000000dd6f       0x10 bin/blib.a(md5.o)
 .text.md5_f_16_31
                0x000000000000dd7f       0x10 bin/blib.a(md5.o)
 .text.md5_f_32_47
                0x000000000000dd8f        0xc bin/blib.a(md5.o)
 .text.md5_f_48_63
                0x000000000000dd9b        0xe bin/blib.a(md5.o)
 .text.md5_init
                0x000000000000dda9       0x23 bin/blib.a(md5.o)
 .text.md5_update
                0x000000000000ddcc       0xc6 bin/blib.a(md5.o)
 .text.md5_final
                0x000000000000de92       0x5a bin/blib.a(md5.o)
 .text.strerror
                0x000000000000deec       0x6c bin/blib.a(strerror.o)
                0x000000000000deec                strerror
 .text.autoboot_exec
                0x000000000000df58        0xa bin/blib.a(autoboot_cmd.o)
 .text.autoboot_payload
                0x000000000000df62        0x5 bin/blib.a(autoboot_cmd.o)
 .text.config_exec
                0x000000000000df67       0x69 bin/blib.a(config_cmd.o)
 .text.pxebs_exec
                0x000000000000dfd0       0x80 bin/blib.a(dhcp_cmd.o)
 .text.ifstat_payload
                0x000000000000e050        0x8 bin/blib.a(ifmgmt_cmd.o)
 .text.ifclose_payload
                0x000000000000e058        0x8 bin/blib.a(ifmgmt_cmd.o)
 .text.ifopen_payload
                0x000000000000e060        0x5 bin/blib.a(ifmgmt_cmd.o)
 .text.ifconf_payload
                0x000000000000e065       0x1d bin/blib.a(ifmgmt_cmd.o)
 .text.ifcommon_exec
                0x000000000000e082       0xae bin/blib.a(ifmgmt_cmd.o)
                0x000000000000e082                ifcommon_exec
 .text.ifstat_exec
                0x000000000000e130        0xa bin/blib.a(ifmgmt_cmd.o)
 .text.ifclose_exec
                0x000000000000e13a        0xa bin/blib.a(ifmgmt_cmd.o)
 .text.ifopen_exec
                0x000000000000e144        0xa bin/blib.a(ifmgmt_cmd.o)
 .text.ifconf_exec
                0x000000000000e14e        0xa bin/blib.a(ifmgmt_cmd.o)
                0x000000000000e14e                ifconf_exec
 .text.image_clear_cmdline
                0x000000000000e158        0x7 bin/blib.a(image_cmd.o)
 .text.imgsingle_exec
                0x000000000000e15f      0x13f bin/blib.a(image_cmd.o)
 .text.imgargs_exec
                0x000000000000e29e        0xa bin/blib.a(image_cmd.o)
 .text.imgexec_exec
                0x000000000000e2a8        0xa bin/blib.a(image_cmd.o)
 .text.imgselect_exec
                0x000000000000e2b2        0xa bin/blib.a(image_cmd.o)
 .text.imgfetch_exec
                0x000000000000e2bc        0xa bin/blib.a(image_cmd.o)
 .text.imgselect
                0x000000000000e2c6        0x5 bin/blib.a(image_cmd.o)
 .text.imgmulti_exec
                0x000000000000e2cb       0x94 bin/blib.a(image_cmd.o)
 .text.imgfree_exec
                0x000000000000e35f        0xa bin/blib.a(image_cmd.o)
 .text.imgstat_exec
                0x000000000000e369        0xa bin/blib.a(image_cmd.o)
 .text.imgexec  0x000000000000e373       0x28 bin/blib.a(image_cmd.o)
 .text.login_exec
                0x000000000000e39b       0x39 bin/blib.a(login_cmd.o)
 .text.choose_exec
                0x000000000000e3d4       0xbd bin/blib.a(menu_cmd.o)
 .text.item_exec
                0x000000000000e491       0xb4 bin/blib.a(menu_cmd.o)
 .text.menu_exec
                0x000000000000e545       0x67 bin/blib.a(menu_cmd.o)
 .text.clear_value
                0x000000000000e5ac        0x9 bin/blib.a(nvo_cmd.o)
 .text.inc_exec
                0x000000000000e5b5       0xc7 bin/blib.a(nvo_cmd.o)
 .text.read_value
                0x000000000000e67c       0x2d bin/blib.a(nvo_cmd.o)
 .text.set_core_exec
                0x000000000000e6a9       0x96 bin/blib.a(nvo_cmd.o)
 .text.read_exec
                0x000000000000e73f       0x10 bin/blib.a(nvo_cmd.o)
 .text.clear_exec
                0x000000000000e74f       0x10 bin/blib.a(nvo_cmd.o)
 .text.set_exec
                0x000000000000e75f       0x10 bin/blib.a(nvo_cmd.o)
 .text.set_value
                0x000000000000e76f       0x1b bin/blib.a(nvo_cmd.o)
 .text.show_exec
                0x000000000000e78a       0xaa bin/blib.a(nvo_cmd.o)
 .text.reboot_exec
                0x000000000000e834       0x23 bin/blib.a(reboot_cmd.o)
 .text.route_exec
                0x000000000000e857       0x25 bin/blib.a(route_cmd.o)
 .text.sanboot_core_exec
                0x000000000000e87c       0x9a bin/blib.a(sanboot_cmd.o)
 .text.sanunhook_exec
                0x000000000000e916        0xf bin/blib.a(sanboot_cmd.o)
 .text.sanboot_exec
                0x000000000000e925        0xf bin/blib.a(sanboot_cmd.o)
 .text.sanhook_exec
                0x000000000000e934        0xf bin/blib.a(sanboot_cmd.o)
 .text.sync_exec
                0x000000000000e943       0x3b bin/blib.a(sync_cmd.o)
 .text.login_ui
                0x000000000000e97e      0x22c bin/blib.a(login_ui.o)
                0x000000000000e97e                login_ui
 .text.draw_menu_item
                0x000000000000ebaa      0x163 bin/blib.a(menu_ui.o)
 .text.draw_menu_items
                0x000000000000ed0d       0xd1 bin/blib.a(menu_ui.o)
 .text.show_menu
                0x000000000000edde      0x39a bin/blib.a(menu_ui.o)
                0x000000000000edde                show_menu
 .text.clearmsg
                0x000000000000f178       0x18 bin/blib.a(settings_ui.o)
 .text.vmsg     0x000000000000f190       0x61 bin/blib.a(settings_ui.o)
 .text.msg      0x000000000000f1f1       0x12 bin/blib.a(settings_ui.o)
 .text.string_copy
                0x000000000000f203       0x2d bin/blib.a(settings_ui.o)
 .text.draw_setting_row
                0x000000000000f230       0xe7 bin/blib.a(settings_ui.o)
 .text.select_setting_row
                0x000000000000f317      0x126 bin/blib.a(settings_ui.o)
 .text.reveal_setting_row.part.1
                0x000000000000f43d       0xc0 bin/blib.a(settings_ui.o)
 .text.init_widget
                0x000000000000f4fd       0x8f bin/blib.a(settings_ui.o)
 .text.colour_set.constprop.2
                0x000000000000f58c        0xe bin/blib.a(settings_ui.o)
 .text.alert    0x000000000000f59a       0x45 bin/blib.a(settings_ui.o)
 .text.main_loop
                0x000000000000f5df      0x31c bin/blib.a(settings_ui.o)
 .text.settings_ui
                0x000000000000f8fb       0x8f bin/blib.a(settings_ui.o)
                0x000000000000f8fb                settings_ui
 .text.ansiscr_peek
                0x000000000000f98a        0x5 bin/blib.a(ansi_screen.o)
 .text.ansiscr_getc
                0x000000000000f98f        0x5 bin/blib.a(ansi_screen.o)
 .text.ansiscr_movetoyx
                0x000000000000f994       0x30 bin/blib.a(ansi_screen.o)
 .text.ansiscr_exit
                0x000000000000f9c4       0x2a bin/blib.a(ansi_screen.o)
 .text.ansiscr_init
                0x000000000000f9ee       0x36 bin/blib.a(ansi_screen.o)
 .text.ansiscr_putc
                0x000000000000fa24       0x77 bin/blib.a(ansi_screen.o)
 .text.wclrtobot
                0x000000000000fa9b       0x34 bin/blib.a(clear.o)
                0x000000000000fa9b                wclrtobot
 .text.wclrtoeol
                0x000000000000facf       0x31 bin/blib.a(clear.o)
                0x000000000000facf                wclrtoeol
 .text.werase   0x000000000000fb00       0x17 bin/blib.a(clear.o)
                0x000000000000fb00                werase
 .text.init_pair
                0x000000000000fb17       0x28 bin/blib.a(colour.o)
                0x000000000000fb17                init_pair
 .text.pair_content
                0x000000000000fb3f       0x28 bin/blib.a(colour.o)
                0x000000000000fb3f                pair_content
 .text._wupdcurs
                0x000000000000fb67       0x16 bin/blib.a(mucurses.o)
 .text._wputch  0x000000000000fb7d       0x4e bin/blib.a(mucurses.o)
                0x000000000000fb7d                _wputch
 .text._wputc   0x000000000000fbcb        0xb bin/blib.a(mucurses.o)
                0x000000000000fbcb                _wputc
 .text._wputstr
                0x000000000000fbd6       0x2f bin/blib.a(mucurses.o)
                0x000000000000fbd6                _wputstr
 .text.wmove    0x000000000000fc05       0x1f bin/blib.a(mucurses.o)
                0x000000000000fc05                wmove
 .text._printw_handler
                0x000000000000fc24        0xd bin/blib.a(print.o)
 .text.waddnstr
                0x000000000000fc31        0xb bin/blib.a(print.o)
                0x000000000000fc31                waddnstr
 .text.vw_printw
                0x000000000000fc3c       0x1b bin/blib.a(print.o)
                0x000000000000fc3c                vw_printw
 .text.wprintw  0x000000000000fc57       0x12 bin/blib.a(print.o)
                0x000000000000fc57                wprintw
 .text.wattroff
                0x000000000000fc69        0x8 bin/blib.a(winattrs.o)
                0x000000000000fc69                wattroff
 .text.wattron  0x000000000000fc71        0x6 bin/blib.a(winattrs.o)
                0x000000000000fc71                wattron
 .text.wattrset
                0x000000000000fc77       0x11 bin/blib.a(winattrs.o)
                0x000000000000fc77                wattrset
 .text.wcolour_set
                0x000000000000fc88       0x1f bin/blib.a(winattrs.o)
                0x000000000000fc88                wcolour_set
 .text.initscr  0x000000000000fca7       0x37 bin/blib.a(wininit.o)
                0x000000000000fca7                initscr
 .text.endwin   0x000000000000fcde       0x51 bin/blib.a(wininit.o)
                0x000000000000fcde                endwin
 .text.init_editbox
                0x000000000000fd2f       0x55 bin/blib.a(editbox.o)
                0x000000000000fd2f                init_editbox
 .text.draw_editbox
                0x000000000000fd84       0xef bin/blib.a(editbox.o)
                0x000000000000fd84                draw_editbox
 .text.shell_banner
                0x000000000000fe73       0x28 bin/blib.a(autoboot.o)
 .text.parse_next_server_and_filename
                0x000000000000fe9b       0x6f bin/blib.a(autoboot.o)
 .text.uriboot  0x000000000000ff0a      0x153 bin/blib.a(autoboot.o)