Archive member included because of file (symbol)

bin/blib.a(realtek.o)         (obj_realtek)
bin/blib.a(nvs.o)             bin/blib.a(realtek.o) (nvs_read)
bin/blib.a(threewire.o)       bin/blib.a(realtek.o) (threewire_read)
bin/blib.a(spi_bit.o)         bin/blib.a(realtek.o) (init_spi_bit_basher)
bin/blib.a(config.o)          (obj_config)
bin/blib.a(timer2.o)          bin/blib.a(realtek.o) (timer2_udelay)
bin/blib.a(bios_console.o)    bin/blib.a(config.o) (obj_bios_console)
bin/blib.a(bzimage.o)         bin/blib.a(config.o) (obj_bzimage)
bin/blib.a(elfboot.o)         bin/blib.a(config.o) (obj_elfboot)
bin/blib.a(initrd.o)          bin/blib.a(bzimage.o) (initrd_reshuffle)
bin/blib.a(multiboot.o)       bin/blib.a(config.o) (obj_multiboot)
bin/blib.a(pxe_image.o)       bin/blib.a(config.o) (obj_pxe_image)
bin/blib.a(pxe_call.o)        bin/blib.a(pxe_image.o) (pxe_activate)
bin/blib.a(pxe_file.o)        bin/blib.a(pxe_call.o) (obj_pxe_file)
bin/blib.a(pxe_loader.o)      bin/blib.a(pxe_call.o) (undi_loader)
bin/blib.a(pxe_preboot.o)     bin/blib.a(pxe_call.o) (obj_pxe_preboot)
bin/blib.a(pxe_tftp.o)        bin/blib.a(pxe_preboot.o) (pxenv_tftp_read_file)
bin/blib.a(pxe_udp.o)         bin/blib.a(pxe_call.o) (obj_pxe_udp)
bin/blib.a(pxe_undi.o)        bin/blib.a(pxe_preboot.o) (pxe_netdev)
bin/blib.a(x86_string.o)      bin/blib.a(realtek.o) (__memcpy)
bin/blib.a(cpuid_cmd.o)       bin/blib.a(config.o) (obj_cpuid_cmd)
bin/blib.a(setjmp.o)          bin/blib.a(pxe_call.o) (setjmp)
bin/blib.a(virtaddr.o)        bin/blib.a(elfboot.o) (_virt_to_phys)
bin/blib.a(librm.o)           bin/blib.a(pxe_call.o) (rm_cs)
bin/blib.a(libprefix.o)       bin/blib.a(pxe_preboot.o) (hooked_bios_interrupts)
bin/blib.a(romprefix.o)       (_rom_start)
bin/blib.a(unnrv2b16.o)       bin/blib.a(libprefix.o) (decompress16)
bin/blib.a(pxe_entry.o)       bin/blib.a(pxe_call.o) (ppxe)
bin/blib.a(pci.dbg1.o)        bin/blib.a(realtek.o) (adjust_pci_device)
bin/blib.a(ansiesc.o)         bin/blib.a(bios_console.o) (ansiesc_process)
bin/blib.a(assert.o)          bin/blib.a(pci.dbg1.o) (assertion_failures)
bin/blib.a(cpio.o)            bin/blib.a(bzimage.o) (cpio_set_field)
bin/blib.a(debug.o)           bin/blib.a(pci.dbg1.o) (dbg_printf)
bin/blib.a(device.o)          bin/blib.a(pxe_call.o) (device_keep_count)
bin/blib.a(exec.o)            bin/blib.a(pxe_file.o) (system)
bin/blib.a(getopt.o)          bin/blib.a(cpuid_cmd.o) (optind)
bin/blib.a(image.o)           bin/blib.a(bzimage.o) (unregister_image)
bin/blib.a(init.o)            bin/blib.a(pxe_loader.o) (initialise)
bin/blib.a(interface.o)       bin/blib.a(pxe_tftp.o) (null_intf)
bin/blib.a(iobuf.o)           bin/blib.a(realtek.o) (alloc_iob)
bin/blib.a(list.o)            bin/blib.a(pci.dbg1.o) (extern_list_add)
bin/blib.a(main.o)            bin/blib.a(romprefix.o) (main)
bin/blib.a(malloc.o)          bin/blib.a(realtek.o) (alloc_memblock)
bin/blib.a(memblock.o)        bin/blib.a(initrd.o) (largest_memblock)
bin/blib.a(misc.o)            bin/blib.a(bzimage.o) (strtoul)
bin/blib.a(nvo.o)             bin/blib.a(realtek.o) (nvo_init)
bin/blib.a(open.o)            bin/blib.a(pxe_tftp.o) (xfer_open_uri_string)
bin/blib.a(parseopt.o)        bin/blib.a(cpuid_cmd.o) (parse_integer)
bin/blib.a(posix_io.o)        bin/blib.a(pxe_file.o) (open)
bin/blib.a(process.o)         bin/blib.a(pxe_tftp.o) (step)
bin/blib.a(refcnt.o)          bin/blib.a(bzimage.o) (ref_increment)
bin/blib.a(settings.o)        bin/blib.a(nvo.o) (unregister_settings)
bin/blib.a(string.o)          bin/blib.a(settings.o) (strcpy)
bin/blib.a(timer.o)           bin/blib.a(realtek.o) (mdelay)
bin/blib.a(uri.o)             bin/blib.a(settings.o) (uri_encode)
bin/blib.a(uuid.o)            bin/blib.a(settings.o) (uuid_ntoa)
bin/blib.a(version.o)         bin/blib.a(multiboot.o) (product_version)
bin/blib.a(vsprintf.o)        bin/blib.a(multiboot.o) (snprintf)
bin/blib.a(xfer.o)            bin/blib.a(pxe_tftp.o) (xfer_deliver)
bin/blib.a(arp.o)             bin/blib.a(pxe_undi.o) (arp_protocol)
bin/blib.a(dhcpopts.o)        bin/blib.a(nvo.o) (dhcpopt_no_realloc)
bin/blib.a(ethernet.o)        bin/blib.a(realtek.o) (alloc_etherdev)
bin/blib.a(eth_slow.o)        bin/blib.a(ethernet.o) (obj_eth_slow)
bin/blib.a(fakedhcp.o)        bin/blib.a(pxe_preboot.o) (create_fakedhcpdiscover)
bin/blib.a(iobpad.o)          bin/blib.a(realtek.o) (iob_pad)
bin/blib.a(ipv4.o)            bin/blib.a(pxe_undi.o) (ipv4_protocol)
bin/blib.a(netdevice.o)       bin/blib.a(ipv4.o) (net_devices)
bin/blib.a(netdev_settings.o)
                              bin/blib.a(netdevice.o) (netdev_settings_operations)
bin/blib.a(nullnet.o)         bin/blib.a(realtek.o) (null_netdev_operations)
bin/blib.a(rarp.o)            bin/blib.a(pxe_undi.o) (rarp_protocol)
bin/blib.a(retry.o)           bin/blib.a(arp.o) (start_timer)
bin/blib.a(tcpip.o)           bin/blib.a(ipv4.o) (tcpip_rx)
bin/blib.a(udp.o)             bin/blib.a(pxe_udp.o) (udp_open_promisc)
[...]
Memory Configuration

Name             Origin             Length             Attributes
*default*        0x0000000000000000 0xffffffffffffffff

Linker script and memory map

                0x0000000000000010                PROVIDE (_max_align, 0x10)

.prefix         0x0000000000000000      0x880
                0x0000000000000000                _prefix = .
 *(.prefix)
 .prefix        0x0000000000000000      0x482 bin/blib.a(romprefix.o)
                0x0000000000000000                _rom_start
                0x0000000000000083                undiheader
                0x0000000000000359                image_source
                0x000000000000035f                decompress_to
 .prefix        0x0000000000000482       0x4b bin/blib.a(undiloader.o)
                0x0000000000000482                undiloader
 *(.prefix.*)
 .prefix.lib    0x00000000000004cd      0x2c2 bin/blib.a(libprefix.o)
                0x00000000000004cd                print_character
                0x00000000000004ec                print_message
                0x00000000000004f9                print_hex_dword
                0x0000000000000504                print_hex_word
                0x000000000000050b                print_hex_byte
                0x0000000000000514                print_hex_nibble
                0x0000000000000521                print_pci_busdevfn
                0x0000000000000542                print_kill_line
                0x000000000000062b                alloc_basemem
                0x000000000000064c                install
                0x0000000000000669                install_prealloc
 .prefix.data   0x000000000000078f       0x56 bin/blib.a(libprefix.o)
 .prefix.lib    0x00000000000007e5       0x9b bin/blib.a(unnrv2b16.o)
                0x00000000000007e5                decompress16
                0x0000000000000880                _mprefix = .

.bss.prefix     0x0000000000000880        0x0 load address 0x000000000001a050
                0x0000000000000880                _eprefix = .
                0x0000000000000880                _prefix_filesz = (ABSOLUTE (_mprefix) - ABSOLUTE (_prefix))
                0x0000000000000880                _prefix_memsz = (ABSOLUTE (_eprefix) - ABSOLUTE (_prefix))

.text16.early   0x0000000000000000       0xee load address 0x0000000000000880
                0x0000000000000000                _text16 = .
 *(.text16.null)
 .text16.null   0x0000000000000000        0x3 bin/blib.a(pxe_entry.o)
 *(.text16.null.*)
                0x0000000000000004                . = (. + 0x1)
 *fill*         0x0000000000000003        0x1 00
 *(.text16.early)
 .text16.early  0x0000000000000004       0xe5 bin/blib.a(liba20.o)
                0x000000000000009b                enable_a20
                0x00000000000000e5                access_highmem
 *(.text16.early.*)
 .text16.early.data
                0x00000000000000e9        0x2 bin/blib.a(libprefix.o)
                0x00000000000000e9                close_payload
                0x00000000000000e9                open_payload
 *fill*         0x00000000000000eb        0x1 00
 .text16.early.data
                0x00000000000000ec        0x2 bin/blib.a(liba20.o)
                0x00000000000000ee                _etext16_early = .

.text16.late    0x00000000000000f0      0x66c load address 0x0000000000000970
                0x00000000000000f0                _text16_late = .
 *(.text16)
 .text16        0x00000000000000f0       0x36 bin/blib.a(bios_console.o)
 .text16        0x0000000000000126       0x11 bin/blib.a(bzimage.o)
 .text16        0x0000000000000137        0xe bin/blib.a(pxe_call.o)
 .text16        0x0000000000000145      0x15d bin/blib.a(librm.o)
                0x0000000000000145                init_librm
                0x00000000000001c2                idt_init
                0x000000000000023c                prot_call
 .text16        0x00000000000002a2       0x34 bin/blib.a(libprefix.o)
                0x00000000000002a2                free_basemem
                0x00000000000002d2                uninstall
 .text16        0x00000000000002d6       0x20 bin/blib.a(romprefix.o)
 .text16        0x00000000000002f6       0x65 bin/blib.a(pxe_entry.o)
                0x000000000000032d                pxe_int_1a
 .text16        0x000000000000035b       0x13 bin/blib.a(memmap.o)
 .text16        0x000000000000036e        0x4 bin/blib.a(bios_nap.o)
 .text16        0x0000000000000372        0x6 bin/blib.a(bios_reboot.o)
 .text16        0x0000000000000378        0x5 bin/blib.a(bios_timer.o)
 .text16        0x000000000000037d       0x6a bin/blib.a(int13.o)
 .text16        0x00000000000003e7       0x1e bin/blib.a(pcibios.o)
 .text16        0x0000000000000405       0x45 bin/blib.a(bootsector.o)
 .text16        0x000000000000044a      0x25d bin/blib.a(e820mangler.o)
                0x000000000000067f                int15
 .text16        0x00000000000006a7        0x9 bin/blib.a(patch_cf.o)
                0x00000000000006a7                patch_cf
 *(.text16.*)
 .text16.data   0x00000000000006b0        0x2 bin/blib.a(librm.o)
                0x00000000000006b0                rm_ds
 .text16.data   0x00000000000006b2        0x2 bin/blib.a(libprefix.o)
                0x00000000000006b2                hooked_bios_interrupts
 *fill*         0x00000000000006b4        0xc 00
 .text16.data   0x00000000000006c0       0x90 bin/blib.a(pxe_entry.o)
                0x00000000000006c0                ppxe
                0x0000000000000720                pxenv
                0x000000000000074c                pxe_int_1a_vector
 .text16.data   0x0000000000000750        0x8 bin/blib.a(int13.o)
 .text16.data   0x0000000000000758        0x4 bin/blib.a(e820mangler.o)
                0x0000000000000758                int15_vector
                0x000000000000075c                _mtext16 = .

.bss.text16     0x000000000000075c        0x0 load address 0x000000000001a050
                0x000000000000075c                _etext16 = .
                0x00000000000000ee                _text16_early_filesz = (ABSOLUTE (_etext16_early) - ABSOLUTE (_text16))
                0x00000000000000ee                _text16_early_memsz = (ABSOLUTE (_etext16_early) - ABSOLUTE (_text16))
                0x000000000000066c                _text16_late_filesz = (ABSOLUTE (_mtext16) - ABSOLUTE (_text16_late))
                0x000000000000066c                _text16_late_memsz = (ABSOLUTE (_etext16) - ABSOLUTE (_text16_late))
                0x000000000000075c                _text16_memsz = (ABSOLUTE (_etext16) - ABSOLUTE (_text16))

.data16         0x0000000000000000       0xd2 load address 0x0000000000000fe0
                0x0000000000000000                _data16 = .
                0x0000000000000001                . = (. + 0x1)
 *fill*         0x0000000000000000        0x1 00
 *(.rodata16)
 *(.rodata16.*)
 *(.data16)
 *fill*         0x0000000000000001        0xf 00
 .data16        0x0000000000000010       0x52 bin/blib.a(librm.o)
                0x0000000000000048                idtr
                0x0000000000000050                rm_cs
 .data16        0x0000000000000062        0xc bin/blib.a(libprefix.o)
 *fill*         0x000000000000006e        0x2 00
 .data16        0x0000000000000070       0x14 bin/blib.a(int13.o)
 *fill*         0x0000000000000084        0xc 00
 .data16        0x0000000000000090       0x42 bin/blib.a(e820mangler.o)
                0x0000000000000098                hidemem_base
                0x00000000000000a8                hidemem_umalloc
                0x00000000000000b8                hidemem_textdata
 *(.data16.*)
                0x00000000000000d2                _mdata16 = .

.bss.data16     0x00000000000000e0     0x2bf8 load address 0x000000000001a050
 *(.bss16)
 .bss16         0x00000000000000e0      0x3b8 bin/blib.a(multiboot.o)
 .bss16         0x0000000000000498      0xec4 bin/blib.a(pxe_preboot.o)
 .bss16         0x000000000000135c      0x5ea bin/blib.a(basemem_packet.o)
                0x000000000000135c                basemem_packet
 *fill*         0x0000000000001946        0x2 00
 .bss16         0x0000000000001948       0x1c bin/blib.a(memmap.o)
                0x0000000000001948                memmap_post
 *fill*         0x0000000000001964        0xc 00
 .bss16         0x0000000000001970      0x320 bin/blib.a(int13.o)
 .bss16         0x0000000000001c90       0x48 bin/blib.a(e820mangler.o)
 *(.bss16.*)
 *(.stack16)
 .stack16       0x0000000000001cd8     0x1000 bin/blib.a(stack16.o)
                0x0000000000001cd8                _stack16
                0x0000000000002cd8                _estack16
 *(.stack16.*)
                0x0000000000002cd8                _edata16 = .
                0x00000000000000d2                _data16_filesz = (ABSOLUTE (_mdata16) - ABSOLUTE (_data16))
                0x0000000000002cd8                _data16_memsz = (ABSOLUTE (_edata16) - ABSOLUTE (_data16))

.textdata       0x0000000000000000    0x18ee0 load address 0x00000000000010c0
                0x0000000000000000                _textdata = .
 *(.text.null_trap)
 *(.text.null_trap.*)
                0x0000000000000001                . = (. + 0x1)
 *fill*         0x0000000000000000        0x1 00
 *(.text)
 *fill*         0x0000000000000001        0x3 00
 .text          0x0000000000000004       0x45 bin/blib.a(setjmp.o)
                0x0000000000000004                setjmp
                0x0000000000000022                longjmp
 *fill*         0x0000000000000049        0x3 00
 .text          0x000000000000004c       0x55 bin/blib.a(virtaddr.o)
                0x000000000000004c                _virt_to_phys
                0x0000000000000078                _phys_to_virt
 *fill*         0x00000000000000a1        0x3 00
 .text          0x00000000000000a4       0xa6 bin/blib.a(librm.o)
                0x0000000000000137                real_call
 *(.text.*)
 .text.realtek_spi_open_bit
                0x000000000000014a        0xe bin/blib.a(realtek.o)
 .text.realtek_spi_close_bit
                0x0000000000000158        0xe bin/blib.a(realtek.o)
 .text.realtek_spi_read_bit
                0x0000000000000166       0x10 bin/blib.a(realtek.o)
 .text.realtek_spi_write_bit
                0x0000000000000176       0x28 bin/blib.a(realtek.o)
 .text.realtek_irq
                0x000000000000019e       0x15 bin/blib.a(realtek.o)
 .text.realtek_transmit
                0x00000000000001b3       0xc8 bin/blib.a(realtek.o)
 .text.realtek_check_link
                0x000000000000027b       0x35 bin/blib.a(realtek.o)
 .text.realtek_mii_read
                0x00000000000002b0       0x4d bin/blib.a(realtek.o)
 .text.realtek_mii_write
                0x00000000000002fd       0x50 bin/blib.a(realtek.o)
 .text.realtek_reset.isra.10
                0x000000000000034d       0x31 bin/blib.a(realtek.o)
 .text.realtek_remove
                0x000000000000037e       0x37 bin/blib.a(realtek.o)
 .text.realtek_probe
                0x00000000000003b5      0x281 bin/blib.a(realtek.o)
 .text.realtek_refill_rx.part.12
                0x0000000000000636       0x81 bin/blib.a(realtek.o)
 .text.realtek_poll
                0x00000000000006b7      0x1d9 bin/blib.a(realtek.o)
 .text.realtek_destroy_ring.part.13
                0x0000000000000890       0x3d bin/blib.a(realtek.o)
 .text.realtek_close
                0x00000000000008cd       0x98 bin/blib.a(realtek.o)
 .text.realtek_create_ring
                0x0000000000000965       0x5b bin/blib.a(realtek.o)
 .text.realtek_open
                0x00000000000009c0       0xea bin/blib.a(realtek.o)
 .text.nvs_read
                0x0000000000000aaa       0x59 bin/blib.a(nvs.o)
                0x0000000000000aaa                nvs_read
 .text.nvs_verify
                0x0000000000000b03       0x4b bin/blib.a(nvs.o)
 .text.nvs_write
                0x0000000000000b4e       0x6b bin/blib.a(nvs.o)
                0x0000000000000b4e                nvs_write
 .text.threewire_read
                0x0000000000000bb9       0x1c bin/blib.a(threewire.o)
                0x0000000000000bb9                threewire_read
 .text.threewire_write
                0x0000000000000bd5       0x5f bin/blib.a(threewire.o)
                0x0000000000000bd5                threewire_write
 .text.spi_bit_set_slave_select
                0x0000000000000c34       0x36 bin/blib.a(spi_bit.o)
 .text.spi_bit_transfer
                0x0000000000000c6a       0xde bin/blib.a(spi_bit.o)
 .text.spi_bit_rw
                0x0000000000000d48       0xe3 bin/blib.a(spi_bit.o)
 .text.init_spi_bit_basher
                0x0000000000000e2b        0x8 bin/blib.a(spi_bit.o)
                0x0000000000000e2b                init_spi_bit_basher
 .text.timer2_udelay
                0x0000000000000e33       0x33 bin/blib.a(timer2.o)
                0x0000000000000e33                timer2_udelay
 .text.bios_handle_cup
                0x0000000000000e66       0x38 bin/blib.a(bios_console.o)
 .text.bios_handle_ed
                0x0000000000000e9e       0x25 bin/blib.a(bios_console.o)
 .text.bios_handle_sgr
                0x0000000000000ec3       0x6a bin/blib.a(bios_console.o)
 .text.bios_putchar
                0x0000000000000f2d       0x28 bin/blib.a(bios_console.o)
 .text.bios_iskey
                0x0000000000000f55       0x2a bin/blib.a(bios_console.o)
 .text.bios_getchar
                0x0000000000000f7f       0x8f bin/blib.a(bios_console.o)
 .text.bzimage_load_initrd
                0x000000000000100e      0x154 bin/blib.a(bzimage.o)
 .text.bzimage_parse_header.isra.0
                0x0000000000001162      0x13b bin/blib.a(bzimage.o)
 .text.bzimage_probe
                0x000000000000129d       0x1a bin/blib.a(bzimage.o)
                0x000000000000129d                bzimage_probe
 .text.bzimage_exec
                0x00000000000012b7      0x413 bin/blib.a(bzimage.o)
 .text.elfboot_exec
                0x00000000000016ca       0x39 bin/blib.a(elfboot.o)
 .text.elfboot_probe
                0x0000000000001703       0x34 bin/blib.a(elfboot.o)
 .text.initrd_startup
                0x0000000000001737       0x16 bin/blib.a(initrd.o)
 .text.initrd_reshuffle
                0x000000000000174d      0x15f bin/blib.a(initrd.o)
                0x000000000000174d                initrd_reshuffle
 .text.initrd_reshuffle_check
                0x00000000000018ac       0x30 bin/blib.a(initrd.o)
                0x00000000000018ac                initrd_reshuffle_check
 .text.multiboot_add_cmdline
                0x00000000000018dc       0x89 bin/blib.a(multiboot.o)
 .text.multiboot_find_header
                0x0000000000001965       0x79 bin/blib.a(multiboot.o)
 .text.multiboot_probe
                0x00000000000019de        0xe bin/blib.a(multiboot.o)
 .text.multiboot_exec
                0x00000000000019ec      0x326 bin/blib.a(multiboot.o)
 .text.pxe_exec
                0x0000000000001d12       0x7f bin/blib.a(pxe_image.o)
 .text.pxe_probe
                0x0000000000001d91       0x1d bin/blib.a(pxe_image.o)
                0x0000000000001d91                pxe_probe
 .text.pxenv_unknown
                0x0000000000001dae        0xb bin/blib.a(pxe_call.o)
 .text.pxe_init_structures
                0x0000000000001db9       0xea bin/blib.a(pxe_call.o)
 .text.pxe_api_call
                0x0000000000001ea3       0x87 bin/blib.a(pxe_call.o)
                0x0000000000001ea3                pxe_api_call
 .text.pxe_loader_call
                0x0000000000001f2a       0x5d bin/blib.a(pxe_call.o)
                0x0000000000001f2a                pxe_loader_call
 .text.pxe_activate
                0x0000000000001f87       0x3f bin/blib.a(pxe_call.o)
                0x0000000000001f87                pxe_activate
 .text.pxe_deactivate
                0x0000000000001fc6       0x3f bin/blib.a(pxe_call.o)
                0x0000000000001fc6                pxe_deactivate
 .text.pxe_start_nbp
                0x0000000000002005       0x73 bin/blib.a(pxe_call.o)
                0x0000000000002005                pxe_start_nbp
 .text.pxenv_file_cmdline
                0x0000000000002078       0x5c bin/blib.a(pxe_file.o)
 .text.pxenv_file_exec
                0x00000000000020d4       0x72 bin/blib.a(pxe_file.o)
 .text.pxenv_get_file_size
                0x0000000000002146       0x2c bin/blib.a(pxe_file.o)
 .text.pxenv_file_read
                0x0000000000002172       0x47 bin/blib.a(pxe_file.o)
 .text.pxenv_file_select
                0x00000000000021b9       0x44 bin/blib.a(pxe_file.o)
 .text.pxenv_file_close
                0x00000000000021fd       0x15 bin/blib.a(pxe_file.o)
 .text.pxenv_file_open
                0x0000000000002212       0x72 bin/blib.a(pxe_file.o)
 .text.pxenv_file_api_check
                0x0000000000002284       0x7d bin/blib.a(pxe_file.o)
 .text.undi_loader
                0x0000000000002301       0x3e bin/blib.a(pxe_loader.o)
                0x0000000000002301                undi_loader
 .text.pxenv_unload_stack
                0x000000000000233f        0x8 bin/blib.a(pxe_preboot.o)
 .text.pxenv_start_base
                0x0000000000002347        0xb bin/blib.a(pxe_preboot.o)
 .text.pxenv_stop_base
                0x0000000000002352        0x8 bin/blib.a(pxe_preboot.o)
 .text.pxenv_stop_undi
                0x000000000000235a       0x36 bin/blib.a(pxe_preboot.o)
 .text.pxenv_start_undi
                0x0000000000002390       0x69 bin/blib.a(pxe_preboot.o)
 .text.pxenv_get_cached_info
                0x00000000000023f9       0xbf bin/blib.a(pxe_preboot.o)
 .text.pxenv_restart_tftp
                0x00000000000024b8       0x42 bin/blib.a(pxe_preboot.o)
 .text.pxe_tftp_xfer_window
                0x00000000000024fa        0x4 bin/blib.a(pxe_tftp.o)
 .text.pxenv_tftp_read
                0x00000000000024fe       0x9d bin/blib.a(pxe_tftp.o)
 .text.pxe_tftp_open
                0x000000000000259b       0xca bin/blib.a(pxe_tftp.o)
 .text.pxe_tftp_close
                0x0000000000002665       0x11 bin/blib.a(pxe_tftp.o)
 .text.pxe_tftp_xfer_deliver
                0x0000000000002676       0x8d bin/blib.a(pxe_tftp.o)
 .text.pxenv_tftp_close
                0x0000000000002703       0x18 bin/blib.a(pxe_tftp.o)
 .text.pxenv_tftp_get_fsize
                0x000000000000271b       0x82 bin/blib.a(pxe_tftp.o)
 .text.pxenv_tftp_open
                0x000000000000279d       0x98 bin/blib.a(pxe_tftp.o)
 .text.pxenv_tftp_read_file
                0x0000000000002835       0x93 bin/blib.a(pxe_tftp.o)
                0x0000000000002835                pxenv_tftp_read_file
 .text.pxenv_udp_read
                0x00000000000028c8       0x5b bin/blib.a(pxe_udp.o)
 .text.pxe_udp_deliver
                0x0000000000002923       0x87 bin/blib.a(pxe_udp.o)
 .text.pxenv_udp_write
                0x00000000000029aa       0xd5 bin/blib.a(pxe_udp.o)
 .text.pxenv_udp_close
                0x0000000000002a7f       0x18 bin/blib.a(pxe_udp.o)
 .text.pxenv_udp_open
                0x0000000000002a97       0x3e bin/blib.a(pxe_udp.o)
 .text.pxenv_undi_startup
                0x0000000000002ad5       0x1c bin/blib.a(pxe_undi.o)
 .text.pxenv_undi_initialize
                0x0000000000002af1       0x1c bin/blib.a(pxe_undi.o)
 .text.pxenv_undi_set_mcast_address
                0x0000000000002b0d       0x1c bin/blib.a(pxe_undi.o)
 .text.pxenv_undi_set_packet_filter
                0x0000000000002b29       0x1c bin/blib.a(pxe_undi.o)
 .text.pxenv_undi_get_statistics
                0x0000000000002b45       0x38 bin/blib.a(pxe_undi.o)
 .text.pxenv_undi_clear_statistics
                0x0000000000002b7d       0x40 bin/blib.a(pxe_undi.o)
 .text.pxenv_undi_initiate_diags
                0x0000000000002bbd       0x1b bin/blib.a(pxe_undi.o)
 .text.pxenv_undi_force_interrupt
                0x0000000000002bd8       0x1b bin/blib.a(pxe_undi.o)
 .text.pxenv_undi_get_mcast_address
                0x0000000000002bf3       0x4c bin/blib.a(pxe_undi.o)
 .text.pxenv_undi_get_nic_type
                0x0000000000002c3f       0x95 bin/blib.a(pxe_undi.o)
 .text.pxenv_undi_get_information
                0x0000000000002cd4       0x86 bin/blib.a(pxe_undi.o)
 .text.pxenv_undi_set_station_address
                0x0000000000002d5a       0x42 bin/blib.a(pxe_undi.o)
 .text.pxenv_undi_isr
                0x0000000000002d9c      0x1bc bin/blib.a(pxe_undi.o)
 .text.pxenv_undi_get_iface_info
                0x0000000000002f58       0x63 bin/blib.a(pxe_undi.o)
 .text.pxenv_undi_transmit
                0x0000000000002fbb      0x1e4 bin/blib.a(pxe_undi.o)
 .text.pxe_netdev_close
                0x000000000000319f       0x25 bin/blib.a(pxe_undi.o)
 .text.pxenv_undi_close
                0x00000000000031c4       0x26 bin/blib.a(pxe_undi.o)
 .text.pxenv_undi_shutdown
                0x00000000000031ea       0x26 bin/blib.a(pxe_undi.o)
 .text.pxenv_undi_cleanup
                0x0000000000003210       0x26 bin/blib.a(pxe_undi.o)
 .text.pxe_netdev_open
                0x0000000000003236       0x28 bin/blib.a(pxe_undi.o)
 .text.pxenv_undi_open
                0x000000000000325e       0x35 bin/blib.a(pxe_undi.o)
 .text.pxenv_undi_reset_adapter
                0x0000000000003293       0x3a bin/blib.a(pxe_undi.o)
 .text.pxe_set_netdev
                0x00000000000032cd       0x32 bin/blib.a(pxe_undi.o)
                0x00000000000032cd                pxe_set_netdev
 .text.__memcpy
                0x00000000000032ff       0x1d bin/blib.a(x86_string.o)
                0x00000000000032ff                __memcpy
 .text.__memcpy_reverse
                0x000000000000331c       0x11 bin/blib.a(x86_string.o)
                0x000000000000331c                __memcpy_reverse
 .text.__memmove
                0x000000000000332d        0xe bin/blib.a(x86_string.o)
                0x000000000000332d                __memmove
 .text.memswap  0x000000000000333b       0x11 bin/blib.a(x86_string.o)
                0x000000000000333b                memswap
 .text.strlen   0x000000000000334c       0x11 bin/blib.a(x86_string.o)
                0x000000000000334c                strlen
 .text.strncmp  0x000000000000335d       0x1c bin/blib.a(x86_string.o)
                0x000000000000335d                strncmp
 .text.cpuid_exec
                0x0000000000003379       0x6d bin/blib.a(cpuid_cmd.o)
 .text.pci_bar  0x00000000000033e6       0xa1 bin/blib.a(pci.dbg1.o)
 .text.adjust_pci_device
                0x0000000000003487      0x10e bin/blib.a(pci.dbg1.o)
                0x0000000000003487                adjust_pci_device
 .text.pci_read_config
                0x0000000000003595      0x10f bin/blib.a(pci.dbg1.o)
                0x0000000000003595                pci_read_config
 .text.pci_find_driver
                0x00000000000036a4       0x5d bin/blib.a(pci.dbg1.o)
                0x00000000000036a4                pci_find_driver
 .text.pci_probe
                0x0000000000003701      0x11b bin/blib.a(pci.dbg1.o)
                0x0000000000003701                pci_probe
 .text.pci_remove
                0x000000000000381c       0x58 bin/blib.a(pci.dbg1.o)
                0x000000000000381c                pci_remove
 .text.pcibus_remove
                0x0000000000003874      0x456 bin/blib.a(pci.dbg1.o)
 .text.pcibus_probe
                0x0000000000003cca      0x2c7 bin/blib.a(pci.dbg1.o)
 .text.ansiesc_process
                0x0000000000003f91       0xbe bin/blib.a(ansiesc.o)
                0x0000000000003f91                ansiesc_process
 .text.cpio_set_field
                0x000000000000404f       0x2a bin/blib.a(cpio.o)
                0x000000000000404f                cpio_set_field
 .text.dbg_printf
                0x0000000000004079       0x26 bin/blib.a(debug.o)
                0x0000000000004079                dbg_printf
 .text.dbg_autocolourise
                0x000000000000409f       0x62 bin/blib.a(debug.o)
                0x000000000000409f                dbg_autocolourise
 .text.dbg_decolourise
                0x0000000000004101        0xc bin/blib.a(debug.o)
                0x0000000000004101                dbg_decolourise
 .text.probe_devices
                0x000000000000410d       0x52 bin/blib.a(device.o)
 .text.identify_device
                0x000000000000415f       0x31 bin/blib.a(device.o)
                0x000000000000415f                identify_device
 .text.remove_devices
                0x0000000000004190       0x40 bin/blib.a(device.o)
 .text.process_on_success
                0x00000000000041d0        0x9 bin/blib.a(exec.o)
 .text.process_on_failure
                0x00000000000041d9        0x9 bin/blib.a(exec.o)
 .text.process_always
                0x00000000000041e2        0x6 bin/blib.a(exec.o)
 .text.exit_exec
                0x00000000000041e8       0x4f bin/blib.a(exec.o)
 .text.split_command
                0x0000000000004237       0x49 bin/blib.a(exec.o)
 .text.isset_exec
                0x0000000000004280       0x2f bin/blib.a(exec.o)
 .text.sleep_exec
                0x00000000000042af       0x79 bin/blib.a(exec.o)
 .text.iseq_exec
                0x0000000000004328       0x3c bin/blib.a(exec.o)
 .text.execv    0x0000000000004364       0x8f bin/blib.a(exec.o)
                0x0000000000004364                execv
 .text.shell_stop
                0x00000000000043f3        0x6 bin/blib.a(exec.o)
                0x00000000000043f3                shell_stop
 .text.shell_stopped
                0x00000000000043f9       0x1c bin/blib.a(exec.o)
                0x00000000000043f9                shell_stopped
 .text.system   0x0000000000004415      0x192 bin/blib.a(exec.o)
                0x0000000000004415                system
 .text.concat_args
                0x00000000000045a7       0x66 bin/blib.a(exec.o)
                0x00000000000045a7                concat_args
 .text.echo_exec
                0x000000000000460d       0x61 bin/blib.a(exec.o)
 .text.get_argv_argument
                0x000000000000466e       0x24 bin/blib.a(getopt.o)
 .text.getopt_long
                0x0000000000004692      0x223 bin/blib.a(getopt.o)
                0x0000000000004692                getopt_long
 .text.free_image
                0x00000000000048b5       0x35 bin/blib.a(image.o)
 .text.image_set_name
                0x00000000000048ea       0x28 bin/blib.a(image.o)
                0x00000000000048ea                image_set_name
 .text.alloc_image
                0x0000000000004912       0x50 bin/blib.a(image.o)
                0x0000000000004912                alloc_image
 .text.image_set_cmdline
                0x0000000000004962       0x35 bin/blib.a(image.o)
                0x0000000000004962                image_set_cmdline
 .text.unregister_image
                0x0000000000004997       0x22 bin/blib.a(image.o)
                0x0000000000004997                unregister_image
 .text.find_image
                0x00000000000049b9       0x2f bin/blib.a(image.o)
                0x00000000000049b9                find_image
 .text.image_probe
                0x00000000000049e8       0x34 bin/blib.a(image.o)
                0x00000000000049e8                image_probe
 .text.image_replace
                0x0000000000004a1c       0x39 bin/blib.a(image.o)
                0x0000000000004a1c                image_replace
 .text.image_select
                0x0000000000004a55       0x2c bin/blib.a(image.o)
                0x0000000000004a55                image_select
 .text.image_exec
                0x0000000000004a81       0xa1 bin/blib.a(image.o)
                0x0000000000004a81                image_exec
 .text.image_find_selected
                0x0000000000004b22       0x1d bin/blib.a(image.o)
                0x0000000000004b22                image_find_selected
 .text.register_image
                0x0000000000004b3f       0x6a bin/blib.a(image.o)
                0x0000000000004b3f                register_image
 .text.initialise
                0x0000000000004ba9       0x17 bin/blib.a(init.o)
                0x0000000000004ba9                initialise
 .text.startup  0x0000000000004bc0       0x30 bin/blib.a(init.o)
                0x0000000000004bc0                startup
 .text.shutdown
                0x0000000000004bf0       0x37 bin/blib.a(init.o)
                0x0000000000004bf0                shutdown
 .text.intf_plug
                0x0000000000004c27       0x1d bin/blib.a(interface.o)
                0x0000000000004c27                intf_plug
 .text.intf_plug_plug
                0x0000000000004c44       0x16 bin/blib.a(interface.o)
                0x0000000000004c44                intf_plug_plug
 .text.intf_unplug
                0x0000000000004c5a        0xa bin/blib.a(interface.o)
                0x0000000000004c5a                intf_unplug
 .text.intf_nullify
                0x0000000000004c64        0x8 bin/blib.a(interface.o)
                0x0000000000004c64                intf_nullify
 .text.intf_put
                0x0000000000004c6c        0x8 bin/blib.a(interface.o)
                0x0000000000004c6c                intf_put
 .text.intf_object
                0x0000000000004c74        0x6 bin/blib.a(interface.o)
                0x0000000000004c74                intf_object
 .text.intf_get_dest_op_no_passthru_untyped
                0x0000000000004c7a       0x35 bin/blib.a(interface.o)
                0x0000000000004c7a                intf_get_dest_op_no_passthru_untyped
 .text.intf_get_dest_op_untyped
                0x0000000000004caf       0x34 bin/blib.a(interface.o)
                0x0000000000004caf                intf_get_dest_op_untyped
 .text.intf_close
                0x0000000000004ce3       0x32 bin/blib.a(interface.o)
                0x0000000000004ce3                intf_close
 .text.intf_shutdown
                0x0000000000004d15       0x17 bin/blib.a(interface.o)
                0x0000000000004d15                intf_shutdown
 .text.intf_restart
                0x0000000000004d2c       0x12 bin/blib.a(interface.o)
                0x0000000000004d2c                intf_restart
 .text.alloc_iob_raw
                0x0000000000004d3e       0x79 bin/blib.a(iobuf.o)
                0x0000000000004d3e                alloc_iob_raw
 .text.alloc_iob
                0x0000000000004db7       0x13 bin/blib.a(iobuf.o)
                0x0000000000004db7                alloc_iob
 .text.free_iob
                0x0000000000004dca       0x2d bin/blib.a(iobuf.o)
                0x0000000000004dca                free_iob
 .text.iob_ensure_headroom
                0x0000000000004df7       0x12 bin/blib.a(iobuf.o)
                0x0000000000004df7                iob_ensure_headroom
 .text.extern_list_add
                0x0000000000004e09        0xd bin/blib.a(list.o)
                0x0000000000004e09                extern_list_add
 .text.extern_list_add_tail
                0x0000000000004e16        0xe bin/blib.a(list.o)
                0x0000000000004e16                extern_list_add_tail
 .text.startup.main
                0x0000000000004e24       0x31 bin/blib.a(main.o)
                0x0000000000004e24                main
 .text.discard_cache
                0x0000000000004e55       0x1d bin/blib.a(malloc.o)
 .text.shutdown_cache
                0x0000000000004e72        0xa bin/blib.a(malloc.o)
 .text.alloc_memblock
                0x0000000000004e7c       0x8b bin/blib.a(malloc.o)
                0x0000000000004e7c                alloc_memblock
 .text.free_memblock
                0x0000000000004f07       0x98 bin/blib.a(malloc.o)
                0x0000000000004f07                free_memblock
 .text.realloc  0x0000000000004f9f       0x5b bin/blib.a(malloc.o)
                0x0000000000004f9f                realloc
 .text.malloc   0x0000000000004ffa        0x9 bin/blib.a(malloc.o)
                0x0000000000004ffa                malloc
 .text.free     0x0000000000005003        0x7 bin/blib.a(malloc.o)
                0x0000000000005003                free
 .text.zalloc   0x000000000000500a       0x1c bin/blib.a(malloc.o)
                0x000000000000500a                zalloc
 .text.mpopulate
                0x0000000000005026        0x8 bin/blib.a(malloc.o)
                0x0000000000005026                mpopulate
 .text.init_heap
                0x000000000000502e        0xf bin/blib.a(malloc.o)
 .text.largest_memblock
                0x000000000000503d       0x6e bin/blib.a(memblock.o)
                0x000000000000503d                largest_memblock
 .text.strtoul  0x00000000000050ab       0x85 bin/blib.a(misc.o)
                0x00000000000050ab                strtoul
 .text.inet_aton
                0x0000000000005130       0x63 bin/blib.a(misc.o)
                0x0000000000005130                inet_aton
 .text.nvo_fetch
                0x0000000000005193        0xb bin/blib.a(nvo.o)
 .text.nvo_applies
                0x000000000000519e       0x19 bin/blib.a(nvo.o)
                0x000000000000519e                nvo_applies
 .text.nvo_realloc
                0x00000000000051b7       0x47 bin/blib.a(nvo.o)
 .text.nvo_realloc_dhcpopt
                0x00000000000051fe       0x33 bin/blib.a(nvo.o)
 .text.nvo_store
                0x0000000000005231       0x5a bin/blib.a(nvo.o)
 .text.nvo_init
                0x000000000000528b       0x52 bin/blib.a(nvo.o)
                0x000000000000528b                nvo_init
 .text.register_nvo
                0x00000000000052dd       0x82 bin/blib.a(nvo.o)
                0x00000000000052dd                register_nvo
 .text.unregister_nvo
                0x000000000000535f       0x12 bin/blib.a(nvo.o)
                0x000000000000535f                unregister_nvo
 .text.xfer_uri_opener
                0x0000000000005371       0x2a bin/blib.a(open.o)
                0x0000000000005371                xfer_uri_opener
 .text.xfer_open_uri
                0x000000000000539b       0x45 bin/blib.a(open.o)
                0x000000000000539b                xfer_open_uri
 .text.xfer_open_uri_string
                0x00000000000053e0       0x2f bin/blib.a(open.o)
                0x00000000000053e0                xfer_open_uri_string
 .text.xfer_open_socket
                0x000000000000540f       0x37 bin/blib.a(open.o)
                0x000000000000540f                xfer_open_socket
 .text.xfer_vopen
                0x0000000000005446       0x38 bin/blib.a(open.o)
                0x0000000000005446                xfer_vopen
 .text.xfer_vreopen
                0x000000000000547e       0x20 bin/blib.a(open.o)
                0x000000000000547e                xfer_vreopen
 .text.parse_string
                0x000000000000549e        0x5 bin/blib.a(parseopt.o)
                0x000000000000549e                parse_string
 .text.parse_integer
                0x00000000000054a3       0x32 bin/blib.a(parseopt.o)
                0x00000000000054a3                parse_integer
 .text.parse_netdev
                0x00000000000054d5       0x2a bin/blib.a(parseopt.o)
                0x00000000000054d5                parse_netdev
 .text.parse_menu
                0x00000000000054ff       0x3b bin/blib.a(parseopt.o)
                0x00000000000054ff                parse_menu
 .text.parse_flag
                0x000000000000553a        0x9 bin/blib.a(parseopt.o)
                0x000000000000553a                parse_flag
 .text.parse_key
                0x0000000000005543       0x19 bin/blib.a(parseopt.o)
                0x0000000000005543                parse_key
 .text.print_usage
                0x000000000000555c       0x15 bin/blib.a(parseopt.o)
                0x000000000000555c                print_usage
 .text.reparse_options
                0x0000000000005571      0x19f bin/blib.a(parseopt.o)
                0x0000000000005571                reparse_options
 .text.parse_options
                0x0000000000005710       0x2b bin/blib.a(parseopt.o)
                0x0000000000005710                parse_options
 .text.posix_fd_to_file
                0x000000000000573b       0x20 bin/blib.a(posix_io.o)
 .text.posix_file_finished
                0x000000000000575b       0x14 bin/blib.a(posix_io.o)
 .text.posix_file_xfer_deliver
                0x000000000000576f       0x3d bin/blib.a(posix_io.o)
 .text.posix_file_free
                0x00000000000057ac       0x30 bin/blib.a(posix_io.o)
 .text.open     0x00000000000057dc       0xb9 bin/blib.a(posix_io.o)
                0x00000000000057dc                open
 .text.select   0x0000000000005895       0x66 bin/blib.a(posix_io.o)
                0x0000000000005895                select
 .text.read_user
                0x00000000000058fb       0x8a bin/blib.a(posix_io.o)
                0x00000000000058fb                read_user
 .text.fsize    0x0000000000005985       0x13 bin/blib.a(posix_io.o)
                0x0000000000005985                fsize
 .text.close    0x0000000000005998       0x30 bin/blib.a(posix_io.o)
                0x0000000000005998                close
 .text.process_add
                0x00000000000059c8       0x1e bin/blib.a(process.o)
                0x00000000000059c8                process_add
 .text.init_processes
                0x00000000000059e6       0x1c bin/blib.a(process.o)
 .text.process_del
                0x0000000000005a02       0x1c bin/blib.a(process.o)
                0x0000000000005a02                process_del
 .text.step     0x0000000000005a1e       0x5d bin/blib.a(process.o)
                0x0000000000005a1e                step
 .text.ref_increment
                0x0000000000005a7b        0x7 bin/blib.a(refcnt.o)
                0x0000000000005a7b                ref_increment
 .text.ref_decrement
                0x0000000000005a82       0x1c bin/blib.a(refcnt.o)
                0x0000000000005a82                ref_decrement
 .text.apply_settings
                0x0000000000005a9e       0x1d bin/blib.a(settings.o)
 .text.parse_uuid_setting
                0x0000000000005abb        0x6 bin/blib.a(settings.o)
 .text.builtin_applies
                0x0000000000005ac1        0xd bin/blib.a(settings.o)
 .text.platform_fetch
                0x0000000000005ace       0x12 bin/blib.a(settings.o)
 .text.buildarch_fetch
                0x0000000000005ae0       0x12 bin/blib.a(settings.o)
 .text.format_string_setting
                0x0000000000005af2       0x30 bin/blib.a(settings.o)
 .text.errno_fetch
                0x0000000000005b22       0x28 bin/blib.a(settings.o)
 .text.format_hex_setting
                0x0000000000005b4a       0x5a bin/blib.a(settings.o)
 .text.format_hex_hyphen_setting
                0x0000000000005ba4       0x11 bin/blib.a(settings.o)
 .text.format_hex_colon_setting
                0x0000000000005bb5       0x11 bin/blib.a(settings.o)
 .text.parse_int_setting
                0x0000000000005bc6       0x51 bin/blib.a(settings.o)
 .text.parse_int32_setting
                0x0000000000005c17        0x8 bin/blib.a(settings.o)
 .text.parse_int16_setting
                0x0000000000005c1f        0x8 bin/blib.a(settings.o)
 .text.parse_int8_setting
                0x0000000000005c27        0x8 bin/blib.a(settings.o)
 .text.parse_ipv4_setting
                0x0000000000005c2f       0x37 bin/blib.a(settings.o)
 .text.format_uristring_setting
                0x0000000000005c66       0x40 bin/blib.a(settings.o)
 .text.parse_uristring_setting
                0x0000000000005ca6       0x43 bin/blib.a(settings.o)
 .text.parse_string_setting
                0x0000000000005ce9       0x29 bin/blib.a(settings.o)
 .text.generic_settings_clear
                0x0000000000005d12       0x28 bin/blib.a(settings.o)
                0x0000000000005d12                generic_settings_clear
 .text.autovivified_settings_free
                0x0000000000005d3a       0x13 bin/blib.a(settings.o)
 .text.parse_settings_name
                0x0000000000005d4d       0x8e bin/blib.a(settings.o)
 .text.numeric_setting_value
                0x0000000000005ddb       0x50 bin/blib.a(settings.o)
 .text.format_uint_setting
                0x0000000000005e2b       0x35 bin/blib.a(settings.o)
 .text.format_int_setting
                0x0000000000005e60       0x34 bin/blib.a(settings.o)
 .text.format_uuid_setting
                0x0000000000005e94       0x2b bin/blib.a(settings.o)
 .text.parse_hex_setting
                0x0000000000005ebf       0x4f bin/blib.a(settings.o)
 .text.format_ipv4_setting
                0x0000000000005f0e       0x2d bin/blib.a(settings.o)
 .text.find_child_settings
                0x0000000000005f3b       0x38 bin/blib.a(settings.o)
                0x0000000000005f3b                find_child_settings
 .text.settings_name
                0x0000000000005f73       0x56 bin/blib.a(settings.o)
                0x0000000000005f73                settings_name
 .text.find_settings
                0x0000000000005fc9        0xa bin/blib.a(settings.o)
                0x0000000000005fc9                find_settings
 .text.unregister_settings
                0x0000000000005fd3       0x54 bin/blib.a(settings.o)
                0x0000000000005fd3                unregister_settings
 .text.setting_applies
                0x0000000000006027       0x17 bin/blib.a(settings.o)
                0x0000000000006027                setting_applies
 .text.fetch_setting_and_origin
                0x000000000000603e       0xb9 bin/blib.a(settings.o)
 .text.fetch_setting
                0x00000000000060f7        0xf bin/blib.a(settings.o)
                0x00000000000060f7                fetch_setting
 .text.fetch_setting_origin
                0x0000000000006106       0x13 bin/blib.a(settings.o)
                0x0000000000006106                fetch_setting_origin
 .text.fetch_setting_len
                0x0000000000006119        0xa bin/blib.a(settings.o)
                0x0000000000006119                fetch_setting_len
 .text.fetch_string_setting
                0x0000000000006123       0x30 bin/blib.a(settings.o)
                0x0000000000006123                fetch_string_setting
 .text.fetch_string_setting_copy
                0x0000000000006153       0x51 bin/blib.a(settings.o)
                0x0000000000006153                fetch_string_setting_copy
 .text.fetch_ipv4_array_setting
                0x00000000000061a4       0x1f bin/blib.a(settings.o)
                0x00000000000061a4                fetch_ipv4_array_setting
 .text.fetch_ipv4_setting
                0x00000000000061c3        0x8 bin/blib.a(settings.o)
                0x00000000000061c3                fetch_ipv4_setting
 .text.fetch_int_setting
                0x00000000000061cb       0x31 bin/blib.a(settings.o)
                0x00000000000061cb                fetch_int_setting
 .text.fetch_uint_setting
                0x00000000000061fc       0x30 bin/blib.a(settings.o)
                0x00000000000061fc                fetch_uint_setting
 .text.fetch_intz_setting
                0x000000000000622c        0xd bin/blib.a(settings.o)
                0x000000000000622c                fetch_intz_setting
 .text.reprioritise_settings
                0x0000000000006239       0x6f bin/blib.a(settings.o)
 .text.register_settings
                0x00000000000062a8       0x51 bin/blib.a(settings.o)
                0x00000000000062a8                register_settings
 .text.builtin_init
                0x00000000000062f9       0x11 bin/blib.a(settings.o)
 .text.autovivify_child_settings
                0x000000000000630a       0x96 bin/blib.a(settings.o)
 .text.fetch_uintz_setting
                0x00000000000063a0        0xd bin/blib.a(settings.o)
                0x00000000000063a0                fetch_uintz_setting
 .text.fetch_uuid_setting
                0x00000000000063ad       0x16 bin/blib.a(settings.o)
                0x00000000000063ad                fetch_uuid_setting
 .text.clear_settings
                0x00000000000063c3        0xd bin/blib.a(settings.o)
                0x00000000000063c3                clear_settings
 .text.setting_cmp
                0x00000000000063d0       0x39 bin/blib.a(settings.o)
                0x00000000000063d0                setting_cmp
 .text.builtin_fetch
                0x0000000000006409       0x40 bin/blib.a(settings.o)
 .text.parse_setting_name
                0x0000000000006449      0x146 bin/blib.a(settings.o)
 .text.store_setting
                0x000000000000658f       0x86 bin/blib.a(settings.o)
                0x000000000000658f                store_setting
 .text.generic_settings_fetch
                0x0000000000006615       0x62 bin/blib.a(settings.o)
                0x0000000000006615                generic_settings_fetch
 .text.generic_settings_store
                0x0000000000006677       0xdb bin/blib.a(settings.o)
                0x0000000000006677                generic_settings_store
 .text.fetchf_setting
                0x0000000000006752       0x5e bin/blib.a(settings.o)
                0x0000000000006752                fetchf_setting
 .text.storef_setting
                0x00000000000067b0       0x7e bin/blib.a(settings.o)
                0x00000000000067b0                storef_setting
 .text.setting_name
                0x000000000000682e       0x47 bin/blib.a(settings.o)
                0x000000000000682e                setting_name
 .text.storef_named_setting
                0x0000000000006875       0x50 bin/blib.a(settings.o)
                0x0000000000006875                storef_named_setting
 .text.fetchf_named_setting
                0x00000000000068c5       0x77 bin/blib.a(settings.o)
                0x00000000000068c5                fetchf_named_setting
 .text.fetchf_named_setting_copy
                0x000000000000693c       0x50 bin/blib.a(settings.o)
                0x000000000000693c                fetchf_named_setting_copy
 .text.expand_settings
                0x000000000000698c       0xe4 bin/blib.a(settings.o)
                0x000000000000698c                expand_settings
 .text.strcpy   0x0000000000006a70       0x10 bin/blib.a(string.o)
                0x0000000000006a70                strcpy
 .text.strncpy  0x0000000000006a80       0x18 bin/blib.a(string.o)
                0x0000000000006a80                strncpy
 .text.strcmp   0x0000000000006a98       0x24 bin/blib.a(string.o)
                0x0000000000006a98                strcmp
 .text.strcasecmp
                0x0000000000006abc       0x2a bin/blib.a(string.o)
                0x0000000000006abc                strcasecmp
 .text.strchr   0x0000000000006ae6       0x11 bin/blib.a(string.o)
                0x0000000000006ae6                strchr
 .text.strrchr  0x0000000000006af7       0x1f bin/blib.a(string.o)
                0x0000000000006af7                strrchr
 .text.strnlen  0x0000000000006b16       0x14 bin/blib.a(string.o)
                0x0000000000006b16                strnlen
 .text.memcmp   0x0000000000006b2a       0x21 bin/blib.a(string.o)
                0x0000000000006b2a                memcmp
 .text.strstr   0x0000000000006b4b       0x3e bin/blib.a(string.o)
                0x0000000000006b4b                strstr
 .text.memchr   0x0000000000006b89       0x15 bin/blib.a(string.o)
                0x0000000000006b89                memchr
 .text.strndup  0x0000000000006b9e       0x35 bin/blib.a(string.o)
                0x0000000000006b9e                strndup
 .text.strdup   0x0000000000006bd3        0x8 bin/blib.a(string.o)
                0x0000000000006bd3                strdup
 .text.mdelay   0x0000000000006bdb       0x16 bin/blib.a(timer.o)
                0x0000000000006bdb                mdelay
 .text.sleep    0x0000000000006bf1       0x18 bin/blib.a(timer.o)
                0x0000000000006bf1                sleep
 .text.uri_port
                0x0000000000006c09       0x17 bin/blib.a(uri.o)
                0x0000000000006c09                uri_port
 .text.resolve_path
                0x0000000000006c20       0xc2 bin/blib.a(uri.o)
                0x0000000000006c20                resolve_path
 .text.uri_encode
                0x0000000000006ce2       0xc4 bin/blib.a(uri.o)
                0x0000000000006ce2                uri_encode
 .text.unparse_uri
                0x0000000000006da6      0x111 bin/blib.a(uri.o)
                0x0000000000006da6                unparse_uri
 .text.uri_decode
                0x0000000000006eb7       0x71 bin/blib.a(uri.o)
                0x0000000000006eb7                uri_decode
 .text.parse_uri
                0x0000000000006f28      0x164 bin/blib.a(uri.o)
                0x0000000000006f28                parse_uri
 .text.uri_dup  0x000000000000708c       0x45 bin/blib.a(uri.o)
                0x000000000000708c                uri_dup
 .text.resolve_uri
                0x00000000000070d1       0x8c bin/blib.a(uri.o)
                0x00000000000070d1                resolve_uri
 .text.uuid_ntoa
                0x000000000000715d       0x63 bin/blib.a(uuid.o)
                0x000000000000715d                uuid_ntoa
 .text.format_hex
                0x00000000000071c0       0x6e bin/blib.a(vsprintf.o)
 .text.printf_sputc
                0x000000000000722e        0xf bin/blib.a(vsprintf.o)
 .text.printf_putchar
                0x000000000000723d        0x7 bin/blib.a(vsprintf.o)
 .text.vcprintf
                0x0000000000007244      0x267 bin/blib.a(vsprintf.o)
                0x0000000000007244                vcprintf
 .text.vsnprintf
                0x00000000000074ab       0x3e bin/blib.a(vsprintf.o)
                0x00000000000074ab                vsnprintf
 .text.snprintf
                0x00000000000074e9       0x17 bin/blib.a(vsprintf.o)
                0x00000000000074e9                snprintf
 .text.vssnprintf
                0x0000000000007500       0x12 bin/blib.a(vsprintf.o)
                0x0000000000007500                vssnprintf
 .text.ssnprintf
                0x0000000000007512       0x17 bin/blib.a(vsprintf.o)
                0x0000000000007512                ssnprintf
 .text.vprintf  0x0000000000007529       0x19 bin/blib.a(vsprintf.o)
                0x0000000000007529                vprintf
 .text.printf   0x0000000000007542        0xe bin/blib.a(vsprintf.o)
                0x0000000000007542                printf
 .text.xfer_deliver
                0x0000000000007550       0x47 bin/blib.a(xfer.o)
                0x0000000000007550                xfer_deliver
 .text.xfer_window_changed
                0x0000000000007597       0x29 bin/blib.a(xfer.o)
                0x0000000000007597                xfer_window_changed
 .text.xfer_window
                0x00000000000075c0       0x32 bin/blib.a(xfer.o)
                0x00000000000075c0                xfer_window
 .text.xfer_alloc_iob
                0x00000000000075f2       0x3c bin/blib.a(xfer.o)
                0x00000000000075f2                xfer_alloc_iob
 .text.xfer_vredirect
                0x000000000000762e       0x88 bin/blib.a(xfer.o)
                0x000000000000762e                xfer_vredirect
 .text.xfer_redirect
                0x00000000000076b6       0x12 bin/blib.a(xfer.o)
                0x00000000000076b6                xfer_redirect
 .text.xfer_deliver_iob
                0x00000000000076c8        0xa bin/blib.a(xfer.o)
                0x00000000000076c8                xfer_deliver_iob
 .text.xfer_deliver_raw_meta
                0x00000000000076d2       0x46 bin/blib.a(xfer.o)
                0x00000000000076d2                xfer_deliver_raw_meta
 .text.xfer_deliver_raw
                0x0000000000007718        0xb bin/blib.a(xfer.o)
                0x0000000000007718                xfer_deliver_raw
 .text.xfer_vprintf
                0x0000000000007723       0x2e bin/blib.a(xfer.o)
                0x0000000000007723                xfer_vprintf
 .text.xfer_printf
                0x0000000000007751       0x12 bin/blib.a(xfer.o)
                0x0000000000007751                xfer_printf
 .text.xfer_seek
                0x0000000000007763       0x42 bin/blib.a(xfer.o)
                0x0000000000007763                xfer_seek
 .text.arp_ntoa
                0x00000000000077a5        0x6 bin/blib.a(arp.o)
 .text.arp_probe
                0x00000000000077ab        0x3 bin/blib.a(arp.o)
 .text.arp_destroy
                0x00000000000077ae       0x48 bin/blib.a(arp.o)
 .text.arp_discard
                0x00000000000077f6       0x2b bin/blib.a(arp.o)
 .text.arp_find
                0x0000000000007821       0x65 bin/blib.a(arp.o)
 .text.arp_rx   0x0000000000007886      0x17f bin/blib.a(arp.o)
 .text.arp_expired
                0x0000000000007a05      0x104 bin/blib.a(arp.o)
 .text.arp_free
                0x0000000000007b09       0x13 bin/blib.a(arp.o)
 .text.arp_flush
                0x0000000000007b1c       0x32 bin/blib.a(arp.o)
 .text.arp_tx   0x0000000000007b4e       0xd7 bin/blib.a(arp.o)
                0x0000000000007b4e                arp_tx
 .text.find_dhcp_option_with_encap
                0x0000000000007c25       0x8b bin/blib.a(dhcpopts.o)
 .text.set_dhcp_option
                0x0000000000007cb0      0x1d4 bin/blib.a(dhcpopts.o)
 .text.dhcpopt_no_realloc
                0x0000000000007e84        0xf bin/blib.a(dhcpopts.o)
                0x0000000000007e84                dhcpopt_no_realloc
 .text.dhcpopt_applies
                0x0000000000007e93        0xd bin/blib.a(dhcpopts.o)
                0x0000000000007e93                dhcpopt_applies
 .text.dhcpopt_store
                0x0000000000007ea0       0x17 bin/blib.a(dhcpopts.o)
                0x0000000000007ea0                dhcpopt_store
 .text.dhcpopt_fetch
                0x0000000000007eb7       0x36 bin/blib.a(dhcpopts.o)
                0x0000000000007eb7                dhcpopt_fetch
 .text.dhcpopt_update_used_len
                0x0000000000007eed       0x50 bin/blib.a(dhcpopts.o)
                0x0000000000007eed                dhcpopt_update_used_len
 .text.dhcpopt_init
                0x0000000000007f3d       0x14 bin/blib.a(dhcpopts.o)
                0x0000000000007f3d                dhcpopt_init
 .text.eth_push
                0x0000000000007f51       0x38 bin/blib.a(ethernet.o)
                0x0000000000007f51                eth_push
 .text.eth_init_addr
                0x0000000000007f89        0xc bin/blib.a(ethernet.o)
                0x0000000000007f89                eth_init_addr
 .text.eth_eth_addr
                0x0000000000007f95        0xe bin/blib.a(ethernet.o)
                0x0000000000007f95                eth_eth_addr
 .text.eth_ntoa
                0x0000000000007fa3       0x37 bin/blib.a(ethernet.o)
                0x0000000000007fa3                eth_ntoa
 .text.eth_pull
                0x0000000000007fda       0x5e bin/blib.a(ethernet.o)
                0x0000000000007fda                eth_pull
 .text.eth_mc_hash
                0x0000000000008038       0x2c bin/blib.a(ethernet.o)
                0x0000000000008038                eth_mc_hash
 .text.alloc_etherdev
                0x0000000000008064       0x1f bin/blib.a(ethernet.o)
                0x0000000000008064                alloc_etherdev
 .text.eth_slow_rx
                0x0000000000008083      0x111 bin/blib.a(eth_slow.o)
 .text.copy_encap_settings
                0x0000000000008194       0xc6 bin/blib.a(fakedhcp.o)
 .text.create_fakedhcpdiscover
                0x000000000000825a       0x21 bin/blib.a(fakedhcp.o)
                0x000000000000825a                create_fakedhcpdiscover
 .text.create_fakedhcpack
                0x000000000000827b       0x49 bin/blib.a(fakedhcp.o)
                0x000000000000827b                create_fakedhcpack
 .text.create_fakepxebsack
                0x00000000000082c4       0x92 bin/blib.a(fakedhcp.o)
                0x00000000000082c4                create_fakepxebsack
 .text.iob_pad  0x0000000000008356       0x42 bin/blib.a(iobpad.o)
                0x0000000000008356                iob_pad
 .text.ipv4_create_routes
                0x0000000000008398      0x15c bin/blib.a(ipv4.o)
 .text.ipv4_fragment_expired
                0x00000000000084f4       0x1f bin/blib.a(ipv4.o)
 .text.ipv4_pshdr_chksum
                0x0000000000008513       0x53 bin/blib.a(ipv4.o)
 .text.ipv4_tx  0x0000000000008566      0x1b4 bin/blib.a(ipv4.o)
 .text.ipv4_arp_check
                0x000000000000871a       0x29 bin/blib.a(ipv4.o)
 .text.ipv4_has_any_addr
                0x0000000000008743       0x20 bin/blib.a(ipv4.o)
                0x0000000000008743                ipv4_has_any_addr
 .text.ipv4_rx  0x0000000000008763      0x2bf bin/blib.a(ipv4.o)
 .text.inet_ntoa
                0x0000000000008a22       0x31 bin/blib.a(ipv4.o)
                0x0000000000008a22                inet_ntoa
 .text.ipv4_ntoa
                0x0000000000008a53        0x7 bin/blib.a(ipv4.o)
 .text.netdev_notify
                0x0000000000008a5a       0x1e bin/blib.a(netdevice.o)
 .text.net_discard
                0x0000000000008a78       0x40 bin/blib.a(netdevice.o)
 .text.netdev_record_stat
                0x0000000000008ab8       0x40 bin/blib.a(netdevice.o)
 .text.netdev_link_err
                0x0000000000008af8        0x8 bin/blib.a(netdevice.o)
                0x0000000000008af8                netdev_link_err
 .text.netdev_link_down
                0x0000000000008b00       0x1c bin/blib.a(netdevice.o)
                0x0000000000008b00                netdev_link_down
 .text.netdev_tx_err
                0x0000000000008b1c       0x15 bin/blib.a(netdevice.o)
                0x0000000000008b1c                netdev_tx_err
 .text.netdev_tx_defer
                0x0000000000008b31       0x26 bin/blib.a(netdevice.o)
                0x0000000000008b31                netdev_tx_defer
 .text.netdev_tx_complete_err
                0x0000000000008b57       0x39 bin/blib.a(netdevice.o)
                0x0000000000008b57                netdev_tx_complete_err
 .text.netdev_tx
                0x0000000000008b90       0x3f bin/blib.a(netdevice.o)
                0x0000000000008b90                netdev_tx
 .text.netdev_tx_complete_next_err
                0x0000000000008bcf       0x1b bin/blib.a(netdevice.o)
                0x0000000000008bcf                netdev_tx_complete_next_err
 .text.netdev_tx_flush
                0x0000000000008bea       0x1d bin/blib.a(netdevice.o)
 .text.netdev_rx
                0x0000000000008c07       0x1b bin/blib.a(netdevice.o)
                0x0000000000008c07                netdev_rx
 .text.netdev_rx_err
                0x0000000000008c22       0x1c bin/blib.a(netdevice.o)
                0x0000000000008c22                netdev_rx_err
 .text.netdev_poll
                0x0000000000008c3e        0xd bin/blib.a(netdevice.o)
                0x0000000000008c3e                netdev_poll
 .text.netdev_rx_dequeue
                0x0000000000008c4b       0x1f bin/blib.a(netdevice.o)
                0x0000000000008c4b                netdev_rx_dequeue
 .text.netdev_rx_flush
                0x0000000000008c6a       0x20 bin/blib.a(netdevice.o)
 .text.free_netdev
                0x0000000000008c8a       0x22 bin/blib.a(netdevice.o)
 .text.alloc_netdev
                0x0000000000008cac       0x98 bin/blib.a(netdevice.o)
                0x0000000000008cac                alloc_netdev
 .text.register_netdev
                0x0000000000008d44       0xeb bin/blib.a(netdevice.o)
                0x0000000000008d44                register_netdev
 .text.netdev_open
                0x0000000000008e2f       0x34 bin/blib.a(netdevice.o)
                0x0000000000008e2f                netdev_open
 .text.netdev_close
                0x0000000000008e63       0x3b bin/blib.a(netdevice.o)
                0x0000000000008e63                netdev_close
 .text.unregister_netdev
                0x0000000000008e9e       0x48 bin/blib.a(netdevice.o)
                0x0000000000008e9e                unregister_netdev
 .text.netdev_irq
                0x0000000000008ee6       0x2a bin/blib.a(netdevice.o)
                0x0000000000008ee6                netdev_irq
 .text.find_netdev
                0x0000000000008f10       0x2f bin/blib.a(netdevice.o)
                0x0000000000008f10                find_netdev
 .text.find_netdev_by_location
                0x0000000000008f3f       0x28 bin/blib.a(netdevice.o)
                0x0000000000008f3f                find_netdev_by_location
 .text.last_opened_netdev
                0x0000000000008f67       0x14 bin/blib.a(netdevice.o)
                0x0000000000008f67                last_opened_netdev
 .text.net_tx   0x0000000000008f7b       0x44 bin/blib.a(netdevice.o)
                0x0000000000008f7b                net_tx
 .text.net_rx   0x0000000000008fbf       0x38 bin/blib.a(netdevice.o)
                0x0000000000008fbf                net_rx
 .text.net_poll
                0x0000000000008ff7       0x97 bin/blib.a(netdevice.o)
                0x0000000000008ff7                net_poll
 .text.net_step
                0x000000000000908e        0x5 bin/blib.a(netdevice.o)
 .text.vlan_tag
                0x0000000000009093        0x3 bin/blib.a(netdevice.o)
                0x0000000000009093                vlan_tag
 .text.netdev_clear
                0x0000000000009096        0x5 bin/blib.a(netdev_settings.o)
 .text.netdev_fetch
                0x000000000000909b       0x6c bin/blib.a(netdev_settings.o)
 .text.netdev_fetch_chip
                0x0000000000009107       0x1c bin/blib.a(netdev_settings.o)
 .text.netdev_store_mac
                0x0000000000009123       0x2e bin/blib.a(netdev_settings.o)
 .text.netdev_fetch_mac
                0x0000000000009151       0x23 bin/blib.a(netdev_settings.o)
 .text.netdev_fetch_busid
                0x0000000000009174       0x43 bin/blib.a(netdev_settings.o)
 .text.netdev_store
                0x00000000000091b7       0x7b bin/blib.a(netdev_settings.o)
 .text.null_open
                0x0000000000009232        0x6 bin/blib.a(nullnet.o)
 .text.null_close
                0x0000000000009238        0x1 bin/blib.a(nullnet.o)
 .text.null_transmit
                0x0000000000009239        0x6 bin/blib.a(nullnet.o)
 .text.null_poll
                0x000000000000923f        0x1 bin/blib.a(nullnet.o)
 .text.null_irq
                0x0000000000009240        0x1 bin/blib.a(nullnet.o)
 .text.rarp_ntoa
                0x0000000000009241        0x6 bin/blib.a(rarp.o)
 .text.rarp_rx  0x0000000000009247        0xa bin/blib.a(rarp.o)
 .text.start_timer
                0x0000000000009251       0x51 bin/blib.a(retry.o)
                0x0000000000009251                start_timer
 .text.start_timer_fixed
                0x00000000000092a2       0x11 bin/blib.a(retry.o)
                0x00000000000092a2                start_timer_fixed
 .text.stop_timer
                0x00000000000092b3       0x50 bin/blib.a(retry.o)
                0x00000000000092b3                stop_timer
 .text.retry_poll
                0x0000000000009303       0x6f bin/blib.a(retry.o)
                0x0000000000009303                retry_poll
 .text.retry_step
                0x0000000000009372        0x5 bin/blib.a(retry.o)
 .text.tcpip_rx
                0x0000000000009377       0x3d bin/blib.a(tcpip.o)
                0x0000000000009377                tcpip_rx
 .text.tcpip_tx
                0x00000000000093b4       0x40 bin/blib.a(tcpip.o)
                0x00000000000093b4                tcpip_tx
 .text.tcpip_chksum
                0x00000000000093f4        0xe bin/blib.a(tcpip.o)
                0x00000000000093f4                tcpip_chksum
 .text.udp_bind
                0x0000000000009402       0x67 bin/blib.a(udp.o)
 .text.udp_rx   0x0000000000009469      0x13d bin/blib.a(udp.o)
 .text.udp_close
                0x00000000000095a6       0x1e bin/blib.a(udp.o)
 .text.udp_xfer_alloc_iob
                0x00000000000095c4       0x15 bin/blib.a(udp.o)
 .text.udp_xfer_deliver
                0x00000000000095d9       0x9f bin/blib.a(udp.o)
 .text.udp_open_common
                0x0000000000009678       0x99 bin/blib.a(udp.o)
 .text.udp_open
                0x0000000000009711        0x8 bin/blib.a(udp.o)
                0x0000000000009711                udp_open
 .text.udp_open_uri
                0x0000000000009719       0x50 bin/blib.a(udp.o)
 .text.udp_open_promisc
                0x0000000000009769        0xc bin/blib.a(udp.o)
                0x0000000000009769                udp_open_promisc
 .text.http_open
                0x0000000000009775        0xd bin/blib.a(http.o)
 .text.http_socket_window
                0x0000000000009782        0x4 bin/blib.a(httpcore.o)
 .text.http_xfer_window
                0x0000000000009786        0xb bin/blib.a(httpcore.o)
 .text.http_acpi_describe
                0x0000000000009791        0x3 bin/blib.a(httpcore.o)
 .text.http_rx_connection
                0x0000000000009794       0x1b bin/blib.a(httpcore.o)
 .text.http_rx_transfer_encoding
                0x00000000000097af       0x1e bin/blib.a(httpcore.o)
 .text.http_free
                0x00000000000097cd       0x39 bin/blib.a(httpcore.o)
 .text.http_digest_param
                0x0000000000009806       0x3a bin/blib.a(httpcore.o)
 .text.http_rx_content_length
                0x0000000000009840       0x9b bin/blib.a(httpcore.o)
 .text.http_rx_location
                0x00000000000098db       0x10 bin/blib.a(httpcore.o)
 .text.http_rx_response
                0x00000000000098eb       0x5c bin/blib.a(httpcore.o)
 .text.http_digest_auth
                0x0000000000009947      0x255 bin/blib.a(httpcore.o)
 .text.http_socket_open
                0x0000000000009b9c       0x62 bin/blib.a(httpcore.o)
 .text.http_close
                0x0000000000009bfe       0x39 bin/blib.a(httpcore.o)
 .text.http_rx_basic_auth
                0x0000000000009c37       0x23 bin/blib.a(httpcore.o)
 .text.http_partial_read.part.6
                0x0000000000009c5a        0x6 bin/blib.a(httpcore.o)
 .text.http_block_read_capacity
                0x0000000000009c60       0x4f bin/blib.a(httpcore.o)
 .text.http_block_read
                0x0000000000009caf       0x60 bin/blib.a(httpcore.o)
 .text.http_rx_chunk_len
                0x0000000000009d0f       0x6e bin/blib.a(httpcore.o)
 .text.http_rx_www_authenticate
                0x0000000000009d7d       0x50 bin/blib.a(httpcore.o)
 .text.http_rx_digest_auth
                0x0000000000009dcd       0x8d bin/blib.a(httpcore.o)
 .text.http_basic_auth.isra.12
                0x0000000000009e5a       0xaa bin/blib.a(httpcore.o)
 .text.http_done
                0x0000000000009f04       0x95 bin/blib.a(httpcore.o)
 .text.http_socket_close
                0x0000000000009f99        0xe bin/blib.a(httpcore.o)
 .text.http_rx_header
                0x0000000000009fa7       0xf4 bin/blib.a(httpcore.o)
 .text.http_socket_deliver
                0x000000000000a09b      0x13a bin/blib.a(httpcore.o)
 .text.http_step
                0x000000000000a1d5      0x1ad bin/blib.a(httpcore.o)
 .text.http_open_filter
                0x000000000000a382       0xd3 bin/blib.a(httpcore.o)
                0x000000000000a382                http_open_filter
 .text.iscsi_tx_nothing
                0x000000000000a455        0x3 bin/blib.a(iscsi.o)
 .text.iscsi_rx_discard
                0x000000000000a458        0x5 bin/blib.a(iscsi.o)
 .text.iscsi_scsi_window
                0x000000000000a45d       0x1c bin/blib.a(iscsi.o)
 .text.iscsi_rx_bhs
                0x000000000000a479       0x19 bin/blib.a(iscsi.o)
 .text.iscsi_vredirect
                0x000000000000a492       0x30 bin/blib.a(iscsi.o)
 .text.iscsi_tx_resume
                0x000000000000a4c2        0xa bin/blib.a(iscsi.o)
 .text.iscsi_start_data_out
                0x000000000000a4cc       0xcb bin/blib.a(iscsi.o)
 .text.iscsi_rx_buffered_data
                0x000000000000a597       0x51 bin/blib.a(iscsi.o)
 .text.iscsi_handle_authmethod_value
                0x000000000000a5e8       0x1e bin/blib.a(iscsi.o)
 .text.iscsi_large_binary_decode
                0x000000000000a606       0x38 bin/blib.a(iscsi.o)
 .text.iscsi_handle_chap_r_value
                0x000000000000a63e       0xd7 bin/blib.a(iscsi.o)
 .text.iscsi_handle_chap_c_value
                0x000000000000a715       0x76 bin/blib.a(iscsi.o)
 .text.iscsi_handle_chap_i_value
                0x000000000000a78b       0x7a bin/blib.a(iscsi.o)
 .text.iscsi_free
                0x000000000000a805       0x6b bin/blib.a(iscsi.o)
 .text.iscsi_build_login_request_strings
                0x000000000000a870      0x150 bin/blib.a(iscsi.o)
 .text.iscsi_start_login
                0x000000000000a9c0       0x92 bin/blib.a(iscsi.o)
 .text.iscsi_scsi_command
                0x000000000000aa52      0x117 bin/blib.a(iscsi.o)
 .text.iscsi_tx_data
                0x000000000000ab69       0xed bin/blib.a(iscsi.o)
 .text.iscsi_tx_bhs
                0x000000000000ac56       0x13 bin/blib.a(iscsi.o)
 .text.iscsi_parse_root_path
                0x000000000000ac69       0xb3 bin/blib.a(iscsi.o)
 .text.iscsi_close
                0x000000000000ad1c       0x3a bin/blib.a(iscsi.o)
 .text.iscsi_socket_deliver
                0x000000000000ad56      0x10b bin/blib.a(iscsi.o)
 .text.iscsi_command_close
                0x000000000000ae61       0x2e bin/blib.a(iscsi.o)
 .text.iscsi_tx_step
                0x000000000000ae8f       0xee bin/blib.a(iscsi.o)
 .text.iscsi_handle_chap_n_value
                0x000000000000af7d       0x1c bin/blib.a(iscsi.o)
 .text.iscsi_handle_chap_a_value
                0x000000000000af99       0x1a bin/blib.a(iscsi.o)
 .text.iscsi_handle_targetaddress_value
                0x000000000000afb3       0x4f bin/blib.a(iscsi.o)
 .text.iscsi_open_connection
                0x000000000000b002       0x7e bin/blib.a(iscsi.o)
 .text.iscsi_open
                0x000000000000b080      0x23f bin/blib.a(iscsi.o)
 .text.iscsi_scsi_done.constprop.11
                0x000000000000b2bf       0x45 bin/blib.a(iscsi.o)
 .text.iscsi_rx_data
                0x000000000000b304      0x3d2 bin/blib.a(iscsi.o)
 .text.dhcp_discovery_tx
                0x000000000000b6d6       0x10 bin/blib.a(dhcp.o)
 .text.dhcp_deliver
                0x000000000000b6e6       0xca bin/blib.a(dhcp.o)
 .text.dhcp_pxebs_tx
                0x000000000000b7b0       0x42 bin/blib.a(dhcp.o)
 .text.dhcp_proxy_tx
                0x000000000000b7f2       0x2a bin/blib.a(dhcp.o)
 .text.dhcp_set_state
                0x000000000000b81c       0x46 bin/blib.a(dhcp.o)
 .text.dhcp_finished
                0x000000000000b862       0x24 bin/blib.a(dhcp.o)
 .text.dhcp_pxebs_rx
                0x000000000000b886       0x9f bin/blib.a(dhcp.o)
 .text.dhcp_timer_expired
                0x000000000000b925       0x1a bin/blib.a(dhcp.o)
 .text.dhcp_proxy_rx
                0x000000000000b93f       0x4e bin/blib.a(dhcp.o)
 .text.dhcp_free
                0x000000000000b98d       0x1b bin/blib.a(dhcp.o)
 .text.dhcp_discovery_rx
                0x000000000000b9a8      0x12d bin/blib.a(dhcp.o)
 .text.dhcp_request_tx
                0x000000000000bad5       0x44 bin/blib.a(dhcp.o)
 .text.dhcp_request_rx
                0x000000000000bb19       0xc9 bin/blib.a(dhcp.o)
 .text.dhcp_create_packet
                0x000000000000bbe2       0xdb bin/blib.a(dhcp.o)
                0x000000000000bbe2                dhcp_create_packet
 .text.dhcp_create_request
                0x000000000000bcbd      0x15a bin/blib.a(dhcp.o)
                0x000000000000bcbd                dhcp_create_request
 .text.dhcp_tx  0x000000000000be17       0xf3 bin/blib.a(dhcp.o)
 .text.dhcp_pxebs_expired
                0x000000000000bf0a       0x44 bin/blib.a(dhcp.o)
 .text.dhcp_discovery_expired
                0x000000000000bf4e       0x30 bin/blib.a(dhcp.o)
 .text.dhcp_request_expired
                0x000000000000bf7e        0x5 bin/blib.a(dhcp.o)
 .text.dhcp_proxy_expired
                0x000000000000bf83       0x25 bin/blib.a(dhcp.o)
 .text.get_cached_dhcpack
                0x000000000000bfa8        0x1 bin/blib.a(dhcp.o)
                0x000000000000bfa8                get_cached_dhcpack
 .text.start_dhcp
                0x000000000000bfa9       0xe5 bin/blib.a(dhcp.o)
                0x000000000000bfa9                start_dhcp
 .text.start_pxebs
                0x000000000000c08e      0x21c bin/blib.a(dhcp.o)
                0x000000000000c08e                start_pxebs
 .text.dns_skip_name
                0x000000000000c2aa       0x1a bin/blib.a(dns.o)
 .text.apply_dns_settings
                0x000000000000c2c4       0x45 bin/blib.a(dns.o)
 .text.dns_done
                0x000000000000c309       0x24 bin/blib.a(dns.o)
 .text.dns_xfer_close
                0x000000000000c32d        0xe bin/blib.a(dns.o)
 .text.dns_send_packet
                0x000000000000c33b       0x33 bin/blib.a(dns.o)
 .text.dns_resolv
                0x000000000000c36e      0x14e bin/blib.a(dns.o)
 .text.dns_xfer_deliver
                0x000000000000c4bc      0x211 bin/blib.a(dns.o)
 .text.dns_timer_expired
                0x000000000000c6cd       0x16 bin/blib.a(dns.o)
 .text.tftp_xfer_window
                0x000000000000c6e3        0x4 bin/blib.a(tftp.o)
 .text.tftp_reopen
                0x000000000000c6e7       0x57 bin/blib.a(tftp.o)
 .text.tftp_reopen_mc
                0x000000000000c73e       0x23 bin/blib.a(tftp.o)
 .text.tftp_process_multicast
                0x000000000000c761       0xec bin/blib.a(tftp.o)
 .text.tftp_send_packet
                0x000000000000c84d      0x162 bin/blib.a(tftp.o)
 .text.tftp_done
                0x000000000000c9af       0x2e bin/blib.a(tftp.o)
 .text.tftp_core_open
                0x000000000000c9dd      0x101 bin/blib.a(tftp.o)
 .text.mtftp_open
                0x000000000000cade       0x12 bin/blib.a(tftp.o)
 .text.tftm_open
                0x000000000000caf0        0xf bin/blib.a(tftp.o)
 .text.tftpsize_open
                0x000000000000caff        0xf bin/blib.a(tftp.o)
 .text.tftp_open
                0x000000000000cb0e        0xf bin/blib.a(tftp.o)
 .text.tftp_timer_expired
                0x000000000000cb1d       0x84 bin/blib.a(tftp.o)
 .text.tftp_free
                0x000000000000cba1       0x1b bin/blib.a(tftp.o)
 .text.tftp_apply_settings
                0x000000000000cbbc       0x71 bin/blib.a(tftp.o)
 .text.tftp_process_tsize
                0x000000000000cc2d       0x27 bin/blib.a(tftp.o)
 .text.tftp_process_blksize
                0x000000000000cc54       0x27 bin/blib.a(tftp.o)
 .text.tftp_presize.part.7
                0x000000000000cc7b       0x32 bin/blib.a(tftp.o)
 .text.tftp_send_error.constprop.9
                0x000000000000ccad       0x72 bin/blib.a(tftp.o)
 .text.tftp_rx  0x000000000000cd1f      0x293 bin/blib.a(tftp.o)
 .text.tftp_socket_deliver
                0x000000000000cfb2        0x9 bin/blib.a(tftp.o)
 .text.elf_load
                0x000000000000cfbb      0x141 bin/blib.a(elf.o)
                0x000000000000cfbb                elf_load
 .text.embedded_init
                0x000000000000d0fc        0x1 bin/blib.a(embedded.o)
 .text.terminate_on_label_found
                0x000000000000d0fd        0x9 bin/blib.a(script.o)
 .text.prompt_exec
                0x000000000000d106       0x54 bin/blib.a(script.o)
 .text.process_script
                0x000000000000d15a       0xaa bin/blib.a(script.o)
 .text.goto_find_label
                0x000000000000d204       0x4e bin/blib.a(script.o)
 .text.script_exec
                0x000000000000d252       0x3c bin/blib.a(script.o)
 .text.terminate_on_exit_or_failure
                0x000000000000d28e       0x21 bin/blib.a(script.o)
 .text.script_probe
                0x000000000000d2af       0x63 bin/blib.a(script.o)
 .text.goto_exec
                0x000000000000d312       0x85 bin/blib.a(script.o)
 .text.script_exec_line
                0x000000000000d397        0xd bin/blib.a(script.o)
 .text.prep_segment
                0x000000000000d3a4       0x81 bin/blib.a(segment.o)
                0x000000000000d3a4                prep_segment
 .text.mii_restart
                0x000000000000d425       0x1f bin/blib.a(mii.o)
                0x000000000000d425                mii_restart
 .text.mii_reset
                0x000000000000d444       0x4a bin/blib.a(mii.o)
                0x000000000000d444                mii_reset
 .text.ibft_set_ipaddr_setting
                0x000000000000d48e       0x66 bin/blib.a(ibft.o)
 .text.ibft_set_string
                0x000000000000d4f4       0x49 bin/blib.a(ibft.o)
 .text.ibft_describe
                0x000000000000d53d      0x2cc bin/blib.a(ibft.o)
                0x000000000000d53d                ibft_describe
 .text.scsicmd_read_capacity_cmd
                0x000000000000d809       0x32 bin/blib.a(scsi.o)
 .text.scsicmd_test_unit_ready_cmd
                0x000000000000d83b        0x5 bin/blib.a(scsi.o)
 .text.scsicmd_close
                0x000000000000d840       0x1a bin/blib.a(scsi.o)
 .text.scsidev_close
                0x000000000000d85a       0x69 bin/blib.a(scsi.o)
 .text.scsicmd_write_cmd
                0x000000000000d8c3       0x54 bin/blib.a(scsi.o)
 .text.scsicmd_read_cmd
                0x000000000000d917       0x54 bin/blib.a(scsi.o)
 .text.scsicmd_free
                0x000000000000d96b       0x1e bin/blib.a(scsi.o)
 .text.scsi_response
                0x000000000000d989       0x2f bin/blib.a(scsi.o)
                0x000000000000d989                scsi_response
 .text.scsi_command
                0x000000000000d9b8       0x40 bin/blib.a(scsi.o)
                0x000000000000d9b8                scsi_command
 .text.scsicmd_command
                0x000000000000d9f8       0x4b bin/blib.a(scsi.o)
 .text.scsicmd_read_capacity_done
                0x000000000000da43       0x91 bin/blib.a(scsi.o)
 .text.scsidev_command
                0x000000000000dad4       0xbb bin/blib.a(scsi.o)
 .text.scsidev_read_capacity
                0x000000000000db8f       0x15 bin/blib.a(scsi.o)
 .text.scsidev_write
                0x000000000000dba4        0xc bin/blib.a(scsi.o)
 .text.scsidev_read
                0x000000000000dbb0        0xc bin/blib.a(scsi.o)
 .text.scsicmd_done
                0x000000000000dbbc       0x3a bin/blib.a(scsi.o)
 .text.scsidev_window
                0x000000000000dbf6       0x11 bin/blib.a(scsi.o)
 .text.scsidev_ready
                0x000000000000dc07       0x2b bin/blib.a(scsi.o)
 .text.scsidev_step
                0x000000000000dc32       0x42 bin/blib.a(scsi.o)
 .text.scsicmd_response
                0x000000000000dc74       0x20 bin/blib.a(scsi.o)
 .text.scsi_parse_lun
                0x000000000000dc94       0x5f bin/blib.a(scsi.o)
                0x000000000000dc94                scsi_parse_lun
 .text.scsi_open
                0x000000000000dcf3       0xa3 bin/blib.a(scsi.o)
                0x000000000000dcf3                scsi_open
 .text.write_bit
                0x000000000000dd96        0xf bin/blib.a(bitbash.o)
                0x000000000000dd96                write_bit
 .text.read_bit
                0x000000000000dda5        0xd bin/blib.a(bitbash.o)
                0x000000000000dda5                read_bit
 .text.smbios_applies
                0x000000000000ddb2        0xd bin/blib.a(smbios_settings.o)
 .text.smbios_init
                0x000000000000ddbf       0x11 bin/blib.a(smbios_settings.o)
 .text.smbios_fetch
                0x000000000000ddd0      0x102 bin/blib.a(smbios_settings.o)
 .text.chap_init
                0x000000000000ded2       0x37 bin/blib.a(chap.o)
                0x000000000000ded2                chap_init
 .text.chap_update
                0x000000000000df09        0xf bin/blib.a(chap.o)
                0x000000000000df09                chap_update
 .text.chap_respond
                0x000000000000df18       0x10 bin/blib.a(chap.o)
                0x000000000000df18                chap_respond
 .text.chap_finish
                0x000000000000df28       0x16 bin/blib.a(chap.o)
                0x000000000000df28                chap_finish
 .text.md5_f_0_15
                0x000000000000df3e       0x10 bin/blib.a(md5.o)
 .text.md5_f_16_31
                0x000000000000df4e       0x10 bin/blib.a(md5.o)
 .text.md5_f_32_47
                0x000000000000df5e        0xc bin/blib.a(md5.o)
 .text.md5_f_48_63
                0x000000000000df6a        0xe bin/blib.a(md5.o)
 .text.md5_init
                0x000000000000df78       0x23 bin/blib.a(md5.o)
 .text.md5_update
                0x000000000000df9b       0xc6 bin/blib.a(md5.o)
 .text.md5_final
                0x000000000000e061       0x5a bin/blib.a(md5.o)
 .text.strerror
                0x000000000000e0bb       0x6c bin/blib.a(strerror.o)
                0x000000000000e0bb                strerror
 .text.autoboot_exec
                0x000000000000e127       0x12 bin/blib.a(autoboot_cmd.o)
 .text.config_exec
                0x000000000000e139       0x73 bin/blib.a(config_cmd.o)
 .text.dhcp_exec
                0x000000000000e1ac       0x12 bin/blib.a(dhcp_cmd.o)
 .text.dhcp_payload
                0x000000000000e1be       0x32 bin/blib.a(dhcp_cmd.o)
 .text.pxebs_exec
                0x000000000000e1f0       0x80 bin/blib.a(dhcp_cmd.o)
 .text.ifstat_payload
                0x000000000000e270        0x8 bin/blib.a(ifmgmt_cmd.o)
 .text.ifclose_payload
                0x000000000000e278        0x8 bin/blib.a(ifmgmt_cmd.o)
 .text.ifopen_payload
                0x000000000000e280        0x5 bin/blib.a(ifmgmt_cmd.o)
 .text.ifcommon_exec
                0x000000000000e285       0x9a bin/blib.a(ifmgmt_cmd.o)
                0x000000000000e285                ifcommon_exec
 .text.ifstat_exec
                0x000000000000e31f       0x12 bin/blib.a(ifmgmt_cmd.o)
 .text.ifclose_exec
                0x000000000000e331       0x12 bin/blib.a(ifmgmt_cmd.o)
 .text.ifopen_exec
                0x000000000000e343       0x12 bin/blib.a(ifmgmt_cmd.o)
 .text.image_clear_cmdline
                0x000000000000e355        0x7 bin/blib.a(image_cmd.o)
 .text.imgsingle_exec
                0x000000000000e35c      0x13f bin/blib.a(image_cmd.o)
 .text.imgargs_exec
                0x000000000000e49b        0xa bin/blib.a(image_cmd.o)
 .text.imgexec_exec
                0x000000000000e4a5        0xa bin/blib.a(image_cmd.o)
 .text.imgselect_exec
                0x000000000000e4af        0xa bin/blib.a(image_cmd.o)
 .text.imgfetch_exec
                0x000000000000e4b9        0xa bin/blib.a(image_cmd.o)
 .text.imgselect
                0x000000000000e4c3        0x5 bin/blib.a(image_cmd.o)
 .text.imgmulti_exec
                0x000000000000e4c8       0x94 bin/blib.a(image_cmd.o)
 .text.imgfree_exec
                0x000000000000e55c        0xa bin/blib.a(image_cmd.o)
 .text.imgstat_exec
                0x000000000000e566        0xa bin/blib.a(image_cmd.o)
 .text.imgexec  0x000000000000e570       0x28 bin/blib.a(image_cmd.o)
 .text.login_exec
                0x000000000000e598       0x39 bin/blib.a(login_cmd.o)
 .text.choose_exec
                0x000000000000e5d1       0x98 bin/blib.a(menu_cmd.o)
 .text.item_exec
                0x000000000000e669       0xb4 bin/blib.a(menu_cmd.o)
 .text.menu_exec
                0x000000000000e71d       0x67 bin/blib.a(menu_cmd.o)
 .text.clear_value
                0x000000000000e784        0x9 bin/blib.a(nvo_cmd.o)
 .text.set_core_exec
                0x000000000000e78d       0x72 bin/blib.a(nvo_cmd.o)
 .text.read_exec
                0x000000000000e7ff       0x10 bin/blib.a(nvo_cmd.o)
 .text.clear_exec
                0x000000000000e80f       0x10 bin/blib.a(nvo_cmd.o)
 .text.set_exec
                0x000000000000e81f       0x10 bin/blib.a(nvo_cmd.o)
 .text.read_value
                0x000000000000e82f       0x30 bin/blib.a(nvo_cmd.o)
 .text.set_value
                0x000000000000e85f       0x1b bin/blib.a(nvo_cmd.o)
 .text.show_exec.part.1
                0x000000000000e87a       0x6c bin/blib.a(nvo_cmd.o)
 .text.show_exec
                0x000000000000e8e6       0x23 bin/blib.a(nvo_cmd.o)
 .text.reboot_exec
                0x000000000000e909       0x23 bin/blib.a(reboot_cmd.o)
 .text.route_exec
                0x000000000000e92c       0x25 bin/blib.a(route_cmd.o)
 .text.sanboot_core_exec
                0x000000000000e951       0x9a bin/blib.a(sanboot_cmd.o)
 .text.sanunhook_exec
                0x000000000000e9eb        0xf bin/blib.a(sanboot_cmd.o)
 .text.sanboot_exec
                0x000000000000e9fa        0xf bin/blib.a(sanboot_cmd.o)
 .text.sanhook_exec
                0x000000000000ea09        0xf bin/blib.a(sanboot_cmd.o)
 .text.sync_exec
                0x000000000000ea18       0x45 bin/blib.a(sync_cmd.o)
 .text.login_ui
                0x000000000000ea5d      0x22c bin/blib.a(login_ui.o)
                0x000000000000ea5d                login_ui
 .text.draw_menu_item
                0x000000000000ec89      0x163 bin/blib.a(menu_ui.o)
 .text.draw_menu_items
                0x000000000000edec       0xd1 bin/blib.a(menu_ui.o)
 .text.show_menu
                0x000000000000eebd      0x3a6 bin/blib.a(menu_ui.o)
                0x000000000000eebd                show_menu
 .text.clearmsg
                0x000000000000f263       0x18 bin/blib.a(settings_ui.o)
 .text.vmsg     0x000000000000f27b       0x61 bin/blib.a(settings_ui.o)
 .text.msg      0x000000000000f2dc       0x12 bin/blib.a(settings_ui.o)
 .text.string_copy
                0x000000000000f2ee       0x2d bin/blib.a(settings_ui.o)
 .text.draw_setting_row
                0x000000000000f31b       0xe7 bin/blib.a(settings_ui.o)
 .text.select_setting_row
                0x000000000000f402      0x126 bin/blib.a(settings_ui.o)
 .text.reveal_setting_row.part.1
                0x000000000000f528       0xc0 bin/blib.a(settings_ui.o)
 .text.init_widget
                0x000000000000f5e8       0x86 bin/blib.a(settings_ui.o)
 .text.colour_set.constprop.2
                0x000000000000f66e        0xe bin/blib.a(settings_ui.o)
 .text.alert    0x000000000000f67c       0x45 bin/blib.a(settings_ui.o)
 .text.main_loop
                0x000000000000f6c1      0x2a8 bin/blib.a(settings_ui.o)
 .text.settings_ui
                0x000000000000f969       0x8f bin/blib.a(settings_ui.o)
                0x000000000000f969                settings_ui
 .text.ansiscr_peek
                0x000000000000f9f8        0x5 bin/blib.a(ansi_screen.o)
 .text.ansiscr_getc
                0x000000000000f9fd        0x5 bin/blib.a(ansi_screen.o)
 .text.ansiscr_movetoyx
                0x000000000000fa02       0x30 bin/blib.a(ansi_screen.o)
 .text.ansiscr_exit
                0x000000000000fa32       0x2a bin/blib.a(ansi_screen.o)
 .text.ansiscr_init
                0x000000000000fa5c       0x36 bin/blib.a(ansi_screen.o)
 .text.ansiscr_putc
                0x000000000000fa92       0x77 bin/blib.a(ansi_screen.o)
 .text.wclrtobot
                0x000000000000fb09       0x34 bin/blib.a(clear.o)
                0x000000000000fb09                wclrtobot
 .text.wclrtoeol
                0x000000000000fb3d       0x31 bin/blib.a(clear.o)
                0x000000000000fb3d                wclrtoeol
 .text.werase   0x000000000000fb6e       0x17 bin/blib.a(clear.o)
                0x000000000000fb6e                werase
 .text.init_pair
                0x000000000000fb85       0x28 bin/blib.a(colour.o)
                0x000000000000fb85                init_pair
 .text.pair_content
                0x000000000000fbad       0x28 bin/blib.a(colour.o)
                0x000000000000fbad                pair_content
 .text._wupdcurs
                0x000000000000fbd5       0x16 bin/blib.a(mucurses.o)
 .text._wputch  0x000000000000fbeb       0x4e bin/blib.a(mucurses.o)
                0x000000000000fbeb                _wputch
 .text._wputc   0x000000000000fc39        0xb bin/blib.a(mucurses.o)
                0x000000000000fc39                _wputc
 .text._wputstr
                0x000000000000fc44       0x2f bin/blib.a(mucurses.o)
                0x000000000000fc44                _wputstr
 .text.wmove    0x000000000000fc73       0x1f bin/blib.a(mucurses.o)
                0x000000000000fc73                wmove
 .text._printw_handler
                0x000000000000fc92        0xd bin/blib.a(print.o)
 .text.waddnstr
                0x000000000000fc9f        0xb bin/blib.a(print.o)
                0x000000000000fc9f                waddnstr
 .text.vw_printw
                0x000000000000fcaa       0x1b bin/blib.a(print.o)
                0x000000000000fcaa                vw_printw
 .text.wprintw  0x000000000000fcc5       0x12 bin/blib.a(print.o)
                0x000000000000fcc5                wprintw
 .text.wattroff
                0x000000000000fcd7        0x8 bin/blib.a(winattrs.o)
                0x000000000000fcd7                wattroff
 .text.wattron  0x000000000000fcdf        0x6 bin/blib.a(winattrs.o)
                0x000000000000fcdf                wattron
 .text.wattrset
                0x000000000000fce5       0x11 bin/blib.a(winattrs.o)
                0x000000000000fce5                wattrset
 .text.wcolour_set
                0x000000000000fcf6       0x1f bin/blib.a(winattrs.o)
                0x000000000000fcf6                wcolour_set
 .text.initscr  0x000000000000fd15       0x37 bin/blib.a(wininit.o)
                0x000000000000fd15                initscr
 .text.endwin   0x000000000000fd4c       0x51 bin/blib.a(wininit.o)
                0x000000000000fd4c                endwin
 .text.init_editbox
                0x000000000000fd9d       0x55 bin/blib.a(editbox.o)
                0x000000000000fd9d                init_editbox
 .text.draw_editbox
                0x000000000000fdf2       0xef bin/blib.a(editbox.o)
                0x000000000000fdf2                draw_editbox
 .text.shell_banner
                0x000000000000fee1       0x28 bin/blib.a(autoboot.o)
 .text.parse_next_server_and_filename
                0x000000000000ff09       0x6f bin/blib.a(autoboot.o)
 .text.uriboot  0x000000000000ff78      0x153 bin/blib.a(autoboot.o)
                0x000000000000ff78                uriboot
 .text.fetch_next_server_and_filename
                0x00000000000100cb       0x9a bin/blib.a(autoboot.o)
                0x00000000000100cb                fetch_next_server_and_filename
 .text.netboot.part.2
                0x0000000000010165      0x201 bin/blib.a(autoboot.o)
 .text.netboot  0x0000000000010366       0x38 bin/blib.a(autoboot.o)
                0x0000000000010366                netboot
 .text.autoboot
                0x000000000001039e       0x3d bin/blib.a(autoboot.o)
                0x000000000001039e                autoboot
 .text.ipxe     0x00000000000103db       0xab bin/blib.a(autoboot.o)
                0x00000000000103db                ipxe
 .text.dhcp     0x0000000000010486       0x6f bin/blib.a(dhcpmgmt.o)
                0x0000000000010486                dhcp
 .text.pxebs    0x00000000000104f5       0x39 bin/blib.a(dhcpmgmt.o)
                0x00000000000104f5                pxebs
 .text.ifstat_errors
                0x000000000001052e       0x36 bin/blib.a(ifmgmt.o)
 .text.ifopen   0x0000000000010564       0x2b bin/blib.a(ifmgmt.o)
                0x0000000000010564                ifopen
 .text.ifclose  0x000000000001058f        0x5 bin/blib.a(ifmgmt.o)
                0x000000000001058f                ifclose
 .text.ifstat   0x0000000000010594       0xc3 bin/blib.a(ifmgmt.o)
                0x0000000000010594                ifstat
 .text.iflinkwait
                0x0000000000010657       0x82 bin/blib.a(ifmgmt.o)
                0x0000000000010657                iflinkwait
 .text.imgdownload
                0x00000000000106d9       0xcf bin/blib.a(imgmgmt.o)
                0x00000000000106d9                imgdownload
 .text.imgdownload_string
                0x00000000000107a8       0x2f bin/blib.a(imgmgmt.o)
                0x00000000000107a8                imgdownload_string
 .text.imgacquire
                0x00000000000107d7       0x23 bin/blib.a(imgmgmt.o)
                0x00000000000107d7                imgacquire
 .text.imgstat  0x00000000000107fa       0x7f bin/blib.a(imgmgmt.o)
                0x00000000000107fa                imgstat
 .text.prompt   0x0000000000010879       0x5d bin/blib.a(prompt.o)
                0x0000000000010879                prompt
 .text.pxe_menu_parse
                0x00000000000108d6      0x15c bin/blib.a(pxemenu.o)
 .text.pxe_menu_draw_item
                0x0000000000010a32       0xba bin/blib.a(pxemenu.o)
 .text.pxe_menu_select
                0x0000000000010aec      0x117 bin/blib.a(pxemenu.o)
 .text.pxe_menu_boot
                0x0000000000010c03      0x161 bin/blib.a(pxemenu.o)
                0x0000000000010c03                pxe_menu_boot
 .text.route    0x0000000000010d64       0x7f bin/blib.a(route.o)
                0x0000000000010d64                route
 .text.relocate
                0x0000000000010de3       0xd0 bin/blib.a(relocate.o)
                0x0000000000010de3                relocate
 .text.extmemsize
                0x0000000000010eb3       0x70 bin/blib.a(memmap.o)
                0x0000000000010eb3                extmemsize
 .text.x86_get_memmap
                0x0000000000010f23      0x1d6 bin/blib.a(memmap.o)
                0x0000000000010f23                get_memmap
                0x0000000000010f23                x86_get_memmap
 .text.hook_bios_interrupt
                0x00000000000110f9       0x48 bin/blib.a(biosint.o)
                0x00000000000110f9                hook_bios_interrupt
 .text.unhook_bios_interrupt
                0x0000000000011141       0x51 bin/blib.a(biosint.o)
                0x0000000000011141                unhook_bios_interrupt
 .text.bios_cpu_nap
                0x0000000000011192        0xe bin/blib.a(bios_nap.o)
                0x0000000000011192                cpu_nap
 .text.bios_reboot
                0x00000000000111a0       0x27 bin/blib.a(bios_reboot.o)
                0x00000000000111a0                reboot
 .text.bios_currticks
                0x00000000000111c7       0x47 bin/blib.a(bios_timer.o)
                0x00000000000111c7                currticks
 .text.int13_command_capacity
                0x000000000001120e       0x11 bin/blib.a(int13.o)
 .text.int13_sync_num_drives
                0x000000000001121f       0xf1 bin/blib.a(int13.o)
 .text.int13_block_window
                0x0000000000011310        0x3 bin/blib.a(int13.o)
 .text.int13_find
                0x0000000000011313       0x20 bin/blib.a(int13.o)
 .text.int13_block_close
                0x0000000000011333       0x14 bin/blib.a(int13.o)
 .text.int13_reopen_block
                0x0000000000011347       0x23 bin/blib.a(int13.o)
 .text.int13_free
                0x000000000001136a       0x13 bin/blib.a(int13.o)
 .text.int13_command_close
                0x000000000001137d       0x1b bin/blib.a(int13.o)
 .text.int13_command_expired
                0x0000000000011398        0xd bin/blib.a(int13.o)
 .text.int13_command_wait.isra.6.constprop.10
                0x00000000000113a5       0x14 bin/blib.a(int13.o)
 .text.int13_command_start.constprop.11
                0x00000000000113b9       0x65 bin/blib.a(int13.o)
 .text.int13_rw
                0x000000000001141e       0xd7 bin/blib.a(int13.o)