Archive member included because of file (symbol)

bin/blib.a(realtek.o)         (obj_realtek)
bin/blib.a(nvs.o)             bin/blib.a(realtek.o) (nvs_read)
bin/blib.a(threewire.o)       bin/blib.a(realtek.o) (threewire_read)
bin/blib.a(spi_bit.o)         bin/blib.a(realtek.o) (init_spi_bit_basher)
bin/blib.a(config.o)          (obj_config)
bin/blib.a(timer2.o)          bin/blib.a(realtek.o) (timer2_udelay)
bin/blib.a(bios_console.o)    bin/blib.a(config.o) (obj_bios_console)
bin/blib.a(bzimage.o)         bin/blib.a(config.o) (obj_bzimage)
bin/blib.a(elfboot.o)         bin/blib.a(config.o) (obj_elfboot)
bin/blib.a(initrd.o)          bin/blib.a(bzimage.o) (initrd_reshuffle)
bin/blib.a(multiboot.o)       bin/blib.a(config.o) (obj_multiboot)
bin/blib.a(pxe_image.o)       bin/blib.a(config.o) (obj_pxe_image)
bin/blib.a(pxe_call.o)        bin/blib.a(pxe_image.o) (pxe_activate)
bin/blib.a(pxe_file.o)        bin/blib.a(pxe_call.o) (obj_pxe_file)
bin/blib.a(pxe_loader.o)      bin/blib.a(pxe_call.o) (undi_loader)
bin/blib.a(pxe_preboot.o)     bin/blib.a(pxe_call.o) (obj_pxe_preboot)
bin/blib.a(pxe_tftp.o)        bin/blib.a(pxe_preboot.o) (pxenv_tftp_read_file)
bin/blib.a(pxe_udp.o)         bin/blib.a(pxe_call.o) (obj_pxe_udp)
bin/blib.a(pxe_undi.o)        bin/blib.a(pxe_preboot.o) (pxe_netdev)
bin/blib.a(x86_string.o)      bin/blib.a(realtek.o) (__memcpy)
bin/blib.a(cpuid_cmd.o)       bin/blib.a(config.o) (obj_cpuid_cmd)
bin/blib.a(setjmp.o)          bin/blib.a(pxe_call.o) (setjmp)
bin/blib.a(virtaddr.o)        bin/blib.a(elfboot.o) (_virt_to_phys)
bin/blib.a(librm.o)           bin/blib.a(pxe_call.o) (rm_cs)
bin/blib.a(libprefix.o)       bin/blib.a(pxe_preboot.o) (hooked_bios_interrupts)
bin/blib.a(pciromprefix.o)    (_pcirom_start)
bin/blib.a(unnrv2b16.o)       bin/blib.a(libprefix.o) (decompress16)
bin/blib.a(pxe_entry.o)       bin/blib.a(pxe_call.o) (ppxe)
bin/blib.a(ansiesc.o)         bin/blib.a(bios_console.o) (ansiesc_process)
bin/blib.a(console.o)         bin/blib.a(pxe_image.o) (console_configure)
bin/blib.a(cpio.o)            bin/blib.a(bzimage.o) (cpio_set_field)
bin/blib.a(device.o)          bin/blib.a(pxe_call.o) (device_keep_count)
bin/blib.a(exec.o)            bin/blib.a(pxe_file.o) (system)
bin/blib.a(getopt.o)          bin/blib.a(cpuid_cmd.o) (optind)
bin/blib.a(image.o)           bin/blib.a(bzimage.o) (unregister_image)
bin/blib.a(init.o)            bin/blib.a(pxe_loader.o) (initialise)
bin/blib.a(interface.o)       bin/blib.a(pxe_tftp.o) (null_intf)
bin/blib.a(iobuf.o)           bin/blib.a(realtek.o) (alloc_iob)
bin/blib.a(list.o)            bin/blib.a(device.o) (extern_list_add)
bin/blib.a(main.o)            bin/blib.a(pciromprefix.o) (main)
bin/blib.a(malloc.o)          bin/blib.a(realtek.o) (alloc_memblock)
bin/blib.a(memblock.o)        bin/blib.a(initrd.o) (largest_memblock)
bin/blib.a(misc.o)            bin/blib.a(bzimage.o) (strtoul)
bin/blib.a(nvo.o)             bin/blib.a(realtek.o) (nvo_init)
bin/blib.a(open.o)            bin/blib.a(pxe_tftp.o) (xfer_open_uri_string)
bin/blib.a(parseopt.o)        bin/blib.a(cpuid_cmd.o) (parse_integer)
bin/blib.a(posix_io.o)        bin/blib.a(pxe_file.o) (open)
bin/blib.a(process.o)         bin/blib.a(pxe_tftp.o) (step)
bin/blib.a(refcnt.o)          bin/blib.a(bzimage.o) (ref_increment)
bin/blib.a(settings.o)        bin/blib.a(parseopt.o) (find_settings)
bin/blib.a(string.o)          bin/blib.a(settings.o) (strncpy)
bin/blib.a(timer.o)           bin/blib.a(realtek.o) (mdelay)
bin/blib.a(uri.o)             bin/blib.a(open.o) (parse_uri)
bin/blib.a(uuid.o)            bin/blib.a(settings.o) (uuid_ntoa)
bin/blib.a(vsprintf.o)        bin/blib.a(multiboot.o) (snprintf)
bin/blib.a(xfer.o)            bin/blib.a(pxe_tftp.o) (xfer_deliver)
bin/blib.a(arp.o)             bin/blib.a(pxe_undi.o) (arp_protocol)
bin/blib.a(dhcpopts.o)        bin/blib.a(nvo.o) (dhcpopt_no_realloc)
bin/blib.a(ethernet.o)        bin/blib.a(realtek.o) (alloc_etherdev)
bin/blib.a(eth_slow.o)        bin/blib.a(ethernet.o) (obj_eth_slow)
bin/blib.a(fakedhcp.o)        bin/blib.a(pxe_preboot.o) (create_fakedhcpdiscover)
bin/blib.a(iobpad.o)          bin/blib.a(realtek.o) (iob_pad)
bin/blib.a(ipv4.o)            bin/blib.a(pxe_undi.o) (ipv4_protocol)
bin/blib.a(neighbour.o)       bin/blib.a(ipv4.o) (neighbour_tx)
bin/blib.a(netdevice.o)       bin/blib.a(ipv4.o) (net_devices)
bin/blib.a(netdev_settings.o)
                              bin/blib.a(netdevice.o) (netdev_settings_operations)
bin/blib.a(nullnet.o)         bin/blib.a(realtek.o) (null_netdev_operations)
bin/blib.a(rarp.o)            bin/blib.a(pxe_undi.o) (rarp_protocol)
bin/blib.a(retry.o)           bin/blib.a(neighbour.o) (start_timer)
bin/blib.a(tcpip.o)           bin/blib.a(ipv4.o) (tcpip_rx)
bin/blib.a(udp.o)             bin/blib.a(pxe_udp.o) (udp_open_promisc)
bin/blib.a(http.o)            bin/blib.a(config.o) (obj_http)
bin/blib.a(httpcore.o)        bin/blib.a(http.o) (http_open_filter)
[...]
Memory Configuration

Name             Origin             Length             Attributes
*default*        0x0000000000000000 0xffffffffffffffff

Linker script and memory map

                0x0000000000000010                PROVIDE (_max_align, 0x10)

.prefix         0x0000000000000000      0x858
                0x0000000000000000                _prefix = .
 *(.prefix)
 .prefix        0x0000000000000000      0x494 bin/blib.a(pciromprefix.o)
                0x0000000000000000                _pcirom_start
                0x0000000000000083                undiheader
                0x000000000000036b                image_source
                0x0000000000000371                decompress_to
 *(.prefix.*)
 .prefix.lib    0x0000000000000494      0x2d3 bin/blib.a(libprefix.o)
                0x0000000000000494                print_character
                0x00000000000004b3                print_space
                0x00000000000004bb                print_message
                0x00000000000004c8                print_hex_dword
                0x00000000000004d3                print_hex_word
                0x00000000000004da                print_hex_byte
                0x00000000000004e3                print_hex_nibble
                0x00000000000004f0                print_pci_busdevfn
                0x0000000000000511                print_kill_line
                0x00000000000005f6                alloc_basemem
                0x0000000000000619                install
                0x0000000000000636                install_prealloc
 .prefix.data   0x0000000000000767       0x56 bin/blib.a(libprefix.o)
 .prefix.lib    0x00000000000007bd       0x9b bin/blib.a(unnrv2b16.o)
                0x00000000000007bd                decompress16
                0x0000000000000858                _mprefix = .

.bss.prefix     0x0000000000000858        0x0 load address 0x00000000000204b0
                0x0000000000000858                _eprefix = .
                0x0000000000000858                _prefix_filesz = (ABSOLUTE (_mprefix) - ABSOLUTE (_prefix))
                0x0000000000000858                _prefix_memsz = (ABSOLUTE (_eprefix) - ABSOLUTE (_prefix))

.text16.early   0x0000000000000000       0xee load address 0x0000000000000860
                0x0000000000000000                _text16 = .
 *(.text16.null)
 .text16.null   0x0000000000000000        0x3 bin/blib.a(pxe_entry.o)
 *(.text16.null.*)
                0x0000000000000004                . = (. + 0x1)
 *fill*         0x0000000000000003        0x1 00
 *(.text16.early)
 .text16.early  0x0000000000000004       0xe5 bin/blib.a(liba20.o)
                0x000000000000009b                enable_a20
                0x00000000000000e5                access_highmem
 *(.text16.early.*)
 .text16.early.data
                0x00000000000000e9        0x2 bin/blib.a(libprefix.o)
                0x00000000000000e9                close_payload
                0x00000000000000e9                open_payload
 *fill*         0x00000000000000eb        0x1 00
 .text16.early.data
                0x00000000000000ec        0x2 bin/blib.a(liba20.o)
                0x00000000000000ee                _etext16_early = .

.text16.late    0x00000000000000f0      0x6fd load address 0x0000000000000950
                0x00000000000000f0                _text16_late = .
 *(.text16)
 .text16        0x00000000000000f0       0x44 bin/blib.a(bios_console.o)
 .text16        0x0000000000000134       0x11 bin/blib.a(bzimage.o)
 .text16        0x0000000000000145       0x11 bin/blib.a(pxe_call.o)
 .text16        0x0000000000000156      0x17f bin/blib.a(librm.o)
                0x0000000000000156                init_librm
                0x0000000000000244                rm_cs
                0x0000000000000259                prot_call
                0x00000000000002b3                flatten_real_mode
 .text16        0x00000000000002d5       0x34 bin/blib.a(libprefix.o)
                0x00000000000002d5                free_basemem
                0x0000000000000305                uninstall
 .text16        0x0000000000000309       0x2b bin/blib.a(pciromprefix.o)
 .text16        0x0000000000000334       0x65 bin/blib.a(pxe_entry.o)
                0x000000000000036b                pxe_int_1a
 .text16        0x0000000000000399        0x7 bin/blib.a(librm_mgmt.o)
 .text16        0x00000000000003a0       0x13 bin/blib.a(memmap.o)
 .text16        0x00000000000003b3        0x6 bin/blib.a(bios_reboot.o)
 .text16        0x00000000000003b9       0x6a bin/blib.a(int13.o)
 .text16        0x0000000000000423       0x1e bin/blib.a(pcibios.o)
 .text16        0x0000000000000441       0x55 bin/blib.a(bootsector.o)
 .text16        0x0000000000000496       0x3e bin/blib.a(rtc_entropy.o)
 .text16        0x00000000000004d4      0x25d bin/blib.a(e820mangler.o)
                0x0000000000000709                int15
 .text16        0x0000000000000731        0x9 bin/blib.a(patch_cf.o)
                0x0000000000000731                patch_cf
 *(.text16.*)
 .text16.data   0x000000000000073a        0x8 bin/blib.a(librm.o)
                0x000000000000073a                rm_ds
 .text16.data   0x0000000000000742        0x2 bin/blib.a(libprefix.o)
                0x0000000000000742                hooked_bios_interrupts
 *fill*         0x0000000000000744        0xc 00
 .text16.data   0x0000000000000750       0x90 bin/blib.a(pxe_entry.o)
                0x0000000000000750                ppxe
                0x00000000000007b0                pxenv
                0x00000000000007dc                pxe_int_1a_vector
 .text16.data   0x00000000000007e0        0x8 bin/blib.a(int13.o)
 .text16.data   0x00000000000007e8        0x1 bin/blib.a(rtc_entropy.o)
 .text16.data   0x00000000000007e9        0x4 bin/blib.a(e820mangler.o)
                0x00000000000007e9                int15_vector
                0x00000000000007ed                _mtext16 = .

.bss.text16     0x00000000000007ed        0x0 load address 0x00000000000204b0
                0x00000000000007ed                _etext16 = .
                0x00000000000000ee                _text16_early_filesz = (ABSOLUTE (_etext16_early) - ABSOLUTE (_text16))
                0x00000000000000ee                _text16_early_memsz = (ABSOLUTE (_etext16_early) - ABSOLUTE (_text16))
                0x00000000000006fd                _text16_late_filesz = (ABSOLUTE (_mtext16) - ABSOLUTE (_text16_late))
                0x00000000000006fd                _text16_late_memsz = (ABSOLUTE (_etext16) - ABSOLUTE (_text16_late))
                0x00000000000007ed                _text16_memsz = (ABSOLUTE (_etext16) - ABSOLUTE (_text16))

.data16         0x0000000000000000       0xc2 load address 0x0000000000001050
                0x0000000000000000                _data16 = .
                0x0000000000000001                . = (. + 0x1)
 *fill*         0x0000000000000000        0x1 00
 *(.rodata16)
 *(.rodata16.*)
 *(.data16)
 *fill*         0x0000000000000001        0xf 00
 .data16        0x0000000000000010       0x48 bin/blib.a(librm.o)
 .data16        0x0000000000000058        0xc bin/blib.a(libprefix.o)
 .data16        0x0000000000000064       0x14 bin/blib.a(int13.o)
 *fill*         0x0000000000000078        0x8 00
 .data16        0x0000000000000080       0x42 bin/blib.a(e820mangler.o)
                0x0000000000000088                hidemem_base
                0x0000000000000098                hidemem_umalloc
                0x00000000000000a8                hidemem_textdata
 *(.data16.*)
                0x00000000000000c2                _mdata16 = .

.bss.data16     0x00000000000000d0     0x2bf8 load address 0x00000000000204b0
 *(.bss16)
 .bss16         0x00000000000000d0      0x3b8 bin/blib.a(multiboot.o)
 .bss16         0x0000000000000488      0xec4 bin/blib.a(pxe_preboot.o)
 .bss16         0x000000000000134c      0x5ea bin/blib.a(basemem_packet.o)
                0x000000000000134c                basemem_packet
 .bss16         0x0000000000001936        0x2 bin/blib.a(pci_autoboot.o)
                0x0000000000001936                autoboot_busdevfn
 .bss16         0x0000000000001938       0x1c bin/blib.a(memmap.o)
                0x0000000000001938                memmap_post
 *fill*         0x0000000000001954        0xc 00
 .bss16         0x0000000000001960      0x320 bin/blib.a(int13.o)
 .bss16         0x0000000000001c80       0x48 bin/blib.a(e820mangler.o)
 *(.bss16.*)
 *(.stack16)
 .stack16       0x0000000000001cc8     0x1000 bin/blib.a(stack16.o)
                0x0000000000001cc8                _stack16
                0x0000000000002cc8                _estack16
 *(.stack16.*)
                0x0000000000002cc8                _edata16 = .
                0x00000000000000c2                _data16_filesz = (ABSOLUTE (_mdata16) - ABSOLUTE (_data16))
                0x0000000000002cc8                _data16_memsz = (ABSOLUTE (_edata16) - ABSOLUTE (_data16))

.textdata       0x0000000000000000    0x1f2dc load address 0x0000000000001120
                0x0000000000000000                _textdata = .
 *(.text.null_trap)
 *(.text.null_trap.*)
                0x0000000000000001                . = (. + 0x1)
 *fill*         0x0000000000000000        0x1 00
 *(.text)
 *fill*         0x0000000000000001        0x3 00
 .text          0x0000000000000004       0x45 bin/blib.a(setjmp.o)
                0x0000000000000004                setjmp
                0x0000000000000022                longjmp
 *fill*         0x0000000000000049        0x3 00
 .text          0x000000000000004c       0x7d bin/blib.a(virtaddr.o)
                0x000000000000004c                _virt_to_phys
                0x0000000000000079                _phys_to_virt
                0x00000000000000a3                _intr_to_virt
 *fill*         0x00000000000000c9        0x3 00
 .text          0x00000000000000cc       0xe9 bin/blib.a(librm.o)
                0x000000000000017a                real_call
                0x0000000000000193                interrupt_wrapper
 *(.text.*)
 .text.realtek_spi_open_bit
                0x00000000000001b5        0xe bin/blib.a(realtek.o)
 .text.realtek_spi_close_bit
                0x00000000000001c3        0xe bin/blib.a(realtek.o)
 .text.realtek_spi_read_bit
                0x00000000000001d1       0x10 bin/blib.a(realtek.o)
 .text.realtek_spi_write_bit
                0x00000000000001e1       0x28 bin/blib.a(realtek.o)
 .text.realtek_irq
                0x0000000000000209       0x15 bin/blib.a(realtek.o)
 .text.realtek_transmit
                0x000000000000021e       0xc8 bin/blib.a(realtek.o)
 .text.realtek_check_link
                0x00000000000002e6       0x35 bin/blib.a(realtek.o)
 .text.realtek_mii_read
                0x000000000000031b       0x4d bin/blib.a(realtek.o)
 .text.realtek_mii_write
                0x0000000000000368       0x50 bin/blib.a(realtek.o)
 .text.realtek_reset.isra.11
                0x00000000000003b8       0x31 bin/blib.a(realtek.o)
 .text.realtek_remove
                0x00000000000003e9       0x37 bin/blib.a(realtek.o)
 .text.realtek_probe
                0x0000000000000420      0x297 bin/blib.a(realtek.o)
 .text.realtek_refill_rx.part.13
                0x00000000000006b7       0x81 bin/blib.a(realtek.o)
 .text.realtek_poll
                0x0000000000000738      0x1d9 bin/blib.a(realtek.o)
 .text.realtek_destroy_ring
                0x0000000000000911       0x46 bin/blib.a(realtek.o)
 .text.realtek_close
                0x0000000000000957       0x83 bin/blib.a(realtek.o)
 .text.realtek_create_ring
                0x00000000000009da       0x5b bin/blib.a(realtek.o)
 .text.realtek_open
                0x0000000000000a35       0xdb bin/blib.a(realtek.o)
 .text.nvs_read
                0x0000000000000b10       0x59 bin/blib.a(nvs.o)
                0x0000000000000b10                nvs_read
 .text.nvs_verify
                0x0000000000000b69       0x4b bin/blib.a(nvs.o)
 .text.nvs_write
                0x0000000000000bb4       0x6b bin/blib.a(nvs.o)
                0x0000000000000bb4                nvs_write
 .text.threewire_read
                0x0000000000000c1f       0x1c bin/blib.a(threewire.o)
                0x0000000000000c1f                threewire_read
 .text.threewire_write
                0x0000000000000c3b       0x5f bin/blib.a(threewire.o)
                0x0000000000000c3b                threewire_write
 .text.spi_bit_set_slave_select
                0x0000000000000c9a       0x36 bin/blib.a(spi_bit.o)
 .text.spi_bit_transfer
                0x0000000000000cd0       0xde bin/blib.a(spi_bit.o)
 .text.spi_bit_rw
                0x0000000000000dae       0xe3 bin/blib.a(spi_bit.o)
 .text.init_spi_bit_basher
                0x0000000000000e91        0x8 bin/blib.a(spi_bit.o)
                0x0000000000000e91                init_spi_bit_basher
 .text.timer2_udelay
                0x0000000000000e99       0x33 bin/blib.a(timer2.o)
                0x0000000000000e99                timer2_udelay
 .text.bios_handle_cup
                0x0000000000000ecc       0x38 bin/blib.a(bios_console.o)
 .text.bios_handle_ed
                0x0000000000000f04       0x32 bin/blib.a(bios_console.o)
 .text.bios_handle_sgr
                0x0000000000000f36       0x68 bin/blib.a(bios_console.o)
 .text.bios_handle_dectcem_set
                0x0000000000000f9e       0x2a bin/blib.a(bios_console.o)
 .text.bios_handle_dectcem_reset
                0x0000000000000fc8       0x18 bin/blib.a(bios_console.o)
 .text.bios_putchar
                0x0000000000000fe0       0x26 bin/blib.a(bios_console.o)
 .text.bios_iskey
                0x0000000000001006       0x2a bin/blib.a(bios_console.o)
 .text.bios_getchar
                0x0000000000001030       0x8f bin/blib.a(bios_console.o)
 .text.bzimage_load_initrd
                0x00000000000010bf      0x154 bin/blib.a(bzimage.o)
 .text.bzimage_parse_header.isra.0
                0x0000000000001213      0x13b bin/blib.a(bzimage.o)
 .text.bzimage_probe
                0x000000000000134e       0x1a bin/blib.a(bzimage.o)
                0x000000000000134e                bzimage_probe
 .text.bzimage_exec
                0x0000000000001368      0x444 bin/blib.a(bzimage.o)
 .text.elfboot_exec
                0x00000000000017ac       0x39 bin/blib.a(elfboot.o)
 .text.elfboot_probe
                0x00000000000017e5       0x34 bin/blib.a(elfboot.o)
 .text.initrd_startup
                0x0000000000001819       0x16 bin/blib.a(initrd.o)
 .text.initrd_reshuffle
                0x000000000000182f      0x175 bin/blib.a(initrd.o)
                0x000000000000182f                initrd_reshuffle
 .text.initrd_reshuffle_check
                0x00000000000019a4       0x30 bin/blib.a(initrd.o)
                0x00000000000019a4                initrd_reshuffle_check
 .text.multiboot_add_cmdline
                0x00000000000019d4       0x84 bin/blib.a(multiboot.o)
 .text.multiboot_find_header
                0x0000000000001a58       0x79 bin/blib.a(multiboot.o)
 .text.multiboot_probe
                0x0000000000001ad1        0xe bin/blib.a(multiboot.o)
 .text.multiboot_exec
                0x0000000000001adf      0x325 bin/blib.a(multiboot.o)
 .text.pxe_exec
                0x0000000000001e04       0x86 bin/blib.a(pxe_image.o)
 .text.pxe_probe
                0x0000000000001e8a       0x1d bin/blib.a(pxe_image.o)
                0x0000000000001e8a                pxe_probe
 .text.pxenv_unknown
                0x0000000000001ea7        0xb bin/blib.a(pxe_call.o)
 .text.pxe_init_structures
                0x0000000000001eb2       0xe1 bin/blib.a(pxe_call.o)
 .text.pxe_api_call
                0x0000000000001f93       0x87 bin/blib.a(pxe_call.o)
                0x0000000000001f93                pxe_api_call
 .text.pxe_activate
                0x000000000000201a       0x3f bin/blib.a(pxe_call.o)
                0x000000000000201a                pxe_activate
 .text.pxe_deactivate
                0x0000000000002059       0x3f bin/blib.a(pxe_call.o)
                0x0000000000002059                pxe_deactivate
 .text.pxe_start_nbp
                0x0000000000002098       0x75 bin/blib.a(pxe_call.o)
                0x0000000000002098                pxe_start_nbp
 .text.pxenv_file_cmdline
                0x000000000000210d       0x5c bin/blib.a(pxe_file.o)
 .text.pxenv_file_exec
                0x0000000000002169       0x72 bin/blib.a(pxe_file.o)
 .text.pxenv_get_file_size
                0x00000000000021db       0x2c bin/blib.a(pxe_file.o)
 .text.pxenv_file_read
                0x0000000000002207       0x47 bin/blib.a(pxe_file.o)
 .text.pxenv_file_select
                0x000000000000224e       0x44 bin/blib.a(pxe_file.o)
 .text.pxenv_file_close
                0x0000000000002292       0x15 bin/blib.a(pxe_file.o)
 .text.pxenv_file_open
                0x00000000000022a7       0x72 bin/blib.a(pxe_file.o)
 .text.pxenv_file_api_check
                0x0000000000002319       0x7d bin/blib.a(pxe_file.o)
 .text.pxenv_unload_stack
                0x0000000000002396        0x8 bin/blib.a(pxe_preboot.o)
 .text.pxenv_start_base
                0x000000000000239e        0xb bin/blib.a(pxe_preboot.o)
 .text.pxenv_stop_base
                0x00000000000023a9        0x8 bin/blib.a(pxe_preboot.o)
 .text.pxenv_stop_undi
                0x00000000000023b1       0x36 bin/blib.a(pxe_preboot.o)
 .text.pxenv_start_undi
                0x00000000000023e7       0x69 bin/blib.a(pxe_preboot.o)
 .text.pxenv_get_cached_info
                0x0000000000002450       0xbf bin/blib.a(pxe_preboot.o)
 .text.pxenv_restart_tftp
                0x000000000000250f       0x42 bin/blib.a(pxe_preboot.o)
 .text.pxe_tftp_xfer_window
                0x0000000000002551        0x4 bin/blib.a(pxe_tftp.o)
 .text.pxenv_tftp_read
                0x0000000000002555       0x9d bin/blib.a(pxe_tftp.o)
 .text.pxe_tftp_open
                0x00000000000025f2       0xca bin/blib.a(pxe_tftp.o)
 .text.pxe_tftp_close
                0x00000000000026bc       0x11 bin/blib.a(pxe_tftp.o)
 .text.pxe_tftp_xfer_deliver
                0x00000000000026cd       0x8d bin/blib.a(pxe_tftp.o)
 .text.pxenv_tftp_close
                0x000000000000275a       0x18 bin/blib.a(pxe_tftp.o)
 .text.pxenv_tftp_get_fsize
                0x0000000000002772       0x82 bin/blib.a(pxe_tftp.o)
 .text.pxenv_tftp_open
                0x00000000000027f4       0x98 bin/blib.a(pxe_tftp.o)
 .text.pxenv_tftp_read_file
                0x000000000000288c       0x93 bin/blib.a(pxe_tftp.o)
                0x000000000000288c                pxenv_tftp_read_file
 .text.pxenv_udp_read
                0x000000000000291f       0x5b bin/blib.a(pxe_udp.o)
 .text.pxe_udp_deliver
                0x000000000000297a       0x87 bin/blib.a(pxe_udp.o)
 .text.pxenv_udp_write
                0x0000000000002a01       0xd5 bin/blib.a(pxe_udp.o)
 .text.pxenv_udp_close
                0x0000000000002ad6       0x18 bin/blib.a(pxe_udp.o)
 .text.pxenv_udp_open
                0x0000000000002aee       0x3e bin/blib.a(pxe_udp.o)
 .text.pxenv_undi_startup
                0x0000000000002b2c       0x1c bin/blib.a(pxe_undi.o)
 .text.pxenv_undi_initialize
                0x0000000000002b48       0x1c bin/blib.a(pxe_undi.o)
 .text.pxenv_undi_set_mcast_address
                0x0000000000002b64       0x1c bin/blib.a(pxe_undi.o)
 .text.pxenv_undi_set_packet_filter
                0x0000000000002b80       0x1c bin/blib.a(pxe_undi.o)
 .text.pxenv_undi_get_statistics
                0x0000000000002b9c       0x38 bin/blib.a(pxe_undi.o)
 .text.pxenv_undi_clear_statistics
                0x0000000000002bd4       0x40 bin/blib.a(pxe_undi.o)
 .text.pxenv_undi_initiate_diags
                0x0000000000002c14       0x1b bin/blib.a(pxe_undi.o)
 .text.pxenv_undi_force_interrupt
                0x0000000000002c2f       0x1b bin/blib.a(pxe_undi.o)
 .text.pxenv_undi_get_mcast_address
                0x0000000000002c4a       0x4c bin/blib.a(pxe_undi.o)
 .text.pxenv_undi_get_nic_type
                0x0000000000002c96       0x95 bin/blib.a(pxe_undi.o)
 .text.pxenv_undi_get_information
                0x0000000000002d2b       0x86 bin/blib.a(pxe_undi.o)
 .text.pxenv_undi_set_station_address
                0x0000000000002db1       0x42 bin/blib.a(pxe_undi.o)
 .text.pxenv_undi_isr
                0x0000000000002df3      0x1bc bin/blib.a(pxe_undi.o)
 .text.pxenv_undi_get_iface_info
                0x0000000000002faf       0x63 bin/blib.a(pxe_undi.o)
 .text.pxenv_undi_transmit
                0x0000000000003012      0x1f0 bin/blib.a(pxe_undi.o)
 .text.pxe_netdev_close
                0x0000000000003202       0x2b bin/blib.a(pxe_undi.o)
 .text.pxenv_undi_close
                0x000000000000322d       0x26 bin/blib.a(pxe_undi.o)
 .text.pxenv_undi_shutdown
                0x0000000000003253       0x26 bin/blib.a(pxe_undi.o)
 .text.pxenv_undi_cleanup
                0x0000000000003279       0x26 bin/blib.a(pxe_undi.o)
 .text.pxe_netdev_open
                0x000000000000329f       0x2e bin/blib.a(pxe_undi.o)
 .text.pxenv_undi_open
                0x00000000000032cd       0x35 bin/blib.a(pxe_undi.o)
 .text.pxenv_undi_reset_adapter
                0x0000000000003302       0x3a bin/blib.a(pxe_undi.o)
 .text.pxe_set_netdev
                0x000000000000333c       0x38 bin/blib.a(pxe_undi.o)
                0x000000000000333c                pxe_set_netdev
 .text.__memcpy
                0x0000000000003374       0x1d bin/blib.a(x86_string.o)
                0x0000000000003374                __memcpy
 .text.__memcpy_reverse
                0x0000000000003391       0x11 bin/blib.a(x86_string.o)
                0x0000000000003391                __memcpy_reverse
 .text.__memmove
                0x00000000000033a2        0xe bin/blib.a(x86_string.o)
                0x00000000000033a2                __memmove
 .text.memswap  0x00000000000033b0       0x11 bin/blib.a(x86_string.o)
                0x00000000000033b0                memswap
 .text.strlen   0x00000000000033c1       0x11 bin/blib.a(x86_string.o)
                0x00000000000033c1                strlen
 .text.strncmp  0x00000000000033d2       0x1c bin/blib.a(x86_string.o)
                0x00000000000033d2                strncmp
 .text.cpuid_exec
                0x00000000000033ee       0x6d bin/blib.a(cpuid_cmd.o)
 .text.ansiesc_process
                0x000000000000345b       0xc9 bin/blib.a(ansiesc.o)
                0x000000000000345b                ansiesc_process
 .text.has_input
                0x0000000000003524       0x2b bin/blib.a(console.o)
 .text.putchar  0x000000000000354f       0x43 bin/blib.a(console.o)
                0x000000000000354f                putchar
 .text.getchar  0x0000000000003592       0x2b bin/blib.a(console.o)
                0x0000000000003592                getchar
 .text.iskey    0x00000000000035bd        0xe bin/blib.a(console.o)
                0x00000000000035bd                iskey
 .text.console_configure
                0x00000000000035cb       0x51 bin/blib.a(console.o)
                0x00000000000035cb                console_configure
 .text.cpio_set_field
                0x000000000000361c       0x2a bin/blib.a(cpio.o)
                0x000000000000361c                cpio_set_field
 .text.probe_devices
                0x0000000000003646       0x52 bin/blib.a(device.o)
 .text.identify_device
                0x0000000000003698       0x31 bin/blib.a(device.o)
                0x0000000000003698                identify_device
 .text.remove_devices
                0x00000000000036c9       0x40 bin/blib.a(device.o)
 .text.process_on_success
                0x0000000000003709        0x9 bin/blib.a(exec.o)
 .text.process_on_failure
                0x0000000000003712        0x9 bin/blib.a(exec.o)
 .text.process_always
                0x000000000000371b        0x6 bin/blib.a(exec.o)
 .text.exit_exec
                0x0000000000003721       0x4f bin/blib.a(exec.o)
 .text.split_command
                0x0000000000003770       0x49 bin/blib.a(exec.o)
 .text.isset_exec
                0x00000000000037b9       0x2f bin/blib.a(exec.o)
 .text.sleep_exec
                0x00000000000037e8       0x79 bin/blib.a(exec.o)
 .text.iseq_exec
                0x0000000000003861       0x3c bin/blib.a(exec.o)
 .text.execv    0x000000000000389d       0x8f bin/blib.a(exec.o)
                0x000000000000389d                execv
 .text.shell_stop
                0x000000000000392c        0x6 bin/blib.a(exec.o)
                0x000000000000392c                shell_stop
 .text.shell_stopped
                0x0000000000003932       0x1c bin/blib.a(exec.o)
                0x0000000000003932                shell_stopped
 .text.system   0x000000000000394e      0x192 bin/blib.a(exec.o)
                0x000000000000394e                system
 .text.concat_args
                0x0000000000003ae0       0x66 bin/blib.a(exec.o)
                0x0000000000003ae0                concat_args
 .text.echo_exec
                0x0000000000003b46       0x61 bin/blib.a(exec.o)
 .text.get_argv_argument
                0x0000000000003ba7       0x24 bin/blib.a(getopt.o)
 .text.getopt_long
                0x0000000000003bcb      0x223 bin/blib.a(getopt.o)
                0x0000000000003bcb                getopt_long
 .text.free_image
                0x0000000000003dee       0x35 bin/blib.a(image.o)
 .text.image_set_name
                0x0000000000003e23       0x28 bin/blib.a(image.o)
                0x0000000000003e23                image_set_name
 .text.alloc_image
                0x0000000000003e4b       0x50 bin/blib.a(image.o)
                0x0000000000003e4b                alloc_image
 .text.image_set_cmdline
                0x0000000000003e9b       0x35 bin/blib.a(image.o)
                0x0000000000003e9b                image_set_cmdline
 .text.unregister_image
                0x0000000000003ed0       0x22 bin/blib.a(image.o)
                0x0000000000003ed0                unregister_image
 .text.find_image
                0x0000000000003ef2       0x2f bin/blib.a(image.o)
                0x0000000000003ef2                find_image
 .text.image_probe
                0x0000000000003f21       0x34 bin/blib.a(image.o)
                0x0000000000003f21                image_probe
 .text.image_replace
                0x0000000000003f55       0x39 bin/blib.a(image.o)
                0x0000000000003f55                image_replace
 .text.image_select
                0x0000000000003f8e       0x3c bin/blib.a(image.o)
                0x0000000000003f8e                image_select
 .text.image_exec
                0x0000000000003fca       0xa1 bin/blib.a(image.o)
                0x0000000000003fca                image_exec
 .text.image_find_selected
                0x000000000000406b       0x1d bin/blib.a(image.o)
                0x000000000000406b                image_find_selected
 .text.register_image
                0x0000000000004088       0x6a bin/blib.a(image.o)
                0x0000000000004088                register_image
 .text.initialise
                0x00000000000040f2       0x17 bin/blib.a(init.o)
                0x00000000000040f2                initialise
 .text.startup  0x0000000000004109       0x30 bin/blib.a(init.o)
                0x0000000000004109                startup
 .text.shutdown
                0x0000000000004139       0x3e bin/blib.a(init.o)
                0x0000000000004139                shutdown
 .text.null_intf_close
                0x0000000000004177        0x1 bin/blib.a(interface.o)
 .text.intf_plug
                0x0000000000004178       0x1d bin/blib.a(interface.o)
                0x0000000000004178                intf_plug
 .text.intf_plug_plug
                0x0000000000004195       0x16 bin/blib.a(interface.o)
                0x0000000000004195                intf_plug_plug
 .text.intf_unplug
                0x00000000000041ab        0xa bin/blib.a(interface.o)
                0x00000000000041ab                intf_unplug
 .text.intf_nullify
                0x00000000000041b5        0x8 bin/blib.a(interface.o)
                0x00000000000041b5                intf_nullify
 .text.intf_put
                0x00000000000041bd        0x8 bin/blib.a(interface.o)
                0x00000000000041bd                intf_put
 .text.intf_object
                0x00000000000041c5        0x6 bin/blib.a(interface.o)
                0x00000000000041c5                intf_object
 .text.intf_get_dest_op_no_passthru_untyped
                0x00000000000041cb       0x35 bin/blib.a(interface.o)
                0x00000000000041cb                intf_get_dest_op_no_passthru_untyped
 .text.intf_get_dest_op_untyped
                0x0000000000004200       0x34 bin/blib.a(interface.o)
                0x0000000000004200                intf_get_dest_op_untyped
 .text.intf_restart
                0x0000000000004234       0x12 bin/blib.a(interface.o)
                0x0000000000004234                intf_restart
 .text.intf_close
                0x0000000000004246       0x3b bin/blib.a(interface.o)
                0x0000000000004246                intf_close
 .text.intf_shutdown
                0x0000000000004281       0x17 bin/blib.a(interface.o)
                0x0000000000004281                intf_shutdown
 .text.alloc_iob_raw
                0x0000000000004298       0x78 bin/blib.a(iobuf.o)
                0x0000000000004298                alloc_iob_raw
 .text.alloc_iob
                0x0000000000004310       0x13 bin/blib.a(iobuf.o)
                0x0000000000004310                alloc_iob
 .text.free_iob
                0x0000000000004323       0x2d bin/blib.a(iobuf.o)
                0x0000000000004323                free_iob
 .text.iob_ensure_headroom
                0x0000000000004350       0x12 bin/blib.a(iobuf.o)
                0x0000000000004350                iob_ensure_headroom
 .text.iob_concatenate
                0x0000000000004362       0x81 bin/blib.a(iobuf.o)
                0x0000000000004362                iob_concatenate
 .text.extern_list_add
                0x00000000000043e3        0xd bin/blib.a(list.o)
                0x00000000000043e3                extern_list_add
 .text.extern_list_add_tail
                0x00000000000043f0        0xe bin/blib.a(list.o)
                0x00000000000043f0                extern_list_add_tail
 .text.startup.main
                0x00000000000043fe       0x37 bin/blib.a(main.o)
                0x00000000000043fe                main
 .text.discard_cache
                0x0000000000004435       0x1d bin/blib.a(malloc.o)
 .text.shutdown_cache
                0x0000000000004452        0xa bin/blib.a(malloc.o)
 .text.alloc_memblock
                0x000000000000445c       0x8b bin/blib.a(malloc.o)
                0x000000000000445c                alloc_memblock
 .text.free_memblock
                0x00000000000044e7       0x98 bin/blib.a(malloc.o)
                0x00000000000044e7                free_memblock
 .text.realloc  0x000000000000457f       0x5b bin/blib.a(malloc.o)
                0x000000000000457f                realloc
 .text.malloc   0x00000000000045da        0x9 bin/blib.a(malloc.o)
                0x00000000000045da                malloc
 .text.free     0x00000000000045e3        0x7 bin/blib.a(malloc.o)
                0x00000000000045e3                free
 .text.zalloc   0x00000000000045ea       0x1c bin/blib.a(malloc.o)
                0x00000000000045ea                zalloc
 .text.mpopulate
                0x0000000000004606        0x8 bin/blib.a(malloc.o)
                0x0000000000004606                mpopulate
 .text.init_heap
                0x000000000000460e        0xf bin/blib.a(malloc.o)
 .text.largest_memblock
                0x000000000000461d       0x6e bin/blib.a(memblock.o)
                0x000000000000461d                largest_memblock
 .text.strtoul_charval
                0x000000000000468b       0x1b bin/blib.a(misc.o)
                0x000000000000468b                strtoul_charval
 .text.strtoul  0x00000000000046a6       0x7a bin/blib.a(misc.o)
                0x00000000000046a6                strtoul
 .text.inet_aton
                0x0000000000004720       0x63 bin/blib.a(misc.o)
                0x0000000000004720                inet_aton
 .text.nvo_fetch
                0x0000000000004783        0xb bin/blib.a(nvo.o)
 .text.nvo_applies
                0x000000000000478e       0x19 bin/blib.a(nvo.o)
                0x000000000000478e                nvo_applies
 .text.nvo_realloc
                0x00000000000047a7       0x47 bin/blib.a(nvo.o)
 .text.nvo_realloc_dhcpopt
                0x00000000000047ee       0x33 bin/blib.a(nvo.o)
 .text.nvo_store
                0x0000000000004821       0x5a bin/blib.a(nvo.o)
 .text.nvo_init
                0x000000000000487b       0x52 bin/blib.a(nvo.o)
                0x000000000000487b                nvo_init
 .text.register_nvo
                0x00000000000048cd       0x82 bin/blib.a(nvo.o)
                0x00000000000048cd                register_nvo
 .text.unregister_nvo
                0x000000000000494f       0x12 bin/blib.a(nvo.o)
                0x000000000000494f                unregister_nvo
 .text.xfer_uri_opener
                0x0000000000004961       0x2a bin/blib.a(open.o)
                0x0000000000004961                xfer_uri_opener
 .text.xfer_open_uri
                0x000000000000498b       0x45 bin/blib.a(open.o)
                0x000000000000498b                xfer_open_uri
 .text.xfer_open_uri_string
                0x00000000000049d0       0x2f bin/blib.a(open.o)
                0x00000000000049d0                xfer_open_uri_string
 .text.xfer_open_socket
                0x00000000000049ff       0x37 bin/blib.a(open.o)
                0x00000000000049ff                xfer_open_socket
 .text.xfer_vopen
                0x0000000000004a36       0x38 bin/blib.a(open.o)
                0x0000000000004a36                xfer_vopen
 .text.xfer_vreopen
                0x0000000000004a6e       0x20 bin/blib.a(open.o)
                0x0000000000004a6e                xfer_vreopen
 .text.parse_string
                0x0000000000004a8e        0x5 bin/blib.a(parseopt.o)
                0x0000000000004a8e                parse_string
 .text.parse_integer
                0x0000000000004a93       0x32 bin/blib.a(parseopt.o)
                0x0000000000004a93                parse_integer
 .text.parse_timeout
                0x0000000000004ac5       0x27 bin/blib.a(parseopt.o)
                0x0000000000004ac5                parse_timeout
 .text.parse_netdev
                0x0000000000004aec       0x2a bin/blib.a(parseopt.o)
                0x0000000000004aec                parse_netdev
 .text.parse_netdev_configurator
                0x0000000000004b16       0x2a bin/blib.a(parseopt.o)
                0x0000000000004b16                parse_netdev_configurator
 .text.parse_menu
                0x0000000000004b40       0x3b bin/blib.a(parseopt.o)
                0x0000000000004b40                parse_menu
 .text.parse_flag
                0x0000000000004b7b        0x9 bin/blib.a(parseopt.o)
                0x0000000000004b7b                parse_flag
 .text.parse_key
                0x0000000000004b84       0x19 bin/blib.a(parseopt.o)
                0x0000000000004b84                parse_key
 .text.parse_settings
                0x0000000000004b9d       0x2a bin/blib.a(parseopt.o)
                0x0000000000004b9d                parse_settings
 .text.parse_setting
                0x0000000000004bc7       0x2d bin/blib.a(parseopt.o)
                0x0000000000004bc7                parse_setting
 .text.parse_existing_setting
                0x0000000000004bf4        0xa bin/blib.a(parseopt.o)
                0x0000000000004bf4                parse_existing_setting
 .text.parse_autovivified_setting
                0x0000000000004bfe        0xa bin/blib.a(parseopt.o)
                0x0000000000004bfe                parse_autovivified_setting
 .text.print_usage
                0x0000000000004c08       0xab bin/blib.a(parseopt.o)
                0x0000000000004c08                print_usage
 .text.reparse_options
                0x0000000000004cb3      0x19f bin/blib.a(parseopt.o)
                0x0000000000004cb3                reparse_options
 .text.parse_options
                0x0000000000004e52       0x2b bin/blib.a(parseopt.o)
                0x0000000000004e52                parse_options
 .text.posix_fd_to_file
                0x0000000000004e7d       0x20 bin/blib.a(posix_io.o)
 .text.posix_file_finished
                0x0000000000004e9d       0x14 bin/blib.a(posix_io.o)
 .text.posix_file_xfer_deliver
                0x0000000000004eb1       0x3d bin/blib.a(posix_io.o)
 .text.posix_file_free
                0x0000000000004eee       0x30 bin/blib.a(posix_io.o)
 .text.open     0x0000000000004f1e       0xb9 bin/blib.a(posix_io.o)
                0x0000000000004f1e                open
 .text.select   0x0000000000004fd7       0x66 bin/blib.a(posix_io.o)
                0x0000000000004fd7                select
 .text.read_user
                0x000000000000503d       0x8a bin/blib.a(posix_io.o)
                0x000000000000503d                read_user
 .text.fsize    0x00000000000050c7       0x13 bin/blib.a(posix_io.o)
                0x00000000000050c7                fsize
 .text.close    0x00000000000050da       0x30 bin/blib.a(posix_io.o)
                0x00000000000050da                close
 .text.process_add
                0x000000000000510a       0x1e bin/blib.a(process.o)
                0x000000000000510a                process_add
 .text.init_processes
                0x0000000000005128       0x1c bin/blib.a(process.o)
 .text.process_del
                0x0000000000005144       0x1c bin/blib.a(process.o)
                0x0000000000005144                process_del
 .text.step     0x0000000000005160       0x5d bin/blib.a(process.o)
                0x0000000000005160                step
 .text.ref_increment
                0x00000000000051bd        0x7 bin/blib.a(refcnt.o)
                0x00000000000051bd                ref_increment
 .text.ref_decrement
                0x00000000000051c4       0x1c bin/blib.a(refcnt.o)
                0x00000000000051c4                ref_decrement
 .text.ref_no_free
                0x00000000000051e0        0x1 bin/blib.a(refcnt.o)
                0x00000000000051e0                ref_no_free
 .text.apply_settings
                0x00000000000051e1       0x1d bin/blib.a(settings.o)
 .text.parse_ipv6_setting
                0x00000000000051fe        0x8 bin/blib.a(settings.o)
                0x00000000000051fe                parse_ipv6_setting
 .text.format_ipv6_setting
                0x0000000000005206        0x8 bin/blib.a(settings.o)
                0x0000000000005206                format_ipv6_setting
 .text.builtin_applies
                0x000000000000520e        0xd bin/blib.a(settings.o)
 .text.platform_fetch
                0x000000000000521b       0x12 bin/blib.a(settings.o)
 .text.buildarch_fetch
                0x000000000000522d       0x12 bin/blib.a(settings.o)
 .text.version_fetch
                0x000000000000523f       0x16 bin/blib.a(settings.o)
 .text.format_string_setting
                0x0000000000005255       0x2e bin/blib.a(settings.o)
 .text.parse_string_setting
                0x0000000000005283       0x31 bin/blib.a(settings.o)
 .text.errno_fetch
                0x00000000000052b4       0x28 bin/blib.a(settings.o)
 .text.denumerate_int_setting
                0x00000000000052dc       0x3f bin/blib.a(settings.o)
 .text.format_uint_setting
                0x000000000000531b       0x2e bin/blib.a(settings.o)
 .text.format_int_setting
                0x0000000000005349       0x2e bin/blib.a(settings.o)
 .text.format_hex_setting
                0x0000000000005377       0x68 bin/blib.a(settings.o)
 .text.format_hex_raw_setting
                0x00000000000053df        0xa bin/blib.a(settings.o)
 .text.format_hex_hyphen_setting
                0x00000000000053e9        0xa bin/blib.a(settings.o)
 .text.format_hex_colon_setting
                0x00000000000053f3        0xa bin/blib.a(settings.o)
 .text.parse_hex_raw_setting
                0x00000000000053fd        0x9 bin/blib.a(settings.o)
 .text.parse_hex_hyphen_setting
                0x0000000000005406        0xc bin/blib.a(settings.o)
 .text.parse_hex_setting
                0x0000000000005412        0xc bin/blib.a(settings.o)
 .text.generic_settings_clear
                0x000000000000541e       0x28 bin/blib.a(settings.o)
                0x000000000000541e                generic_settings_clear
 .text.autovivified_settings_free
                0x0000000000005446       0x13 bin/blib.a(settings.o)
 .text.parse_settings_name
                0x0000000000005459       0x66 bin/blib.a(settings.o)
 .text.fetch_string_setting_copy_alloc
                0x00000000000054bf        0x6 bin/blib.a(settings.o)
 .text.numeric_setting_value
                0x00000000000054c5       0x68 bin/blib.a(settings.o)
 .text.numerate_int_setting
                0x000000000000552d       0x21 bin/blib.a(settings.o)
 .text.format_busdevfn_setting
                0x000000000000554e       0x3f bin/blib.a(settings.o)
 .text.format_uuid_setting
                0x000000000000558d       0x2d bin/blib.a(settings.o)
 .text.parse_int_setting
                0x00000000000055ba       0x34 bin/blib.a(settings.o)
 .text.find_settings
                0x00000000000055ee        0xa bin/blib.a(settings.o)
                0x00000000000055ee                find_settings
 .text.unregister_settings
                0x00000000000055f8       0x54 bin/blib.a(settings.o)
                0x00000000000055f8                unregister_settings
 .text.settings_target
                0x000000000000564c       0x15 bin/blib.a(settings.o)
                0x000000000000564c                settings_target
 .text.settings_name
                0x0000000000005661       0x5b bin/blib.a(settings.o)
                0x0000000000005661                settings_name
 .text.find_child_settings
                0x00000000000056bc       0x45 bin/blib.a(settings.o)
                0x00000000000056bc                find_child_settings
 .text.setting_applies
                0x0000000000005701       0x25 bin/blib.a(settings.o)
                0x0000000000005701                setting_applies
 .text.clear_settings
                0x0000000000005726       0x12 bin/blib.a(settings.o)
                0x0000000000005726                clear_settings
 .text.setting_cmp
                0x0000000000005738       0x39 bin/blib.a(settings.o)
                0x0000000000005738                setting_cmp
 .text.builtin_fetch
                0x0000000000005771       0x3c bin/blib.a(settings.o)
 .text.fetch_setting
                0x00000000000057ad      0x139 bin/blib.a(settings.o)
                0x00000000000057ad                fetch_setting
 .text.fetch_setting_alloc
                0x00000000000058e6       0x65 bin/blib.a(settings.o)
 .text.fetch_string_setting_copy
                0x000000000000594b       0x10 bin/blib.a(settings.o)
                0x000000000000594b                fetch_string_setting_copy
 .text.fetch_setting_copy
                0x000000000000595b       0x15 bin/blib.a(settings.o)
                0x000000000000595b                fetch_setting_copy
 .text.fetch_raw_setting_copy
                0x0000000000005970        0xb bin/blib.a(settings.o)
                0x0000000000005970                fetch_raw_setting_copy
 .text.fetch_raw_setting
                0x000000000000597b       0x11 bin/blib.a(settings.o)
                0x000000000000597b                fetch_raw_setting
 .text.fetch_uuid_setting
                0x000000000000598c       0x16 bin/blib.a(settings.o)
                0x000000000000598c                fetch_uuid_setting
 .text.fetch_numeric_setting
                0x00000000000059a2       0x2e bin/blib.a(settings.o)
                0x00000000000059a2                fetch_numeric_setting
 .text.fetch_uintz_setting
                0x00000000000059d0       0x11 bin/blib.a(settings.o)
                0x00000000000059d0                fetch_uintz_setting
 .text.fetch_intz_setting
                0x00000000000059e1       0x11 bin/blib.a(settings.o)
                0x00000000000059e1                fetch_intz_setting
 .text.reprioritise_settings
                0x00000000000059f2       0x6f bin/blib.a(settings.o)
 .text.register_settings
                0x0000000000005a61       0x51 bin/blib.a(settings.o)
                0x0000000000005a61                register_settings
 .text.builtin_init
                0x0000000000005ab2       0x11 bin/blib.a(settings.o)
 .text.autovivify_child_settings
                0x0000000000005ac3       0x9b bin/blib.a(settings.o)
                0x0000000000005ac3                autovivify_child_settings
 .text.fetch_ipv6_array_setting
                0x0000000000005b5e       0x1f bin/blib.a(settings.o)
                0x0000000000005b5e                fetch_ipv6_array_setting
 .text.fetch_ipv6_setting
                0x0000000000005b7d        0x8 bin/blib.a(settings.o)
                0x0000000000005b7d                fetch_ipv6_setting
 .text.fetch_ipv4_array_setting
                0x0000000000005b85       0x1f bin/blib.a(settings.o)
                0x0000000000005b85                fetch_ipv4_array_setting
 .text.fetch_ipv4_setting
                0x0000000000005ba4        0x8 bin/blib.a(settings.o)
                0x0000000000005ba4                fetch_ipv4_setting
 .text.fetch_string_setting
                0x0000000000005bac       0x30 bin/blib.a(settings.o)
                0x0000000000005bac                fetch_string_setting
 .text.store_setting
                0x0000000000005bdc       0x80 bin/blib.a(settings.o)
                0x0000000000005bdc                store_setting
 .text.generic_settings_fetch
                0x0000000000005c5c       0x62 bin/blib.a(settings.o)
                0x0000000000005c5c                generic_settings_fetch
 .text.generic_settings_store
                0x0000000000005cbe       0xdb bin/blib.a(settings.o)
                0x0000000000005cbe                generic_settings_store
 .text.setting_format
                0x0000000000005d99       0x1d bin/blib.a(settings.o)
                0x0000000000005d99                setting_format
 .text.setting_parse
                0x0000000000005db6       0x19 bin/blib.a(settings.o)
                0x0000000000005db6                setting_parse
 .text.setting_numerate
                0x0000000000005dcf       0x19 bin/blib.a(settings.o)
                0x0000000000005dcf                setting_numerate
 .text.setting_denumerate
                0x0000000000005de8       0x19 bin/blib.a(settings.o)
                0x0000000000005de8                setting_denumerate
 .text.fetchf_setting
                0x0000000000005e01       0x4d bin/blib.a(settings.o)
                0x0000000000005e01                fetchf_setting
 .text.fetchf_setting_copy
                0x0000000000005e4e       0x73 bin/blib.a(settings.o)
                0x0000000000005e4e                fetchf_setting_copy
 .text.storef_setting
                0x0000000000005ec1       0x7a bin/blib.a(settings.o)
                0x0000000000005ec1                storef_setting
 .text.fetchn_setting
                0x0000000000005f3b       0x49 bin/blib.a(settings.o)
                0x0000000000005f3b                fetchn_setting
 .text.storen_setting
                0x0000000000005f84       0x5e bin/blib.a(settings.o)
                0x0000000000005f84                storen_setting
 .text.parse_setting_name
                0x0000000000005fe2      0x153 bin/blib.a(settings.o)
                0x0000000000005fe2                parse_setting_name
 .text.setting_name
                0x0000000000006135       0x43 bin/blib.a(settings.o)
                0x0000000000006135                setting_name
 .text.expand_settings
                0x0000000000006178       0xd8 bin/blib.a(settings.o)
                0x0000000000006178                expand_settings
 .text.strcpy   0x0000000000006250       0x10 bin/blib.a(string.o)
                0x0000000000006250                strcpy
 .text.strncpy  0x0000000000006260       0x18 bin/blib.a(string.o)
                0x0000000000006260                strncpy
 .text.strcmp   0x0000000000006278       0x24 bin/blib.a(string.o)
                0x0000000000006278                strcmp
 .text.strcasecmp
                0x000000000000629c       0x2a bin/blib.a(string.o)
                0x000000000000629c                strcasecmp
 .text.strchr   0x00000000000062c6       0x11 bin/blib.a(string.o)
                0x00000000000062c6                strchr
 .text.strrchr  0x00000000000062d7       0x1f bin/blib.a(string.o)
                0x00000000000062d7                strrchr
 .text.strnlen  0x00000000000062f6       0x14 bin/blib.a(string.o)
                0x00000000000062f6                strnlen
 .text.memcmp   0x000000000000630a       0x21 bin/blib.a(string.o)
                0x000000000000630a                memcmp
 .text.strstr   0x000000000000632b       0x3e bin/blib.a(string.o)
                0x000000000000632b                strstr
 .text.memchr   0x0000000000006369       0x15 bin/blib.a(string.o)
                0x0000000000006369                memchr
 .text.strndup  0x000000000000637e       0x2d bin/blib.a(string.o)
                0x000000000000637e                strndup
 .text.strdup   0x00000000000063ab        0x8 bin/blib.a(string.o)
                0x00000000000063ab                strdup
 .text.mdelay   0x00000000000063b3       0x16 bin/blib.a(timer.o)
                0x00000000000063b3                mdelay
 .text.sleep    0x00000000000063c9       0x18 bin/blib.a(timer.o)
                0x00000000000063c9                sleep
 .text.uri_copy_fields
                0x00000000000063e1       0x5e bin/blib.a(uri.o)
 .text.uri_free
                0x000000000000643f       0x13 bin/blib.a(uri.o)
 .text.uri_encode
                0x0000000000006452       0x74 bin/blib.a(uri.o)
                0x0000000000006452                uri_encode
 .text.parse_uri
                0x00000000000064c6      0x208 bin/blib.a(uri.o)
                0x00000000000064c6                parse_uri
 .text.uri_port
                0x00000000000066ce       0x17 bin/blib.a(uri.o)
                0x00000000000066ce                uri_port
 .text.format_uri
                0x00000000000066e5       0xe6 bin/blib.a(uri.o)
                0x00000000000066e5                format_uri
 .text.format_uri_alloc
                0x00000000000067cb       0x2f bin/blib.a(uri.o)
                0x00000000000067cb                format_uri_alloc
 .text.uri_dup  0x00000000000067fa       0x38 bin/blib.a(uri.o)
                0x00000000000067fa                uri_dup
 .text.resolve_path
                0x0000000000006832       0xc2 bin/blib.a(uri.o)
                0x0000000000006832                resolve_path
 .text.resolve_uri
                0x00000000000068f4       0xa0 bin/blib.a(uri.o)
                0x00000000000068f4                resolve_uri
 .text.tftp_uri
                0x0000000000006994       0x3b bin/blib.a(uri.o)
                0x0000000000006994                tftp_uri
 .text.uuid_ntoa
                0x00000000000069cf       0x63 bin/blib.a(uuid.o)
                0x00000000000069cf                uuid_ntoa
 .text.format_hex
                0x0000000000006a32       0x6e bin/blib.a(vsprintf.o)
 .text.printf_sputc
                0x0000000000006aa0        0xf bin/blib.a(vsprintf.o)
 .text.printf_putchar
                0x0000000000006aaf        0x7 bin/blib.a(vsprintf.o)
 .text.vcprintf
                0x0000000000006ab6      0x268 bin/blib.a(vsprintf.o)
                0x0000000000006ab6                vcprintf
 .text.vsnprintf
                0x0000000000006d1e       0x3e bin/blib.a(vsprintf.o)
                0x0000000000006d1e                vsnprintf
 .text.snprintf
                0x0000000000006d5c       0x17 bin/blib.a(vsprintf.o)
                0x0000000000006d5c                snprintf
 .text.vssnprintf
                0x0000000000006d73       0x12 bin/blib.a(vsprintf.o)
                0x0000000000006d73                vssnprintf
 .text.ssnprintf
                0x0000000000006d85       0x17 bin/blib.a(vsprintf.o)
                0x0000000000006d85                ssnprintf
 .text.vprintf  0x0000000000006d9c       0x19 bin/blib.a(vsprintf.o)
                0x0000000000006d9c                vprintf
 .text.printf   0x0000000000006db5        0xe bin/blib.a(vsprintf.o)
                0x0000000000006db5                printf
 .text.xfer_deliver
                0x0000000000006dc3       0x47 bin/blib.a(xfer.o)
                0x0000000000006dc3                xfer_deliver
 .text.xfer_window_changed
                0x0000000000006e0a       0x29 bin/blib.a(xfer.o)
                0x0000000000006e0a                xfer_window_changed
 .text.xfer_window
                0x0000000000006e33       0x32 bin/blib.a(xfer.o)
                0x0000000000006e33                xfer_window
 .text.xfer_alloc_iob
                0x0000000000006e65       0x3c bin/blib.a(xfer.o)
                0x0000000000006e65                xfer_alloc_iob
 .text.xfer_vredirect
                0x0000000000006ea1       0x88 bin/blib.a(xfer.o)
                0x0000000000006ea1                xfer_vredirect
 .text.xfer_redirect
                0x0000000000006f29       0x12 bin/blib.a(xfer.o)
                0x0000000000006f29                xfer_redirect
 .text.xfer_deliver_iob
                0x0000000000006f3b        0xa bin/blib.a(xfer.o)
                0x0000000000006f3b                xfer_deliver_iob
 .text.xfer_deliver_raw_meta
                0x0000000000006f45       0x46 bin/blib.a(xfer.o)
                0x0000000000006f45                xfer_deliver_raw_meta
 .text.xfer_deliver_raw
                0x0000000000006f8b        0xb bin/blib.a(xfer.o)
                0x0000000000006f8b                xfer_deliver_raw
 .text.xfer_vprintf
                0x0000000000006f96       0x2e bin/blib.a(xfer.o)
                0x0000000000006f96                xfer_vprintf
 .text.xfer_printf
                0x0000000000006fc4       0x12 bin/blib.a(xfer.o)
                0x0000000000006fc4                xfer_printf
 .text.xfer_seek
                0x0000000000006fd6       0x42 bin/blib.a(xfer.o)
                0x0000000000006fd6                xfer_seek
 .text.arp_ntoa
                0x0000000000007018        0x6 bin/blib.a(arp.o)
 .text.arp_rx   0x000000000000701e      0x10a bin/blib.a(arp.o)
 .text.arp_tx_request
                0x0000000000007128       0xda bin/blib.a(arp.o)
 .text.find_dhcp_option_with_encap
                0x0000000000007202       0x8b bin/blib.a(dhcpopts.o)
 .text.set_dhcp_option
                0x000000000000728d      0x1d6 bin/blib.a(dhcpopts.o)
 .text.dhcpopt_no_realloc
                0x0000000000007463        0xf bin/blib.a(dhcpopts.o)
                0x0000000000007463                dhcpopt_no_realloc
 .text.dhcpopt_applies
                0x0000000000007472        0xd bin/blib.a(dhcpopts.o)
                0x0000000000007472                dhcpopt_applies
 .text.dhcpopt_store
                0x000000000000747f       0x17 bin/blib.a(dhcpopts.o)
                0x000000000000747f                dhcpopt_store
 .text.dhcpopt_fetch
                0x0000000000007496       0x36 bin/blib.a(dhcpopts.o)
                0x0000000000007496                dhcpopt_fetch
 .text.dhcpopt_update_used_len
                0x00000000000074cc       0x50 bin/blib.a(dhcpopts.o)
                0x00000000000074cc                dhcpopt_update_used_len
 .text.dhcpopt_init
                0x000000000000751c       0x14 bin/blib.a(dhcpopts.o)
                0x000000000000751c                dhcpopt_init
 .text.eth_push
                0x0000000000007530       0x38 bin/blib.a(ethernet.o)
                0x0000000000007530                eth_push
 .text.eth_init_addr
                0x0000000000007568        0xc bin/blib.a(ethernet.o)
                0x0000000000007568                eth_init_addr
 .text.eth_eth_addr
                0x0000000000007574        0xe bin/blib.a(ethernet.o)
                0x0000000000007574                eth_eth_addr
 .text.eth_eui64
                0x0000000000007582       0x21 bin/blib.a(ethernet.o)
                0x0000000000007582                eth_eui64
 .text.eth_ntoa
                0x00000000000075a3       0x37 bin/blib.a(ethernet.o)
                0x00000000000075a3                eth_ntoa
 .text.eth_pull
                0x00000000000075da       0x5e bin/blib.a(ethernet.o)
                0x00000000000075da                eth_pull
 .text.eth_mc_hash
                0x0000000000007638       0x44 bin/blib.a(ethernet.o)
                0x0000000000007638                eth_mc_hash
 .text.alloc_etherdev
                0x000000000000767c       0x1f bin/blib.a(ethernet.o)
                0x000000000000767c                alloc_etherdev
 .text.eth_slow_rx
                0x000000000000769b      0x111 bin/blib.a(eth_slow.o)
 .text.copy_encap_settings
                0x00000000000077ac       0x9d bin/blib.a(fakedhcp.o)
 .text.create_fakedhcpdiscover
                0x0000000000007849       0x21 bin/blib.a(fakedhcp.o)
                0x0000000000007849                create_fakedhcpdiscover
 .text.create_fakedhcpack
                0x000000000000786a       0x49 bin/blib.a(fakedhcp.o)
                0x000000000000786a                create_fakedhcpack
 .text.create_fakepxebsack
                0x00000000000078b3       0x92 bin/blib.a(fakedhcp.o)
                0x00000000000078b3                create_fakepxebsack
 .text.iob_pad  0x0000000000007945       0x42 bin/blib.a(iobpad.o)
                0x0000000000007945                iob_pad
 .text.ipv4_route
                0x0000000000007987       0x42 bin/blib.a(ipv4.o)
 .text.ipv4_netdev
                0x00000000000079c9       0x1b bin/blib.a(ipv4.o)
 .text.ipv4_is_fragment
                0x00000000000079e4       0x24 bin/blib.a(ipv4.o)
 .text.ipv4_more_fragments
                0x0000000000007a08        0xb bin/blib.a(ipv4.o)
 .text.ipv4_fragment_offset
                0x0000000000007a13       0x12 bin/blib.a(ipv4.o)
 .text.ipv4_create_routes
                0x0000000000007a25      0x15c bin/blib.a(ipv4.o)
 .text.ipv4_pshdr_chksum
                0x0000000000007b81       0x53 bin/blib.a(ipv4.o)
 .text.ipv4_tx  0x0000000000007bd4      0x1be bin/blib.a(ipv4.o)
 .text.ipv4_arp_check
                0x0000000000007d92       0x29 bin/blib.a(ipv4.o)
 .text.ipv4_sock_aton
                0x0000000000007dbb       0x21 bin/blib.a(ipv4.o)
 .text.ipv4_has_any_addr
                0x0000000000007ddc       0x20 bin/blib.a(ipv4.o)
                0x0000000000007ddc                ipv4_has_any_addr
 .text.ipv4_rx  0x0000000000007dfc      0x1a2 bin/blib.a(ipv4.o)
 .text.inet_ntoa
                0x0000000000007f9e       0x31 bin/blib.a(ipv4.o)
                0x0000000000007f9e                inet_ntoa
 .text.ipv4_sock_ntoa
                0x0000000000007fcf        0x8 bin/blib.a(ipv4.o)
 .text.ipv4_ntoa
                0x0000000000007fd7        0x7 bin/blib.a(ipv4.o)
 .text.parse_ipv4_setting
                0x0000000000007fde       0x39 bin/blib.a(ipv4.o)
                0x0000000000007fde                parse_ipv4_setting
 .text.format_ipv4_setting
                0x0000000000008017       0x2d bin/blib.a(ipv4.o)
                0x0000000000008017                format_ipv4_setting
 .text.neighbour_destroy
                0x0000000000008044       0x48 bin/blib.a(neighbour.o)
 .text.neighbour_discard
                0x000000000000808c       0x2b bin/blib.a(neighbour.o)
 .text.neighbour_find
                0x00000000000080b7       0x65 bin/blib.a(neighbour.o)
 .text.neighbour_create
                0x000000000000811c       0x71 bin/blib.a(neighbour.o)
 .text.neighbour_expired
                0x000000000000818d       0x3c bin/blib.a(neighbour.o)
 .text.neighbour_free
                0x00000000000081c9       0x13 bin/blib.a(neighbour.o)
 .text.neighbour_discovered
                0x00000000000081dc       0x70 bin/blib.a(neighbour.o)
 .text.neighbour_flush
                0x000000000000824c       0x32 bin/blib.a(neighbour.o)
 .text.neighbour_tx
                0x000000000000827e       0x8c bin/blib.a(neighbour.o)
                0x000000000000827e                neighbour_tx
 .text.neighbour_update
                0x000000000000830a       0x1f bin/blib.a(neighbour.o)
                0x000000000000830a                neighbour_update
 .text.netdev_notify
                0x0000000000008329       0x24 bin/blib.a(netdevice.o)
 .text.net_discard
                0x000000000000834d       0x40 bin/blib.a(netdevice.o)
 .text.netdev_config_close
                0x000000000000838d       0x14 bin/blib.a(netdevice.o)
 .text.netdev_record_stat
                0x00000000000083a1       0x40 bin/blib.a(netdevice.o)
 .text.netdev_rx_freeze
                0x00000000000083e1        0x9 bin/blib.a(netdevice.o)
                0x00000000000083e1                netdev_rx_freeze
 .text.netdev_rx_unfreeze
                0x00000000000083ea        0x9 bin/blib.a(netdevice.o)
                0x00000000000083ea                netdev_rx_unfreeze
 .text.netdev_link_err
                0x00000000000083f3        0x8 bin/blib.a(netdevice.o)
                0x00000000000083f3                netdev_link_err
 .text.netdev_link_down
                0x00000000000083fb       0x1c bin/blib.a(netdevice.o)
                0x00000000000083fb                netdev_link_down
 .text.netdev_tx_err
                0x0000000000008417       0x15 bin/blib.a(netdevice.o)
                0x0000000000008417                netdev_tx_err
 .text.netdev_tx_defer
                0x000000000000842c       0x26 bin/blib.a(netdevice.o)
                0x000000000000842c                netdev_tx_defer
 .text.netdev_tx_complete_err
                0x0000000000008452       0x39 bin/blib.a(netdevice.o)
                0x0000000000008452                netdev_tx_complete_err
 .text.netdev_tx
                0x000000000000848b       0x3f bin/blib.a(netdevice.o)
                0x000000000000848b                netdev_tx
 .text.netdev_tx_complete_next_err
                0x00000000000084ca       0x1b bin/blib.a(netdevice.o)
                0x00000000000084ca                netdev_tx_complete_next_err
 .text.netdev_tx_flush
                0x00000000000084e5       0x1d bin/blib.a(netdevice.o)
 .text.netdev_rx
                0x0000000000008502       0x1b bin/blib.a(netdevice.o)
                0x0000000000008502                netdev_rx
 .text.netdev_rx_err
                0x000000000000851d       0x1c bin/blib.a(netdevice.o)
                0x000000000000851d                netdev_rx_err
 .text.netdev_poll
                0x0000000000008539        0xd bin/blib.a(netdevice.o)
                0x0000000000008539                netdev_poll
 .text.netdev_rx_dequeue
                0x0000000000008546       0x1f bin/blib.a(netdevice.o)
                0x0000000000008546                netdev_rx_dequeue
 .text.netdev_rx_flush
                0x0000000000008565       0x20 bin/blib.a(netdevice.o)
 .text.free_netdev
                0x0000000000008585       0x22 bin/blib.a(netdevice.o)
 .text.alloc_netdev
                0x00000000000085a7       0xf4 bin/blib.a(netdevice.o)
                0x00000000000085a7                alloc_netdev
 .text.netdev_open
                0x000000000000869b       0x3f bin/blib.a(netdevice.o)
                0x000000000000869b                netdev_open
 .text.netdev_close
                0x00000000000086da       0x6f bin/blib.a(netdevice.o)
                0x00000000000086da                netdev_close
 .text.unregister_netdev
                0x0000000000008749       0x65 bin/blib.a(netdevice.o)
                0x0000000000008749                unregister_netdev
 .text.netdev_irq
                0x00000000000087ae       0x2a bin/blib.a(netdevice.o)
                0x00000000000087ae                netdev_irq
 .text.find_netdev_by_location
                0x00000000000087d8       0x28 bin/blib.a(netdevice.o)
                0x00000000000087d8                find_netdev_by_location
 .text.find_netdev_by_ll_addr
                0x0000000000008800       0x3c bin/blib.a(netdevice.o)
                0x0000000000008800                find_netdev_by_ll_addr
 .text.register_netdev
                0x000000000000883c      0x117 bin/blib.a(netdevice.o)
                0x000000000000883c                register_netdev
 .text.last_opened_netdev
                0x0000000000008953       0x14 bin/blib.a(netdevice.o)
                0x0000000000008953                last_opened_netdev
 .text.find_netdev
                0x0000000000008967       0x42 bin/blib.a(netdevice.o)
                0x0000000000008967                find_netdev
 .text.net_tx   0x00000000000089a9       0x44 bin/blib.a(netdevice.o)
                0x00000000000089a9                net_tx
 .text.net_rx   0x00000000000089ed       0x38 bin/blib.a(netdevice.o)
                0x00000000000089ed                net_rx
 .text.net_poll
                0x0000000000008a25       0x97 bin/blib.a(netdevice.o)
                0x0000000000008a25                net_poll
 .text.net_step
                0x0000000000008abc        0x5 bin/blib.a(netdevice.o)
 .text.vlan_tag
                0x0000000000008ac1        0x3 bin/blib.a(netdevice.o)
                0x0000000000008ac1                vlan_tag
 .text.find_netdev_configurator
                0x0000000000008ac4       0x2a bin/blib.a(netdevice.o)
                0x0000000000008ac4                find_netdev_configurator
 .text.netdev_configure
                0x0000000000008aee       0x59 bin/blib.a(netdevice.o)
                0x0000000000008aee                netdev_configure
 .text.netdev_configure_all
                0x0000000000008b47       0x37 bin/blib.a(netdevice.o)
                0x0000000000008b47                netdev_configure_all
 .text.netdev_configuration_in_progress
                0x0000000000008b7e       0x35 bin/blib.a(netdevice.o)
                0x0000000000008b7e                netdev_configuration_in_progress
 .text.netdev_configuration_ok
                0x0000000000008bb3       0x32 bin/blib.a(netdevice.o)
                0x0000000000008bb3                netdev_configuration_ok
 .text.netdev_redirect_settings_init
                0x0000000000008be5       0x11 bin/blib.a(netdev_settings.o)
 .text.netdev_redirect
                0x0000000000008bf6       0x16 bin/blib.a(netdev_settings.o)
 .text.netdev_clear
                0x0000000000008c0c        0x5 bin/blib.a(netdev_settings.o)
 .text.netdev_fetch
                0x0000000000008c11       0x6c bin/blib.a(netdev_settings.o)
 .text.netdev_fetch_chip
                0x0000000000008c7d       0x1c bin/blib.a(netdev_settings.o)
 .text.netdev_fetch_bustype
                0x0000000000008c99       0x23 bin/blib.a(netdev_settings.o)
 .text.netdev_store_mac
                0x0000000000008cbc       0x2e bin/blib.a(netdev_settings.o)
 .text.netdev_fetch_mac
                0x0000000000008cea       0x23 bin/blib.a(netdev_settings.o)
 .text.netdev_fetch_busid
                0x0000000000008d0d       0x43 bin/blib.a(netdev_settings.o)
 .text.netdev_fetch_busloc
                0x0000000000008d50       0x2a bin/blib.a(netdev_settings.o)
 .text.netdev_store
                0x0000000000008d7a       0x7b bin/blib.a(netdev_settings.o)
 .text.null_open
                0x0000000000008df5        0x6 bin/blib.a(nullnet.o)
 .text.null_close
                0x0000000000008dfb        0x1 bin/blib.a(nullnet.o)
 .text.null_transmit
                0x0000000000008dfc        0x6 bin/blib.a(nullnet.o)
 .text.null_poll
                0x0000000000008e02        0x1 bin/blib.a(nullnet.o)
 .text.null_irq
                0x0000000000008e03        0x1 bin/blib.a(nullnet.o)
 .text.rarp_ntoa
                0x0000000000008e04        0x6 bin/blib.a(rarp.o)
 .text.rarp_rx  0x0000000000008e0a        0xa bin/blib.a(rarp.o)
 .text.start_timer
                0x0000000000008e14       0x51 bin/blib.a(retry.o)
                0x0000000000008e14                start_timer
 .text.start_timer_fixed
                0x0000000000008e65       0x11 bin/blib.a(retry.o)
                0x0000000000008e65                start_timer_fixed
 .text.stop_timer
                0x0000000000008e76       0x50 bin/blib.a(retry.o)
                0x0000000000008e76                stop_timer
 .text.retry_poll
                0x0000000000008ec6       0x6f bin/blib.a(retry.o)
                0x0000000000008ec6                retry_poll
 .text.retry_step
                0x0000000000008f35        0x5 bin/blib.a(retry.o)
 .text.tcpip_rx
                0x0000000000008f3a       0x49 bin/blib.a(tcpip.o)
                0x0000000000008f3a                tcpip_rx
 .text.tcpip_tx
                0x0000000000008f83       0x46 bin/blib.a(tcpip.o)
                0x0000000000008f83                tcpip_tx
 .text.tcpip_mtu
                0x0000000000008fc9       0x42 bin/blib.a(tcpip.o)
                0x0000000000008fc9                tcpip_mtu
 .text.tcpip_chksum
                0x000000000000900b        0xe bin/blib.a(tcpip.o)
                0x000000000000900b                tcpip_chksum
 .text.tcpip_bind
                0x0000000000009019       0x6e bin/blib.a(tcpip.o)
                0x0000000000009019                tcpip_bind
 .text.udp_rx   0x0000000000009087      0x13e bin/blib.a(udp.o)
 .text.udp_close
                0x00000000000091c5       0x1e bin/blib.a(udp.o)
 .text.udp_xfer_alloc_iob
                0x00000000000091e3       0x15 bin/blib.a(udp.o)
 .text.udp_xfer_deliver
                0x00000000000091f8       0x9f bin/blib.a(udp.o)
 .text.udp_open_common
                0x0000000000009297       0xa4 bin/blib.a(udp.o)
 .text.udp_open
                0x000000000000933b        0x8 bin/blib.a(udp.o)
                0x000000000000933b                udp_open
 .text.udp_open_uri
                0x0000000000009343       0x50 bin/blib.a(udp.o)
 .text.udp_port_available
                0x0000000000009393       0x2a bin/blib.a(udp.o)
 .text.udp_open_promisc
                0x00000000000093bd        0xc bin/blib.a(udp.o)
                0x00000000000093bd                udp_open_promisc
 .text.http_open
                0x00000000000093c9        0xd bin/blib.a(http.o)
 .text.http_socket_window
                0x00000000000093d6        0x4 bin/blib.a(httpcore.o)
 .text.http_xfer_window
                0x00000000000093da        0xb bin/blib.a(httpcore.o)
 .text.http_acpi_describe
                0x00000000000093e5        0x3 bin/blib.a(httpcore.o)
 .text.http_rx_connection
                0x00000000000093e8       0x1b bin/blib.a(httpcore.o)
 .text.http_rx_transfer_encoding
                0x0000000000009403       0x1e bin/blib.a(httpcore.o)
 .text.http_free
                0x0000000000009421       0x39 bin/blib.a(httpcore.o)
 .text.http_digest_param
                0x000000000000945a       0x3a bin/blib.a(httpcore.o)
 .text.http_rx_content_length
                0x0000000000009494       0xa8 bin/blib.a(httpcore.o)
 .text.http_rx_location
                0x000000000000953c       0x10 bin/blib.a(httpcore.o)
 .text.http_rx_response
                0x000000000000954c       0x5c bin/blib.a(httpcore.o)
 .text.http_digest_auth
                0x00000000000095a8      0x255 bin/blib.a(httpcore.o)
 .text.http_socket_open
                0x00000000000097fd       0x62 bin/blib.a(httpcore.o)
 .text.http_close
                0x000000000000985f       0x39 bin/blib.a(httpcore.o)
 .text.http_rx_basic_auth
                0x0000000000009898       0x23 bin/blib.a(httpcore.o)
 .text.http_rx_retry_after
                0x00000000000098bb       0x3a bin/blib.a(httpcore.o)
 .text.http_rx_chunk_len
                0x00000000000098f5       0x6e bin/blib.a(httpcore.o)
 .text.http_rx_www_authenticate
                0x0000000000009963       0x50 bin/blib.a(httpcore.o)
 .text.http_rx_digest_auth
                0x00000000000099b3       0x8d bin/blib.a(httpcore.o)
 .text.http_partial_read.part.13
                0x0000000000009a40        0x6 bin/blib.a(httpcore.o)
 .text.http_block_read_capacity
                0x0000000000009a46       0x4f bin/blib.a(httpcore.o)
 .text.http_block_read
                0x0000000000009a95       0x60 bin/blib.a(httpcore.o)
 .text.http_basic_auth.isra.16
                0x0000000000009af5       0xaa bin/blib.a(httpcore.o)
 .text.http_post_params.isra.17
                0x0000000000009b9f       0x89 bin/blib.a(httpcore.o)
 .text.http_done
                0x0000000000009c28       0x88 bin/blib.a(httpcore.o)
 .text.http_socket_close
                0x0000000000009cb0        0xe bin/blib.a(httpcore.o)
 .text.http_rx_header
                0x0000000000009cbe       0xf4 bin/blib.a(httpcore.o)
 .text.http_socket_deliver
                0x0000000000009db2      0x13a bin/blib.a(httpcore.o)
 .text.http_step
                0x0000000000009eec      0x29b bin/blib.a(httpcore.o)
 .text.http_retry
                0x000000000000a187       0x50 bin/blib.a(httpcore.o)
 .text.http_open_filter
                0x000000000000a1d7       0xe3 bin/blib.a(httpcore.o)
                0x000000000000a1d7                http_open_filter
 .text.https_open
                0x000000000000a2ba       0x10 bin/blib.a(https.o)
 .text.iscsi_tx_nothing
                0x000000000000a2ca        0x3 bin/blib.a(iscsi.o)
 .text.iscsi_rx_discard
                0x000000000000a2cd        0x5 bin/blib.a(iscsi.o)
 .text.iscsi_scsi_window
                0x000000000000a2d2       0x1c bin/blib.a(iscsi.o)
 .text.iscsi_rx_bhs
                0x000000000000a2ee       0x19 bin/blib.a(iscsi.o)
 .text.iscsi_vredirect
                0x000000000000a307       0x30 bin/blib.a(iscsi.o)
 .text.iscsi_tx_resume
                0x000000000000a337        0xa bin/blib.a(iscsi.o)
 .text.iscsi_start_data_out
                0x000000000000a341       0xcb bin/blib.a(iscsi.o)
 .text.iscsi_rx_buffered_data
                0x000000000000a40c       0x51 bin/blib.a(iscsi.o)
 .text.iscsi_handle_authmethod_value
                0x000000000000a45d       0x1e bin/blib.a(iscsi.o)
 .text.iscsi_large_binary_decode
                0x000000000000a47b       0x38 bin/blib.a(iscsi.o)
 .text.iscsi_handle_chap_r_value
                0x000000000000a4b3       0xd7 bin/blib.a(iscsi.o)
 .text.iscsi_handle_chap_c_value
                0x000000000000a58a       0x76 bin/blib.a(iscsi.o)
 .text.iscsi_handle_chap_i_value
                0x000000000000a600       0x7a bin/blib.a(iscsi.o)
 .text.iscsi_free
                0x000000000000a67a       0x6b bin/blib.a(iscsi.o)
 .text.iscsi_build_login_request_strings
                0x000000000000a6e5      0x150 bin/blib.a(iscsi.o)
 .text.iscsi_start_login
                0x000000000000a835       0x92 bin/blib.a(iscsi.o)
 .text.iscsi_scsi_command
                0x000000000000a8c7      0x117 bin/blib.a(iscsi.o)
 .text.iscsi_tx_data
                0x000000000000a9de       0xed bin/blib.a(iscsi.o)
 .text.iscsi_tx_bhs
                0x000000000000aacb       0x13 bin/blib.a(iscsi.o)
 .text.iscsi_parse_root_path
                0x000000000000aade       0xb3 bin/blib.a(iscsi.o)
 .text.iscsi_close
                0x000000000000ab91       0x3a bin/blib.a(iscsi.o)
 .text.iscsi_socket_deliver
                0x000000000000abcb      0x10b bin/blib.a(iscsi.o)
 .text.iscsi_command_close
                0x000000000000acd6       0x2e bin/blib.a(iscsi.o)
 .text.iscsi_tx_step
                0x000000000000ad04       0xee bin/blib.a(iscsi.o)
 .text.iscsi_handle_chap_n_value
                0x000000000000adf2       0x1c bin/blib.a(iscsi.o)
 .text.iscsi_handle_chap_a_value
                0x000000000000ae0e       0x1a bin/blib.a(iscsi.o)
 .text.iscsi_handle_targetaddress_value
                0x000000000000ae28       0x4f bin/blib.a(iscsi.o)
 .text.iscsi_open_connection
                0x000000000000ae77       0x7e bin/blib.a(iscsi.o)
 .text.iscsi_open
                0x000000000000aef5      0x1f6 bin/blib.a(iscsi.o)
 .text.iscsi_scsi_done.constprop.11
                0x000000000000b0eb       0x45 bin/blib.a(iscsi.o)
 .text.iscsi_rx_data
                0x000000000000b130      0x3d4 bin/blib.a(iscsi.o)
 .text.dhcp_discovery_tx
                0x000000000000b504       0x10 bin/blib.a(dhcp.o)
 .text.dhcp_deliver
                0x000000000000b514       0xf7 bin/blib.a(dhcp.o)
 .text.dhcp_pxebs_tx
                0x000000000000b60b       0x42 bin/blib.a(dhcp.o)
 .text.dhcp_proxy_tx
                0x000000000000b64d       0x2a bin/blib.a(dhcp.o)
 .text.dhcp_set_state
                0x000000000000b677       0x46 bin/blib.a(dhcp.o)
 .text.dhcp_finished
                0x000000000000b6bd       0x24 bin/blib.a(dhcp.o)
 .text.dhcp_pxebs_rx
                0x000000000000b6e1       0x9f bin/blib.a(dhcp.o)
 .text.dhcp_timer_expired
                0x000000000000b780       0x1a bin/blib.a(dhcp.o)
 .text.dhcp_proxy_rx
                0x000000000000b79a       0x4e bin/blib.a(dhcp.o)
 .text.dhcp_free
                0x000000000000b7e8       0x1b bin/blib.a(dhcp.o)
 .text.start_dhcp
                0x000000000000b803       0xc8 bin/blib.a(dhcp.o)
                0x000000000000b803                start_dhcp
 .text.dhcp_discovery_rx
                0x000000000000b8cb      0x12d bin/blib.a(dhcp.o)
 .text.dhcp_request_tx
                0x000000000000b9f8       0x44 bin/blib.a(dhcp.o)
 .text.dhcp_request_rx
                0x000000000000ba3c       0xc9 bin/blib.a(dhcp.o)
 .text.dhcp_create_packet
                0x000000000000bb05       0xdb bin/blib.a(dhcp.o)
                0x000000000000bb05                dhcp_create_packet
 .text.dhcp_create_request
                0x000000000000bbe0      0x14b bin/blib.a(dhcp.o)
                0x000000000000bbe0                dhcp_create_request
 .text.dhcp_tx  0x000000000000bd2b       0xf3 bin/blib.a(dhcp.o)
 .text.dhcp_pxebs_expired
                0x000000000000be1e       0x44 bin/blib.a(dhcp.o)
 .text.dhcp_discovery_expired
                0x000000000000be62       0x30 bin/blib.a(dhcp.o)
 .text.dhcp_request_expired
                0x000000000000be92        0x5 bin/blib.a(dhcp.o)
 .text.dhcp_proxy_expired
                0x000000000000be97       0x25 bin/blib.a(dhcp.o)
 .text.start_pxebs
                0x000000000000bebc      0x21e bin/blib.a(dhcp.o)
                0x000000000000bebc                start_pxebs
 .text.dns_label
                0x000000000000c0da       0x4d bin/blib.a(dns.o)
 .text.dns_send_packet
                0x000000000000c127       0x26 bin/blib.a(dns.o)
 .text.dns_done
                0x000000000000c14d       0x24 bin/blib.a(dns.o)
 .text.dns_xfer_close
                0x000000000000c171        0xe bin/blib.a(dns.o)
 .text.dns_timer_expired
                0x000000000000c17f       0x16 bin/blib.a(dns.o)
 .text.dns_encode
                0x000000000000c195       0x79 bin/blib.a(dns.o)
                0x000000000000c195                dns_encode
 .text.apply_dns_settings
                0x000000000000c20e       0xd2 bin/blib.a(dns.o)
 .text.dns_decode
                0x000000000000c2e0       0xae bin/blib.a(dns.o)
                0x000000000000c2e0                dns_decode
 .text.dns_compare
                0x000000000000c38e       0xdd bin/blib.a(dns.o)
                0x000000000000c38e                dns_compare
 .text.dns_copy
                0x000000000000c46b       0x84 bin/blib.a(dns.o)
                0x000000000000c46b                dns_copy
 .text.dns_question
                0x000000000000c4ef       0x79 bin/blib.a(dns.o)
 .text.dns_resolv
                0x000000000000c568      0x16b bin/blib.a(dns.o)
 .text.dns_skip
                0x000000000000c6d3       0x43 bin/blib.a(dns.o)
                0x000000000000c6d3                dns_skip
 .text.dns_skip_search
                0x000000000000c716       0x20 bin/blib.a(dns.o)
 .text.format_dnssl_setting
                0x000000000000c736       0x6b bin/blib.a(dns.o)
 .text.dns_xfer_deliver
                0x000000000000c7a1      0x286 bin/blib.a(dns.o)
 .text.tftp_xfer_window
                0x000000000000ca27        0x4 bin/blib.a(tftp.o)
 .text.tftp_reopen
                0x000000000000ca2b       0x57 bin/blib.a(tftp.o)
 .text.tftp_reopen_mc
                0x000000000000ca82       0x23 bin/blib.a(tftp.o)
 .text.tftp_process_multicast
                0x000000000000caa5       0xec bin/blib.a(tftp.o)
 .text.tftp_send_packet
                0x000000000000cb91      0x158 bin/blib.a(tftp.o)
 .text.tftp_done
                0x000000000000cce9       0x2e bin/blib.a(tftp.o)
 .text.tftp_core_open
                0x000000000000cd17      0x101 bin/blib.a(tftp.o)
 .text.mtftp_open
                0x000000000000ce18       0x12 bin/blib.a(tftp.o)
 .text.tftm_open
                0x000000000000ce2a        0xf bin/blib.a(tftp.o)
 .text.tftpsize_open
                0x000000000000ce39        0xf bin/blib.a(tftp.o)
 .text.tftp_open
                0x000000000000ce48        0xf bin/blib.a(tftp.o)
 .text.tftp_timer_expired
                0x000000000000ce57       0x84 bin/blib.a(tftp.o)
 .text.tftp_free
                0x000000000000cedb       0x1b bin/blib.a(tftp.o)
 .text.tftp_apply_settings
                0x000000000000cef6       0x71 bin/blib.a(tftp.o)
 .text.tftp_process_tsize
                0x000000000000cf67       0x27 bin/blib.a(tftp.o)
 .text.tftp_process_blksize
                0x000000000000cf8e       0x27 bin/blib.a(tftp.o)
 .text.tftp_presize.part.7
                0x000000000000cfb5       0x32 bin/blib.a(tftp.o)
 .text.tftp_send_error.constprop.9
                0x000000000000cfe7       0x72 bin/blib.a(tftp.o)
 .text.tftp_rx  0x000000000000d059      0x293 bin/blib.a(tftp.o)
 .text.tftp_socket_deliver
                0x000000000000d2ec        0x9 bin/blib.a(tftp.o)
 .text.elf_load
                0x000000000000d2f5      0x141 bin/blib.a(elf.o)
                0x000000000000d2f5                elf_load
 .text.embedded_init
                0x000000000000d436       0x19 bin/blib.a(embedded.o)
 .text.terminate_on_label_found
                0x000000000000d44f        0x9 bin/blib.a(script.o)
 .text.prompt_exec
                0x000000000000d458       0x54 bin/blib.a(script.o)
 .text.process_script
                0x000000000000d4ac      0x15d bin/blib.a(script.o)
 .text.script_exec
                0x000000000000d609       0x3c bin/blib.a(script.o)
 .text.terminate_on_exit_or_failure
                0x000000000000d645       0x21 bin/blib.a(script.o)
 .text.script_exec_line
                0x000000000000d666        0xc bin/blib.a(script.o)
 .text.script_probe
                0x000000000000d672       0x63 bin/blib.a(script.o)
 .text.goto_exec
                0x000000000000d6d5       0x85 bin/blib.a(script.o)
 .text.goto_find_label
                0x000000000000d75a       0x2c bin/blib.a(script.o)
 .text.prep_segment
                0x000000000000d786       0x81 bin/blib.a(segment.o)
                0x000000000000d786                prep_segment
 .text.pci_bar  0x000000000000d807       0x4a bin/blib.a(pci.o)
 .text.adjust_pci_device
                0x000000000000d851       0x54 bin/blib.a(pci.o)
                0x000000000000d851                adjust_pci_device
 .text.pci_read_config
                0x000000000000d8a5      0x140 bin/blib.a(pci.o)
                0x000000000000d8a5                pci_read_config
 .text.pci_find_next
                0x000000000000d9e5       0x55 bin/blib.a(pci.o)
                0x000000000000d9e5                pci_find_next
 .text.pci_find_driver
                0x000000000000da3a       0x5d bin/blib.a(pci.o)
                0x000000000000da3a                pci_find_driver
 .text.pci_probe
                0x000000000000da97        0x7 bin/blib.a(pci.o)
                0x000000000000da97                pci_probe
 .text.pci_remove
                0x000000000000da9e        0x7 bin/blib.a(pci.o)
                0x000000000000da9e                pci_remove
 .text.pcibus_remove
                0x000000000000daa5       0x3f bin/blib.a(pci.o)
 .text.pcibus_probe
                0x000000000000dae4       0x86 bin/blib.a(pci.o)
 .text.pci_settings_applies
                0x000000000000db6a        0xd bin/blib.a(pci_settings.o)
 .text.pci_settings_init
                0x000000000000db77       0x11 bin/blib.a(pci_settings.o)
 .text.pci_settings_fetch
                0x000000000000db88       0x7e bin/blib.a(pci_settings.o)
 .text.mii_restart
                0x000000000000dc06       0x1f bin/blib.a(mii.o)
                0x000000000000dc06                mii_restart
 .text.mii_reset
                0x000000000000dc25       0x4a bin/blib.a(mii.o)
                0x000000000000dc25                mii_reset
 .text.ibft_set_ipaddr_setting
                0x000000000000dc6f       0x64 bin/blib.a(ibft.o)
 .text.ibft_set_string
                0x000000000000dcd3       0x49 bin/blib.a(ibft.o)
 .text.ibft_describe
                0x000000000000dd1c      0x30e bin/blib.a(ibft.o)
                0x000000000000dd1c                ibft_describe
 .text.scsicmd_read_capacity_cmd
                0x000000000000e02a       0x32 bin/blib.a(scsi.o)
 .text.scsicmd_test_unit_ready_cmd
                0x000000000000e05c        0x5 bin/blib.a(scsi.o)
 .text.scsicmd_close
                0x000000000000e061       0x1a bin/blib.a(scsi.o)
 .text.scsidev_close
                0x000000000000e07b       0x69 bin/blib.a(scsi.o)
 .text.scsicmd_write_cmd
                0x000000000000e0e4       0x54 bin/blib.a(scsi.o)
 .text.scsicmd_read_cmd
                0x000000000000e138       0x54 bin/blib.a(scsi.o)
 .text.scsicmd_free
                0x000000000000e18c       0x1e bin/blib.a(scsi.o)
 .text.scsi_response
                0x000000000000e1aa       0x2f bin/blib.a(scsi.o)
                0x000000000000e1aa                scsi_response
 .text.scsi_command
                0x000000000000e1d9       0x40 bin/blib.a(scsi.o)
                0x000000000000e1d9                scsi_command
 .text.scsicmd_command
                0x000000000000e219       0x4b bin/blib.a(scsi.o)
 .text.scsicmd_read_capacity_done
                0x000000000000e264       0x91 bin/blib.a(scsi.o)
 .text.scsidev_command
                0x000000000000e2f5       0xbb bin/blib.a(scsi.o)
 .text.scsidev_read_capacity
                0x000000000000e3b0       0x15 bin/blib.a(scsi.o)
 .text.scsidev_write
                0x000000000000e3c5        0xc bin/blib.a(scsi.o)
 .text.scsidev_read
                0x000000000000e3d1        0xc bin/blib.a(scsi.o)
 .text.scsicmd_done
                0x000000000000e3dd       0x3a bin/blib.a(scsi.o)
 .text.scsidev_window
                0x000000000000e417       0x11 bin/blib.a(scsi.o)
 .text.scsidev_ready
                0x000000000000e428       0x2b bin/blib.a(scsi.o)
 .text.scsidev_step
                0x000000000000e453       0x42 bin/blib.a(scsi.o)
 .text.scsicmd_response
                0x000000000000e495       0x20 bin/blib.a(scsi.o)
 .text.scsi_parse_lun
                0x000000000000e4b5       0x5f bin/blib.a(scsi.o)
                0x000000000000e4b5                scsi_parse_lun
 .text.scsi_parse_sense
                0x000000000000e514       0x39 bin/blib.a(scsi.o)
                0x000000000000e514                scsi_parse_sense
 .text.scsi_open
                0x000000000000e54d       0xa3 bin/blib.a(scsi.o)
                0x000000000000e54d                scsi_open
 .text.write_bit
                0x000000000000e5f0        0xf bin/blib.a(bitbash.o)
                0x000000000000e5f0                write_bit
 .text.read_bit
                0x000000000000e5ff        0xd bin/blib.a(bitbash.o)
                0x000000000000e5ff                read_bit
 .text.smbios_applies
                0x000000000000e60c        0xd bin/blib.a(smbios_settings.o)
 .text.smbios_init
                0x000000000000e619       0x11 bin/blib.a(smbios_settings.o)
 .text.smbios_fetch
                0x000000000000e62a      0x102 bin/blib.a(smbios_settings.o)
 .text.chap_init
                0x000000000000e72c       0x37 bin/blib.a(chap.o)
                0x000000000000e72c                chap_init
 .text.chap_update
                0x000000000000e763        0xf bin/blib.a(chap.o)
                0x000000000000e763                chap_update
 .text.chap_respond
                0x000000000000e772       0x10 bin/blib.a(chap.o)
                0x000000000000e772                chap_respond
 .text.chap_finish
                0x000000000000e782       0x16 bin/blib.a(chap.o)
                0x000000000000e782                chap_finish
 .text.md5_f_0_15
                0x000000000000e798       0x10 bin/blib.a(md5.o)
 .text.md5_f_16_31
                0x000000000000e7a8       0x10 bin/blib.a(md5.o)
 .text.md5_f_32_47
                0x000000000000e7b8        0xc bin/blib.a(md5.o)
 .text.md5_f_48_63
                0x000000000000e7c4        0xe bin/blib.a(md5.o)
 .text.md5_init
                0x000000000000e7d2       0x23 bin/blib.a(md5.o)
 .text.md5_update
                0x000000000000e7f5       0xc6 bin/blib.a(md5.o)
 .text.md5_final
                0x000000000000e8bb       0x5a bin/blib.a(md5.o)
 .text.strerror
                0x000000000000e915       0x6c bin/blib.a(strerror.o)
                0x000000000000e915                strerror
 .text.autoboot_exec
                0x000000000000e981        0xa bin/blib.a(autoboot_cmd.o)
 .text.autoboot_payload
                0x000000000000e98b        0x5 bin/blib.a(autoboot_cmd.o)
 .text.config_exec
                0x000000000000e990       0x69 bin/blib.a(config_cmd.o)
 .text.pxebs_exec
                0x000000000000e9f9       0x80 bin/blib.a(dhcp_cmd.o)
 .text.ifstat_payload
                0x000000000000ea79        0x8 bin/blib.a(ifmgmt_cmd.o)
 .text.ifclose_payload
                0x000000000000ea81        0x8 bin/blib.a(ifmgmt_cmd.o)
 .text.ifopen_payload
                0x000000000000ea89        0x5 bin/blib.a(ifmgmt_cmd.o)
 .text.ifconf_payload
                0x000000000000ea8e       0x1d bin/blib.a(ifmgmt_cmd.o)
 .text.ifcommon_exec
                0x000000000000eaab       0xae bin/blib.a(ifmgmt_cmd.o)
                0x000000000000eaab                ifcommon_exec
 .text.ifstat_exec
                0x000000000000eb59        0xa bin/blib.a(ifmgmt_cmd.o)
 .text.ifclose_exec
                0x000000000000eb63        0xa bin/blib.a(ifmgmt_cmd.o)
 .text.ifopen_exec
                0x000000000000eb6d        0xa bin/blib.a(ifmgmt_cmd.o)
 .text.ifconf_exec
                0x000000000000eb77        0xa bin/blib.a(ifmgmt_cmd.o)
                0x000000000000eb77                ifconf_exec
 .text.image_clear_cmdline
                0x000000000000eb81        0x7 bin/blib.a(image_cmd.o)
 .text.imgsingle_exec
                0x000000000000eb88      0x141 bin/blib.a(image_cmd.o)
 .text.imgargs_exec
                0x000000000000ecc9        0xa bin/blib.a(image_cmd.o)
 .text.imgexec_exec
                0x000000000000ecd3        0xa bin/blib.a(image_cmd.o)
 .text.imgselect_exec
                0x000000000000ecdd        0xa bin/blib.a(image_cmd.o)
 .text.imgfetch_exec
                0x000000000000ece7        0xa bin/blib.a(image_cmd.o)
 .text.imgselect
                0x000000000000ecf1        0x5 bin/blib.a(image_cmd.o)
 .text.imgmulti_exec
                0x000000000000ecf6       0x94 bin/blib.a(image_cmd.o)
 .text.imgfree_exec
                0x000000000000ed8a        0xa bin/blib.a(image_cmd.o)
 .text.imgstat_exec
                0x000000000000ed94        0xa bin/blib.a(image_cmd.o)
 .text.imgexec  0x000000000000ed9e       0x28 bin/blib.a(image_cmd.o)
 .text.login_exec
                0x000000000000edc6       0x39 bin/blib.a(login_cmd.o)
 .text.choose_exec
                0x000000000000edff       0xbd bin/blib.a(menu_cmd.o)
 .text.item_exec
                0x000000000000eebc       0xb4 bin/blib.a(menu_cmd.o)
 .text.menu_exec
                0x000000000000ef70       0x67 bin/blib.a(menu_cmd.o)
 .text.clear_value
                0x000000000000efd7        0x9 bin/blib.a(nvo_cmd.o)
 .text.inc_exec
                0x000000000000efe0       0xd0 bin/blib.a(nvo_cmd.o)
 .text.read_value
                0x000000000000f0b0       0x32 bin/blib.a(nvo_cmd.o)
 .text.set_core_exec
                0x000000000000f0e2       0x96 bin/blib.a(nvo_cmd.o)
 .text.read_exec
                0x000000000000f178       0x10 bin/blib.a(nvo_cmd.o)
 .text.clear_exec
                0x000000000000f188       0x10 bin/blib.a(nvo_cmd.o)
 .text.set_exec
                0x000000000000f198       0x10 bin/blib.a(nvo_cmd.o)
 .text.set_value
                0x000000000000f1a8       0x1b bin/blib.a(nvo_cmd.o)
 .text.show_exec
                0x000000000000f1c3       0xa7 bin/blib.a(nvo_cmd.o)
 .text.reboot_exec
                0x000000000000f26a       0x23 bin/blib.a(reboot_cmd.o)
 .text.route_exec
                0x000000000000f28d       0x25 bin/blib.a(route_cmd.o)
 .text.sanboot_core_exec
                0x000000000000f2b2       0x9a bin/blib.a(sanboot_cmd.o)
 .text.sanunhook_exec
                0x000000000000f34c        0xf bin/blib.a(sanboot_cmd.o)
 .text.sanboot_exec
                0x000000000000f35b        0xf bin/blib.a(sanboot_cmd.o)
 .text.sanhook_exec
                0x000000000000f36a        0xf bin/blib.a(sanboot_cmd.o)
 .text.sync_exec
                0x000000000000f379       0x3b bin/blib.a(sync_cmd.o)
 .text.login_ui
                0x000000000000f3b4      0x239 bin/blib.a(login_ui.o)
                0x000000000000f3b4                login_ui
 .text.draw_menu_item
                0x000000000000f5ed      0x190 bin/blib.a(menu_ui.o)
 .text.draw_menu_items
                0x000000000000f77d       0xee bin/blib.a(menu_ui.o)
 .text.show_menu
                0x000000000000f86b      0x377 bin/blib.a(menu_ui.o)
                0x000000000000f86b                show_menu
 .text.clearmsg
                0x000000000000fbe2       0x18 bin/blib.a(settings_ui.o)
 .text.vmsg     0x000000000000fbfa       0x5b bin/blib.a(settings_ui.o)
 .text.msg      0x000000000000fc55       0x12 bin/blib.a(settings_ui.o)
 .text.string_copy
                0x000000000000fc67       0x2d bin/blib.a(settings_ui.o)
 .text.draw_setting_row
                0x000000000000fc94      0x107 bin/blib.a(settings_ui.o)
 .text.select_setting_row
                0x000000000000fd9b      0x138 bin/blib.a(settings_ui.o)
 .text.reveal_setting_row.part.1
                0x000000000000fed3       0xde bin/blib.a(settings_ui.o)
 .text.init_widget
                0x000000000000ffb1       0x9b bin/blib.a(settings_ui.o)
 .text.colour_set.constprop.2
                0x000000000001004c        0xe bin/blib.a(settings_ui.o)
 .text.alert    0x000000000001005a       0x4e bin/blib.a(settings_ui.o)
 .text.main_loop