Archive member included because of file (symbol)

bin/blib.a(config.o)          (obj_config)
bin/blib.a(bios_console.o)    bin/blib.a(config.o) (obj_bios_console)
bin/blib.a(bzimage.o)         bin/blib.a(config.o) (obj_bzimage)
bin/blib.a(elfboot.o)         bin/blib.a(config.o) (obj_elfboot)
bin/blib.a(initrd.o)          bin/blib.a(bzimage.o) (initrd_reshuffle)
bin/blib.a(multiboot.o)       bin/blib.a(config.o) (obj_multiboot)
bin/blib.a(pxe_image.o)       bin/blib.a(config.o) (obj_pxe_image)
bin/blib.a(pxe_call.o)        bin/blib.a(pxe_image.o) (pxe_activate)
bin/blib.a(pxe_file.o)        bin/blib.a(pxe_call.o) (obj_pxe_file)
bin/blib.a(pxe_loader.o)      bin/blib.a(pxe_call.o) (undi_loader)
bin/blib.a(pxe_preboot.o)     bin/blib.a(pxe_call.o) (obj_pxe_preboot)
bin/blib.a(pxe_tftp.o)        bin/blib.a(pxe_preboot.o) (pxenv_tftp_read_file)
bin/blib.a(pxe_udp.o)         bin/blib.a(pxe_call.o) (obj_pxe_udp)
bin/blib.a(pxe_undi.o)        bin/blib.a(pxe_preboot.o) (pxe_netdev)
bin/blib.a(x86_string.o)      bin/blib.a(bzimage.o) (__memcpy)
bin/blib.a(cpuid_cmd.o)       bin/blib.a(config.o) (obj_cpuid_cmd)
bin/blib.a(undionly.o)        (obj_undionly)
bin/blib.a(undipreload.o)     bin/blib.a(undionly.o) (preloaded_undi)
bin/blib.a(setjmp.o)          bin/blib.a(pxe_call.o) (setjmp)
bin/blib.a(virtaddr.o)        bin/blib.a(elfboot.o) (_virt_to_phys)
bin/blib.a(librm.o)           bin/blib.a(pxe_call.o) (rm_cs)
bin/blib.a(kpxeprefix.o)      (_kpxe_start)
bin/blib.a(libprefix.o)       bin/blib.a(kpxeprefix.o) (print_character)
bin/blib.a(unnrv2b16.o)       bin/blib.a(libprefix.o) (decompress16)
bin/blib.a(pxe_entry.o)       bin/blib.a(pxe_call.o) (ppxe)
bin/blib.a(ansiesc.o)         bin/blib.a(bios_console.o) (ansiesc_process)
bin/blib.a(cpio.o)            bin/blib.a(bzimage.o) (cpio_set_field)
bin/blib.a(device.o)          bin/blib.a(pxe_call.o) (device_keep_count)
bin/blib.a(exec.o)            bin/blib.a(pxe_file.o) (system)
bin/blib.a(getopt.o)          bin/blib.a(cpuid_cmd.o) (optind)
bin/blib.a(image.o)           bin/blib.a(bzimage.o) (unregister_image)
bin/blib.a(init.o)            bin/blib.a(pxe_loader.o) (initialise)
bin/blib.a(interface.o)       bin/blib.a(pxe_tftp.o) (null_intf)
bin/blib.a(iobuf.o)           bin/blib.a(pxe_undi.o) (alloc_iob)
bin/blib.a(list.o)            bin/blib.a(undionly.o) (extern_list_add)
bin/blib.a(main.o)            bin/blib.a(kpxeprefix.o) (main)
bin/blib.a(malloc.o)          bin/blib.a(iobuf.o) (alloc_memblock)
bin/blib.a(memblock.o)        bin/blib.a(initrd.o) (largest_memblock)
bin/blib.a(misc.o)            bin/blib.a(bzimage.o) (strtoul)
bin/blib.a(open.o)            bin/blib.a(pxe_tftp.o) (xfer_open_uri_string)
bin/blib.a(parseopt.o)        bin/blib.a(cpuid_cmd.o) (parse_integer)
bin/blib.a(posix_io.o)        bin/blib.a(pxe_file.o) (open)
bin/blib.a(process.o)         bin/blib.a(pxe_tftp.o) (step)
bin/blib.a(refcnt.o)          bin/blib.a(bzimage.o) (ref_increment)
bin/blib.a(settings.o)        bin/blib.a(parseopt.o) (find_settings)
bin/blib.a(string.o)          bin/blib.a(settings.o) (strncpy)
bin/blib.a(uri.o)             bin/blib.a(settings.o) (uri_encode)
bin/blib.a(uuid.o)            bin/blib.a(settings.o) (uuid_ntoa)
bin/blib.a(version.o)         bin/blib.a(multiboot.o) (product_version)
bin/blib.a(vsprintf.o)        bin/blib.a(multiboot.o) (snprintf)
bin/blib.a(xfer.o)            bin/blib.a(pxe_tftp.o) (xfer_deliver)
bin/blib.a(arp.o)             bin/blib.a(pxe_undi.o) (arp_protocol)
bin/blib.a(fakedhcp.o)        bin/blib.a(pxe_preboot.o) (create_fakedhcpdiscover)
bin/blib.a(ipv4.o)            bin/blib.a(pxe_undi.o) (ipv4_protocol)
bin/blib.a(netdevice.o)       bin/blib.a(ipv4.o) (net_devices)
bin/blib.a(netdev_settings.o)
                              bin/blib.a(netdevice.o) (netdev_settings_operations)
bin/blib.a(rarp.o)            bin/blib.a(pxe_undi.o) (rarp_protocol)
bin/blib.a(retry.o)           bin/blib.a(arp.o) (start_timer)
bin/blib.a(tcpip.o)           bin/blib.a(ipv4.o) (tcpip_rx)
bin/blib.a(udp.o)             bin/blib.a(pxe_udp.o) (udp_open_promisc)
bin/blib.a(http.o)            bin/blib.a(config.o) (obj_http)
bin/blib.a(httpcore.o)        bin/blib.a(http.o) (http_open_filter)
bin/blib.a(iscsi.o)           bin/blib.a(config.o) (obj_iscsi)
bin/blib.a(dhcp.o)            bin/blib.a(fakedhcp.o) (dhcp_create_packet)
bin/blib.a(dns.o)             bin/blib.a(config.o) (obj_dns)
bin/blib.a(tftp.o)            bin/blib.a(config.o) (obj_tftp)
bin/blib.a(elf.o)             bin/blib.a(elfboot.o) (elf_load)
bin/blib.a(embedded.o)        bin/blib.a(config.o) (obj_embedded)
bin/blib.a(script.o)          bin/blib.a(config.o) (obj_script)
bin/blib.a(segment.o)         bin/blib.a(bzimage.o) (prep_segment)
bin/blib.a(pci_settings.o)    bin/blib.a(config.o) (obj_pci_settings)
bin/blib.a(ibft.o)            bin/blib.a(iscsi.o) (ibft_describe)
bin/blib.a(scsi.o)            bin/blib.a(iscsi.o) (scsi_response)
bin/blib.a(smbios_settings.o)
[...]
Memory Configuration

Name             Origin             Length             Attributes
*default*        0x0000000000000000 0xffffffffffffffff

Linker script and memory map

                0x0000000000000010                PROVIDE (_max_align, 0x10)

.prefix         0x0000000000000000      0x8fb
                0x0000000000000000                _prefix = .
 *(.prefix)
 .prefix        0x0000000000000000      0x38e bin/blib.a(kpxeprefix.o)
                0x0000000000000000                _kpxe_start
 *(.prefix.*)
 .prefix.data   0x000000000000038e      0x1ba bin/blib.a(kpxeprefix.o)
 .prefix.lib    0x0000000000000548      0x2c2 bin/blib.a(libprefix.o)
                0x0000000000000548                print_character
                0x0000000000000567                print_message
                0x0000000000000574                print_hex_dword
                0x000000000000057f                print_hex_word
                0x0000000000000586                print_hex_byte
                0x000000000000058f                print_hex_nibble
                0x000000000000059c                print_pci_busdevfn
                0x00000000000005bd                print_kill_line
                0x00000000000006a6                alloc_basemem
                0x00000000000006c7                install
                0x00000000000006e4                install_prealloc
 .prefix.data   0x000000000000080a       0x56 bin/blib.a(libprefix.o)
 .prefix.lib    0x0000000000000860       0x9b bin/blib.a(unnrv2b16.o)
                0x0000000000000860                decompress16
                0x00000000000008fb                _mprefix = .

.bss.prefix     0x00000000000008fb        0x0 load address 0x0000000000019430
                0x00000000000008fb                _eprefix = .
                0x00000000000008fb                _prefix_filesz = (ABSOLUTE (_mprefix) - ABSOLUTE (_prefix))
                0x00000000000008fb                _prefix_memsz = (ABSOLUTE (_eprefix) - ABSOLUTE (_prefix))

.text16.early   0x0000000000000000       0xee load address 0x0000000000000900
                0x0000000000000000                _text16 = .
 *(.text16.null)
 .text16.null   0x0000000000000000        0x3 bin/blib.a(pxe_entry.o)
 *(.text16.null.*)
                0x0000000000000004                . = (. + 0x1)
 *fill*         0x0000000000000003        0x1 00
 *(.text16.early)
 .text16.early  0x0000000000000004       0xe5 bin/blib.a(liba20.o)
                0x000000000000009b                enable_a20
                0x00000000000000e5                access_highmem
 *(.text16.early.*)
 .text16.early.data
                0x00000000000000e9        0x2 bin/blib.a(libprefix.o)
                0x00000000000000e9                close_payload
                0x00000000000000e9                open_payload
 *fill*         0x00000000000000eb        0x1 00
 .text16.early.data
                0x00000000000000ec        0x2 bin/blib.a(liba20.o)
                0x00000000000000ee                _etext16_early = .

.text16.late    0x00000000000000f0      0x6fc load address 0x00000000000009f0
                0x00000000000000f0                _text16_late = .
 *(.text16)
 .text16        0x00000000000000f0       0x36 bin/blib.a(bios_console.o)
 .text16        0x0000000000000126       0x11 bin/blib.a(bzimage.o)
 .text16        0x0000000000000137       0x11 bin/blib.a(pxe_call.o)
 .text16        0x0000000000000148      0x15d bin/blib.a(librm.o)
                0x0000000000000148                init_librm
                0x00000000000001c5                idt_init
                0x000000000000023f                prot_call
 .text16        0x00000000000002a5       0x3a bin/blib.a(kpxeprefix.o)
 .text16        0x00000000000002df       0x34 bin/blib.a(libprefix.o)
                0x00000000000002df                free_basemem
                0x000000000000030f                uninstall
 .text16        0x0000000000000313       0x65 bin/blib.a(pxe_entry.o)
                0x000000000000034a                pxe_int_1a
 .text16        0x0000000000000378       0x13 bin/blib.a(memmap.o)
 .text16        0x000000000000038b        0x4 bin/blib.a(bios_nap.o)
 .text16        0x000000000000038f        0x6 bin/blib.a(bios_reboot.o)
 .text16        0x0000000000000395        0x5 bin/blib.a(bios_timer.o)
 .text16        0x000000000000039a       0x6a bin/blib.a(int13.o)
 .text16        0x0000000000000404       0x1e bin/blib.a(pcibios.o)
 .text16        0x0000000000000422        0x5 bin/blib.a(undinet.o)
 .text16        0x0000000000000427       0x65 bin/blib.a(undiisr.o)
                0x0000000000000427                undiisr
 .text16        0x000000000000048c       0x45 bin/blib.a(bootsector.o)
 .text16        0x00000000000004d1        0xb bin/blib.a(pxeparent.o)
 .text16        0x00000000000004dc      0x25d bin/blib.a(e820mangler.o)
                0x0000000000000711                int15
 .text16        0x0000000000000739        0x9 bin/blib.a(patch_cf.o)
                0x0000000000000739                patch_cf
 *(.text16.*)
 .text16.data   0x0000000000000742        0x2 bin/blib.a(librm.o)
                0x0000000000000742                rm_ds
 .text16.data   0x0000000000000744        0x2 bin/blib.a(libprefix.o)
                0x0000000000000744                hooked_bios_interrupts
 *fill*         0x0000000000000746        0xa 00
 .text16.data   0x0000000000000750       0x90 bin/blib.a(pxe_entry.o)
                0x0000000000000750                ppxe
                0x00000000000007b0                pxenv
                0x00000000000007dc                pxe_int_1a_vector
 .text16.data   0x00000000000007e0        0x8 bin/blib.a(int13.o)
 .text16.data   0x00000000000007e8        0x4 bin/blib.a(e820mangler.o)
                0x00000000000007e8                int15_vector
                0x00000000000007ec                _mtext16 = .

.bss.text16     0x00000000000007ec        0x0 load address 0x0000000000019430
                0x00000000000007ec                _etext16 = .
                0x00000000000000ee                _text16_early_filesz = (ABSOLUTE (_etext16_early) - ABSOLUTE (_text16))
                0x00000000000000ee                _text16_early_memsz = (ABSOLUTE (_etext16_early) - ABSOLUTE (_text16))
                0x00000000000006fc                _text16_late_filesz = (ABSOLUTE (_mtext16) - ABSOLUTE (_text16_late))
                0x00000000000006fc                _text16_late_memsz = (ABSOLUTE (_etext16) - ABSOLUTE (_text16_late))
                0x00000000000007ec                _text16_memsz = (ABSOLUTE (_etext16) - ABSOLUTE (_text16))

.data16         0x0000000000000000      0x1a2 load address 0x00000000000010f0
                0x0000000000000000                _data16 = .
                0x0000000000000001                . = (. + 0x1)
 *fill*         0x0000000000000000        0x1 00
 *(.rodata16)
 *(.rodata16.*)
 *(.data16)
 *fill*         0x0000000000000001        0x3 00
 .data16        0x0000000000000004       0x64 bin/blib.a(undipreload.o)
                0x0000000000000004                preloaded_undi
 *fill*         0x0000000000000068        0x8 00
 .data16        0x0000000000000070       0x52 bin/blib.a(librm.o)
                0x00000000000000a8                idtr
                0x00000000000000b0                rm_cs
 .data16        0x00000000000000c2        0x4 bin/blib.a(kpxeprefix.o)
                0x00000000000000c2                pxe_exit_hook
 .data16        0x00000000000000c6        0xc bin/blib.a(libprefix.o)
 *fill*         0x00000000000000d2        0x2 00
 .data16        0x00000000000000d4       0x14 bin/blib.a(int13.o)
 .data16        0x00000000000000e8       0x5c bin/blib.a(undinet.o)
                0x00000000000000e8                undiisr_trigger_count
                0x00000000000000ec                undiisr_next_handler
                0x00000000000000f0                undiisr_irq
 .data16        0x0000000000000144       0x10 bin/blib.a(undiisr.o)
 *fill*         0x0000000000000154        0xc 00
 .data16        0x0000000000000160       0x42 bin/blib.a(e820mangler.o)
                0x0000000000000168                hidemem_base
                0x0000000000000178                hidemem_umalloc
                0x0000000000000188                hidemem_textdata
 *(.data16.*)
                0x00000000000001a2                _mdata16 = .

.bss.data16     0x00000000000001b0     0x2ca0 load address 0x0000000000019430
 *(.bss16)
 .bss16         0x00000000000001b0      0x3b8 bin/blib.a(multiboot.o)
 .bss16         0x0000000000000568      0xec4 bin/blib.a(pxe_preboot.o)
 .bss16         0x000000000000142c      0x5ea bin/blib.a(basemem_packet.o)
                0x000000000000142c                basemem_packet
 *fill*         0x0000000000001a16        0x2 00
 .bss16         0x0000000000001a18        0xc bin/blib.a(runtime.o)
                0x0000000000001a18                initrd_len
                0x0000000000001a1c                initrd_phys
                0x0000000000001a20                cmdline_phys
 .bss16         0x0000000000001a24       0x1c bin/blib.a(memmap.o)
                0x0000000000001a24                memmap_post
 .bss16         0x0000000000001a40      0x320 bin/blib.a(int13.o)
 .bss16         0x0000000000001d60       0xa2 bin/blib.a(pxeparent.o)
                0x0000000000001d60                pxeparent_entry_point
 .bss16         0x0000000000001e02       0x48 bin/blib.a(e820mangler.o)
 *(.bss16.*)
 *(.stack16)
 *fill*         0x0000000000001e4a        0x6 00
 .stack16       0x0000000000001e50     0x1000 bin/blib.a(stack16.o)
                0x0000000000001e50                _stack16
                0x0000000000002e50                _estack16
 *(.stack16.*)
                0x0000000000002e50                _edata16 = .
                0x00000000000001a2                _data16_filesz = (ABSOLUTE (_mdata16) - ABSOLUTE (_data16))
                0x0000000000002e50                _data16_memsz = (ABSOLUTE (_edata16) - ABSOLUTE (_data16))

.textdata       0x0000000000000000    0x18110 load address 0x00000000000012a0
                0x0000000000000000                _textdata = .
 *(.text.null_trap)
 *(.text.null_trap.*)
                0x0000000000000001                . = (. + 0x1)
 *fill*         0x0000000000000000        0x1 00
 *(.text)
 *fill*         0x0000000000000001        0x3 00
 .text          0x0000000000000004       0x45 bin/blib.a(setjmp.o)
                0x0000000000000004                setjmp
                0x0000000000000022                longjmp
 *fill*         0x0000000000000049        0x3 00
 .text          0x000000000000004c       0x55 bin/blib.a(virtaddr.o)
                0x000000000000004c                _virt_to_phys
                0x0000000000000078                _phys_to_virt
 *fill*         0x00000000000000a1        0x3 00
 .text          0x00000000000000a4       0xa6 bin/blib.a(librm.o)
                0x0000000000000137                real_call
 *(.text.*)
 .text.bios_handle_cup
                0x000000000000014a       0x38 bin/blib.a(bios_console.o)
 .text.bios_handle_ed
                0x0000000000000182       0x25 bin/blib.a(bios_console.o)
 .text.bios_handle_sgr
                0x00000000000001a7       0x6a bin/blib.a(bios_console.o)
 .text.bios_putchar
                0x0000000000000211       0x28 bin/blib.a(bios_console.o)
 .text.bios_iskey
                0x0000000000000239       0x2a bin/blib.a(bios_console.o)
 .text.bios_getchar
                0x0000000000000263       0x8f bin/blib.a(bios_console.o)
 .text.bzimage_load_initrd
                0x00000000000002f2      0x15e bin/blib.a(bzimage.o)
 .text.bzimage_parse_header.isra.0
                0x0000000000000450      0x13b bin/blib.a(bzimage.o)
 .text.bzimage_probe
                0x000000000000058b       0x1a bin/blib.a(bzimage.o)
                0x000000000000058b                bzimage_probe
 .text.bzimage_exec
                0x00000000000005a5      0x419 bin/blib.a(bzimage.o)
 .text.elfboot_exec
                0x00000000000009be       0x39 bin/blib.a(elfboot.o)
 .text.elfboot_probe
                0x00000000000009f7       0x34 bin/blib.a(elfboot.o)
 .text.initrd_startup
                0x0000000000000a2b       0x16 bin/blib.a(initrd.o)
 .text.initrd_reshuffle
                0x0000000000000a41      0x175 bin/blib.a(initrd.o)
                0x0000000000000a41                initrd_reshuffle
 .text.initrd_reshuffle_check
                0x0000000000000bb6       0x30 bin/blib.a(initrd.o)
                0x0000000000000bb6                initrd_reshuffle_check
 .text.multiboot_add_cmdline
                0x0000000000000be6       0x89 bin/blib.a(multiboot.o)
 .text.multiboot_find_header
                0x0000000000000c6f       0x79 bin/blib.a(multiboot.o)
 .text.multiboot_probe
                0x0000000000000ce8        0xe bin/blib.a(multiboot.o)
 .text.multiboot_exec
                0x0000000000000cf6      0x326 bin/blib.a(multiboot.o)
 .text.pxe_exec
                0x000000000000101c       0x7f bin/blib.a(pxe_image.o)
 .text.pxe_probe
                0x000000000000109b       0x1d bin/blib.a(pxe_image.o)
                0x000000000000109b                pxe_probe
 .text.pxenv_unknown
                0x00000000000010b8        0xb bin/blib.a(pxe_call.o)
 .text.pxe_init_structures
                0x00000000000010c3       0xea bin/blib.a(pxe_call.o)
 .text.pxe_api_call
                0x00000000000011ad       0x87 bin/blib.a(pxe_call.o)
                0x00000000000011ad                pxe_api_call
 .text.pxe_activate
                0x0000000000001234       0x3f bin/blib.a(pxe_call.o)
                0x0000000000001234                pxe_activate
 .text.pxe_deactivate
                0x0000000000001273       0x3f bin/blib.a(pxe_call.o)
                0x0000000000001273                pxe_deactivate
 .text.pxe_start_nbp
                0x00000000000012b2       0x76 bin/blib.a(pxe_call.o)
                0x00000000000012b2                pxe_start_nbp
 .text.pxenv_file_cmdline
                0x0000000000001328       0x5c bin/blib.a(pxe_file.o)
 .text.pxenv_file_exec
                0x0000000000001384       0x72 bin/blib.a(pxe_file.o)
 .text.pxenv_get_file_size
                0x00000000000013f6       0x2c bin/blib.a(pxe_file.o)
 .text.pxenv_file_read
                0x0000000000001422       0x47 bin/blib.a(pxe_file.o)
 .text.pxenv_file_select
                0x0000000000001469       0x44 bin/blib.a(pxe_file.o)
 .text.pxenv_file_close
                0x00000000000014ad       0x15 bin/blib.a(pxe_file.o)
 .text.pxenv_file_open
                0x00000000000014c2       0x72 bin/blib.a(pxe_file.o)
 .text.pxenv_file_api_check
                0x0000000000001534       0x7d bin/blib.a(pxe_file.o)
 .text.pxenv_unload_stack
                0x00000000000015b1        0x8 bin/blib.a(pxe_preboot.o)
 .text.pxenv_start_base
                0x00000000000015b9        0xb bin/blib.a(pxe_preboot.o)
 .text.pxenv_stop_base
                0x00000000000015c4        0x8 bin/blib.a(pxe_preboot.o)
 .text.pxenv_stop_undi
                0x00000000000015cc       0x36 bin/blib.a(pxe_preboot.o)
 .text.pxenv_start_undi
                0x0000000000001602       0x69 bin/blib.a(pxe_preboot.o)
 .text.pxenv_get_cached_info
                0x000000000000166b       0xbf bin/blib.a(pxe_preboot.o)
 .text.pxenv_restart_tftp
                0x000000000000172a       0x42 bin/blib.a(pxe_preboot.o)
 .text.pxe_tftp_xfer_window
                0x000000000000176c        0x4 bin/blib.a(pxe_tftp.o)
 .text.pxenv_tftp_read
                0x0000000000001770       0x9d bin/blib.a(pxe_tftp.o)
 .text.pxe_tftp_open
                0x000000000000180d       0xca bin/blib.a(pxe_tftp.o)
 .text.pxe_tftp_close
                0x00000000000018d7       0x11 bin/blib.a(pxe_tftp.o)
 .text.pxe_tftp_xfer_deliver
                0x00000000000018e8       0x8d bin/blib.a(pxe_tftp.o)
 .text.pxenv_tftp_close
                0x0000000000001975       0x18 bin/blib.a(pxe_tftp.o)
 .text.pxenv_tftp_get_fsize
                0x000000000000198d       0x82 bin/blib.a(pxe_tftp.o)
 .text.pxenv_tftp_open
                0x0000000000001a0f       0x98 bin/blib.a(pxe_tftp.o)
 .text.pxenv_tftp_read_file
                0x0000000000001aa7       0x93 bin/blib.a(pxe_tftp.o)
                0x0000000000001aa7                pxenv_tftp_read_file
 .text.pxenv_udp_read
                0x0000000000001b3a       0x5b bin/blib.a(pxe_udp.o)
 .text.pxe_udp_deliver
                0x0000000000001b95       0x85 bin/blib.a(pxe_udp.o)
 .text.pxenv_udp_write
                0x0000000000001c1a       0xd5 bin/blib.a(pxe_udp.o)
 .text.pxenv_udp_close
                0x0000000000001cef       0x18 bin/blib.a(pxe_udp.o)
 .text.pxenv_udp_open
                0x0000000000001d07       0x3e bin/blib.a(pxe_udp.o)
 .text.pxenv_undi_startup
                0x0000000000001d45       0x1c bin/blib.a(pxe_undi.o)
 .text.pxenv_undi_initialize
                0x0000000000001d61       0x1c bin/blib.a(pxe_undi.o)
 .text.pxenv_undi_set_mcast_address
                0x0000000000001d7d       0x1c bin/blib.a(pxe_undi.o)
 .text.pxenv_undi_set_packet_filter
                0x0000000000001d99       0x1c bin/blib.a(pxe_undi.o)
 .text.pxenv_undi_get_statistics
                0x0000000000001db5       0x38 bin/blib.a(pxe_undi.o)
 .text.pxenv_undi_clear_statistics
                0x0000000000001ded       0x40 bin/blib.a(pxe_undi.o)
 .text.pxenv_undi_initiate_diags
                0x0000000000001e2d       0x1b bin/blib.a(pxe_undi.o)
 .text.pxenv_undi_force_interrupt
                0x0000000000001e48       0x1b bin/blib.a(pxe_undi.o)
 .text.pxenv_undi_get_mcast_address
                0x0000000000001e63       0x4c bin/blib.a(pxe_undi.o)
 .text.pxenv_undi_get_nic_type
                0x0000000000001eaf       0x95 bin/blib.a(pxe_undi.o)
 .text.pxenv_undi_get_information
                0x0000000000001f44       0x86 bin/blib.a(pxe_undi.o)
 .text.pxenv_undi_set_station_address
                0x0000000000001fca       0x42 bin/blib.a(pxe_undi.o)
 .text.pxenv_undi_isr
                0x000000000000200c      0x1bc bin/blib.a(pxe_undi.o)
 .text.pxenv_undi_get_iface_info
                0x00000000000021c8       0x63 bin/blib.a(pxe_undi.o)
 .text.pxenv_undi_transmit
                0x000000000000222b      0x1e4 bin/blib.a(pxe_undi.o)
 .text.pxe_netdev_close
                0x000000000000240f       0x25 bin/blib.a(pxe_undi.o)
 .text.pxenv_undi_close
                0x0000000000002434       0x26 bin/blib.a(pxe_undi.o)
 .text.pxenv_undi_shutdown
                0x000000000000245a       0x26 bin/blib.a(pxe_undi.o)
 .text.pxenv_undi_cleanup
                0x0000000000002480       0x26 bin/blib.a(pxe_undi.o)
 .text.pxe_netdev_open
                0x00000000000024a6       0x28 bin/blib.a(pxe_undi.o)
 .text.pxenv_undi_open
                0x00000000000024ce       0x35 bin/blib.a(pxe_undi.o)
 .text.pxenv_undi_reset_adapter
                0x0000000000002503       0x3a bin/blib.a(pxe_undi.o)
 .text.pxe_set_netdev
                0x000000000000253d       0x32 bin/blib.a(pxe_undi.o)
                0x000000000000253d                pxe_set_netdev
 .text.__memcpy
                0x000000000000256f       0x1d bin/blib.a(x86_string.o)
                0x000000000000256f                __memcpy
 .text.__memcpy_reverse
                0x000000000000258c       0x11 bin/blib.a(x86_string.o)
                0x000000000000258c                __memcpy_reverse
 .text.__memmove
                0x000000000000259d        0xe bin/blib.a(x86_string.o)
                0x000000000000259d                __memmove
 .text.memswap  0x00000000000025ab       0x11 bin/blib.a(x86_string.o)
                0x00000000000025ab                memswap
 .text.strlen   0x00000000000025bc       0x11 bin/blib.a(x86_string.o)
                0x00000000000025bc                strlen
 .text.strncmp  0x00000000000025cd       0x1c bin/blib.a(x86_string.o)
                0x00000000000025cd                strncmp
 .text.cpuid_exec
                0x00000000000025e9       0x6d bin/blib.a(cpuid_cmd.o)
 .text.undibus_remove
                0x0000000000002656       0x21 bin/blib.a(undionly.o)
 .text.undibus_probe
                0x0000000000002677       0xc5 bin/blib.a(undionly.o)
 .text.undionly_shutdown
                0x000000000000273c       0x12 bin/blib.a(undionly.o)
 .text.ansiesc_process
                0x000000000000274e       0xbe bin/blib.a(ansiesc.o)
                0x000000000000274e                ansiesc_process
 .text.cpio_set_field
                0x000000000000280c       0x2a bin/blib.a(cpio.o)
                0x000000000000280c                cpio_set_field
 .text.probe_devices
                0x0000000000002836       0x52 bin/blib.a(device.o)
 .text.identify_device
                0x0000000000002888       0x31 bin/blib.a(device.o)
                0x0000000000002888                identify_device
 .text.remove_devices
                0x00000000000028b9       0x40 bin/blib.a(device.o)
 .text.process_on_success
                0x00000000000028f9        0x9 bin/blib.a(exec.o)
 .text.process_on_failure
                0x0000000000002902        0x9 bin/blib.a(exec.o)
 .text.process_always
                0x000000000000290b        0x6 bin/blib.a(exec.o)
 .text.exit_exec
                0x0000000000002911       0x4f bin/blib.a(exec.o)
 .text.split_command
                0x0000000000002960       0x49 bin/blib.a(exec.o)
 .text.isset_exec
                0x00000000000029a9       0x2f bin/blib.a(exec.o)
 .text.sleep_exec
                0x00000000000029d8       0x79 bin/blib.a(exec.o)
 .text.iseq_exec
                0x0000000000002a51       0x3c bin/blib.a(exec.o)
 .text.execv    0x0000000000002a8d       0x8f bin/blib.a(exec.o)
                0x0000000000002a8d                execv
 .text.shell_stop
                0x0000000000002b1c        0x6 bin/blib.a(exec.o)
                0x0000000000002b1c                shell_stop
 .text.shell_stopped
                0x0000000000002b22       0x1c bin/blib.a(exec.o)
                0x0000000000002b22                shell_stopped
 .text.system   0x0000000000002b3e      0x192 bin/blib.a(exec.o)
                0x0000000000002b3e                system
 .text.concat_args
                0x0000000000002cd0       0x66 bin/blib.a(exec.o)
                0x0000000000002cd0                concat_args
 .text.echo_exec
                0x0000000000002d36       0x61 bin/blib.a(exec.o)
 .text.get_argv_argument
                0x0000000000002d97       0x24 bin/blib.a(getopt.o)
 .text.getopt_long
                0x0000000000002dbb      0x223 bin/blib.a(getopt.o)
                0x0000000000002dbb                getopt_long
 .text.free_image
                0x0000000000002fde       0x35 bin/blib.a(image.o)
 .text.image_set_name
                0x0000000000003013       0x28 bin/blib.a(image.o)
                0x0000000000003013                image_set_name
 .text.alloc_image
                0x000000000000303b       0x50 bin/blib.a(image.o)
                0x000000000000303b                alloc_image
 .text.image_set_cmdline
                0x000000000000308b       0x35 bin/blib.a(image.o)
                0x000000000000308b                image_set_cmdline
 .text.unregister_image
                0x00000000000030c0       0x22 bin/blib.a(image.o)
                0x00000000000030c0                unregister_image
 .text.find_image
                0x00000000000030e2       0x2f bin/blib.a(image.o)
                0x00000000000030e2                find_image
 .text.image_probe
                0x0000000000003111       0x34 bin/blib.a(image.o)
                0x0000000000003111                image_probe
 .text.image_replace
                0x0000000000003145       0x39 bin/blib.a(image.o)
                0x0000000000003145                image_replace
 .text.image_select
                0x000000000000317e       0x2c bin/blib.a(image.o)
                0x000000000000317e                image_select
 .text.image_exec
                0x00000000000031aa       0xa1 bin/blib.a(image.o)
                0x00000000000031aa                image_exec
 .text.image_find_selected
                0x000000000000324b       0x1d bin/blib.a(image.o)
                0x000000000000324b                image_find_selected
 .text.register_image
                0x0000000000003268       0x6a bin/blib.a(image.o)
                0x0000000000003268                register_image
 .text.initialise
                0x00000000000032d2       0x17 bin/blib.a(init.o)
                0x00000000000032d2                initialise
 .text.startup  0x00000000000032e9       0x30 bin/blib.a(init.o)
                0x00000000000032e9                startup
 .text.shutdown
                0x0000000000003319       0x37 bin/blib.a(init.o)
                0x0000000000003319                shutdown
 .text.intf_plug
                0x0000000000003350       0x1d bin/blib.a(interface.o)
                0x0000000000003350                intf_plug
 .text.intf_plug_plug
                0x000000000000336d       0x16 bin/blib.a(interface.o)
                0x000000000000336d                intf_plug_plug
 .text.intf_unplug
                0x0000000000003383        0xa bin/blib.a(interface.o)
                0x0000000000003383                intf_unplug
 .text.intf_nullify
                0x000000000000338d        0x8 bin/blib.a(interface.o)
                0x000000000000338d                intf_nullify
 .text.intf_put
                0x0000000000003395        0x8 bin/blib.a(interface.o)
                0x0000000000003395                intf_put
 .text.intf_object
                0x000000000000339d        0x6 bin/blib.a(interface.o)
                0x000000000000339d                intf_object
 .text.intf_get_dest_op_no_passthru_untyped
                0x00000000000033a3       0x35 bin/blib.a(interface.o)
                0x00000000000033a3                intf_get_dest_op_no_passthru_untyped
 .text.intf_get_dest_op_untyped
                0x00000000000033d8       0x34 bin/blib.a(interface.o)
                0x00000000000033d8                intf_get_dest_op_untyped
 .text.intf_close
                0x000000000000340c       0x32 bin/blib.a(interface.o)
                0x000000000000340c                intf_close
 .text.intf_shutdown
                0x000000000000343e       0x17 bin/blib.a(interface.o)
                0x000000000000343e                intf_shutdown
 .text.intf_restart
                0x0000000000003455       0x12 bin/blib.a(interface.o)
                0x0000000000003455                intf_restart
 .text.alloc_iob_raw
                0x0000000000003467       0x79 bin/blib.a(iobuf.o)
                0x0000000000003467                alloc_iob_raw
 .text.alloc_iob
                0x00000000000034e0       0x13 bin/blib.a(iobuf.o)
                0x00000000000034e0                alloc_iob
 .text.free_iob
                0x00000000000034f3       0x2d bin/blib.a(iobuf.o)
                0x00000000000034f3                free_iob
 .text.iob_ensure_headroom
                0x0000000000003520       0x12 bin/blib.a(iobuf.o)
                0x0000000000003520                iob_ensure_headroom
 .text.extern_list_add
                0x0000000000003532        0xd bin/blib.a(list.o)
                0x0000000000003532                extern_list_add
 .text.extern_list_add_tail
                0x000000000000353f        0xe bin/blib.a(list.o)
                0x000000000000353f                extern_list_add_tail
 .text.startup.main
                0x000000000000354d       0x31 bin/blib.a(main.o)
                0x000000000000354d                main
 .text.discard_cache
                0x000000000000357e       0x1d bin/blib.a(malloc.o)
 .text.shutdown_cache
                0x000000000000359b        0xa bin/blib.a(malloc.o)
 .text.alloc_memblock
                0x00000000000035a5       0x8b bin/blib.a(malloc.o)
                0x00000000000035a5                alloc_memblock
 .text.free_memblock
                0x0000000000003630       0x98 bin/blib.a(malloc.o)
                0x0000000000003630                free_memblock
 .text.realloc  0x00000000000036c8       0x5b bin/blib.a(malloc.o)
                0x00000000000036c8                realloc
 .text.malloc   0x0000000000003723        0x9 bin/blib.a(malloc.o)
                0x0000000000003723                malloc
 .text.free     0x000000000000372c        0x7 bin/blib.a(malloc.o)
                0x000000000000372c                free
 .text.zalloc   0x0000000000003733       0x1c bin/blib.a(malloc.o)
                0x0000000000003733                zalloc
 .text.mpopulate
                0x000000000000374f        0x8 bin/blib.a(malloc.o)
                0x000000000000374f                mpopulate
 .text.init_heap
                0x0000000000003757        0xf bin/blib.a(malloc.o)
 .text.largest_memblock
                0x0000000000003766       0x6e bin/blib.a(memblock.o)
                0x0000000000003766                largest_memblock
 .text.strtoul_charval
                0x00000000000037d4       0x1b bin/blib.a(misc.o)
                0x00000000000037d4                strtoul_charval
 .text.strtoul  0x00000000000037ef       0x7a bin/blib.a(misc.o)
                0x00000000000037ef                strtoul
 .text.inet_aton
                0x0000000000003869       0x63 bin/blib.a(misc.o)
                0x0000000000003869                inet_aton
 .text.xfer_uri_opener
                0x00000000000038cc       0x2a bin/blib.a(open.o)
                0x00000000000038cc                xfer_uri_opener
 .text.xfer_open_uri
                0x00000000000038f6       0x45 bin/blib.a(open.o)
                0x00000000000038f6                xfer_open_uri
 .text.xfer_open_uri_string
                0x000000000000393b       0x2f bin/blib.a(open.o)
                0x000000000000393b                xfer_open_uri_string
 .text.xfer_open_socket
                0x000000000000396a       0x37 bin/blib.a(open.o)
                0x000000000000396a                xfer_open_socket
 .text.xfer_vopen
                0x00000000000039a1       0x38 bin/blib.a(open.o)
                0x00000000000039a1                xfer_vopen
 .text.xfer_vreopen
                0x00000000000039d9       0x20 bin/blib.a(open.o)
                0x00000000000039d9                xfer_vreopen
 .text.parse_string
                0x00000000000039f9        0x5 bin/blib.a(parseopt.o)
                0x00000000000039f9                parse_string
 .text.parse_integer
                0x00000000000039fe       0x32 bin/blib.a(parseopt.o)
                0x00000000000039fe                parse_integer
 .text.parse_netdev
                0x0000000000003a30       0x2a bin/blib.a(parseopt.o)
                0x0000000000003a30                parse_netdev
 .text.parse_menu
                0x0000000000003a5a       0x3b bin/blib.a(parseopt.o)
                0x0000000000003a5a                parse_menu
 .text.parse_flag
                0x0000000000003a95        0x9 bin/blib.a(parseopt.o)
                0x0000000000003a95                parse_flag
 .text.parse_key
                0x0000000000003a9e       0x19 bin/blib.a(parseopt.o)
                0x0000000000003a9e                parse_key
 .text.parse_settings
                0x0000000000003ab7       0x2a bin/blib.a(parseopt.o)
                0x0000000000003ab7                parse_settings
 .text.parse_setting
                0x0000000000003ae1       0x2d bin/blib.a(parseopt.o)
                0x0000000000003ae1                parse_setting
 .text.parse_existing_setting
                0x0000000000003b0e        0xa bin/blib.a(parseopt.o)
                0x0000000000003b0e                parse_existing_setting
 .text.parse_autovivified_setting
                0x0000000000003b18        0xa bin/blib.a(parseopt.o)
                0x0000000000003b18                parse_autovivified_setting
 .text.print_usage
                0x0000000000003b22       0x15 bin/blib.a(parseopt.o)
                0x0000000000003b22                print_usage
 .text.reparse_options
                0x0000000000003b37      0x19f bin/blib.a(parseopt.o)
                0x0000000000003b37                reparse_options
 .text.parse_options
                0x0000000000003cd6       0x2b bin/blib.a(parseopt.o)
                0x0000000000003cd6                parse_options
 .text.posix_fd_to_file
                0x0000000000003d01       0x20 bin/blib.a(posix_io.o)
 .text.posix_file_finished
                0x0000000000003d21       0x14 bin/blib.a(posix_io.o)
 .text.posix_file_xfer_deliver
                0x0000000000003d35       0x3d bin/blib.a(posix_io.o)
 .text.posix_file_free
                0x0000000000003d72       0x30 bin/blib.a(posix_io.o)
 .text.open     0x0000000000003da2       0xb9 bin/blib.a(posix_io.o)
                0x0000000000003da2                open
 .text.select   0x0000000000003e5b       0x66 bin/blib.a(posix_io.o)
                0x0000000000003e5b                select
 .text.read_user
                0x0000000000003ec1       0x8a bin/blib.a(posix_io.o)
                0x0000000000003ec1                read_user
 .text.fsize    0x0000000000003f4b       0x13 bin/blib.a(posix_io.o)
                0x0000000000003f4b                fsize
 .text.close    0x0000000000003f5e       0x30 bin/blib.a(posix_io.o)
                0x0000000000003f5e                close
 .text.process_add
                0x0000000000003f8e       0x1e bin/blib.a(process.o)
                0x0000000000003f8e                process_add
 .text.init_processes
                0x0000000000003fac       0x1c bin/blib.a(process.o)
 .text.process_del
                0x0000000000003fc8       0x1c bin/blib.a(process.o)
                0x0000000000003fc8                process_del
 .text.step     0x0000000000003fe4       0x5d bin/blib.a(process.o)
                0x0000000000003fe4                step
 .text.ref_increment
                0x0000000000004041        0x7 bin/blib.a(refcnt.o)
                0x0000000000004041                ref_increment
 .text.ref_decrement
                0x0000000000004048       0x1c bin/blib.a(refcnt.o)
                0x0000000000004048                ref_decrement
 .text.ref_no_free
                0x0000000000004064        0x1 bin/blib.a(refcnt.o)
                0x0000000000004064                ref_no_free
 .text.apply_settings
                0x0000000000004065       0x1d bin/blib.a(settings.o)
 .text.builtin_applies
                0x0000000000004082        0xd bin/blib.a(settings.o)
 .text.platform_fetch
                0x000000000000408f       0x12 bin/blib.a(settings.o)
 .text.buildarch_fetch
                0x00000000000040a1       0x12 bin/blib.a(settings.o)
 .text.version_fetch
                0x00000000000040b3       0x17 bin/blib.a(settings.o)
 .text.format_string_setting
                0x00000000000040ca       0x2e bin/blib.a(settings.o)
 .text.parse_string_setting
                0x00000000000040f8       0x31 bin/blib.a(settings.o)
 .text.errno_fetch
                0x0000000000004129       0x28 bin/blib.a(settings.o)
 .text.denumerate_int_setting
                0x0000000000004151       0x3f bin/blib.a(settings.o)
 .text.format_uint_setting
                0x0000000000004190       0x2e bin/blib.a(settings.o)
 .text.format_int_setting
                0x00000000000041be       0x2e bin/blib.a(settings.o)
 .text.format_hex_setting
                0x00000000000041ec       0x68 bin/blib.a(settings.o)
 .text.format_hex_raw_setting
                0x0000000000004254        0xa bin/blib.a(settings.o)
 .text.format_hex_hyphen_setting
                0x000000000000425e        0xa bin/blib.a(settings.o)
 .text.format_hex_colon_setting
                0x0000000000004268        0xa bin/blib.a(settings.o)
 .text.parse_hex_raw_setting
                0x0000000000004272        0x9 bin/blib.a(settings.o)
 .text.parse_hex_hyphen_setting
                0x000000000000427b        0xc bin/blib.a(settings.o)
 .text.parse_hex_setting
                0x0000000000004287        0xc bin/blib.a(settings.o)
 .text.parse_ipv4_setting
                0x0000000000004293       0x39 bin/blib.a(settings.o)
 .text.format_uristring_setting
                0x00000000000042cc       0x39 bin/blib.a(settings.o)
 .text.parse_uristring_setting
                0x0000000000004305       0x48 bin/blib.a(settings.o)
 .text.generic_settings_clear
                0x000000000000434d       0x28 bin/blib.a(settings.o)
                0x000000000000434d                generic_settings_clear
 .text.autovivified_settings_free
                0x0000000000004375       0x13 bin/blib.a(settings.o)
 .text.parse_settings_name
                0x0000000000004388       0x66 bin/blib.a(settings.o)
 .text.numeric_setting_value
                0x00000000000043ee       0x68 bin/blib.a(settings.o)
 .text.numerate_int_setting
                0x0000000000004456       0x21 bin/blib.a(settings.o)
 .text.format_busdevfn_setting
                0x0000000000004477       0x3f bin/blib.a(settings.o)
 .text.format_uuid_setting
                0x00000000000044b6       0x2d bin/blib.a(settings.o)
 .text.parse_int_setting
                0x00000000000044e3       0x34 bin/blib.a(settings.o)
 .text.format_ipv4_setting
                0x0000000000004517       0x2d bin/blib.a(settings.o)
 .text.find_settings
                0x0000000000004544        0xa bin/blib.a(settings.o)
                0x0000000000004544                find_settings
 .text.unregister_settings
                0x000000000000454e       0x54 bin/blib.a(settings.o)
                0x000000000000454e                unregister_settings
 .text.settings_target
                0x00000000000045a2       0x15 bin/blib.a(settings.o)
                0x00000000000045a2                settings_target
 .text.settings_name
                0x00000000000045b7       0x5b bin/blib.a(settings.o)
                0x00000000000045b7                settings_name
 .text.find_child_settings
                0x0000000000004612       0x45 bin/blib.a(settings.o)
                0x0000000000004612                find_child_settings
 .text.setting_applies
                0x0000000000004657       0x25 bin/blib.a(settings.o)
                0x0000000000004657                setting_applies
 .text.fetch_setting_and_origin
                0x000000000000467c       0xb9 bin/blib.a(settings.o)
 .text.fetch_setting
                0x0000000000004735        0xf bin/blib.a(settings.o)
                0x0000000000004735                fetch_setting
 .text.fetch_setting_origin
                0x0000000000004744       0x13 bin/blib.a(settings.o)
                0x0000000000004744                fetch_setting_origin
 .text.fetch_setting_len
                0x0000000000004757        0xa bin/blib.a(settings.o)
                0x0000000000004757                fetch_setting_len
 .text.fetch_setting_copy
                0x0000000000004761       0x40 bin/blib.a(settings.o)
                0x0000000000004761                fetch_setting_copy
 .text.fetch_string_setting
                0x00000000000047a1       0x30 bin/blib.a(settings.o)
                0x00000000000047a1                fetch_string_setting
 .text.fetch_string_setting_copy
                0x00000000000047d1       0x51 bin/blib.a(settings.o)
                0x00000000000047d1                fetch_string_setting_copy
 .text.fetch_ipv4_array_setting
                0x0000000000004822       0x1f bin/blib.a(settings.o)
                0x0000000000004822                fetch_ipv4_array_setting
 .text.fetch_ipv4_setting
                0x0000000000004841        0x8 bin/blib.a(settings.o)
                0x0000000000004841                fetch_ipv4_setting
 .text.fetch_numeric_setting
                0x0000000000004849       0x2e bin/blib.a(settings.o)
                0x0000000000004849                fetch_numeric_setting
 .text.fetch_intz_setting
                0x0000000000004877       0x11 bin/blib.a(settings.o)
                0x0000000000004877                fetch_intz_setting
 .text.reprioritise_settings
                0x0000000000004888       0x6f bin/blib.a(settings.o)
 .text.register_settings
                0x00000000000048f7       0x51 bin/blib.a(settings.o)
                0x00000000000048f7                register_settings
 .text.builtin_init
                0x0000000000004948       0x11 bin/blib.a(settings.o)
 .text.autovivify_child_settings
                0x0000000000004959       0x9b bin/blib.a(settings.o)
                0x0000000000004959                autovivify_child_settings
 .text.fetch_uintz_setting
                0x00000000000049f4       0x11 bin/blib.a(settings.o)
                0x00000000000049f4                fetch_uintz_setting
 .text.fetch_uuid_setting
                0x0000000000004a05       0x16 bin/blib.a(settings.o)
                0x0000000000004a05                fetch_uuid_setting
 .text.clear_settings
                0x0000000000004a1b       0x12 bin/blib.a(settings.o)
                0x0000000000004a1b                clear_settings
 .text.setting_cmp
                0x0000000000004a2d       0x39 bin/blib.a(settings.o)
                0x0000000000004a2d                setting_cmp
 .text.builtin_fetch
                0x0000000000004a66       0x3c bin/blib.a(settings.o)
 .text.store_setting
                0x0000000000004aa2       0x80 bin/blib.a(settings.o)
                0x0000000000004aa2                store_setting
 .text.generic_settings_fetch
                0x0000000000004b22       0x62 bin/blib.a(settings.o)
                0x0000000000004b22                generic_settings_fetch
 .text.generic_settings_store
                0x0000000000004b84       0xdb bin/blib.a(settings.o)
                0x0000000000004b84                generic_settings_store
 .text.setting_format
                0x0000000000004c5f       0x1d bin/blib.a(settings.o)
                0x0000000000004c5f                setting_format
 .text.setting_parse
                0x0000000000004c7c       0x19 bin/blib.a(settings.o)
                0x0000000000004c7c                setting_parse
 .text.setting_numerate
                0x0000000000004c95       0x19 bin/blib.a(settings.o)
                0x0000000000004c95                setting_numerate
 .text.setting_denumerate
                0x0000000000004cae       0x19 bin/blib.a(settings.o)
                0x0000000000004cae                setting_denumerate
 .text.fetchf_setting
                0x0000000000004cc7       0x3d bin/blib.a(settings.o)
                0x0000000000004cc7                fetchf_setting
 .text.fetchf_setting_copy
                0x0000000000004d04       0x51 bin/blib.a(settings.o)
                0x0000000000004d04                fetchf_setting_copy
 .text.storef_setting
                0x0000000000004d55       0x7a bin/blib.a(settings.o)
                0x0000000000004d55                storef_setting
 .text.fetchn_setting
                0x0000000000004dcf       0x37 bin/blib.a(settings.o)
                0x0000000000004dcf                fetchn_setting
 .text.storen_setting
                0x0000000000004e06       0x5e bin/blib.a(settings.o)
                0x0000000000004e06                storen_setting
 .text.parse_setting_name
                0x0000000000004e64      0x153 bin/blib.a(settings.o)
                0x0000000000004e64                parse_setting_name
 .text.setting_name
                0x0000000000004fb7       0x43 bin/blib.a(settings.o)
                0x0000000000004fb7                setting_name
 .text.expand_settings
                0x0000000000004ffa       0xca bin/blib.a(settings.o)
                0x0000000000004ffa                expand_settings
 .text.strcpy   0x00000000000050c4       0x10 bin/blib.a(string.o)
                0x00000000000050c4                strcpy
 .text.strncpy  0x00000000000050d4       0x18 bin/blib.a(string.o)
                0x00000000000050d4                strncpy
 .text.strcmp   0x00000000000050ec       0x24 bin/blib.a(string.o)
                0x00000000000050ec                strcmp
 .text.strcasecmp
                0x0000000000005110       0x2a bin/blib.a(string.o)
                0x0000000000005110                strcasecmp
 .text.strchr   0x000000000000513a       0x11 bin/blib.a(string.o)
                0x000000000000513a                strchr
 .text.strrchr  0x000000000000514b       0x1f bin/blib.a(string.o)
                0x000000000000514b                strrchr
 .text.strnlen  0x000000000000516a       0x14 bin/blib.a(string.o)
                0x000000000000516a                strnlen
 .text.memcmp   0x000000000000517e       0x21 bin/blib.a(string.o)
                0x000000000000517e                memcmp
 .text.strstr   0x000000000000519f       0x3e bin/blib.a(string.o)
                0x000000000000519f                strstr
 .text.memchr   0x00000000000051dd       0x15 bin/blib.a(string.o)
                0x00000000000051dd                memchr
 .text.strndup  0x00000000000051f2       0x35 bin/blib.a(string.o)
                0x00000000000051f2                strndup
 .text.strdup   0x0000000000005227        0x8 bin/blib.a(string.o)
                0x0000000000005227                strdup
 .text.free_uri
                0x000000000000522f       0x17 bin/blib.a(uri.o)
 .text.uri_port
                0x0000000000005246       0x17 bin/blib.a(uri.o)
                0x0000000000005246                uri_port
 .text.resolve_path
                0x000000000000525d       0xc2 bin/blib.a(uri.o)
                0x000000000000525d                resolve_path
 .text.uri_encode
                0x000000000000531f       0xc4 bin/blib.a(uri.o)
                0x000000000000531f                uri_encode
 .text.unparse_uri
                0x00000000000053e3      0x111 bin/blib.a(uri.o)
                0x00000000000053e3                unparse_uri
 .text.uri_decode
                0x00000000000054f4       0x71 bin/blib.a(uri.o)
                0x00000000000054f4                uri_decode
 .text.parse_uri
                0x0000000000005565      0x19c bin/blib.a(uri.o)
                0x0000000000005565                parse_uri
 .text.uri_dup  0x0000000000005701       0x45 bin/blib.a(uri.o)
                0x0000000000005701                uri_dup
 .text.resolve_uri
                0x0000000000005746       0x8c bin/blib.a(uri.o)
                0x0000000000005746                resolve_uri
 .text.uuid_ntoa
                0x00000000000057d2       0x63 bin/blib.a(uuid.o)
                0x00000000000057d2                uuid_ntoa
 .text.format_hex
                0x0000000000005835       0x6e bin/blib.a(vsprintf.o)
 .text.printf_sputc
                0x00000000000058a3        0xf bin/blib.a(vsprintf.o)
 .text.printf_putchar
                0x00000000000058b2        0x7 bin/blib.a(vsprintf.o)
 .text.vcprintf
                0x00000000000058b9      0x267 bin/blib.a(vsprintf.o)
                0x00000000000058b9                vcprintf
 .text.vsnprintf
                0x0000000000005b20       0x3e bin/blib.a(vsprintf.o)
                0x0000000000005b20                vsnprintf
 .text.snprintf
                0x0000000000005b5e       0x17 bin/blib.a(vsprintf.o)
                0x0000000000005b5e                snprintf
 .text.vssnprintf
                0x0000000000005b75       0x12 bin/blib.a(vsprintf.o)
                0x0000000000005b75                vssnprintf
 .text.ssnprintf
                0x0000000000005b87       0x17 bin/blib.a(vsprintf.o)
                0x0000000000005b87                ssnprintf
 .text.vprintf  0x0000000000005b9e       0x19 bin/blib.a(vsprintf.o)
                0x0000000000005b9e                vprintf
 .text.printf   0x0000000000005bb7        0xe bin/blib.a(vsprintf.o)
                0x0000000000005bb7                printf
 .text.xfer_deliver
                0x0000000000005bc5       0x47 bin/blib.a(xfer.o)
                0x0000000000005bc5                xfer_deliver
 .text.xfer_window_changed
                0x0000000000005c0c       0x29 bin/blib.a(xfer.o)
                0x0000000000005c0c                xfer_window_changed
 .text.xfer_window
                0x0000000000005c35       0x32 bin/blib.a(xfer.o)
                0x0000000000005c35                xfer_window
 .text.xfer_alloc_iob
                0x0000000000005c67       0x3c bin/blib.a(xfer.o)
                0x0000000000005c67                xfer_alloc_iob
 .text.xfer_vredirect
                0x0000000000005ca3       0x88 bin/blib.a(xfer.o)
                0x0000000000005ca3                xfer_vredirect
 .text.xfer_redirect
                0x0000000000005d2b       0x12 bin/blib.a(xfer.o)
                0x0000000000005d2b                xfer_redirect
 .text.xfer_deliver_iob
                0x0000000000005d3d        0xa bin/blib.a(xfer.o)
                0x0000000000005d3d                xfer_deliver_iob
 .text.xfer_deliver_raw_meta
                0x0000000000005d47       0x46 bin/blib.a(xfer.o)
                0x0000000000005d47                xfer_deliver_raw_meta
 .text.xfer_deliver_raw
                0x0000000000005d8d        0xb bin/blib.a(xfer.o)
                0x0000000000005d8d                xfer_deliver_raw
 .text.xfer_vprintf
                0x0000000000005d98       0x2e bin/blib.a(xfer.o)
                0x0000000000005d98                xfer_vprintf
 .text.xfer_printf
                0x0000000000005dc6       0x12 bin/blib.a(xfer.o)
                0x0000000000005dc6                xfer_printf
 .text.xfer_seek
                0x0000000000005dd8       0x42 bin/blib.a(xfer.o)
                0x0000000000005dd8                xfer_seek
 .text.arp_ntoa
                0x0000000000005e1a        0x6 bin/blib.a(arp.o)
 .text.arp_probe
                0x0000000000005e20        0x3 bin/blib.a(arp.o)
 .text.arp_destroy
                0x0000000000005e23       0x48 bin/blib.a(arp.o)
 .text.arp_discard
                0x0000000000005e6b       0x2b bin/blib.a(arp.o)
 .text.arp_find
                0x0000000000005e96       0x65 bin/blib.a(arp.o)
 .text.arp_rx   0x0000000000005efb      0x17f bin/blib.a(arp.o)
 .text.arp_expired
                0x000000000000607a      0x104 bin/blib.a(arp.o)
 .text.arp_free
                0x000000000000617e       0x13 bin/blib.a(arp.o)
 .text.arp_flush
                0x0000000000006191       0x32 bin/blib.a(arp.o)
 .text.arp_tx   0x00000000000061c3       0xd7 bin/blib.a(arp.o)
                0x00000000000061c3                arp_tx
 .text.copy_encap_settings
                0x000000000000629a       0xc6 bin/blib.a(fakedhcp.o)
 .text.create_fakedhcpdiscover
                0x0000000000006360       0x21 bin/blib.a(fakedhcp.o)
                0x0000000000006360                create_fakedhcpdiscover
 .text.create_fakedhcpack
                0x0000000000006381       0x49 bin/blib.a(fakedhcp.o)
                0x0000000000006381                create_fakedhcpack
 .text.create_fakepxebsack
                0x00000000000063ca       0x92 bin/blib.a(fakedhcp.o)
                0x00000000000063ca                create_fakepxebsack
 .text.ipv4_is_fragment
                0x000000000000645c       0x24 bin/blib.a(ipv4.o)
 .text.ipv4_more_fragments
                0x0000000000006480        0xb bin/blib.a(ipv4.o)
 .text.ipv4_fragment_offset
                0x000000000000648b       0x12 bin/blib.a(ipv4.o)
 .text.ipv4_create_routes
                0x000000000000649d      0x15c bin/blib.a(ipv4.o)
 .text.ipv4_pshdr_chksum
                0x00000000000065f9       0x53 bin/blib.a(ipv4.o)
 .text.ipv4_tx  0x000000000000664c      0x1b4 bin/blib.a(ipv4.o)
 .text.ipv4_arp_check
                0x0000000000006800       0x29 bin/blib.a(ipv4.o)
 .text.ipv4_has_any_addr
                0x0000000000006829       0x20 bin/blib.a(ipv4.o)
                0x0000000000006829                ipv4_has_any_addr
 .text.ipv4_rx  0x0000000000006849      0x150 bin/blib.a(ipv4.o)
 .text.inet_ntoa
                0x0000000000006999       0x31 bin/blib.a(ipv4.o)
                0x0000000000006999                inet_ntoa
 .text.ipv4_ntoa
                0x00000000000069ca        0x7 bin/blib.a(ipv4.o)
 .text.netdev_notify
                0x00000000000069d1       0x1e bin/blib.a(netdevice.o)
 .text.net_discard
                0x00000000000069ef       0x40 bin/blib.a(netdevice.o)
 .text.netdev_record_stat
                0x0000000000006a2f       0x40 bin/blib.a(netdevice.o)
 .text.netdev_link_err
                0x0000000000006a6f        0x8 bin/blib.a(netdevice.o)
                0x0000000000006a6f                netdev_link_err
 .text.netdev_tx_err
                0x0000000000006a77       0x15 bin/blib.a(netdevice.o)
                0x0000000000006a77                netdev_tx_err
 .text.netdev_tx_complete_err
                0x0000000000006a8c       0x39 bin/blib.a(netdevice.o)
                0x0000000000006a8c                netdev_tx_complete_err
 .text.netdev_tx
                0x0000000000006ac5       0x3f bin/blib.a(netdevice.o)
                0x0000000000006ac5                netdev_tx
 .text.netdev_tx_complete_next_err
                0x0000000000006b04       0x1b bin/blib.a(netdevice.o)
                0x0000000000006b04                netdev_tx_complete_next_err
 .text.netdev_tx_flush
                0x0000000000006b1f       0x1d bin/blib.a(netdevice.o)
 .text.netdev_rx
                0x0000000000006b3c       0x1b bin/blib.a(netdevice.o)
                0x0000000000006b3c                netdev_rx
 .text.netdev_rx_err
                0x0000000000006b57       0x1c bin/blib.a(netdevice.o)
                0x0000000000006b57                netdev_rx_err
 .text.netdev_poll
                0x0000000000006b73        0xd bin/blib.a(netdevice.o)
                0x0000000000006b73                netdev_poll
 .text.netdev_rx_dequeue
                0x0000000000006b80       0x1f bin/blib.a(netdevice.o)
                0x0000000000006b80                netdev_rx_dequeue
 .text.netdev_rx_flush
                0x0000000000006b9f       0x20 bin/blib.a(netdevice.o)
 .text.free_netdev
                0x0000000000006bbf       0x22 bin/blib.a(netdevice.o)
 .text.alloc_netdev
                0x0000000000006be1       0x98 bin/blib.a(netdevice.o)
                0x0000000000006be1                alloc_netdev
 .text.register_netdev
                0x0000000000006c79       0xeb bin/blib.a(netdevice.o)
                0x0000000000006c79                register_netdev
 .text.netdev_open
                0x0000000000006d64       0x34 bin/blib.a(netdevice.o)
                0x0000000000006d64                netdev_open
 .text.netdev_close
                0x0000000000006d98       0x3b bin/blib.a(netdevice.o)
                0x0000000000006d98                netdev_close
 .text.unregister_netdev
                0x0000000000006dd3       0x48 bin/blib.a(netdevice.o)
                0x0000000000006dd3                unregister_netdev
 .text.netdev_irq
                0x0000000000006e1b       0x2a bin/blib.a(netdevice.o)
                0x0000000000006e1b                netdev_irq
 .text.find_netdev_by_location
                0x0000000000006e45       0x28 bin/blib.a(netdevice.o)
                0x0000000000006e45                find_netdev_by_location
 .text.last_opened_netdev
                0x0000000000006e6d       0x14 bin/blib.a(netdevice.o)
                0x0000000000006e6d                last_opened_netdev
 .text.find_netdev
                0x0000000000006e81       0x42 bin/blib.a(netdevice.o)
                0x0000000000006e81                find_netdev
 .text.net_tx   0x0000000000006ec3       0x44 bin/blib.a(netdevice.o)
                0x0000000000006ec3                net_tx
 .text.net_rx   0x0000000000006f07       0x38 bin/blib.a(netdevice.o)
                0x0000000000006f07                net_rx
 .text.net_poll
                0x0000000000006f3f       0x97 bin/blib.a(netdevice.o)
                0x0000000000006f3f                net_poll
 .text.net_step
                0x0000000000006fd6        0x5 bin/blib.a(netdevice.o)
 .text.vlan_tag
                0x0000000000006fdb        0x3 bin/blib.a(netdevice.o)
                0x0000000000006fdb                vlan_tag
 .text.netdev_redirect_settings_init
                0x0000000000006fde       0x11 bin/blib.a(netdev_settings.o)
 .text.netdev_redirect
                0x0000000000006fef       0x16 bin/blib.a(netdev_settings.o)
 .text.netdev_clear
                0x0000000000007005        0x5 bin/blib.a(netdev_settings.o)
 .text.netdev_fetch
                0x000000000000700a       0x6c bin/blib.a(netdev_settings.o)
 .text.netdev_fetch_chip
                0x0000000000007076       0x1c bin/blib.a(netdev_settings.o)
 .text.netdev_fetch_bustype
                0x0000000000007092       0x23 bin/blib.a(netdev_settings.o)
 .text.netdev_store_mac
                0x00000000000070b5       0x2e bin/blib.a(netdev_settings.o)
 .text.netdev_fetch_mac
                0x00000000000070e3       0x23 bin/blib.a(netdev_settings.o)
 .text.netdev_fetch_busid
                0x0000000000007106       0x43 bin/blib.a(netdev_settings.o)
 .text.netdev_fetch_busloc
                0x0000000000007149       0x2a bin/blib.a(netdev_settings.o)
 .text.netdev_store
                0x0000000000007173       0x7b bin/blib.a(netdev_settings.o)
 .text.rarp_ntoa
                0x00000000000071ee        0x6 bin/blib.a(rarp.o)
 .text.rarp_rx  0x00000000000071f4        0xa bin/blib.a(rarp.o)
 .text.start_timer
                0x00000000000071fe       0x51 bin/blib.a(retry.o)
                0x00000000000071fe                start_timer
 .text.start_timer_fixed
                0x000000000000724f       0x11 bin/blib.a(retry.o)
                0x000000000000724f                start_timer_fixed
 .text.stop_timer
                0x0000000000007260       0x50 bin/blib.a(retry.o)
                0x0000000000007260                stop_timer
 .text.retry_poll
                0x00000000000072b0       0x6f bin/blib.a(retry.o)
                0x00000000000072b0                retry_poll
 .text.retry_step
                0x000000000000731f        0x5 bin/blib.a(retry.o)
 .text.tcpip_rx
                0x0000000000007324       0x3d bin/blib.a(tcpip.o)
                0x0000000000007324                tcpip_rx
 .text.tcpip_tx
                0x0000000000007361       0x40 bin/blib.a(tcpip.o)
                0x0000000000007361                tcpip_tx
 .text.tcpip_chksum
                0x00000000000073a1        0xe bin/blib.a(tcpip.o)
                0x00000000000073a1                tcpip_chksum
 .text.tcpip_bind
                0x00000000000073af       0x6e bin/blib.a(tcpip.o)
                0x00000000000073af                tcpip_bind
 .text.udp_rx   0x000000000000741d      0x13c bin/blib.a(udp.o)
 .text.udp_close
                0x0000000000007559       0x1e bin/blib.a(udp.o)
 .text.udp_xfer_alloc_iob
                0x0000000000007577       0x15 bin/blib.a(udp.o)
 .text.udp_xfer_deliver
                0x000000000000758c       0x9f bin/blib.a(udp.o)
 .text.udp_open_common
                0x000000000000762b       0xa4 bin/blib.a(udp.o)
 .text.udp_open
                0x00000000000076cf        0x8 bin/blib.a(udp.o)
                0x00000000000076cf                udp_open
 .text.udp_open_uri
                0x00000000000076d7       0x50 bin/blib.a(udp.o)
 .text.udp_port_available
                0x0000000000007727       0x2a bin/blib.a(udp.o)
 .text.udp_open_promisc
                0x0000000000007751        0xc bin/blib.a(udp.o)
                0x0000000000007751                udp_open_promisc
 .text.http_open
                0x000000000000775d        0xd bin/blib.a(http.o)
 .text.http_socket_window
                0x000000000000776a        0x4 bin/blib.a(httpcore.o)
 .text.http_xfer_window
                0x000000000000776e        0xb bin/blib.a(httpcore.o)
 .text.http_acpi_describe
                0x0000000000007779        0x3 bin/blib.a(httpcore.o)
 .text.http_rx_connection
                0x000000000000777c       0x1b bin/blib.a(httpcore.o)
 .text.http_rx_transfer_encoding
                0x0000000000007797       0x1e bin/blib.a(httpcore.o)
 .text.http_free
                0x00000000000077b5       0x39 bin/blib.a(httpcore.o)
 .text.http_digest_param
                0x00000000000077ee       0x3a bin/blib.a(httpcore.o)
 .text.http_rx_content_length
                0x0000000000007828       0x9b bin/blib.a(httpcore.o)
 .text.http_rx_location
                0x00000000000078c3       0x10 bin/blib.a(httpcore.o)
 .text.http_rx_response
                0x00000000000078d3       0x5c bin/blib.a(httpcore.o)
 .text.http_digest_auth
                0x000000000000792f      0x255 bin/blib.a(httpcore.o)
 .text.http_socket_open
                0x0000000000007b84       0x62 bin/blib.a(httpcore.o)
 .text.http_close
                0x0000000000007be6       0x39 bin/blib.a(httpcore.o)
 .text.http_rx_basic_auth
                0x0000000000007c1f       0x23 bin/blib.a(httpcore.o)
 .text.http_partial_read.part.7
                0x0000000000007c42        0x6 bin/blib.a(httpcore.o)
 .text.http_block_read_capacity
                0x0000000000007c48       0x4f bin/blib.a(httpcore.o)
 .text.http_block_read
                0x0000000000007c97       0x60 bin/blib.a(httpcore.o)
 .text.http_rx_chunk_len
                0x0000000000007cf7       0x6e bin/blib.a(httpcore.o)
 .text.http_rx_www_authenticate
                0x0000000000007d65       0x50 bin/blib.a(httpcore.o)
 .text.http_rx_digest_auth
                0x0000000000007db5       0x8d bin/blib.a(httpcore.o)
 .text.http_basic_auth.isra.13
                0x0000000000007e42       0xaa bin/blib.a(httpcore.o)
 .text.http_post_params.isra.14
                0x0000000000007eec       0x8b bin/blib.a(httpcore.o)
 .text.http_done
                0x0000000000007f77       0x95 bin/blib.a(httpcore.o)
 .text.http_socket_close
                0x000000000000800c        0xe bin/blib.a(httpcore.o)
 .text.http_rx_header
                0x000000000000801a       0xf4 bin/blib.a(httpcore.o)
 .text.http_socket_deliver
                0x000000000000810e      0x13a bin/blib.a(httpcore.o)
 .text.http_step
                0x0000000000008248      0x2a1 bin/blib.a(httpcore.o)
 .text.http_open_filter
                0x00000000000084e9       0xd3 bin/blib.a(httpcore.o)
                0x00000000000084e9                http_open_filter
 .text.iscsi_tx_nothing
                0x00000000000085bc        0x3 bin/blib.a(iscsi.o)
 .text.iscsi_rx_discard
                0x00000000000085bf        0x5 bin/blib.a(iscsi.o)
 .text.iscsi_scsi_window
                0x00000000000085c4       0x1c bin/blib.a(iscsi.o)
 .text.iscsi_rx_bhs
                0x00000000000085e0       0x19 bin/blib.a(iscsi.o)
 .text.iscsi_vredirect
                0x00000000000085f9       0x30 bin/blib.a(iscsi.o)
 .text.iscsi_tx_resume
                0x0000000000008629        0xa bin/blib.a(iscsi.o)
 .text.iscsi_start_data_out
                0x0000000000008633       0xcb bin/blib.a(iscsi.o)
 .text.iscsi_rx_buffered_data
                0x00000000000086fe       0x51 bin/blib.a(iscsi.o)
 .text.iscsi_handle_authmethod_value
                0x000000000000874f       0x1e bin/blib.a(iscsi.o)
 .text.iscsi_large_binary_decode
                0x000000000000876d       0x38 bin/blib.a(iscsi.o)
 .text.iscsi_handle_chap_r_value
                0x00000000000087a5       0xd7 bin/blib.a(iscsi.o)
 .text.iscsi_handle_chap_c_value
                0x000000000000887c       0x76 bin/blib.a(iscsi.o)
 .text.iscsi_handle_chap_i_value
                0x00000000000088f2       0x7a bin/blib.a(iscsi.o)
 .text.iscsi_free
                0x000000000000896c       0x6b bin/blib.a(iscsi.o)
 .text.iscsi_build_login_request_strings
                0x00000000000089d7      0x150 bin/blib.a(iscsi.o)
 .text.iscsi_start_login
                0x0000000000008b27       0x92 bin/blib.a(iscsi.o)
 .text.iscsi_scsi_command
                0x0000000000008bb9      0x117 bin/blib.a(iscsi.o)
 .text.iscsi_tx_data
                0x0000000000008cd0       0xed bin/blib.a(iscsi.o)
 .text.iscsi_tx_bhs
                0x0000000000008dbd       0x13 bin/blib.a(iscsi.o)
 .text.iscsi_parse_root_path
                0x0000000000008dd0       0xb3 bin/blib.a(iscsi.o)
 .text.iscsi_close
                0x0000000000008e83       0x3a bin/blib.a(iscsi.o)
 .text.iscsi_socket_deliver
                0x0000000000008ebd      0x10b bin/blib.a(iscsi.o)
 .text.iscsi_command_close
                0x0000000000008fc8       0x2e bin/blib.a(iscsi.o)
 .text.iscsi_tx_step
                0x0000000000008ff6       0xee bin/blib.a(iscsi.o)
 .text.iscsi_handle_chap_n_value
                0x00000000000090e4       0x1c bin/blib.a(iscsi.o)
 .text.iscsi_handle_chap_a_value
                0x0000000000009100       0x1a bin/blib.a(iscsi.o)
 .text.iscsi_handle_targetaddress_value
                0x000000000000911a       0x4f bin/blib.a(iscsi.o)
 .text.iscsi_open_connection
                0x0000000000009169       0x7e bin/blib.a(iscsi.o)
 .text.iscsi_open
                0x00000000000091e7      0x23f bin/blib.a(iscsi.o)
 .text.iscsi_scsi_done.constprop.11
                0x0000000000009426       0x45 bin/blib.a(iscsi.o)
 .text.iscsi_rx_data
                0x000000000000946b      0x3d2 bin/blib.a(iscsi.o)
 .text.dhcp_discovery_tx
                0x000000000000983d       0x10 bin/blib.a(dhcp.o)
 .text.dhcp_deliver
                0x000000000000984d       0xca bin/blib.a(dhcp.o)
 .text.dhcp_pxebs_tx
                0x0000000000009917       0x42 bin/blib.a(dhcp.o)
 .text.dhcp_proxy_tx
                0x0000000000009959       0x2a bin/blib.a(dhcp.o)
 .text.dhcp_set_state
                0x0000000000009983       0x46 bin/blib.a(dhcp.o)
 .text.dhcp_finished
                0x00000000000099c9       0x24 bin/blib.a(dhcp.o)
 .text.dhcp_pxebs_rx
                0x00000000000099ed       0x9e bin/blib.a(dhcp.o)
 .text.dhcp_timer_expired
                0x0000000000009a8b       0x1a bin/blib.a(dhcp.o)
 .text.dhcp_proxy_rx
                0x0000000000009aa5       0x4e bin/blib.a(dhcp.o)
 .text.dhcp_free
                0x0000000000009af3       0x1b bin/blib.a(dhcp.o)
 .text.dhcp_discovery_rx
                0x0000000000009b0e      0x12d bin/blib.a(dhcp.o)
 .text.dhcp_request_tx
                0x0000000000009c3b       0x44 bin/blib.a(dhcp.o)
 .text.dhcp_request_rx
                0x0000000000009c7f       0xc9 bin/blib.a(dhcp.o)
 .text.dhcp_create_packet
                0x0000000000009d48       0xdb bin/blib.a(dhcp.o)
                0x0000000000009d48                dhcp_create_packet
 .text.dhcp_create_request
                0x0000000000009e23      0x15a bin/blib.a(dhcp.o)
                0x0000000000009e23                dhcp_create_request
 .text.dhcp_tx  0x0000000000009f7d       0xf3 bin/blib.a(dhcp.o)
 .text.dhcp_pxebs_expired
                0x000000000000a070       0x44 bin/blib.a(dhcp.o)
 .text.dhcp_discovery_expired
                0x000000000000a0b4       0x30 bin/blib.a(dhcp.o)
 .text.dhcp_request_expired
                0x000000000000a0e4        0x5 bin/blib.a(dhcp.o)
 .text.dhcp_proxy_expired
                0x000000000000a0e9       0x25 bin/blib.a(dhcp.o)
 .text.get_cached_dhcpack
                0x000000000000a10e        0x1 bin/blib.a(dhcp.o)
                0x000000000000a10e                get_cached_dhcpack
 .text.start_dhcp
                0x000000000000a10f       0xe5 bin/blib.a(dhcp.o)
                0x000000000000a10f                start_dhcp
 .text.start_pxebs
                0x000000000000a1f4      0x21c bin/blib.a(dhcp.o)
                0x000000000000a1f4                start_pxebs
 .text.dns_skip_name
                0x000000000000a410       0x1a bin/blib.a(dns.o)
 .text.apply_dns_settings
                0x000000000000a42a       0x45 bin/blib.a(dns.o)
 .text.dns_done
                0x000000000000a46f       0x24 bin/blib.a(dns.o)
 .text.dns_xfer_close
                0x000000000000a493        0xe bin/blib.a(dns.o)
 .text.dns_send_packet
                0x000000000000a4a1       0x33 bin/blib.a(dns.o)
 .text.dns_resolv
                0x000000000000a4d4      0x14e bin/blib.a(dns.o)
 .text.dns_xfer_deliver
                0x000000000000a622      0x211 bin/blib.a(dns.o)
 .text.dns_timer_expired
                0x000000000000a833       0x16 bin/blib.a(dns.o)
 .text.tftp_xfer_window
                0x000000000000a849        0x4 bin/blib.a(tftp.o)
 .text.tftp_reopen
                0x000000000000a84d       0x57 bin/blib.a(tftp.o)
 .text.tftp_reopen_mc
                0x000000000000a8a4       0x23 bin/blib.a(tftp.o)
 .text.tftp_process_multicast
                0x000000000000a8c7       0xec bin/blib.a(tftp.o)
 .text.tftp_send_packet
                0x000000000000a9b3      0x162 bin/blib.a(tftp.o)
 .text.tftp_done
                0x000000000000ab15       0x2e bin/blib.a(tftp.o)
 .text.tftp_core_open
                0x000000000000ab43      0x101 bin/blib.a(tftp.o)
 .text.mtftp_open
                0x000000000000ac44       0x12 bin/blib.a(tftp.o)
 .text.tftm_open
                0x000000000000ac56        0xf bin/blib.a(tftp.o)
 .text.tftpsize_open
                0x000000000000ac65        0xf bin/blib.a(tftp.o)
 .text.tftp_open
                0x000000000000ac74        0xf bin/blib.a(tftp.o)
 .text.tftp_timer_expired
                0x000000000000ac83       0x84 bin/blib.a(tftp.o)
 .text.tftp_free
                0x000000000000ad07       0x1b bin/blib.a(tftp.o)
 .text.tftp_apply_settings
                0x000000000000ad22       0x71 bin/blib.a(tftp.o)
 .text.tftp_process_tsize
                0x000000000000ad93       0x27 bin/blib.a(tftp.o)
 .text.tftp_process_blksize
                0x000000000000adba       0x27 bin/blib.a(tftp.o)
 .text.tftp_presize.part.7
                0x000000000000ade1       0x32 bin/blib.a(tftp.o)
 .text.tftp_send_error.constprop.9
                0x000000000000ae13       0x72 bin/blib.a(tftp.o)
 .text.tftp_rx  0x000000000000ae85      0x293 bin/blib.a(tftp.o)
 .text.tftp_socket_deliver
                0x000000000000b118        0x9 bin/blib.a(tftp.o)
 .text.elf_load
                0x000000000000b121      0x141 bin/blib.a(elf.o)
                0x000000000000b121                elf_load
 .text.embedded_init
                0x000000000000b262       0x19 bin/blib.a(embedded.o)
 .text.terminate_on_label_found
                0x000000000000b27b        0x9 bin/blib.a(script.o)
 .text.prompt_exec
                0x000000000000b284       0x54 bin/blib.a(script.o)
 .text.process_script
                0x000000000000b2d8      0x15d bin/blib.a(script.o)
 .text.script_exec
                0x000000000000b435       0x3c bin/blib.a(script.o)
 .text.terminate_on_exit_or_failure
                0x000000000000b471       0x21 bin/blib.a(script.o)
 .text.script_exec_line
                0x000000000000b492        0xc bin/blib.a(script.o)
 .text.script_probe
                0x000000000000b49e       0x63 bin/blib.a(script.o)
 .text.goto_exec
                0x000000000000b501       0x85 bin/blib.a(script.o)
 .text.goto_find_label
                0x000000000000b586       0x2c bin/blib.a(script.o)
 .text.prep_segment
                0x000000000000b5b2       0x81 bin/blib.a(segment.o)
                0x000000000000b5b2                prep_segment
 .text.pci_settings_applies
                0x000000000000b633        0xd bin/blib.a(pci_settings.o)
 .text.pci_settings_init
                0x000000000000b640       0x11 bin/blib.a(pci_settings.o)
 .text.pci_settings_fetch
                0x000000000000b651       0x7e bin/blib.a(pci_settings.o)
 .text.ibft_set_ipaddr_setting
                0x000000000000b6cf       0x66 bin/blib.a(ibft.o)
 .text.ibft_set_string
                0x000000000000b735       0x49 bin/blib.a(ibft.o)
 .text.ibft_describe
                0x000000000000b77e      0x2cb bin/blib.a(ibft.o)
                0x000000000000b77e                ibft_describe
 .text.scsicmd_read_capacity_cmd
                0x000000000000ba49       0x32 bin/blib.a(scsi.o)
 .text.scsicmd_test_unit_ready_cmd
                0x000000000000ba7b        0x5 bin/blib.a(scsi.o)
 .text.scsicmd_close
                0x000000000000ba80       0x1a bin/blib.a(scsi.o)
 .text.scsidev_close
                0x000000000000ba9a       0x69 bin/blib.a(scsi.o)
 .text.scsicmd_write_cmd
                0x000000000000bb03       0x54 bin/blib.a(scsi.o)
 .text.scsicmd_read_cmd
                0x000000000000bb57       0x54 bin/blib.a(scsi.o)
 .text.scsicmd_free
                0x000000000000bbab       0x1e bin/blib.a(scsi.o)
 .text.scsi_response
                0x000000000000bbc9       0x2f bin/blib.a(scsi.o)
                0x000000000000bbc9                scsi_response
 .text.scsi_command
                0x000000000000bbf8       0x40 bin/blib.a(scsi.o)
                0x000000000000bbf8                scsi_command
 .text.scsicmd_command
                0x000000000000bc38       0x4b bin/blib.a(scsi.o)
 .text.scsicmd_read_capacity_done
                0x000000000000bc83       0x91 bin/blib.a(scsi.o)
 .text.scsidev_command
                0x000000000000bd14       0xbb bin/blib.a(scsi.o)
 .text.scsidev_read_capacity
                0x000000000000bdcf       0x15 bin/blib.a(scsi.o)
 .text.scsidev_write
                0x000000000000bde4        0xc bin/blib.a(scsi.o)
 .text.scsidev_read
                0x000000000000bdf0        0xc bin/blib.a(scsi.o)
 .text.scsicmd_done
                0x000000000000bdfc       0x3a bin/blib.a(scsi.o)
 .text.scsidev_window
                0x000000000000be36       0x11 bin/blib.a(scsi.o)
 .text.scsidev_ready
                0x000000000000be47       0x2b bin/blib.a(scsi.o)
 .text.scsidev_step
                0x000000000000be72       0x42 bin/blib.a(scsi.o)
 .text.scsicmd_response
                0x000000000000beb4       0x20 bin/blib.a(scsi.o)
 .text.scsi_parse_lun
                0x000000000000bed4       0x5f bin/blib.a(scsi.o)
                0x000000000000bed4                scsi_parse_lun
 .text.scsi_open
                0x000000000000bf33       0xa3 bin/blib.a(scsi.o)
                0x000000000000bf33                scsi_open
 .text.smbios_applies
                0x000000000000bfd6        0xd bin/blib.a(smbios_settings.o)
 .text.smbios_init
                0x000000000000bfe3       0x11 bin/blib.a(smbios_settings.o)
 .text.smbios_fetch
                0x000000000000bff4      0x102 bin/blib.a(smbios_settings.o)
 .text.chap_init
                0x000000000000c0f6       0x37 bin/blib.a(chap.o)
                0x000000000000c0f6                chap_init
 .text.chap_update
                0x000000000000c12d        0xf bin/blib.a(chap.o)
                0x000000000000c12d                chap_update
 .text.chap_respond
                0x000000000000c13c       0x10 bin/blib.a(chap.o)
                0x000000000000c13c                chap_respond
 .text.chap_finish
                0x000000000000c14c       0x16 bin/blib.a(chap.o)
                0x000000000000c14c                chap_finish
 .text.md5_f_0_15
                0x000000000000c162       0x10 bin/blib.a(md5.o)
 .text.md5_f_16_31
                0x000000000000c172       0x10 bin/blib.a(md5.o)
 .text.md5_f_32_47
                0x000000000000c182        0xc bin/blib.a(md5.o)
 .text.md5_f_48_63
                0x000000000000c18e        0xe bin/blib.a(md5.o)
 .text.md5_init
                0x000000000000c19c       0x23 bin/blib.a(md5.o)
 .text.md5_update
                0x000000000000c1bf       0xc6 bin/blib.a(md5.o)
 .text.md5_final
                0x000000000000c285       0x5a bin/blib.a(md5.o)
 .text.strerror
                0x000000000000c2df       0x6c bin/blib.a(strerror.o)
                0x000000000000c2df                strerror
 .text.autoboot_exec
                0x000000000000c34b       0x12 bin/blib.a(autoboot_cmd.o)
 .text.config_exec
                0x000000000000c35d       0x69 bin/blib.a(config_cmd.o)
 .text.dhcp_exec
                0x000000000000c3c6       0x12 bin/blib.a(dhcp_cmd.o)
 .text.dhcp_payload
                0x000000000000c3d8       0x32 bin/blib.a(dhcp_cmd.o)
 .text.pxebs_exec
                0x000000000000c40a       0x80 bin/blib.a(dhcp_cmd.o)
 .text.ifstat_payload
                0x000000000000c48a        0x8 bin/blib.a(ifmgmt_cmd.o)
 .text.ifclose_payload
                0x000000000000c492        0x8 bin/blib.a(ifmgmt_cmd.o)
 .text.ifopen_payload
                0x000000000000c49a        0x5 bin/blib.a(ifmgmt_cmd.o)
 .text.ifcommon_exec
                0x000000000000c49f       0x90 bin/blib.a(ifmgmt_cmd.o)
                0x000000000000c49f                ifcommon_exec
 .text.ifstat_exec
                0x000000000000c52f       0x12 bin/blib.a(ifmgmt_cmd.o)
 .text.ifclose_exec
                0x000000000000c541       0x12 bin/blib.a(ifmgmt_cmd.o)
 .text.ifopen_exec
                0x000000000000c553       0x12 bin/blib.a(ifmgmt_cmd.o)
 .text.image_clear_cmdline
                0x000000000000c565        0x7 bin/blib.a(image_cmd.o)
 .text.imgsingle_exec
                0x000000000000c56c      0x13f bin/blib.a(image_cmd.o)
 .text.imgargs_exec
                0x000000000000c6ab        0xa bin/blib.a(image_cmd.o)
 .text.imgexec_exec
                0x000000000000c6b5        0xa bin/blib.a(image_cmd.o)
 .text.imgselect_exec
                0x000000000000c6bf        0xa bin/blib.a(image_cmd.o)
 .text.imgfetch_exec
                0x000000000000c6c9        0xa bin/blib.a(image_cmd.o)
 .text.imgselect
                0x000000000000c6d3        0x5 bin/blib.a(image_cmd.o)
 .text.imgmulti_exec
                0x000000000000c6d8       0x94 bin/blib.a(image_cmd.o)
 .text.imgfree_exec
                0x000000000000c76c        0xa bin/blib.a(image_cmd.o)
 .text.imgstat_exec
                0x000000000000c776        0xa bin/blib.a(image_cmd.o)
 .text.imgexec  0x000000000000c780       0x28 bin/blib.a(image_cmd.o)
 .text.login_exec
                0x000000000000c7a8       0x39 bin/blib.a(login_cmd.o)
 .text.choose_exec
                0x000000000000c7e1       0xbd bin/blib.a(menu_cmd.o)
 .text.item_exec
                0x000000000000c89e       0xb4 bin/blib.a(menu_cmd.o)
 .text.menu_exec
                0x000000000000c952       0x67 bin/blib.a(menu_cmd.o)
 .text.clear_value
                0x000000000000c9b9        0x9 bin/blib.a(nvo_cmd.o)
 .text.inc_exec
                0x000000000000c9c2       0xc7 bin/blib.a(nvo_cmd.o)
 .text.read_value
                0x000000000000ca89       0x2d bin/blib.a(nvo_cmd.o)
 .text.set_core_exec
                0x000000000000cab6       0x96 bin/blib.a(nvo_cmd.o)
 .text.read_exec
                0x000000000000cb4c       0x10 bin/blib.a(nvo_cmd.o)
 .text.clear_exec
                0x000000000000cb5c       0x10 bin/blib.a(nvo_cmd.o)
 .text.set_exec
                0x000000000000cb6c       0x10 bin/blib.a(nvo_cmd.o)
 .text.set_value
                0x000000000000cb7c       0x1b bin/blib.a(nvo_cmd.o)
 .text.show_exec
                0x000000000000cb97       0xaa bin/blib.a(nvo_cmd.o)
 .text.reboot_exec
                0x000000000000cc41       0x23 bin/blib.a(reboot_cmd.o)
 .text.route_exec
                0x000000000000cc64       0x25 bin/blib.a(route_cmd.o)
 .text.sanboot_core_exec
                0x000000000000cc89       0x9a bin/blib.a(sanboot_cmd.o)
 .text.sanunhook_exec
                0x000000000000cd23        0xf bin/blib.a(sanboot_cmd.o)
 .text.sanboot_exec
                0x000000000000cd32        0xf bin/blib.a(sanboot_cmd.o)
 .text.sanhook_exec
                0x000000000000cd41        0xf bin/blib.a(sanboot_cmd.o)
 .text.sync_exec
                0x000000000000cd50       0x45 bin/blib.a(sync_cmd.o)
 .text.login_ui
                0x000000000000cd95      0x22c bin/blib.a(login_ui.o)
                0x000000000000cd95                login_ui
 .text.draw_menu_item
                0x000000000000cfc1      0x163 bin/blib.a(menu_ui.o)
 .text.draw_menu_items
                0x000000000000d124       0xd1 bin/blib.a(menu_ui.o)
 .text.show_menu
                0x000000000000d1f5      0x3a6 bin/blib.a(menu_ui.o)
                0x000000000000d1f5                show_menu
 .text.clearmsg
                0x000000000000d59b       0x18 bin/blib.a(settings_ui.o)
 .text.vmsg     0x000000000000d5b3       0x61 bin/blib.a(settings_ui.o)
 .text.msg      0x000000000000d614       0x12 bin/blib.a(settings_ui.o)
 .text.string_copy
                0x000000000000d626       0x2d bin/blib.a(settings_ui.o)
 .text.draw_setting_row
                0x000000000000d653       0xe7 bin/blib.a(settings_ui.o)
 .text.select_setting_row
                0x000000000000d73a      0x126 bin/blib.a(settings_ui.o)
 .text.reveal_setting_row.part.1
                0x000000000000d860       0xc0 bin/blib.a(settings_ui.o)
 .text.init_widget
                0x000000000000d920       0x8f bin/blib.a(settings_ui.o)
 .text.colour_set.constprop.2
                0x000000000000d9af        0xe bin/blib.a(settings_ui.o)
 .text.alert    0x000000000000d9bd       0x45 bin/blib.a(settings_ui.o)
 .text.main_loop
                0x000000000000da02      0x31c bin/blib.a(settings_ui.o)
 .text.settings_ui
                0x000000000000dd1e       0x8f bin/blib.a(settings_ui.o)
                0x000000000000dd1e                settings_ui
 .text.ansiscr_peek
                0x000000000000ddad        0x5 bin/blib.a(ansi_screen.o)
 .text.ansiscr_getc
                0x000000000000ddb2        0x5 bin/blib.a(ansi_screen.o)
 .text.ansiscr_movetoyx
                0x000000000000ddb7       0x30 bin/blib.a(ansi_screen.o)
 .text.ansiscr_exit
                0x000000000000dde7       0x2a bin/blib.a(ansi_screen.o)
 .text.ansiscr_init
                0x000000000000de11       0x36 bin/blib.a(ansi_screen.o)
 .text.ansiscr_putc
                0x000000000000de47       0x77 bin/blib.a(ansi_screen.o)
 .text.wclrtobot
                0x000000000000debe       0x34 bin/blib.a(clear.o)
                0x000000000000debe                wclrtobot
 .text.wclrtoeol
                0x000000000000def2       0x31 bin/blib.a(clear.o)
                0x000000000000def2                wclrtoeol
 .text.werase   0x000000000000df23       0x17 bin/blib.a(clear.o)
                0x000000000000df23                werase
 .text.init_pair
                0x000000000000df3a       0x28 bin/blib.a(colour.o)
                0x000000000000df3a                init_pair
 .text.pair_content
                0x000000000000df62       0x28 bin/blib.a(colour.o)
                0x000000000000df62                pair_content
 .text._wupdcurs
                0x000000000000df8a       0x16 bin/blib.a(mucurses.o)
 .text._wputch  0x000000000000dfa0       0x4e bin/blib.a(mucurses.o)
                0x000000000000dfa0                _wputch
 .text._wputc   0x000000000000dfee        0xb bin/blib.a(mucurses.o)
                0x000000000000dfee                _wputc
 .text._wputstr
                0x000000000000dff9       0x2f bin/blib.a(mucurses.o)
                0x000000000000dff9                _wputstr
 .text.wmove    0x000000000000e028       0x1f bin/blib.a(mucurses.o)
                0x000000000000e028                wmove
 .text._printw_handler
                0x000000000000e047        0xd bin/blib.a(print.o)
 .text.waddnstr
                0x000000000000e054        0xb bin/blib.a(print.o)
                0x000000000000e054                waddnstr
 .text.vw_printw
                0x000000000000e05f       0x1b bin/blib.a(print.o)
                0x000000000000e05f                vw_printw
 .text.wprintw  0x000000000000e07a       0x12 bin/blib.a(print.o)
                0x000000000000e07a                wprintw
 .text.wattroff
                0x000000000000e08c        0x8 bin/blib.a(winattrs.o)
                0x000000000000e08c                wattroff
 .text.wattron  0x000000000000e094        0x6 bin/blib.a(winattrs.o)
                0x000000000000e094                wattron
 .text.wattrset
                0x000000000000e09a       0x11 bin/blib.a(winattrs.o)
                0x000000000000e09a                wattrset
 .text.wcolour_set
                0x000000000000e0ab       0x1f bin/blib.a(winattrs.o)
                0x000000000000e0ab                wcolour_set
 .text.initscr  0x000000000000e0ca       0x37 bin/blib.a(wininit.o)
                0x000000000000e0ca                initscr
 .text.endwin   0x000000000000e101       0x51 bin/blib.a(wininit.o)
                0x000000000000e101                endwin
 .text.init_editbox
                0x000000000000e152       0x55 bin/blib.a(editbox.o)
                0x000000000000e152                init_editbox
 .text.draw_editbox
                0x000000000000e1a7       0xef bin/blib.a(editbox.o)
                0x000000000000e1a7                draw_editbox
 .text.shell_banner
                0x000000000000e296       0x28 bin/blib.a(autoboot.o)
 .text.parse_next_server_and_filename
                0x000000000000e2be       0x6f bin/blib.a(autoboot.o)
 .text.uriboot  0x000000000000e32d      0x153 bin/blib.a(autoboot.o)
                0x000000000000e32d                uriboot
 .text.fetch_next_server_and_filename
                0x000000000000e480       0xb1 bin/blib.a(autoboot.o)
                0x000000000000e480                fetch_next_server_and_filename
 .text.netboot.part.2
                0x000000000000e531      0x201 bin/blib.a(autoboot.o)
 .text.netboot  0x000000000000e732       0x38 bin/blib.a(autoboot.o)
                0x000000000000e732                netboot
 .text.autoboot
                0x000000000000e76a       0x3d bin/blib.a(autoboot.o)
                0x000000000000e76a                autoboot
 .text.ipxe     0x000000000000e7a7       0x93 bin/blib.a(autoboot.o)
                0x000000000000e7a7                ipxe
 .text.dhcp     0x000000000000e83a       0x6f bin/blib.a(dhcpmgmt.o)
                0x000000000000e83a                dhcp
 .text.pxebs    0x000000000000e8a9       0x39 bin/blib.a(dhcpmgmt.o)
                0x000000000000e8a9                pxebs
 .text.ifstat_errors
                0x000000000000e8e2       0x36 bin/blib.a(ifmgmt.o)
 .text.ifopen   0x000000000000e918       0x2b bin/blib.a(ifmgmt.o)
                0x000000000000e918                ifopen
 .text.ifclose  0x000000000000e943        0x5 bin/blib.a(ifmgmt.o)
                0x000000000000e943                ifclose
 .text.ifstat   0x000000000000e948       0xc3 bin/blib.a(ifmgmt.o)
                0x000000000000e948                ifstat
 .text.iflinkwait
                0x000000000000ea0b       0x82 bin/blib.a(ifmgmt.o)
                0x000000000000ea0b                iflinkwait
 .text.imgdownload
                0x000000000000ea8d       0xcf bin/blib.a(imgmgmt.o)
                0x000000000000ea8d                imgdownload
 .text.imgdownload_string
                0x000000000000eb5c       0x2f bin/blib.a(imgmgmt.o)
                0x000000000000eb5c                imgdownload_string
 .text.imgacquire
                0x000000000000eb8b       0x23 bin/blib.a(imgmgmt.o)
                0x000000000000eb8b                imgacquire
 .text.imgstat  0x000000000000ebae       0x7f bin/blib.a(imgmgmt.o)
                0x000000000000ebae                imgstat
 .text.prompt   0x000000000000ec2d       0x5d bin/blib.a(prompt.o)
                0x000000000000ec2d                prompt
 .text.pxe_menu_parse
                0x000000000000ec8a      0x15c bin/blib.a(pxemenu.o)
 .text.pxe_menu_draw_item
                0x000000000000ede6       0xba bin/blib.a(pxemenu.o)
 .text.pxe_menu_select
                0x000000000000eea0      0x117 bin/blib.a(pxemenu.o)
 .text.pxe_menu_boot
                0x000000000000efb7      0x161 bin/blib.a(pxemenu.o)
                0x000000000000efb7                pxe_menu_boot
 .text.route    0x000000000000f118       0x7f bin/blib.a(route.o)
                0x000000000000f118                route
 .text.relocate
                0x000000000000f197       0xd0 bin/blib.a(relocate.o)
                0x000000000000f197                relocate
 .text.cmdline_image_free
                0x000000000000f267        0xa bin/blib.a(runtime.o)
 .text.cmdline_strip
                0x000000000000f271       0x2d bin/blib.a(runtime.o)
 .text.runtime_init
                0x000000000000f29e      0x153 bin/blib.a(runtime.o)
 .text.extmemsize
                0x000000000000f3f1       0x70 bin/blib.a(memmap.o)
                0x000000000000f3f1                extmemsize
 .text.x86_get_memmap
                0x000000000000f461      0x1d6 bin/blib.a(memmap.o)
                0x000000000000f461                get_memmap
                0x000000000000f461                x86_get_memmap
 .text.hook_bios_interrupt
                0x000000000000f637       0x48 bin/blib.a(biosint.o)
                0x000000000000f637                hook_bios_interrupt
 .text.unhook_bios_interrupt
                0x000000000000f67f       0x51 bin/blib.a(biosint.o)
                0x000000000000f67f                unhook_bios_interrupt
 .text.bios_cpu_nap
                0x000000000000f6d0        0xe bin/blib.a(bios_nap.o)
                0x000000000000f6d0                cpu_nap
 .text.bios_reboot
                0x000000000000f6de       0x27 bin/blib.a(bios_reboot.o)
                0x000000000000f6de                reboot
 .text.bios_currticks
                0x000000000000f705       0x47 bin/blib.a(bios_timer.o)
                0x000000000000f705                currticks
 .text.int13_command_capacity
                0x000000000000f74c       0x11 bin/blib.a(int13.o)
 .text.int13_sync_num_drives
                0x000000000000f75d       0xf1 bin/blib.a(int13.o)
 .text.int13_block_window
                0x000000000000f84e        0x3 bin/blib.a(int13.o)
 .text.int13_find
                0x000000000000f851       0x20 bin/blib.a(int13.o)
 .text.int13_block_close
                0x000000000000f871       0x14 bin/blib.a(int13.o)
 .text.int13_reopen_block
                0x000000000000f885       0x23 bin/blib.a(int13.o)
 .text.int13_free
                0x000000000000f8a8       0x13 bin/blib.a(int13.o)
 .text.int13_command_close
                0x000000000000f8bb       0x1b bin/blib.a(int13.o)
 .text.int13_command_expired
                0x000000000000f8d6        0xd bin/blib.a(int13.o)
 .text.int13_command_wait.isra.6.constprop.10
                0x000000000000f8e3       0x14 bin/blib.a(int13.o)
 .text.int13_command_start.constprop.11
                0x000000000000f8f7       0x65 bin/blib.a(int13.o)
 .text.int13_rw
                0x000000000000f95c       0xd7 bin/blib.a(int13.o)
 .text.int13_rw_sectors
                0x000000000000fa33       0xb6 bin/blib.a(int13.o)
 .text.int13_extended_rw
                0x000000000000fae9      0x103 bin/blib.a(int13.o)
 .text.int13_read_capacity
                0x000000000000fbec       0x42 bin/blib.a(int13.o)
 .text.int13    0x000000000000fc2e      0x4d4 bin/blib.a(int13.o)
 .text.int13_hook
                0x0000000000010102      0x2f9 bin/blib.a(int13.o)
                0x0000000000010102                san_hook
 .text.int13_unhook
                0x00000000000103fb       0x58 bin/blib.a(int13.o)
                0x00000000000103fb                san_unhook
 .text.int13_boot
                0x0000000000010453      0x15c bin/blib.a(int13.o)
                0x0000000000010453                san_boot
 .text.int13_describe
                0x00000000000105af       0x9e bin/blib.a(int13.o)
                0x00000000000105af                san_describe
 .text.memtop_urealloc
                0x000000000001064d      0x12b bin/blib.a(memtop_umalloc.o)
                0x000000000001064d                urealloc
 .text.pcibios_read
                0x0000000000010778       0x2d bin/blib.a(pcibios.o)
                0x0000000000010778                pcibios_read
 .text.cpuid_is_supported
                0x00000000000107a5       0x18 bin/blib.a(cpuid.o)
                0x00000000000107a5                cpuid_is_supported
 .text.x86_features
                0x00000000000107bd       0x5b bin/blib.a(cpuid.o)
                0x00000000000107bd                x86_features
 .text.x86_tcpip_continue_chksum
                0x0000000000010818       0xca bin/blib.a(x86_tcpip.o)
                0x0000000000010818                x86_tcpip_continue_chksum
 .text.undinet_irq
                0x00000000000108e2        0x1 bin/blib.a(undinet.o)
 .text.undinet_close
                0x00000000000108e3       0xb2 bin/blib.a(undinet.o)
 .text.undinet_open
                0x0000000000010995       0xd4 bin/blib.a(undinet.o)
 .text.undinet_poll
                0x0000000000010a69      0x17c bin/blib.a(undinet.o)
 .text.undinet_transmit
                0x0000000000010be5      0x128 bin/blib.a(undinet.o)
 .text.undinet_probe
                0x0000000000010d0d      0x2f2 bin/blib.a(undinet.o)
                0x0000000000010d0d                undinet_probe
 .text.undinet_remove
                0x0000000000010fff       0xaf bin/blib.a(undinet.o)
                0x0000000000010fff                undinet_remove
 .text.acpi_describe
                0x00000000000110ae       0x40 bin/blib.a(acpi.o)
                0x00000000000110ae                acpi_describe
 .text.acpi_fix_checksum
                0x00000000000110ee       0x17 bin/blib.a(acpi.o)
                0x00000000000110ee                acpi_fix_checksum
 .text.vasprintf
                0x0000000000011105       0x3c bin/blib.a(asprintf.o)
                0x0000000000011105                vasprintf
 .text.asprintf
                0x0000000000011141       0x12 bin/blib.a(asprintf.o)
                0x0000000000011141                asprintf
 .text.base16_encode
                0x0000000000011153       0x40 bin/blib.a(base16.o)
                0x0000000000011153                base16_encode
 .text.hex_decode
                0x0000000000011193       0x70 bin/blib.a(base16.o)
                0x0000000000011193                hex_decode
 .text.base16_decode
                0x0000000000011203        0xc bin/blib.a(base16.o)
                0x0000000000011203                base16_decode
 .text.base64_encode
                0x000000000001120f       0x7e bin/blib.a(base64.o)
                0x000000000001120f                base64_encode
 .text.base64_decode
                0x000000000001128d       0xc6 bin/blib.a(base64.o)
                0x000000000001128d                base64_decode
 .text.basename
                0x0000000000011353       0x18 bin/blib.a(basename.o)
                0x0000000000011353                basename
 .text.dirname  0x000000000001136b       0x2a bin/blib.a(basename.o)
                0x000000000001136b                dirname
 .text.bitmap_resize
                0x0000000000011395       0x5a bin/blib.a(bitmap.o)
                0x0000000000011395                bitmap_resize
 .text.bitmap_test
                0x00000000000113ef       0x24 bin/blib.a(bitmap.o)
                0x00000000000113ef                bitmap_test
 .text.bitmap_set
                0x0000000000011413       0x32 bin/blib.a(bitmap.o)
                0x0000000000011413                bitmap_set
 .text.__flsl   0x0000000000011445        0xe bin/blib.a(bitops.o)